Archive member included to satisfy reference by file (symbol)

/usr/bin/../lib/gcc/arm-none-eabi/10.3.1/../../../../arm-none-eabi/lib/thumb/v7e-m+fp/hard/libstdc++.a(atexit_arm.o)
                              CMakeFiles/mainProject.dir/home/inumaki/Development/stm32WorkSpace/mainProject/Core/Src/main.cpp.obj (__aeabi_atexit)
/usr/bin/../lib/gcc/arm-none-eabi/10.3.1/../../../../arm-none-eabi/lib/thumb/v7e-m+fp/hard/libstdc++.a(eh_arm.o)
                              CMakeFiles/mainProject.dir/home/inumaki/Development/stm32WorkSpace/mainProject/Core/Drivers/GPIO/ExtInterrupt.cpp.obj (__cxa_end_cleanup)
/usr/bin/../lib/gcc/arm-none-eabi/10.3.1/../../../../arm-none-eabi/lib/thumb/v7e-m+fp/hard/libstdc++.a(eh_exception.o)
                              /usr/bin/../lib/gcc/arm-none-eabi/10.3.1/../../../../arm-none-eabi/lib/thumb/v7e-m+fp/hard/libstdc++.a(eh_arm.o) (typeinfo for __cxxabiv1::__forced_unwind)
/usr/bin/../lib/gcc/arm-none-eabi/10.3.1/../../../../arm-none-eabi/lib/thumb/v7e-m+fp/hard/libstdc++.a(eh_globals.o)
                              /usr/bin/../lib/gcc/arm-none-eabi/10.3.1/../../../../arm-none-eabi/lib/thumb/v7e-m+fp/hard/libstdc++.a(eh_arm.o) (__cxa_get_globals)
/usr/bin/../lib/gcc/arm-none-eabi/10.3.1/../../../../arm-none-eabi/lib/thumb/v7e-m+fp/hard/libstdc++.a(eh_personality.o)
                              CMakeFiles/mainProject.dir/home/inumaki/Development/stm32WorkSpace/mainProject/Core/Drivers/GPIO/ExtInterrupt.cpp.obj (__gxx_personality_v0)
/usr/bin/../lib/gcc/arm-none-eabi/10.3.1/../../../../arm-none-eabi/lib/thumb/v7e-m+fp/hard/libstdc++.a(eh_terminate.o)
                              /usr/bin/../lib/gcc/arm-none-eabi/10.3.1/../../../../arm-none-eabi/lib/thumb/v7e-m+fp/hard/libstdc++.a(eh_arm.o) (std::terminate())
/usr/bin/../lib/gcc/arm-none-eabi/10.3.1/../../../../arm-none-eabi/lib/thumb/v7e-m+fp/hard/libstdc++.a(eh_unex_handler.o)
                              /usr/bin/../lib/gcc/arm-none-eabi/10.3.1/../../../../arm-none-eabi/lib/thumb/v7e-m+fp/hard/libstdc++.a(eh_terminate.o) (__cxxabiv1::__unexpected_handler)
/usr/bin/../lib/gcc/arm-none-eabi/10.3.1/../../../../arm-none-eabi/lib/thumb/v7e-m+fp/hard/libstdc++.a(pure.o)
                              /usr/bin/../lib/gcc/arm-none-eabi/10.3.1/../../../../arm-none-eabi/lib/thumb/v7e-m+fp/hard/libstdc++.a(eh_exception.o) (__cxa_pure_virtual)
/usr/bin/../lib/gcc/arm-none-eabi/10.3.1/../../../../arm-none-eabi/lib/thumb/v7e-m+fp/hard/libstdc++.a(si_class_type_info.o)
                              /usr/bin/../lib/gcc/arm-none-eabi/10.3.1/../../../../arm-none-eabi/lib/thumb/v7e-m+fp/hard/libstdc++.a(eh_exception.o) (vtable for __cxxabiv1::__si_class_type_info)
/usr/bin/../lib/gcc/arm-none-eabi/10.3.1/../../../../arm-none-eabi/lib/thumb/v7e-m+fp/hard/libstdc++.a(tinfo.o)
                              /usr/bin/../lib/gcc/arm-none-eabi/10.3.1/../../../../arm-none-eabi/lib/thumb/v7e-m+fp/hard/libstdc++.a(si_class_type_info.o) (std::type_info::__is_pointer_p() const)
/usr/bin/../lib/gcc/arm-none-eabi/10.3.1/../../../../arm-none-eabi/lib/thumb/v7e-m+fp/hard/libstdc++.a(vterminate.o)
                              /usr/bin/../lib/gcc/arm-none-eabi/10.3.1/../../../../arm-none-eabi/lib/thumb/v7e-m+fp/hard/libstdc++.a(eh_terminate.o) (__gnu_cxx::__verbose_terminate_handler())
/usr/bin/../lib/gcc/arm-none-eabi/10.3.1/../../../../arm-none-eabi/lib/thumb/v7e-m+fp/hard/libstdc++.a(class_type_info.o)
                              /usr/bin/../lib/gcc/arm-none-eabi/10.3.1/../../../../arm-none-eabi/lib/thumb/v7e-m+fp/hard/libstdc++.a(si_class_type_info.o) (__cxxabiv1::__class_type_info::__do_upcast(__cxxabiv1::__class_type_info const*, void**) const)
/usr/bin/../lib/gcc/arm-none-eabi/10.3.1/../../../../arm-none-eabi/lib/thumb/v7e-m+fp/hard/libstdc++.a(cp-demangle.o)
                              /usr/bin/../lib/gcc/arm-none-eabi/10.3.1/../../../../arm-none-eabi/lib/thumb/v7e-m+fp/hard/libstdc++.a(vterminate.o) (__cxa_demangle)
/usr/bin/../lib/gcc/arm-none-eabi/10.3.1/../../../../arm-none-eabi/lib/thumb/v7e-m+fp/hard/libstdc++.a(del_ops.o)
                              /usr/bin/../lib/gcc/arm-none-eabi/10.3.1/../../../../arm-none-eabi/lib/thumb/v7e-m+fp/hard/libstdc++.a(eh_exception.o) (operator delete(void*, unsigned int))
/usr/bin/../lib/gcc/arm-none-eabi/10.3.1/../../../../arm-none-eabi/lib/thumb/v7e-m+fp/hard/libstdc++.a(eh_call.o)
                              /usr/bin/../lib/gcc/arm-none-eabi/10.3.1/../../../../arm-none-eabi/lib/thumb/v7e-m+fp/hard/libstdc++.a(eh_personality.o) (__cxa_call_terminate)
/usr/bin/../lib/gcc/arm-none-eabi/10.3.1/../../../../arm-none-eabi/lib/thumb/v7e-m+fp/hard/libstdc++.a(eh_catch.o)
                              /usr/bin/../lib/gcc/arm-none-eabi/10.3.1/../../../../arm-none-eabi/lib/thumb/v7e-m+fp/hard/libstdc++.a(eh_personality.o) (__cxa_begin_catch)
/usr/bin/../lib/gcc/arm-none-eabi/10.3.1/../../../../arm-none-eabi/lib/thumb/v7e-m+fp/hard/libstdc++.a(eh_term_handler.o)
[...]
Memory Configuration

Name             Origin             Length             Attributes
RAM              0x0000000020000000 0x0000000000020000 xrw
FLASH            0x0000000008000000 0x0000000000080000 xr
*default*        0x0000000000000000 0xffffffffffffffff

Linker script and memory map

LOAD /usr/bin/../lib/gcc/arm-none-eabi/10.3.1/thumb/v7e-m+fp/hard/crti.o
LOAD /usr/bin/../lib/gcc/arm-none-eabi/10.3.1/thumb/v7e-m+fp/hard/crtbegin.o
LOAD /usr/bin/../lib/gcc/arm-none-eabi/10.3.1/../../../../arm-none-eabi/lib/thumb/v7e-m+fp/hard/crt0.o
START GROUP
LOAD /usr/bin/../lib/gcc/arm-none-eabi/10.3.1/../../../../arm-none-eabi/lib/thumb/v7e-m+fp/hard/libstdc++.a
END GROUP
LOAD CMakeFiles/mainProject.dir/home/inumaki/Development/stm32WorkSpace/mainProject/Core/Drivers/GPIO/ExtInterrupt.cpp.obj
LOAD CMakeFiles/mainProject.dir/home/inumaki/Development/stm32WorkSpace/mainProject/Core/Drivers/GPIO/afPin.cpp.obj
LOAD CMakeFiles/mainProject.dir/home/inumaki/Development/stm32WorkSpace/mainProject/Core/Drivers/GPIO/ioPin.cpp.obj
LOAD CMakeFiles/mainProject.dir/home/inumaki/Development/stm32WorkSpace/mainProject/Core/Src/Utilities/RegistersManipulation/REG_MAN.cpp.obj
LOAD CMakeFiles/mainProject.dir/home/inumaki/Development/stm32WorkSpace/mainProject/Core/Src/main.cpp.obj
LOAD CMakeFiles/mainProject.dir/home/inumaki/Development/stm32WorkSpace/mainProject/Core/Src/syscalls.c.obj
LOAD CMakeFiles/mainProject.dir/home/inumaki/Development/stm32WorkSpace/mainProject/Core/Src/sysmem.c.obj
LOAD CMakeFiles/mainProject.dir/home/inumaki/Development/stm32WorkSpace/mainProject/Core/Startup/startup_stm32f411retx.s.obj
LOAD /usr/bin/../lib/gcc/arm-none-eabi/10.3.1/../../../../arm-none-eabi/lib/thumb/v7e-m+fp/hard/libstdc++.a
LOAD /usr/bin/../lib/gcc/arm-none-eabi/10.3.1/../../../../arm-none-eabi/lib/thumb/v7e-m+fp/hard/libm.a
LOAD /usr/bin/../lib/gcc/arm-none-eabi/10.3.1/../../../../arm-none-eabi/lib/thumb/v7e-m+fp/hard/libc.a
START GROUP
LOAD /usr/bin/../lib/gcc/arm-none-eabi/10.3.1/thumb/v7e-m+fp/hard/libgcc.a
LOAD /usr/bin/../lib/gcc/arm-none-eabi/10.3.1/../../../../arm-none-eabi/lib/thumb/v7e-m+fp/hard/libg.a
LOAD /usr/bin/../lib/gcc/arm-none-eabi/10.3.1/../../../../arm-none-eabi/lib/thumb/v7e-m+fp/hard/libc.a
END GROUP
LOAD /usr/bin/../lib/gcc/arm-none-eabi/10.3.1/thumb/v7e-m+fp/hard/crtend.o
LOAD /usr/bin/../lib/gcc/arm-none-eabi/10.3.1/thumb/v7e-m+fp/hard/crtn.o
                0x0000000020020000                _estack = (ORIGIN (RAM) + LENGTH (RAM))
                0x0000000000000200                _Min_Heap_Size = 0x200
                0x0000000000000400                _Min_Stack_Size = 0x400

.isr_vector     0x0000000008000000      0x198
                0x0000000008000000                . = ALIGN (0x4)
 *(.isr_vector)
 .isr_vector    0x0000000008000000      0x198 CMakeFiles/mainProject.dir/home/inumaki/Development/stm32WorkSpace/mainProject/Core/Startup/startup_stm32f411retx.s.obj
                0x0000000008000000                g_pfnVectors
                0x0000000008000198                . = ALIGN (0x4)

.text           0x00000000080001c0    0x1040c
                0x00000000080001c0                . = ALIGN (0x4)
 *(.text)
 .text          0x00000000080001c0       0x40 /usr/bin/../lib/gcc/arm-none-eabi/10.3.1/thumb/v7e-m+fp/hard/crtbegin.o
 .text          0x0000000008000200      0x610 CMakeFiles/mainProject.dir/home/inumaki/Development/stm32WorkSpace/mainProject/Core/Drivers/GPIO/ExtInterrupt.cpp.obj
                0x0000000008000260                ExtInterrupt::~ExtInterrupt()
                0x0000000008000260                ExtInterrupt::~ExtInterrupt()
                0x000000000800026c                ExtInterrupt::setInputMode()
                0x00000000080002a4                ExtInterrupt::initHandler()
                0x00000000080002ac                ExtInterrupt::ExtInterrupt()
                0x00000000080002ac                ExtInterrupt::ExtInterrupt()
                0x00000000080002d8                bool ExtInterrupt::initHandler<gpioPUPD>(gpioPUPD const&)
                0x00000000080002e0                bool ExtInterrupt::initHandler<bool>(bool const&)
                0x00000000080002e8                ExtInterrupt::isAllocated(gpioPin const&)
                0x000000000800030c                ExtInterrupt::isAllocated()
                0x0000000008000320                ExtInterrupt::init(gpioExtTrigger const&)
                0x0000000008000450                bool ExtInterrupt::initHandler<gpioExtTrigger>(gpioExtTrigger const&)
                0x00000000080004b4                bool ExtInterrupt::initHandler<gpioPort>(gpioPort const&)
                0x00000000080004ec                bool ExtInterrupt::initHandler<gpioPin>(gpioPin const&)
                0x0000000008000524                EXTI0_Callback()
                0x0000000008000528                EXTI1_Callback()
                0x000000000800052c                EXTI2_Callback()
                0x0000000008000530                EXTI3_Callback()
                0x0000000008000538                EXTI5_Callback()
                0x000000000800053c                EXTI6_Callback()
                0x0000000008000540                EXTI7_Callback()
                0x0000000008000544                EXTI8_Callback()
                0x0000000008000548                EXTI9_Callback()
                0x000000000800054c                EXTI10_Callback()
                0x0000000008000550                EXTI11_Callback()
                0x0000000008000554                EXTI12_Callback()
                0x0000000008000558                EXTI13_Callback()
                0x000000000800055c                EXTI14_Callback()
                0x0000000008000560                EXTI15_Callback()
                0x0000000008000564                EXTI0_IRQHandler
                0x0000000008000598                EXTI1_IRQHandler
                0x00000000080005cc                EXTI2_IRQHandler
                0x0000000008000600                EXTI3_IRQHandler
                0x0000000008000634                EXTI4_IRQHandler
                0x0000000008000668                EXTI9_5_IRQHandler
                0x0000000008000724                EXTI15_10_IRQHandler
 .text          0x0000000008000810      0x5ec CMakeFiles/mainProject.dir/home/inumaki/Development/stm32WorkSpace/mainProject/Core/Drivers/GPIO/ioPin.cpp.obj
                0x0000000008000870                ioPin::~ioPin()
                0x0000000008000870                ioPin::~ioPin()
                0x0000000008000872                ioPin::ioPin(ioPin const&)
                0x0000000008000872                ioPin::ioPin(ioPin const&)
                0x0000000008000874                ioPin::operator=(ioPin const&)
                0x0000000008000874                ioPin::reset(bool const&)
                0x0000000008000878                ioPin::isAllocated(gpioPort const&, gpioPin const&)
                0x00000000080008ac                ioPin::failSafeMode(bool const&)
                0x00000000080008b4                ioPin::enableDebug(bool const&)
                0x00000000080008bc                bool ioPin::initHandler<bool>(bool const&)
                0x00000000080008c6                ioPin::setDefaultParams()
                0x00000000080008dc                ioPin::initHandler()
                0x00000000080008f4                ioPin::ioPin()
                0x00000000080008f4                ioPin::ioPin()
                0x0000000008000900                ioPin::init(gpioPort const&)
                0x0000000008000958                ioPin::init(gpioPin const&)
                0x000000000800095a                ioPin::init(gpioMode const&)
                0x0000000008000986                ioPin::init(gpioOutputType const&)
                0x00000000080009ae                ioPin::init(gpioOutputSpeed const&)
                0x00000000080009da                ioPin::init(gpioPUPD const&)
                0x0000000008000a06                ioPin::init(gpioState const&)
                0x0000000008000a32                ioPin::initQueuedSettings()
                0x0000000008000adc                ioPin::assertPort(ioPin const&)
                0x0000000008000aec                ioPin::assertPort()
                0x0000000008000af4                ioPin::pinHandler(gpioPin const&)
                0x0000000008000b64                ioPin::assertPin(ioPin const&)
                0x0000000008000b74                ioPin::assertPin()
                0x0000000008000b7c                ioPin::isReady()
                0x0000000008000b8e                ioPin::readHandler()
                0x0000000008000bbc                ioPin::read()
                0x0000000008000bc4                ioPin::portHandler(gpioPort const&)
                0x0000000008000c4c                ioPin::getParamIndex(gpioPort const&)
                0x0000000008000c50                bool ioPin::initHandler<gpioPort>(gpioPort const&)
                0x0000000008000c76                ioPin::setPort(gpioPort const&)
                0x0000000008000c7e                ioPin::getParamIndex(gpioPin const&)
                0x0000000008000c82                bool ioPin::initHandler<gpioPin>(gpioPin const&)
                0x0000000008000ca8                ioPin::setPin(gpioPin const&)
                0x0000000008000cb0                ioPin::getParamIndex(gpioMode const&)
                0x0000000008000cb4                ioPin::getParamIndex(gpioOutputType const&)
                0x0000000008000cb8                ioPin::getParamIndex(gpioOutputSpeed const&)
                0x0000000008000cbc                ioPin::getParamIndex(gpioPUPD const&)
                0x0000000008000cc0                ioPin::getParamIndex(gpioState const&)
                0x0000000008000cc4                bool ioPin::initHandler<gpioPUPD>(gpioPUPD const&)
                0x0000000008000cea                ioPin::setPUPD(gpioPUPD const&)
                0x0000000008000cf2                bool ioPin::initHandler<gpioOutputType>(gpioOutputType const&)
                0x0000000008000d18                ioPin::setOutputType(gpioOutputType const&)
                0x0000000008000d20                bool ioPin::initHandler<gpioOutputSpeed>(gpioOutputSpeed const&)
                0x0000000008000d46                ioPin::setOutputSpeed(gpioOutputSpeed const&)
                0x0000000008000d4e                bool ioPin::initHandler<gpioState>(gpioState const&)
                0x0000000008000d74                ioPin::write(gpioState const&)
                0x0000000008000d7c                ioPin::toggle()
                0x0000000008000da2                ioPin::modeHandler(gpioMode const&, bool const&)
                0x0000000008000dc0                bool ioPin::initHandler<gpioMode>(gpioMode const&)
                0x0000000008000df4                ioPin::setMode(gpioMode const&)
 .text          0x0000000008000dfc       0xac CMakeFiles/mainProject.dir/home/inumaki/Development/stm32WorkSpace/mainProject/Core/Src/main.cpp.obj
                0x0000000008000dfc                main
                0x0000000008000dfe                fpuInit()
                0x0000000008000e10                EXTI4_Callback()
 .text          0x0000000008000ea8     0x5ee4 /usr/bin/../lib/gcc/arm-none-eabi/10.3.1/../../../../arm-none-eabi/lib/thumb/v7e-m+fp/hard/libstdc++.a(cp-demangle.o)
                0x0000000008006ca4                __cxa_demangle
                0x0000000008006d68                __gcclibcxx_demangle_callback
 *fill*         0x0000000008006d8c        0x4 
 .text          0x0000000008006d90       0xa0 /usr/bin/../lib/gcc/arm-none-eabi/10.3.1/../../../../arm-none-eabi/lib/thumb/v7e-m+fp/hard/libc.a(lib_a-memchr.o)
                0x0000000008006d90                memchr
 .text          0x0000000008006e30      0x134 /usr/bin/../lib/gcc/arm-none-eabi/10.3.1/../../../../arm-none-eabi/lib/thumb/v7e-m+fp/hard/libc.a(lib_a-memcpy.o)
                0x0000000008006e30                memcpy
 *fill*         0x0000000008006f64       0x1c 
 .text          0x0000000008006f80      0x2dc /usr/bin/../lib/gcc/arm-none-eabi/10.3.1/../../../../arm-none-eabi/lib/thumb/v7e-m+fp/hard/libc.a(lib_a-strcmp.o)
                0x0000000008006f88                strcmp
 *fill*         0x000000000800725c       0x24 
 .text          0x0000000008007280       0xdc /usr/bin/../lib/gcc/arm-none-eabi/10.3.1/../../../../arm-none-eabi/lib/thumb/v7e-m+fp/hard/libc.a(lib_a-strlen.o)
                0x0000000008007280                strlen
 .text          0x000000000800735c      0x378 /usr/bin/../lib/gcc/arm-none-eabi/10.3.1/thumb/v7e-m+fp/hard/libgcc.a(_arm_addsubdf3.o)
                0x000000000800735c                __aeabi_drsub
                0x0000000008007364                __aeabi_dsub
                0x0000000008007364                __subdf3
                0x0000000008007368                __adddf3
                0x0000000008007368                __aeabi_dadd
                0x00000000080075e0                __aeabi_ui2d
                0x00000000080075e0                __floatunsidf
                0x0000000008007600                __floatsidf
                0x0000000008007600                __aeabi_i2d
                0x0000000008007624                __extendsfdf2
                0x0000000008007624                __aeabi_f2d
                0x0000000008007668                __aeabi_ul2d
                0x0000000008007668                __floatundidf
                0x0000000008007678                __floatdidf
                0x0000000008007678                __aeabi_l2d
 .text          0x00000000080076d4      0x424 /usr/bin/../lib/gcc/arm-none-eabi/10.3.1/thumb/v7e-m+fp/hard/libgcc.a(_arm_muldivdf3.o)
                0x00000000080076d4                __aeabi_dmul
                0x00000000080076d4                __muldf3
                0x0000000008007928                __aeabi_ddiv
                0x0000000008007928                __divdf3
 .text          0x0000000008007af8      0x110 /usr/bin/../lib/gcc/arm-none-eabi/10.3.1/thumb/v7e-m+fp/hard/libgcc.a(_arm_cmpdf2.o)
                0x0000000008007af8                __gtdf2
                0x0000000008007af8                __gedf2
                0x0000000008007b00                __ltdf2
                0x0000000008007b00                __ledf2
                0x0000000008007b08                __cmpdf2
                0x0000000008007b08                __eqdf2
                0x0000000008007b08                __nedf2
                0x0000000008007b84                __aeabi_cdrcmple
                0x0000000008007b94                __aeabi_cdcmple
                0x0000000008007b94                __aeabi_cdcmpeq
                0x0000000008007ba4                __aeabi_dcmpeq
                0x0000000008007bb8                __aeabi_dcmplt
                0x0000000008007bcc                __aeabi_dcmple
                0x0000000008007be0                __aeabi_dcmpge
                0x0000000008007bf4                __aeabi_dcmpgt
 .text          0x0000000008007c08       0x2c /usr/bin/../lib/gcc/arm-none-eabi/10.3.1/thumb/v7e-m+fp/hard/libgcc.a(_arm_unorddf2.o)
                0x0000000008007c08                __aeabi_dcmpun
                0x0000000008007c08                __unorddf2
 .text          0x0000000008007c34       0x50 /usr/bin/../lib/gcc/arm-none-eabi/10.3.1/thumb/v7e-m+fp/hard/libgcc.a(_arm_fixdfsi.o)
                0x0000000008007c34                __fixdfsi
                0x0000000008007c34                __aeabi_d2iz
 .text          0x0000000008007c84       0x30 /usr/bin/../lib/gcc/arm-none-eabi/10.3.1/thumb/v7e-m+fp/hard/libgcc.a(_aeabi_uldivmod.o)
                0x0000000008007c84                __aeabi_uldivmod
 .text          0x0000000008007cb4      0x2d0 /usr/bin/../lib/gcc/arm-none-eabi/10.3.1/thumb/v7e-m+fp/hard/libgcc.a(_udivmoddi4.o)
                0x0000000008007cb4                __udivmoddi4
 .text          0x0000000008007f84      0x9d8 /usr/bin/../lib/gcc/arm-none-eabi/10.3.1/thumb/v7e-m+fp/hard/libgcc.a(unwind-arm.o)
                0x000000000800822c                _Unwind_GetCFA
                0x0000000008008230                __gnu_Unwind_RaiseException
                0x0000000008008298                __gnu_Unwind_ForcedUnwind
                0x00000000080082a8                __gnu_Unwind_Resume
                0x00000000080082ec                __gnu_Unwind_Resume_or_Rethrow
                0x00000000080082fc                _Unwind_Complete
                0x0000000008008300                _Unwind_DeleteException
                0x000000000800830c                _Unwind_VRS_Get
                0x0000000008008358                _Unwind_VRS_Set
                0x00000000080083a0                __gnu_Unwind_Backtrace
                0x00000000080086cc                __aeabi_unwind_cpp_pr0
                0x00000000080086d0                __aeabi_unwind_cpp_pr1
                0x00000000080086d4                __aeabi_unwind_cpp_pr2
                0x00000000080086d8                _Unwind_VRS_Pop
 .text          0x000000000800895c      0x1ac /usr/bin/../lib/gcc/arm-none-eabi/10.3.1/thumb/v7e-m+fp/hard/libgcc.a(libunwind.o)
                0x000000000800895c                __restore_core_regs
                0x000000000800895c                restore_core_regs
                0x0000000008008974                __gnu_Unwind_Restore_VFP
                0x000000000800897c                __gnu_Unwind_Save_VFP
                0x0000000008008984                __gnu_Unwind_Restore_VFP_D
                0x000000000800898c                __gnu_Unwind_Save_VFP_D
                0x0000000008008994                __gnu_Unwind_Restore_VFP_D_16_to_31
                0x000000000800899c                __gnu_Unwind_Save_VFP_D_16_to_31
                0x00000000080089a4                __gnu_Unwind_Restore_WMMXD
                0x00000000080089e8                __gnu_Unwind_Save_WMMXD
                0x0000000008008a2c                __gnu_Unwind_Restore_WMMXC
                0x0000000008008a40                __gnu_Unwind_Save_WMMXC
                0x0000000008008a54                ___Unwind_RaiseException
                0x0000000008008a54                _Unwind_RaiseException
                0x0000000008008a78                ___Unwind_Resume
                0x0000000008008a78                _Unwind_Resume
                0x0000000008008a9c                _Unwind_Resume_or_Rethrow
                0x0000000008008a9c                ___Unwind_Resume_or_Rethrow
                0x0000000008008ac0                ___Unwind_ForcedUnwind
                0x0000000008008ac0                _Unwind_ForcedUnwind
                0x0000000008008ae4                _Unwind_Backtrace
                0x0000000008008ae4                ___Unwind_Backtrace
 .text          0x0000000008008b08      0x350 /usr/bin/../lib/gcc/arm-none-eabi/10.3.1/thumb/v7e-m+fp/hard/libgcc.a(pr-support.o)
                0x0000000008008b60                __gnu_unwind_execute
                0x0000000008008e0c                __gnu_unwind_frame
                0x0000000008008e38                _Unwind_GetRegionStart
                0x0000000008008e44                _Unwind_GetLanguageSpecificData
 .text          0x0000000008008e58        0x4 /usr/bin/../lib/gcc/arm-none-eabi/10.3.1/thumb/v7e-m+fp/hard/libgcc.a(_dvmd_tls.o)
                0x0000000008008e58                __aeabi_ldiv0
                0x0000000008008e58                __aeabi_idiv0
 *(.text*)
 .text._ZN5ioPin15settingsHandlerI8gpioPUPDEEbRKT_
                0x0000000008008e5c       0x34 CMakeFiles/mainProject.dir/home/inumaki/Development/stm32WorkSpace/mainProject/Core/Drivers/GPIO/ioPin.cpp.obj
                0x0000000008008e5c                bool ioPin::settingsHandler<gpioPUPD>(gpioPUPD const&)
 .text._ZN5ioPin15settingsHandlerI14gpioOutputTypeEEbRKT_
                0x0000000008008e90       0x34 CMakeFiles/mainProject.dir/home/inumaki/Development/stm32WorkSpace/mainProject/Core/Drivers/GPIO/ioPin.cpp.obj
                0x0000000008008e90                bool ioPin::settingsHandler<gpioOutputType>(gpioOutputType const&)
 .text._ZN5ioPin15settingsHandlerI15gpioOutputSpeedEEbRKT_
                0x0000000008008ec4       0x34 CMakeFiles/mainProject.dir/home/inumaki/Development/stm32WorkSpace/mainProject/Core/Drivers/GPIO/ioPin.cpp.obj
                0x0000000008008ec4                bool ioPin::settingsHandler<gpioOutputSpeed>(gpioOutputSpeed const&)
 .text._ZN5ioPin15settingsHandlerI9gpioStateEEbRKT_
                0x0000000008008ef8       0x34 CMakeFiles/mainProject.dir/home/inumaki/Development/stm32WorkSpace/mainProject/Core/Drivers/GPIO/ioPin.cpp.obj
                0x0000000008008ef8                bool ioPin::settingsHandler<gpioState>(gpioState const&)
 .text._ZN5ioPin15settingsHandlerI8gpioModeEEbRKT_
                0x0000000008008f2c       0x34 CMakeFiles/mainProject.dir/home/inumaki/Development/stm32WorkSpace/mainProject/Core/Drivers/GPIO/ioPin.cpp.obj
                0x0000000008008f2c                bool ioPin::settingsHandler<gpioMode>(gpioMode const&)
 .text._ZN5ioPinC2IJ8gpioPort8gpioMode9gpioState7gpioPinEEEDpRKT_
                0x0000000008008f60       0x3e CMakeFiles/mainProject.dir/home/inumaki/Development/stm32WorkSpace/mainProject/Core/Src/main.cpp.obj
                0x0000000008008f60                ioPin::ioPin<gpioPort, gpioMode, gpioState, gpioPin>(gpioPort const&, gpioMode const&, gpioState const&, gpioPin const&)
                0x0000000008008f60                ioPin::ioPin<gpioPort, gpioMode, gpioState, gpioPin>(gpioPort const&, gpioMode const&, gpioState const&, gpioPin const&)
 .text._ZN12ExtInterruptC2IJ14gpioExtTrigger8gpioPort7gpioPin8gpioPUPDEEEDpRKT_
                0x0000000008008f9e       0x3e CMakeFiles/mainProject.dir/home/inumaki/Development/stm32WorkSpace/mainProject/Core/Src/main.cpp.obj
                0x0000000008008f9e                ExtInterrupt::ExtInterrupt<gpioExtTrigger, gpioPort, gpioPin, gpioPUPD>(gpioExtTrigger const&, gpioPort const&, gpioPin const&, gpioPUPD const&)
                0x0000000008008f9e                ExtInterrupt::ExtInterrupt<gpioExtTrigger, gpioPort, gpioPin, gpioPUPD>(gpioExtTrigger const&, gpioPort const&, gpioPin const&, gpioPUPD const&)
 .text._getpid  0x0000000008008fdc        0x4 CMakeFiles/mainProject.dir/home/inumaki/Development/stm32WorkSpace/mainProject/Core/Src/syscalls.c.obj
                0x0000000008008fdc                _getpid
 .text._kill    0x0000000008008fe0       0x10 CMakeFiles/mainProject.dir/home/inumaki/Development/stm32WorkSpace/mainProject/Core/Src/syscalls.c.obj
                0x0000000008008fe0                _kill
 .text._exit    0x0000000008008ff0        0xc CMakeFiles/mainProject.dir/home/inumaki/Development/stm32WorkSpace/mainProject/Core/Src/syscalls.c.obj
                0x0000000008008ff0                _exit
 .text._read    0x0000000008008ffc       0x20 CMakeFiles/mainProject.dir/home/inumaki/Development/stm32WorkSpace/mainProject/Core/Src/syscalls.c.obj
                0x0000000008008ffc                _read
 .text._write   0x000000000800901c       0x1c CMakeFiles/mainProject.dir/home/inumaki/Development/stm32WorkSpace/mainProject/Core/Src/syscalls.c.obj
                0x000000000800901c                _write
 .text._close   0x0000000008009038        0x6 CMakeFiles/mainProject.dir/home/inumaki/Development/stm32WorkSpace/mainProject/Core/Src/syscalls.c.obj
                0x0000000008009038                _close
 .text._fstat   0x000000000800903e        0xa CMakeFiles/mainProject.dir/home/inumaki/Development/stm32WorkSpace/mainProject/Core/Src/syscalls.c.obj
                0x000000000800903e                _fstat
 .text._isatty  0x0000000008009048        0x4 CMakeFiles/mainProject.dir/home/inumaki/Development/stm32WorkSpace/mainProject/Core/Src/syscalls.c.obj
                0x0000000008009048                _isatty
 .text._lseek   0x000000000800904c        0x4 CMakeFiles/mainProject.dir/home/inumaki/Development/stm32WorkSpace/mainProject/Core/Src/syscalls.c.obj
                0x000000000800904c                _lseek
 .text._sbrk    0x0000000008009050       0x48 CMakeFiles/mainProject.dir/home/inumaki/Development/stm32WorkSpace/mainProject/Core/Src/sysmem.c.obj
                0x0000000008009050                _sbrk
 .text.Reset_Handler
                0x0000000008009098       0x4c CMakeFiles/mainProject.dir/home/inumaki/Development/stm32WorkSpace/mainProject/Core/Startup/startup_stm32f411retx.s.obj
                0x0000000008009098                Reset_Handler
 .text.Default_Handler
                0x00000000080090e4        0x2 CMakeFiles/mainProject.dir/home/inumaki/Development/stm32WorkSpace/mainProject/Core/Startup/startup_stm32f411retx.s.obj
                0x00000000080090e4                RTC_Alarm_IRQHandler
                0x00000000080090e4                DebugMon_Handler
                0x00000000080090e4                SPI4_IRQHandler
                0x00000000080090e4                TIM1_CC_IRQHandler
                0x00000000080090e4                DMA2_Stream5_IRQHandler
                0x00000000080090e4                HardFault_Handler
                0x00000000080090e4                DMA1_Stream5_IRQHandler
                0x00000000080090e4                SysTick_Handler
                0x00000000080090e4                PVD_IRQHandler
                0x00000000080090e4                SDIO_IRQHandler
                0x00000000080090e4                TAMP_STAMP_IRQHandler
                0x00000000080090e4                PendSV_Handler
                0x00000000080090e4                NMI_Handler
                0x00000000080090e4                TIM1_UP_TIM10_IRQHandler
                0x00000000080090e4                I2C3_ER_IRQHandler
                0x00000000080090e4                I2C2_EV_IRQHandler
                0x00000000080090e4                DMA1_Stream2_IRQHandler
                0x00000000080090e4                FPU_IRQHandler
                0x00000000080090e4                UsageFault_Handler
                0x00000000080090e4                DMA2_Stream2_IRQHandler
                0x00000000080090e4                SPI1_IRQHandler
                0x00000000080090e4                TIM1_BRK_TIM9_IRQHandler
                0x00000000080090e4                DMA2_Stream3_IRQHandler
                0x00000000080090e4                USART6_IRQHandler
                0x00000000080090e4                DMA2_Stream0_IRQHandler
                0x00000000080090e4                TIM4_IRQHandler
                0x00000000080090e4                I2C1_EV_IRQHandler
                0x00000000080090e4                DMA1_Stream6_IRQHandler
                0x00000000080090e4                DMA1_Stream1_IRQHandler
                0x00000000080090e4                TIM3_IRQHandler
                0x00000000080090e4                RCC_IRQHandler
                0x00000000080090e4                Default_Handler
                0x00000000080090e4                ADC_IRQHandler
                0x00000000080090e4                DMA1_Stream7_IRQHandler
                0x00000000080090e4                SPI5_IRQHandler
                0x00000000080090e4                TIM5_IRQHandler
                0x00000000080090e4                DMA2_Stream7_IRQHandler
                0x00000000080090e4                I2C3_EV_IRQHandler
                0x00000000080090e4                RTC_WKUP_IRQHandler
                0x00000000080090e4                SPI2_IRQHandler
                0x00000000080090e4                MemManage_Handler
                0x00000000080090e4                DMA1_Stream0_IRQHandler
                0x00000000080090e4                SVC_Handler
                0x00000000080090e4                WWDG_IRQHandler
                0x00000000080090e4                TIM2_IRQHandler
                0x00000000080090e4                OTG_FS_WKUP_IRQHandler
                0x00000000080090e4                TIM1_TRG_COM_TIM11_IRQHandler
                0x00000000080090e4                USART2_IRQHandler
                0x00000000080090e4                I2C2_ER_IRQHandler
                0x00000000080090e4                DMA2_Stream1_IRQHandler
                0x00000000080090e4                FLASH_IRQHandler
                0x00000000080090e4                DMA2_Stream4_IRQHandler
                0x00000000080090e4                BusFault_Handler
                0x00000000080090e4                USART1_IRQHandler
                0x00000000080090e4                OTG_FS_IRQHandler
                0x00000000080090e4                SPI3_IRQHandler
                0x00000000080090e4                DMA1_Stream4_IRQHandler
                0x00000000080090e4                I2C1_ER_IRQHandler
                0x00000000080090e4                DMA2_Stream6_IRQHandler
                0x00000000080090e4                DMA1_Stream3_IRQHandler
 *fill*         0x00000000080090e6        0x2 
 .text.__aeabi_atexit
                0x00000000080090e8        0xc /usr/bin/../lib/gcc/arm-none-eabi/10.3.1/../../../../arm-none-eabi/lib/thumb/v7e-m+fp/hard/libstdc++.a(atexit_arm.o)
                0x00000000080090e8                __aeabi_atexit
 .text.__cxa_end_cleanup
                0x00000000080090f4        0xc /usr/bin/../lib/gcc/arm-none-eabi/10.3.1/../../../../arm-none-eabi/lib/thumb/v7e-m+fp/hard/libstdc++.a(eh_arm.o)
                0x00000000080090f4                __cxa_end_cleanup
 .text.__cxa_type_match
                0x0000000008009100       0xb4 /usr/bin/../lib/gcc/arm-none-eabi/10.3.1/../../../../arm-none-eabi/lib/thumb/v7e-m+fp/hard/libstdc++.a(eh_arm.o)
                0x0000000008009100                __cxa_type_match
 .text.__cxa_begin_cleanup
                0x00000000080091b4       0x64 /usr/bin/../lib/gcc/arm-none-eabi/10.3.1/../../../../arm-none-eabi/lib/thumb/v7e-m+fp/hard/libstdc++.a(eh_arm.o)
                0x00000000080091b4                __cxa_begin_cleanup
 .text.__gnu_end_cleanup
                0x0000000008009218       0x70 /usr/bin/../lib/gcc/arm-none-eabi/10.3.1/../../../../arm-none-eabi/lib/thumb/v7e-m+fp/hard/libstdc++.a(eh_arm.o)
                0x0000000008009218                __gnu_end_cleanup
 .text._ZNSt13bad_exceptionD2Ev
                0x0000000008009288        0x4 /usr/bin/../lib/gcc/arm-none-eabi/10.3.1/../../../../arm-none-eabi/lib/thumb/v7e-m+fp/hard/libstdc++.a(eh_exception.o)
                0x0000000008009288                std::bad_exception::~bad_exception()
                0x0000000008009288                std::bad_exception::~bad_exception()
 .text._ZNKSt13bad_exception4whatEv
                0x000000000800928c        0x8 /usr/bin/../lib/gcc/arm-none-eabi/10.3.1/../../../../arm-none-eabi/lib/thumb/v7e-m+fp/hard/libstdc++.a(eh_exception.o)
                0x000000000800928c                transaction clone for std::bad_exception::what() const
                0x000000000800928c                std::bad_exception::what() const
 .text._ZNSt13bad_exceptionD0Ev
                0x0000000008009294       0x10 /usr/bin/../lib/gcc/arm-none-eabi/10.3.1/../../../../arm-none-eabi/lib/thumb/v7e-m+fp/hard/libstdc++.a(eh_exception.o)
                0x0000000008009294                std::bad_exception::~bad_exception()
 .text.__cxa_get_globals_fast
                0x00000000080092a4        0x8 /usr/bin/../lib/gcc/arm-none-eabi/10.3.1/../../../../arm-none-eabi/lib/thumb/v7e-m+fp/hard/libstdc++.a(eh_globals.o)
                0x00000000080092a4                __cxa_get_globals_fast
 .text.__cxa_get_globals
                0x00000000080092ac        0x8 /usr/bin/../lib/gcc/arm-none-eabi/10.3.1/../../../../arm-none-eabi/lib/thumb/v7e-m+fp/hard/libstdc++.a(eh_globals.o)
                0x00000000080092ac                __cxa_get_globals
 .text._ZL28read_encoded_value_with_basehjPKhPj
                0x00000000080092b4       0xc0 /usr/bin/../lib/gcc/arm-none-eabi/10.3.1/../../../../arm-none-eabi/lib/thumb/v7e-m+fp/hard/libstdc++.a(eh_personality.o)
 .text._ZL21base_of_encoded_valuehP15_Unwind_Context
                0x0000000008009374       0x50 /usr/bin/../lib/gcc/arm-none-eabi/10.3.1/../../../../arm-none-eabi/lib/thumb/v7e-m+fp/hard/libstdc++.a(eh_personality.o)
 .text._ZL17parse_lsda_headerP15_Unwind_ContextPKhP16lsda_header_info
                0x00000000080093c4       0x94 /usr/bin/../lib/gcc/arm-none-eabi/10.3.1/../../../../arm-none-eabi/lib/thumb/v7e-m+fp/hard/libstdc++.a(eh_personality.o)
 .text.__gxx_personality_v0
                0x0000000008009458      0x4a8 /usr/bin/../lib/gcc/arm-none-eabi/10.3.1/../../../../arm-none-eabi/lib/thumb/v7e-m+fp/hard/libstdc++.a(eh_personality.o)
                0x0000000008009458                __gxx_personality_v0
 .text._ZN10__cxxabiv111__terminateEPFvvE
                0x0000000008009900       0x28 /usr/bin/../lib/gcc/arm-none-eabi/10.3.1/../../../../arm-none-eabi/lib/thumb/v7e-m+fp/hard/libstdc++.a(eh_terminate.o)
                0x0000000008009900                __cxxabiv1::__terminate(void (*)())
 .text._ZSt9terminatev
                0x0000000008009928       0x14 /usr/bin/../lib/gcc/arm-none-eabi/10.3.1/../../../../arm-none-eabi/lib/thumb/v7e-m+fp/hard/libstdc++.a(eh_terminate.o)
                0x0000000008009928                std::terminate()
 .text._ZN10__cxxabiv112__unexpectedEPFvvE
                0x000000000800993c        0x8 /usr/bin/../lib/gcc/arm-none-eabi/10.3.1/../../../../arm-none-eabi/lib/thumb/v7e-m+fp/hard/libstdc++.a(eh_terminate.o)
                0x000000000800993c                __cxxabiv1::__unexpected(void (*)())
 .text._ZSt10unexpectedv
                0x0000000008009944       0x14 /usr/bin/../lib/gcc/arm-none-eabi/10.3.1/../../../../arm-none-eabi/lib/thumb/v7e-m+fp/hard/libstdc++.a(eh_terminate.o)
                0x0000000008009944                std::unexpected()
 .text._ZSt13get_terminatev
                0x0000000008009958       0x10 /usr/bin/../lib/gcc/arm-none-eabi/10.3.1/../../../../arm-none-eabi/lib/thumb/v7e-m+fp/hard/libstdc++.a(eh_terminate.o)
                0x0000000008009958                std::get_terminate()
 .text._ZSt14get_unexpectedv
                0x0000000008009968       0x10 /usr/bin/../lib/gcc/arm-none-eabi/10.3.1/../../../../arm-none-eabi/lib/thumb/v7e-m+fp/hard/libstdc++.a(eh_terminate.o)
                0x0000000008009968                std::get_unexpected()
 .text._ZN10__cxxabiv120__si_class_type_infoD2Ev
                0x0000000008009978       0x14 /usr/bin/../lib/gcc/arm-none-eabi/10.3.1/../../../../arm-none-eabi/lib/thumb/v7e-m+fp/hard/libstdc++.a(si_class_type_info.o)
                0x0000000008009978                __cxxabiv1::__si_class_type_info::~__si_class_type_info()
                0x0000000008009978                __cxxabiv1::__si_class_type_info::~__si_class_type_info()
 .text._ZN10__cxxabiv120__si_class_type_infoD0Ev
                0x000000000800998c       0x1c /usr/bin/../lib/gcc/arm-none-eabi/10.3.1/../../../../arm-none-eabi/lib/thumb/v7e-m+fp/hard/libstdc++.a(si_class_type_info.o)
                0x000000000800998c                __cxxabiv1::__si_class_type_info::~__si_class_type_info()
 .text._ZNK10__cxxabiv120__si_class_type_info20__do_find_public_srcEiPKvPKNS_17__class_type_infoES2_
                0x00000000080099a8       0x3c /usr/bin/../lib/gcc/arm-none-eabi/10.3.1/../../../../arm-none-eabi/lib/thumb/v7e-m+fp/hard/libstdc++.a(si_class_type_info.o)
                0x00000000080099a8                __cxxabiv1::__si_class_type_info::__do_find_public_src(int, void const*, __cxxabiv1::__class_type_info const*, void const*) const
 .text._ZNK10__cxxabiv120__si_class_type_info12__do_dyncastEiNS_17__class_type_info10__sub_kindEPKS1_PKvS4_S6_RNS1_16__dyncast_resultE
                0x00000000080099e4       0x80 /usr/bin/../lib/gcc/arm-none-eabi/10.3.1/../../../../arm-none-eabi/lib/thumb/v7e-m+fp/hard/libstdc++.a(si_class_type_info.o)
                0x00000000080099e4                __cxxabiv1::__si_class_type_info::__do_dyncast(int, __cxxabiv1::__class_type_info::__sub_kind, __cxxabiv1::__class_type_info const*, void const*, __cxxabiv1::__class_type_info const*, void const*, __cxxabiv1::__class_type_info::__dyncast_result&) const
 .text._ZNK10__cxxabiv120__si_class_type_info11__do_upcastEPKNS_17__class_type_infoEPKvRNS1_15__upcast_resultE
                0x0000000008009a64       0x2c /usr/bin/../lib/gcc/arm-none-eabi/10.3.1/../../../../arm-none-eabi/lib/thumb/v7e-m+fp/hard/libstdc++.a(si_class_type_info.o)
                0x0000000008009a64                __cxxabiv1::__si_class_type_info::__do_upcast(__cxxabiv1::__class_type_info const*, void const*, __cxxabiv1::__class_type_info::__upcast_result&) const
 .text._ZNSt9type_infoD2Ev
                0x0000000008009a90        0x4 /usr/bin/../lib/gcc/arm-none-eabi/10.3.1/../../../../arm-none-eabi/lib/thumb/v7e-m+fp/hard/libstdc++.a(tinfo.o)
                0x0000000008009a90                std::type_info::~type_info()
                0x0000000008009a90                std::type_info::~type_info()
 .text._ZNKSt9type_info14__is_pointer_pEv
                0x0000000008009a94        0x4 /usr/bin/../lib/gcc/arm-none-eabi/10.3.1/../../../../arm-none-eabi/lib/thumb/v7e-m+fp/hard/libstdc++.a(tinfo.o)
                0x0000000008009a94                std::type_info::__is_function_p() const
                0x0000000008009a94                std::type_info::__is_pointer_p() const
 .text._ZNKSt9type_infoeqERKS_
                0x0000000008009a98       0x2c /usr/bin/../lib/gcc/arm-none-eabi/10.3.1/../../../../arm-none-eabi/lib/thumb/v7e-m+fp/hard/libstdc++.a(tinfo.o)
                0x0000000008009a98                std::type_info::operator==(std::type_info const&) const
 .text._ZN9__gnu_cxx27__verbose_terminate_handlerEv
                0x0000000008009ac4      0x10c /usr/bin/../lib/gcc/arm-none-eabi/10.3.1/../../../../arm-none-eabi/lib/thumb/v7e-m+fp/hard/libstdc++.a(vterminate.o)
                0x0000000008009ac4                __gnu_cxx::__verbose_terminate_handler()
 .text._ZNK10__cxxabiv117__class_type_info11__do_upcastEPKS0_PPv
                0x0000000008009bd0       0x34 /usr/bin/../lib/gcc/arm-none-eabi/10.3.1/../../../../arm-none-eabi/lib/thumb/v7e-m+fp/hard/libstdc++.a(class_type_info.o)
                0x0000000008009bd0                __cxxabiv1::__class_type_info::__do_upcast(__cxxabiv1::__class_type_info const*, void**) const
 .text._ZNK10__cxxabiv117__class_type_info20__do_find_public_srcEiPKvPKS0_S2_
                0x0000000008009c04        0xc /usr/bin/../lib/gcc/arm-none-eabi/10.3.1/../../../../arm-none-eabi/lib/thumb/v7e-m+fp/hard/libstdc++.a(class_type_info.o)
                0x0000000008009c04                __cxxabiv1::__class_type_info::__do_find_public_src(int, void const*, __cxxabiv1::__class_type_info const*, void const*) const
 .text._ZN10__cxxabiv117__class_type_infoD2Ev
                0x0000000008009c10       0x14 /usr/bin/../lib/gcc/arm-none-eabi/10.3.1/../../../../arm-none-eabi/lib/thumb/v7e-m+fp/hard/libstdc++.a(class_type_info.o)
                0x0000000008009c10                __cxxabiv1::__class_type_info::~__class_type_info()
                0x0000000008009c10                __cxxabiv1::__class_type_info::~__class_type_info()
 .text._ZN10__cxxabiv117__class_type_infoD0Ev
                0x0000000008009c24       0x1c /usr/bin/../lib/gcc/arm-none-eabi/10.3.1/../../../../arm-none-eabi/lib/thumb/v7e-m+fp/hard/libstdc++.a(class_type_info.o)
                0x0000000008009c24                __cxxabiv1::__class_type_info::~__class_type_info()
 .text._ZNK10__cxxabiv117__class_type_info12__do_dyncastEiNS0_10__sub_kindEPKS0_PKvS3_S5_RNS0_16__dyncast_resultE
                0x0000000008009c40       0x44 /usr/bin/../lib/gcc/arm-none-eabi/10.3.1/../../../../arm-none-eabi/lib/thumb/v7e-m+fp/hard/libstdc++.a(class_type_info.o)
                0x0000000008009c40                __cxxabiv1::__class_type_info::__do_dyncast(int, __cxxabiv1::__class_type_info::__sub_kind, __cxxabiv1::__class_type_info const*, void const*, __cxxabiv1::__class_type_info const*, void const*, __cxxabiv1::__class_type_info::__dyncast_result&) const
 .text._ZNK10__cxxabiv117__class_type_info11__do_upcastEPKS0_PKvRNS0_15__upcast_resultE
                0x0000000008009c84       0x1c /usr/bin/../lib/gcc/arm-none-eabi/10.3.1/../../../../arm-none-eabi/lib/thumb/v7e-m+fp/hard/libstdc++.a(class_type_info.o)
                0x0000000008009c84                __cxxabiv1::__class_type_info::__do_upcast(__cxxabiv1::__class_type_info const*, void const*, __cxxabiv1::__class_type_info::__upcast_result&) const
 .text._ZNK10__cxxabiv117__class_type_info10__do_catchEPKSt9type_infoPPvj
                0x0000000008009ca0       0x2c /usr/bin/../lib/gcc/arm-none-eabi/10.3.1/../../../../arm-none-eabi/lib/thumb/v7e-m+fp/hard/libstdc++.a(class_type_info.o)
                0x0000000008009ca0                __cxxabiv1::__class_type_info::__do_catch(std::type_info const*, void**, unsigned int) const
 .text._ZdlPvj  0x0000000008009ccc        0x4 /usr/bin/../lib/gcc/arm-none-eabi/10.3.1/../../../../arm-none-eabi/lib/thumb/v7e-m+fp/hard/libstdc++.a(del_ops.o)
                0x0000000008009ccc                operator delete(void*, unsigned int)
 .text._ZN10__cxxabiv1L24__is_gxx_exception_classEPc
                0x0000000008009cd0       0x3c /usr/bin/../lib/gcc/arm-none-eabi/10.3.1/../../../../arm-none-eabi/lib/thumb/v7e-m+fp/hard/libstdc++.a(eh_call.o)
 .text.__cxa_call_terminate
                0x0000000008009d0c       0x20 /usr/bin/../lib/gcc/arm-none-eabi/10.3.1/../../../../arm-none-eabi/lib/thumb/v7e-m+fp/hard/libstdc++.a(eh_call.o)
                0x0000000008009d0c                __cxa_call_terminate
 .text.unlikely.__cxa_call_unexpected
                0x0000000008009d2c       0xe4 /usr/bin/../lib/gcc/arm-none-eabi/10.3.1/../../../../arm-none-eabi/lib/thumb/v7e-m+fp/hard/libstdc++.a(eh_call.o)
                0x0000000008009d2c                __cxa_call_unexpected
 .text.__cxa_begin_catch
                0x0000000008009e10       0x7c /usr/bin/../lib/gcc/arm-none-eabi/10.3.1/../../../../arm-none-eabi/lib/thumb/v7e-m+fp/hard/libstdc++.a(eh_catch.o)
                0x0000000008009e10                __cxa_begin_catch
 .text.__cxa_end_catch
                0x0000000008009e8c       0x8c /usr/bin/../lib/gcc/arm-none-eabi/10.3.1/../../../../arm-none-eabi/lib/thumb/v7e-m+fp/hard/libstdc++.a(eh_catch.o)
                0x0000000008009e8c                __cxa_end_catch
 .text._ZL23__gxx_exception_cleanup19_Unwind_Reason_CodeP21_Unwind_Control_Block
                0x0000000008009f18       0x4c /usr/bin/../lib/gcc/arm-none-eabi/10.3.1/../../../../arm-none-eabi/lib/thumb/v7e-m+fp/hard/libstdc++.a(eh_throw.o)
 .text.__cxa_init_primary_exception
                0x0000000008009f64       0x58 /usr/bin/../lib/gcc/arm-none-eabi/10.3.1/../../../../arm-none-eabi/lib/thumb/v7e-m+fp/hard/libstdc++.a(eh_throw.o)
                0x0000000008009f64                __cxa_init_primary_exception
 .text.__cxa_throw
                0x0000000008009fbc       0x38 /usr/bin/../lib/gcc/arm-none-eabi/10.3.1/../../../../arm-none-eabi/lib/thumb/v7e-m+fp/hard/libstdc++.a(eh_throw.o)
                0x0000000008009fbc                __cxa_throw
 .text.__cxa_rethrow
                0x0000000008009ff4       0x70 /usr/bin/../lib/gcc/arm-none-eabi/10.3.1/../../../../arm-none-eabi/lib/thumb/v7e-m+fp/hard/libstdc++.a(eh_throw.o)
                0x0000000008009ff4                __cxa_rethrow
 .text.__cxa_current_exception_type
                0x000000000800a064       0x1c /usr/bin/../lib/gcc/arm-none-eabi/10.3.1/../../../../arm-none-eabi/lib/thumb/v7e-m+fp/hard/libstdc++.a(eh_type.o)
                0x000000000800a064                __cxa_current_exception_type
 .text._ZdlPv   0x000000000800a080        0x4 /usr/bin/../lib/gcc/arm-none-eabi/10.3.1/../../../../arm-none-eabi/lib/thumb/v7e-m+fp/hard/libstdc++.a(del_op.o)
                0x000000000800a080                operator delete(void*)
 .text._ZN12_GLOBAL__N_14pool4freeEPv.constprop.0
                0x000000000800a084       0x88 /usr/bin/../lib/gcc/arm-none-eabi/10.3.1/../../../../arm-none-eabi/lib/thumb/v7e-m+fp/hard/libstdc++.a(eh_alloc.o)
 .text._ZN12_GLOBAL__N_14pool8allocateEj.constprop.0
                0x000000000800a10c       0x58 /usr/bin/../lib/gcc/arm-none-eabi/10.3.1/../../../../arm-none-eabi/lib/thumb/v7e-m+fp/hard/libstdc++.a(eh_alloc.o)
 .text.__cxa_allocate_exception
                0x000000000800a164       0x30 /usr/bin/../lib/gcc/arm-none-eabi/10.3.1/../../../../arm-none-eabi/lib/thumb/v7e-m+fp/hard/libstdc++.a(eh_alloc.o)
                0x000000000800a164                __cxa_allocate_exception
 .text.__cxa_free_exception
                0x000000000800a194       0x20 /usr/bin/../lib/gcc/arm-none-eabi/10.3.1/../../../../arm-none-eabi/lib/thumb/v7e-m+fp/hard/libstdc++.a(eh_alloc.o)
                0x000000000800a194                __cxa_free_exception
 .text.startup._GLOBAL__sub_I__ZN9__gnu_cxx9__freeresEv
                0x000000000800a1b4       0x28 /usr/bin/../lib/gcc/arm-none-eabi/10.3.1/../../../../arm-none-eabi/lib/thumb/v7e-m+fp/hard/libstdc++.a(eh_alloc.o)
 .text.abort    0x000000000800a1dc       0x10 /usr/bin/../lib/gcc/arm-none-eabi/10.3.1/../../../../arm-none-eabi/lib/thumb/v7e-m+fp/hard/libc.a(lib_a-abort.o)
                0x000000000800a1dc                abort
 .text.__cxa_atexit
                0x000000000800a1ec        0xc /usr/bin/../lib/gcc/arm-none-eabi/10.3.1/../../../../arm-none-eabi/lib/thumb/v7e-m+fp/hard/libc.a(lib_a-cxa_atexit.o)
                0x000000000800a1ec                __cxa_atexit
 .text.__errno  0x000000000800a1f8        0xc /usr/bin/../lib/gcc/arm-none-eabi/10.3.1/../../../../arm-none-eabi/lib/thumb/v7e-m+fp/hard/libc.a(lib_a-errno.o)
                0x000000000800a1f8                __errno
 .text.fputc    0x000000000800a204       0x64 /usr/bin/../lib/gcc/arm-none-eabi/10.3.1/../../../../arm-none-eabi/lib/thumb/v7e-m+fp/hard/libc.a(lib_a-fputc.o)
                0x000000000800a204                fputc
 .text._fputs_r
                0x000000000800a268       0x88 /usr/bin/../lib/gcc/arm-none-eabi/10.3.1/../../../../arm-none-eabi/lib/thumb/v7e-m+fp/hard/libc.a(lib_a-fputs.o)
                0x000000000800a268                _fputs_r
 .text.fputs    0x000000000800a2f0       0x18 /usr/bin/../lib/gcc/arm-none-eabi/10.3.1/../../../../arm-none-eabi/lib/thumb/v7e-m+fp/hard/libc.a(lib_a-fputs.o)
                0x000000000800a2f0                fputs
 .text.__sfvwrite_r
                0x000000000800a308      0x2f0 /usr/bin/../lib/gcc/arm-none-eabi/10.3.1/../../../../arm-none-eabi/lib/thumb/v7e-m+fp/hard/libc.a(lib_a-fvwrite.o)
                0x000000000800a308                __sfvwrite_r
 .text._fwrite_r
                0x000000000800a5f8       0xa8 /usr/bin/../lib/gcc/arm-none-eabi/10.3.1/../../../../arm-none-eabi/lib/thumb/v7e-m+fp/hard/libc.a(lib_a-fwrite.o)
                0x000000000800a5f8                _fwrite_r
 .text.fwrite   0x000000000800a6a0       0x20 /usr/bin/../lib/gcc/arm-none-eabi/10.3.1/../../../../arm-none-eabi/lib/thumb/v7e-m+fp/hard/libc.a(lib_a-fwrite.o)
                0x000000000800a6a0                fwrite
 .text.__libc_init_array
                0x000000000800a6c0       0x48 /usr/bin/../lib/gcc/arm-none-eabi/10.3.1/../../../../arm-none-eabi/lib/thumb/v7e-m+fp/hard/libc.a(lib_a-init.o)
                0x000000000800a6c0                __libc_init_array
 .text.__retarget_lock_init_recursive
                0x000000000800a708        0x4 /usr/bin/../lib/gcc/arm-none-eabi/10.3.1/../../../../arm-none-eabi/lib/thumb/v7e-m+fp/hard/libc.a(lib_a-lock.o)
                0x000000000800a708                __retarget_lock_init_recursive
 .text.__retarget_lock_close_recursive
                0x000000000800a70c        0x4 /usr/bin/../lib/gcc/arm-none-eabi/10.3.1/../../../../arm-none-eabi/lib/thumb/v7e-m+fp/hard/libc.a(lib_a-lock.o)
                0x000000000800a70c                __retarget_lock_close_recursive
 .text.__retarget_lock_acquire_recursive
                0x000000000800a710        0x4 /usr/bin/../lib/gcc/arm-none-eabi/10.3.1/../../../../arm-none-eabi/lib/thumb/v7e-m+fp/hard/libc.a(lib_a-lock.o)
                0x000000000800a710                __retarget_lock_acquire_recursive
 .text.__retarget_lock_release_recursive
                0x000000000800a714        0x4 /usr/bin/../lib/gcc/arm-none-eabi/10.3.1/../../../../arm-none-eabi/lib/thumb/v7e-m+fp/hard/libc.a(lib_a-lock.o)
                0x000000000800a714                __retarget_lock_release_recursive
 .text.malloc   0x000000000800a718       0x10 /usr/bin/../lib/gcc/arm-none-eabi/10.3.1/../../../../arm-none-eabi/lib/thumb/v7e-m+fp/hard/libc.a(lib_a-malloc.o)
                0x000000000800a718                malloc
 .text.free     0x000000000800a728       0x10 /usr/bin/../lib/gcc/arm-none-eabi/10.3.1/../../../../arm-none-eabi/lib/thumb/v7e-m+fp/hard/libc.a(lib_a-malloc.o)
                0x000000000800a728                free
 .text._malloc_r
                0x000000000800a738      0x560 /usr/bin/../lib/gcc/arm-none-eabi/10.3.1/../../../../arm-none-eabi/lib/thumb/v7e-m+fp/hard/libc.a(lib_a-mallocr.o)
                0x000000000800a738                _malloc_r
 .text.memcmp   0x000000000800ac98       0x64 /usr/bin/../lib/gcc/arm-none-eabi/10.3.1/../../../../arm-none-eabi/lib/thumb/v7e-m+fp/hard/libc.a(lib_a-memcmp.o)
                0x000000000800ac98                memcmp
 .text.memmove  0x000000000800acfc       0xf8 /usr/bin/../lib/gcc/arm-none-eabi/10.3.1/../../../../arm-none-eabi/lib/thumb/v7e-m+fp/hard/libc.a(lib_a-memmove.o)
                0x000000000800acfc                memmove
 .text.memset   0x000000000800adf4       0xa4 /usr/bin/../lib/gcc/arm-none-eabi/10.3.1/../../../../arm-none-eabi/lib/thumb/v7e-m+fp/hard/libc.a(lib_a-memset.o)
                0x000000000800adf4                memset
 .text.__malloc_lock
                0x000000000800ae98        0xc /usr/bin/../lib/gcc/arm-none-eabi/10.3.1/../../../../arm-none-eabi/lib/thumb/v7e-m+fp/hard/libc.a(lib_a-mlock.o)
                0x000000000800ae98                __malloc_lock
 .text.__malloc_unlock
                0x000000000800aea4        0xc /usr/bin/../lib/gcc/arm-none-eabi/10.3.1/../../../../arm-none-eabi/lib/thumb/v7e-m+fp/hard/libc.a(lib_a-mlock.o)
                0x000000000800aea4                __malloc_unlock
 .text._putc_r  0x000000000800aeb0       0x74 /usr/bin/../lib/gcc/arm-none-eabi/10.3.1/../../../../arm-none-eabi/lib/thumb/v7e-m+fp/hard/libc.a(lib_a-putc.o)
                0x000000000800aeb0                _putc_r
 .text.realloc  0x000000000800af24       0x18 /usr/bin/../lib/gcc/arm-none-eabi/10.3.1/../../../../arm-none-eabi/lib/thumb/v7e-m+fp/hard/libc.a(lib_a-realloc.o)
                0x000000000800af24                realloc
 .text._realloc_r
                0x000000000800af3c      0x3d8 /usr/bin/../lib/gcc/arm-none-eabi/10.3.1/../../../../arm-none-eabi/lib/thumb/v7e-m+fp/hard/libc.a(lib_a-reallocr.o)
                0x000000000800af3c                _realloc_r
 .text._sbrk_r  0x000000000800b314       0x24 /usr/bin/../lib/gcc/arm-none-eabi/10.3.1/../../../../arm-none-eabi/lib/thumb/v7e-m+fp/hard/libc.a(lib_a-sbrkr.o)
                0x000000000800b314                _sbrk_r
 .text.raise    0x000000000800b338       0x5c /usr/bin/../lib/gcc/arm-none-eabi/10.3.1/../../../../arm-none-eabi/lib/thumb/v7e-m+fp/hard/libc.a(lib_a-signal.o)
                0x000000000800b338                raise
 .text._kill_r  0x000000000800b394       0x2c /usr/bin/../lib/gcc/arm-none-eabi/10.3.1/../../../../arm-none-eabi/lib/thumb/v7e-m+fp/hard/libc.a(lib_a-signalr.o)
                0x000000000800b394                _kill_r
 .text._getpid_r
                0x000000000800b3c0        0x4 /usr/bin/../lib/gcc/arm-none-eabi/10.3.1/../../../../arm-none-eabi/lib/thumb/v7e-m+fp/hard/libc.a(lib_a-signalr.o)
                0x000000000800b3c0                _getpid_r
 .text.sprintf  0x000000000800b3c4       0x40 /usr/bin/../lib/gcc/arm-none-eabi/10.3.1/../../../../arm-none-eabi/lib/thumb/v7e-m+fp/hard/libc.a(lib_a-sprintf.o)
                0x000000000800b3c4                sprintf
 .text.strncmp  0x000000000800b404       0x80 /usr/bin/../lib/gcc/arm-none-eabi/10.3.1/../../../../arm-none-eabi/lib/thumb/v7e-m+fp/hard/libc.a(lib_a-strncmp.o)
                0x000000000800b404                strncmp
 *fill*         0x000000000800b484        0x4 
 .text._svfprintf_r
                0x000000000800b488     0x1acc /usr/bin/../lib/gcc/arm-none-eabi/10.3.1/../../../../arm-none-eabi/lib/thumb/v7e-m+fp/hard/libc.a(lib_a-svfprintf.o)
                0x000000000800b488                _svfprintf_r
 .text.__swbuf_r
                0x000000000800cf54       0xb0 /usr/bin/../lib/gcc/arm-none-eabi/10.3.1/../../../../arm-none-eabi/lib/thumb/v7e-m+fp/hard/libc.a(lib_a-wbuf.o)
                0x000000000800cf54                __swbuf_r
 .text._write_r
                0x000000000800d004       0x2c /usr/bin/../lib/gcc/arm-none-eabi/10.3.1/../../../../arm-none-eabi/lib/thumb/v7e-m+fp/hard/libc.a(lib_a-writer.o)
                0x000000000800d004                _write_r
 .text.__swsetup_r
                0x000000000800d030       0xd4 /usr/bin/../lib/gcc/arm-none-eabi/10.3.1/../../../../arm-none-eabi/lib/thumb/v7e-m+fp/hard/libc.a(lib_a-wsetup.o)
                0x000000000800d030                __swsetup_r
 .text.__register_exitproc
                0x000000000800d104       0x8c /usr/bin/../lib/gcc/arm-none-eabi/10.3.1/../../../../arm-none-eabi/lib/thumb/v7e-m+fp/hard/libc.a(lib_a-__atexit.o)
                0x000000000800d104                __register_exitproc
 .text.startup.register_fini
                0x000000000800d190       0x14 /usr/bin/../lib/gcc/arm-none-eabi/10.3.1/../../../../arm-none-eabi/lib/thumb/v7e-m+fp/hard/libc.a(lib_a-__call_atexit.o)
 .text.atexit   0x000000000800d1a4        0xc /usr/bin/../lib/gcc/arm-none-eabi/10.3.1/../../../../arm-none-eabi/lib/thumb/v7e-m+fp/hard/libc.a(lib_a-atexit.o)
                0x000000000800d1a4                atexit
 .text.quorem   0x000000000800d1b0      0x128 /usr/bin/../lib/gcc/arm-none-eabi/10.3.1/../../../../arm-none-eabi/lib/thumb/v7e-m+fp/hard/libc.a(lib_a-dtoa.o)
 .text._dtoa_r  0x000000000800d2d8      0xf3c /usr/bin/../lib/gcc/arm-none-eabi/10.3.1/../../../../arm-none-eabi/lib/thumb/v7e-m+fp/hard/libc.a(lib_a-dtoa.o)
                0x000000000800d2d8                _dtoa_r
 .text.__sflush_r
                0x000000000800e214      0x130 /usr/bin/../lib/gcc/arm-none-eabi/10.3.1/../../../../arm-none-eabi/lib/thumb/v7e-m+fp/hard/libc.a(lib_a-fflush.o)
                0x000000000800e214                __sflush_r
 .text._fflush_r
                0x000000000800e344       0x5c /usr/bin/../lib/gcc/arm-none-eabi/10.3.1/../../../../arm-none-eabi/lib/thumb/v7e-m+fp/hard/libc.a(lib_a-fflush.o)
                0x000000000800e344                _fflush_r
 .text._cleanup_r
                0x000000000800e3a0        0xc /usr/bin/../lib/gcc/arm-none-eabi/10.3.1/../../../../arm-none-eabi/lib/thumb/v7e-m+fp/hard/libc.a(lib_a-findfp.o)
                0x000000000800e3a0                _cleanup_r
 .text.__sinit  0x000000000800e3ac      0x10c /usr/bin/../lib/gcc/arm-none-eabi/10.3.1/../../../../arm-none-eabi/lib/thumb/v7e-m+fp/hard/libc.a(lib_a-findfp.o)
                0x000000000800e3ac                __sinit
 .text.__sfp_lock_acquire
                0x000000000800e4b8        0xc /usr/bin/../lib/gcc/arm-none-eabi/10.3.1/../../../../arm-none-eabi/lib/thumb/v7e-m+fp/hard/libc.a(lib_a-findfp.o)
                0x000000000800e4b8                __sfp_lock_acquire
 .text.__sfp_lock_release
                0x000000000800e4c4        0xc /usr/bin/../lib/gcc/arm-none-eabi/10.3.1/../../../../arm-none-eabi/lib/thumb/v7e-m+fp/hard/libc.a(lib_a-findfp.o)
                0x000000000800e4c4                __sfp_lock_release
 .text.__libc_fini_array
                0x000000000800e4d0       0x2c /usr/bin/../lib/gcc/arm-none-eabi/10.3.1/../../../../arm-none-eabi/lib/thumb/v7e-m+fp/hard/libc.a(lib_a-fini.o)
                0x000000000800e4d0                __libc_fini_array
 .text._malloc_trim_r
                0x000000000800e4fc       0xa0 /usr/bin/../lib/gcc/arm-none-eabi/10.3.1/../../../../arm-none-eabi/lib/thumb/v7e-m+fp/hard/libc.a(lib_a-freer.o)
                0x000000000800e4fc                _malloc_trim_r
 .text._free_r  0x000000000800e59c      0x20c /usr/bin/../lib/gcc/arm-none-eabi/10.3.1/../../../../arm-none-eabi/lib/thumb/v7e-m+fp/hard/libc.a(lib_a-freer.o)
                0x000000000800e59c                _free_r
 .text._fwalk_reent
                0x000000000800e7a8       0x48 /usr/bin/../lib/gcc/arm-none-eabi/10.3.1/../../../../arm-none-eabi/lib/thumb/v7e-m+fp/hard/libc.a(lib_a-fwalk.o)
                0x000000000800e7a8                _fwalk_reent
 .text._localeconv_r
                0x000000000800e7f0        0x8 /usr/bin/../lib/gcc/arm-none-eabi/10.3.1/../../../../arm-none-eabi/lib/thumb/v7e-m+fp/hard/libc.a(lib_a-localeconv.o)
                0x000000000800e7f0                _localeconv_r
 .text.__smakebuf_r
                0x000000000800e7f8       0xe0 /usr/bin/../lib/gcc/arm-none-eabi/10.3.1/../../../../arm-none-eabi/lib/thumb/v7e-m+fp/hard/libc.a(lib_a-makebuf.o)
                0x000000000800e7f8                __smakebuf_r
 .text._Balloc  0x000000000800e8d8       0x4c /usr/bin/../lib/gcc/arm-none-eabi/10.3.1/../../../../arm-none-eabi/lib/thumb/v7e-m+fp/hard/libc.a(lib_a-mprec.o)
                0x000000000800e8d8                _Balloc
 .text._Bfree   0x000000000800e924       0x14 /usr/bin/../lib/gcc/arm-none-eabi/10.3.1/../../../../arm-none-eabi/lib/thumb/v7e-m+fp/hard/libc.a(lib_a-mprec.o)
                0x000000000800e924                _Bfree
 .text.__multadd
                0x000000000800e938       0xa8 /usr/bin/../lib/gcc/arm-none-eabi/10.3.1/../../../../arm-none-eabi/lib/thumb/v7e-m+fp/hard/libc.a(lib_a-mprec.o)
                0x000000000800e938                __multadd
 .text.__hi0bits
                0x000000000800e9e0       0x40 /usr/bin/../lib/gcc/arm-none-eabi/10.3.1/../../../../arm-none-eabi/lib/thumb/v7e-m+fp/hard/libc.a(lib_a-mprec.o)
                0x000000000800e9e0                __hi0bits
 .text.__lo0bits
                0x000000000800ea20       0x60 /usr/bin/../lib/gcc/arm-none-eabi/10.3.1/../../../../arm-none-eabi/lib/thumb/v7e-m+fp/hard/libc.a(lib_a-mprec.o)
                0x000000000800ea20                __lo0bits
 .text.__i2b    0x000000000800ea80       0x5c /usr/bin/../lib/gcc/arm-none-eabi/10.3.1/../../../../arm-none-eabi/lib/thumb/v7e-m+fp/hard/libc.a(lib_a-mprec.o)
                0x000000000800ea80                __i2b
 .text.__multiply
                0x000000000800eadc      0x15c /usr/bin/../lib/gcc/arm-none-eabi/10.3.1/../../../../arm-none-eabi/lib/thumb/v7e-m+fp/hard/libc.a(lib_a-mprec.o)
                0x000000000800eadc                __multiply
 .text.__pow5mult
                0x000000000800ec38       0xc0 /usr/bin/../lib/gcc/arm-none-eabi/10.3.1/../../../../arm-none-eabi/lib/thumb/v7e-m+fp/hard/libc.a(lib_a-mprec.o)
                0x000000000800ec38                __pow5mult
 .text.__lshift
                0x000000000800ecf8       0xf0 /usr/bin/../lib/gcc/arm-none-eabi/10.3.1/../../../../arm-none-eabi/lib/thumb/v7e-m+fp/hard/libc.a(lib_a-mprec.o)
                0x000000000800ecf8                __lshift
 .text.__mcmp   0x000000000800ede8       0x44 /usr/bin/../lib/gcc/arm-none-eabi/10.3.1/../../../../arm-none-eabi/lib/thumb/v7e-m+fp/hard/libc.a(lib_a-mprec.o)
                0x000000000800ede8                __mcmp
 .text.__mdiff  0x000000000800ee2c      0x14c /usr/bin/../lib/gcc/arm-none-eabi/10.3.1/../../../../arm-none-eabi/lib/thumb/v7e-m+fp/hard/libc.a(lib_a-mprec.o)
                0x000000000800ee2c                __mdiff
 .text.__d2b    0x000000000800ef78       0xd0 /usr/bin/../lib/gcc/arm-none-eabi/10.3.1/../../../../arm-none-eabi/lib/thumb/v7e-m+fp/hard/libc.a(lib_a-mprec.o)
                0x000000000800ef78                __d2b
 .text.frexp    0x000000000800f048       0x6c /usr/bin/../lib/gcc/arm-none-eabi/10.3.1/../../../../arm-none-eabi/lib/thumb/v7e-m+fp/hard/libc.a(lib_a-s_frexp.o)
                0x000000000800f048                frexp
 .text.__sread  0x000000000800f0b4       0x24 /usr/bin/../lib/gcc/arm-none-eabi/10.3.1/../../../../arm-none-eabi/lib/thumb/v7e-m+fp/hard/libc.a(lib_a-stdio.o)
                0x000000000800f0b4                __sread
 .text.__swrite
                0x000000000800f0d8       0x40 /usr/bin/../lib/gcc/arm-none-eabi/10.3.1/../../../../arm-none-eabi/lib/thumb/v7e-m+fp/hard/libc.a(lib_a-stdio.o)
                0x000000000800f0d8                __swrite
 .text.__sseek  0x000000000800f118       0x20 /usr/bin/../lib/gcc/arm-none-eabi/10.3.1/../../../../arm-none-eabi/lib/thumb/v7e-m+fp/hard/libc.a(lib_a-stdio.o)
                0x000000000800f118                __sseek
 .text.__sclose
                0x000000000800f138        0x8 /usr/bin/../lib/gcc/arm-none-eabi/10.3.1/../../../../arm-none-eabi/lib/thumb/v7e-m+fp/hard/libc.a(lib_a-stdio.o)
                0x000000000800f138                __sclose
 .text.strncpy  0x000000000800f140       0x64 /usr/bin/../lib/gcc/arm-none-eabi/10.3.1/../../../../arm-none-eabi/lib/thumb/v7e-m+fp/hard/libc.a(lib_a-strncpy.o)
                0x000000000800f140                strncpy
 .text.__ssprint_r
                0x000000000800f1a4       0xf8 /usr/bin/../lib/gcc/arm-none-eabi/10.3.1/../../../../arm-none-eabi/lib/thumb/v7e-m+fp/hard/libc.a(lib_a-svfiprintf.o)
                0x000000000800f1a4                __ssprint_r
 .text.__assert_func
                0x000000000800f29c       0x40 /usr/bin/../lib/gcc/arm-none-eabi/10.3.1/../../../../arm-none-eabi/lib/thumb/v7e-m+fp/hard/libc.a(lib_a-assert.o)
                0x000000000800f29c                __assert_func
 .text._calloc_r
                0x000000000800f2dc       0x78 /usr/bin/../lib/gcc/arm-none-eabi/10.3.1/../../../../arm-none-eabi/lib/thumb/v7e-m+fp/hard/libc.a(lib_a-callocr.o)
                0x000000000800f2dc                _calloc_r
 .text._close_r
                0x000000000800f354       0x24 /usr/bin/../lib/gcc/arm-none-eabi/10.3.1/../../../../arm-none-eabi/lib/thumb/v7e-m+fp/hard/libc.a(lib_a-closer.o)
                0x000000000800f354                _close_r
 .text._fclose_r
                0x000000000800f378       0xcc /usr/bin/../lib/gcc/arm-none-eabi/10.3.1/../../../../arm-none-eabi/lib/thumb/v7e-m+fp/hard/libc.a(lib_a-fclose.o)
                0x000000000800f378                _fclose_r
 .text.fiprintf
                0x000000000800f444       0x28 /usr/bin/../lib/gcc/arm-none-eabi/10.3.1/../../../../arm-none-eabi/lib/thumb/v7e-m+fp/hard/libc.a(lib_a-fiprintf.o)
                0x000000000800f444                fiprintf
 .text._fstat_r
                0x000000000800f46c       0x2c /usr/bin/../lib/gcc/arm-none-eabi/10.3.1/../../../../arm-none-eabi/lib/thumb/v7e-m+fp/hard/libc.a(lib_a-fstatr.o)
                0x000000000800f46c                _fstat_r
 .text._isatty_r
                0x000000000800f498       0x24 /usr/bin/../lib/gcc/arm-none-eabi/10.3.1/../../../../arm-none-eabi/lib/thumb/v7e-m+fp/hard/libc.a(lib_a-isattyr.o)
                0x000000000800f498                _isatty_r
 .text.__locale_mb_cur_max
                0x000000000800f4bc        0xc /usr/bin/../lib/gcc/arm-none-eabi/10.3.1/../../../../arm-none-eabi/lib/thumb/v7e-m+fp/hard/libc.a(lib_a-locale.o)
                0x000000000800f4bc                __locale_mb_cur_max
 .text._lseek_r
                0x000000000800f4c8       0x2c /usr/bin/../lib/gcc/arm-none-eabi/10.3.1/../../../../arm-none-eabi/lib/thumb/v7e-m+fp/hard/libc.a(lib_a-lseekr.o)
                0x000000000800f4c8                _lseek_r
 .text.__ascii_mbtowc
                0x000000000800f4f4       0x2c /usr/bin/../lib/gcc/arm-none-eabi/10.3.1/../../../../arm-none-eabi/lib/thumb/v7e-m+fp/hard/libc.a(lib_a-mbtowc_r.o)
                0x000000000800f4f4                __ascii_mbtowc
 .text._read_r  0x000000000800f520       0x2c /usr/bin/../lib/gcc/arm-none-eabi/10.3.1/../../../../arm-none-eabi/lib/thumb/v7e-m+fp/hard/libc.a(lib_a-readr.o)
                0x000000000800f520                _read_r
 .text.__sprint_r.part.0
                0x000000000800f54c       0x78 /usr/bin/../lib/gcc/arm-none-eabi/10.3.1/../../../../arm-none-eabi/lib/thumb/v7e-m+fp/hard/libc.a(lib_a-vfiprintf.o)
 .text._vfiprintf_r
                0x000000000800f5c4      0xdfc /usr/bin/../lib/gcc/arm-none-eabi/10.3.1/../../../../arm-none-eabi/lib/thumb/v7e-m+fp/hard/libc.a(lib_a-vfiprintf.o)
                0x000000000800f5c4                _vfiprintf_r
 .text.__sbprintf
                0x00000000080103c0       0x80 /usr/bin/../lib/gcc/arm-none-eabi/10.3.1/../../../../arm-none-eabi/lib/thumb/v7e-m+fp/hard/libc.a(lib_a-vfiprintf.o)
 .text.__ascii_wctomb
                0x0000000008010440       0x1c /usr/bin/../lib/gcc/arm-none-eabi/10.3.1/../../../../arm-none-eabi/lib/thumb/v7e-m+fp/hard/libc.a(lib_a-wctomb_r.o)
                0x0000000008010440                __ascii_wctomb
 .text.__fputwc
                0x000000000801045c       0xa8 /usr/bin/../lib/gcc/arm-none-eabi/10.3.1/../../../../arm-none-eabi/lib/thumb/v7e-m+fp/hard/libc.a(lib_a-fputwc.o)
                0x000000000801045c                __fputwc
 .text._fputwc_r
                0x0000000008010504       0x68 /usr/bin/../lib/gcc/arm-none-eabi/10.3.1/../../../../arm-none-eabi/lib/thumb/v7e-m+fp/hard/libc.a(lib_a-fputwc.o)
                0x0000000008010504                _fputwc_r
 .text._wcrtomb_r
                0x000000000801056c       0x3c /usr/bin/../lib/gcc/arm-none-eabi/10.3.1/../../../../arm-none-eabi/lib/thumb/v7e-m+fp/hard/libc.a(lib_a-wcrtomb.o)
                0x000000000801056c                _wcrtomb_r
 .text.unlikely
                0x00000000080105a8        0xc /usr/bin/../lib/gcc/arm-none-eabi/10.3.1/thumb/v7e-m+fp/hard/libgcc.a(pr-support.o)
                0x00000000080105a8                _Unwind_GetDataRelBase
                0x00000000080105ae                _Unwind_GetTextRelBase
 *(.glue_7)
 .glue_7        0x00000000080105b4        0x0 linker stubs
 *(.glue_7t)
 .glue_7t       0x00000000080105b4        0x0 linker stubs
 *(.eh_frame)
 .eh_frame      0x00000000080105b4        0x0 /usr/bin/../lib/gcc/arm-none-eabi/10.3.1/thumb/v7e-m+fp/hard/crtbegin.o
 *(.init)
 .init          0x00000000080105b4        0x4 /usr/bin/../lib/gcc/arm-none-eabi/10.3.1/thumb/v7e-m+fp/hard/crti.o
                0x00000000080105b4                _init
 .init          0x00000000080105b8        0x8 /usr/bin/../lib/gcc/arm-none-eabi/10.3.1/thumb/v7e-m+fp/hard/crtn.o
 *(.fini)
 .fini          0x00000000080105c0        0x4 /usr/bin/../lib/gcc/arm-none-eabi/10.3.1/thumb/v7e-m+fp/hard/crti.o
                0x00000000080105c0                _fini
 .fini          0x00000000080105c4        0x8 /usr/bin/../lib/gcc/arm-none-eabi/10.3.1/thumb/v7e-m+fp/hard/crtn.o
                0x00000000080105cc                . = ALIGN (0x4)
                0x00000000080105cc                _etext = .

.vfp11_veneer   0x00000000080105cc        0x0
 .vfp11_veneer  0x00000000080105cc        0x0 linker stubs

.v4_bx          0x00000000080105cc        0x0
 .v4_bx         0x00000000080105cc        0x0 linker stubs

.iplt           0x00000000080105cc        0x0
 .iplt          0x00000000080105cc        0x0 /usr/bin/../lib/gcc/arm-none-eabi/10.3.1/thumb/v7e-m+fp/hard/crtbegin.o

.rodata         0x00000000080105d0     0x167c
                0x00000000080105d0                . = ALIGN (0x4)
 *(.rodata)
 .rodata        0x00000000080105d0      0x7cc /usr/bin/../lib/gcc/arm-none-eabi/10.3.1/../../../../arm-none-eabi/lib/thumb/v7e-m+fp/hard/libstdc++.a(cp-demangle.o)
 *(.rodata*)
 .rodata._ZNKSt13bad_exception4whatEv.str1.4
                0x0000000008010d9c       0x13 /usr/bin/../lib/gcc/arm-none-eabi/10.3.1/../../../../arm-none-eabi/lib/thumb/v7e-m+fp/hard/libstdc++.a(eh_exception.o)
 *fill*         0x0000000008010daf        0x1 
 .rodata._ZTIN10__cxxabiv115__forced_unwindE
                0x0000000008010db0        0x8 /usr/bin/../lib/gcc/arm-none-eabi/10.3.1/../../../../arm-none-eabi/lib/thumb/v7e-m+fp/hard/libstdc++.a(eh_exception.o)
                0x0000000008010db0                typeinfo for __cxxabiv1::__forced_unwind
 .rodata._ZTIN10__cxxabiv119__foreign_exceptionE
                0x0000000008010db8        0x8 /usr/bin/../lib/gcc/arm-none-eabi/10.3.1/../../../../arm-none-eabi/lib/thumb/v7e-m+fp/hard/libstdc++.a(eh_exception.o)
                0x0000000008010db8                typeinfo for __cxxabiv1::__foreign_exception
 .rodata._ZTISt13bad_exception
                0x0000000008010dc0        0xc /usr/bin/../lib/gcc/arm-none-eabi/10.3.1/../../../../arm-none-eabi/lib/thumb/v7e-m+fp/hard/libstdc++.a(eh_exception.o)
                0x0000000008010dc0                typeinfo for std::bad_exception
 .rodata._ZTISt9exception
                0x0000000008010dcc        0x8 /usr/bin/../lib/gcc/arm-none-eabi/10.3.1/../../../../arm-none-eabi/lib/thumb/v7e-m+fp/hard/libstdc++.a(eh_exception.o)
                0x0000000008010dcc                typeinfo for std::exception
 .rodata._ZTSN10__cxxabiv115__forced_unwindE
                0x0000000008010dd4       0x20 /usr/bin/../lib/gcc/arm-none-eabi/10.3.1/../../../../arm-none-eabi/lib/thumb/v7e-m+fp/hard/libstdc++.a(eh_exception.o)
                0x0000000008010dd4                typeinfo name for __cxxabiv1::__forced_unwind
 .rodata._ZTSN10__cxxabiv119__foreign_exceptionE
                0x0000000008010df4       0x24 /usr/bin/../lib/gcc/arm-none-eabi/10.3.1/../../../../arm-none-eabi/lib/thumb/v7e-m+fp/hard/libstdc++.a(eh_exception.o)
                0x0000000008010df4                typeinfo name for __cxxabiv1::__foreign_exception
 .rodata._ZTSSt13bad_exception
                0x0000000008010e18       0x12 /usr/bin/../lib/gcc/arm-none-eabi/10.3.1/../../../../arm-none-eabi/lib/thumb/v7e-m+fp/hard/libstdc++.a(eh_exception.o)
                0x0000000008010e18                typeinfo name for std::bad_exception
 *fill*         0x0000000008010e2a        0x2 
 .rodata._ZTSSt9exception
                0x0000000008010e2c        0xd /usr/bin/../lib/gcc/arm-none-eabi/10.3.1/../../../../arm-none-eabi/lib/thumb/v7e-m+fp/hard/libstdc++.a(eh_exception.o)
                0x0000000008010e2c                typeinfo name for std::exception
 *fill*         0x0000000008010e39        0x3 
 .rodata._ZTVSt13bad_exception
                0x0000000008010e3c       0x14 /usr/bin/../lib/gcc/arm-none-eabi/10.3.1/../../../../arm-none-eabi/lib/thumb/v7e-m+fp/hard/libstdc++.a(eh_exception.o)
                0x0000000008010e3c                vtable for std::bad_exception
 .rodata._ZTIN10__cxxabiv120__si_class_type_infoE
                0x0000000008010e50        0xc /usr/bin/../lib/gcc/arm-none-eabi/10.3.1/../../../../arm-none-eabi/lib/thumb/v7e-m+fp/hard/libstdc++.a(si_class_type_info.o)
                0x0000000008010e50                typeinfo for __cxxabiv1::__si_class_type_info
 .rodata._ZTSN10__cxxabiv120__si_class_type_infoE
                0x0000000008010e5c       0x25 /usr/bin/../lib/gcc/arm-none-eabi/10.3.1/../../../../arm-none-eabi/lib/thumb/v7e-m+fp/hard/libstdc++.a(si_class_type_info.o)
                0x0000000008010e5c                typeinfo name for __cxxabiv1::__si_class_type_info
 *fill*         0x0000000008010e81        0x3 
 .rodata._ZTVN10__cxxabiv120__si_class_type_infoE
                0x0000000008010e84       0x2c /usr/bin/../lib/gcc/arm-none-eabi/10.3.1/../../../../arm-none-eabi/lib/thumb/v7e-m+fp/hard/libstdc++.a(si_class_type_info.o)
                0x0000000008010e84                vtable for __cxxabiv1::__si_class_type_info
 .rodata._ZTISt9type_info
                0x0000000008010eb0        0x8 /usr/bin/../lib/gcc/arm-none-eabi/10.3.1/../../../../arm-none-eabi/lib/thumb/v7e-m+fp/hard/libstdc++.a(tinfo.o)
                0x0000000008010eb0                typeinfo for std::type_info
 .rodata._ZTSSt9type_info
                0x0000000008010eb8        0xd /usr/bin/../lib/gcc/arm-none-eabi/10.3.1/../../../../arm-none-eabi/lib/thumb/v7e-m+fp/hard/libstdc++.a(tinfo.o)
                0x0000000008010eb8                typeinfo name for std::type_info
 *fill*         0x0000000008010ec5        0x3 
 .rodata._ZN9__gnu_cxx27__verbose_terminate_handlerEv.str1.4
                0x0000000008010ec8       0x94 /usr/bin/../lib/gcc/arm-none-eabi/10.3.1/../../../../arm-none-eabi/lib/thumb/v7e-m+fp/hard/libstdc++.a(vterminate.o)
 .rodata._ZTIN10__cxxabiv117__class_type_infoE
                0x0000000008010f5c        0xc /usr/bin/../lib/gcc/arm-none-eabi/10.3.1/../../../../arm-none-eabi/lib/thumb/v7e-m+fp/hard/libstdc++.a(class_type_info.o)
                0x0000000008010f5c                typeinfo for __cxxabiv1::__class_type_info
 .rodata._ZTSN10__cxxabiv117__class_type_infoE
                0x0000000008010f68       0x22 /usr/bin/../lib/gcc/arm-none-eabi/10.3.1/../../../../arm-none-eabi/lib/thumb/v7e-m+fp/hard/libstdc++.a(class_type_info.o)
                0x0000000008010f68                typeinfo name for __cxxabiv1::__class_type_info
 *fill*         0x0000000008010f8a        0x2 
 .rodata._ZTVN10__cxxabiv117__class_type_infoE
                0x0000000008010f8c       0x2c /usr/bin/../lib/gcc/arm-none-eabi/10.3.1/../../../../arm-none-eabi/lib/thumb/v7e-m+fp/hard/libstdc++.a(class_type_info.o)
                0x0000000008010f8c                vtable for __cxxabiv1::__class_type_info
 .rodata.str1.4
                0x0000000008010fb8      0x899 /usr/bin/../lib/gcc/arm-none-eabi/10.3.1/../../../../arm-none-eabi/lib/thumb/v7e-m+fp/hard/libstdc++.a(cp-demangle.o)
                                        0x8e9 (size before relaxing)
 *fill*         0x0000000008011851        0x3 
 .rodata._global_impure_ptr
                0x0000000008011854        0x4 /usr/bin/../lib/gcc/arm-none-eabi/10.3.1/../../../../arm-none-eabi/lib/thumb/v7e-m+fp/hard/libc.a(lib_a-impure.o)
                0x0000000008011854                _global_impure_ptr
 .rodata._svfprintf_r.str1.4
                0x0000000008011858       0x42 /usr/bin/../lib/gcc/arm-none-eabi/10.3.1/../../../../arm-none-eabi/lib/thumb/v7e-m+fp/hard/libc.a(lib_a-svfprintf.o)
 *fill*         0x000000000801189a        0x2 
 .rodata.blanks.1
                0x000000000801189c       0x10 /usr/bin/../lib/gcc/arm-none-eabi/10.3.1/../../../../arm-none-eabi/lib/thumb/v7e-m+fp/hard/libc.a(lib_a-svfprintf.o)
 .rodata.zeroes.0
                0x00000000080118ac       0x10 /usr/bin/../lib/gcc/arm-none-eabi/10.3.1/../../../../arm-none-eabi/lib/thumb/v7e-m+fp/hard/libc.a(lib_a-svfprintf.o)
 .rodata._dtoa_r.str1.4
                0x00000000080118bc       0xa2 /usr/bin/../lib/gcc/arm-none-eabi/10.3.1/../../../../arm-none-eabi/lib/thumb/v7e-m+fp/hard/libc.a(lib_a-dtoa.o)
                                         0xa6 (size before relaxing)
 *fill*         0x000000000801195e        0x2 
 .rodata.__multadd.str1.4
                0x0000000008011960       0x7f /usr/bin/../lib/gcc/arm-none-eabi/10.3.1/../../../../arm-none-eabi/lib/thumb/v7e-m+fp/hard/libc.a(lib_a-mprec.o)
                                         0x93 (size before relaxing)
 *fill*         0x00000000080119df        0x1 
 .rodata.__mprec_bigtens
                0x00000000080119e0       0x28 /usr/bin/../lib/gcc/arm-none-eabi/10.3.1/../../../../arm-none-eabi/lib/thumb/v7e-m+fp/hard/libc.a(lib_a-mprec.o)
                0x00000000080119e0                __mprec_bigtens
 .rodata.__mprec_tens
                0x0000000008011a08       0xc8 /usr/bin/../lib/gcc/arm-none-eabi/10.3.1/../../../../arm-none-eabi/lib/thumb/v7e-m+fp/hard/libc.a(lib_a-mprec.o)
                0x0000000008011a08                __mprec_tens
 .rodata.p05.0  0x0000000008011ad0        0xc /usr/bin/../lib/gcc/arm-none-eabi/10.3.1/../../../../arm-none-eabi/lib/thumb/v7e-m+fp/hard/libc.a(lib_a-mprec.o)
 .rodata.__assert_func.str1.4
                0x0000000008011adc       0x3f /usr/bin/../lib/gcc/arm-none-eabi/10.3.1/../../../../arm-none-eabi/lib/thumb/v7e-m+fp/hard/libc.a(lib_a-assert.o)
                                         0x43 (size before relaxing)
 *fill*         0x0000000008011b1b        0x1 
 .rodata._setlocale_r.str1.4
                0x0000000008011b1c        0xa /usr/bin/../lib/gcc/arm-none-eabi/10.3.1/../../../../arm-none-eabi/lib/thumb/v7e-m+fp/hard/libc.a(lib_a-locale.o)
                                          0xd (size before relaxing)
 .rodata.str1.4
                0x0000000008011b26        0x2 /usr/bin/../lib/gcc/arm-none-eabi/10.3.1/../../../../arm-none-eabi/lib/thumb/v7e-m+fp/hard/libc.a(lib_a-locale.o)
 .rodata._vfiprintf_r.str1.4
                0x0000000008011b26       0x2f /usr/bin/../lib/gcc/arm-none-eabi/10.3.1/../../../../arm-none-eabi/lib/thumb/v7e-m+fp/hard/libc.a(lib_a-vfiprintf.o)
 *fill*         0x0000000008011b26        0x2 
 .rodata.blanks.1
                0x0000000008011b28       0x10 /usr/bin/../lib/gcc/arm-none-eabi/10.3.1/../../../../arm-none-eabi/lib/thumb/v7e-m+fp/hard/libc.a(lib_a-vfiprintf.o)
 .rodata.zeroes.0
                0x0000000008011b38       0x10 /usr/bin/../lib/gcc/arm-none-eabi/10.3.1/../../../../arm-none-eabi/lib/thumb/v7e-m+fp/hard/libc.a(lib_a-vfiprintf.o)
 .rodata._ctype_
                0x0000000008011b48      0x101 /usr/bin/../lib/gcc/arm-none-eabi/10.3.1/../../../../arm-none-eabi/lib/thumb/v7e-m+fp/hard/libc.a(lib_a-ctype_.o)
                0x0000000008011b48                _ctype_
                0x0000000008011c4c                . = ALIGN (0x4)
 *fill*         0x0000000008011c49        0x3 

.ARM.extab      0x0000000008011c4c      0x170
                0x0000000008011c4c                . = ALIGN (0x4)
 *(.ARM.extab* .gnu.linkonce.armextab.*)
 .ARM.extab     0x0000000008011c4c       0x3c CMakeFiles/mainProject.dir/home/inumaki/Development/stm32WorkSpace/mainProject/Core/Drivers/GPIO/ExtInterrupt.cpp.obj
 .ARM.extab.text._ZN5ioPin15settingsHandlerI8gpioPUPDEEbRKT_
                0x0000000008011c88        0x0 CMakeFiles/mainProject.dir/home/inumaki/Development/stm32WorkSpace/mainProject/Core/Drivers/GPIO/ioPin.cpp.obj
 .ARM.extab.text._ZN5ioPin15settingsHandlerI14gpioOutputTypeEEbRKT_
                0x0000000008011c88        0x0 CMakeFiles/mainProject.dir/home/inumaki/Development/stm32WorkSpace/mainProject/Core/Drivers/GPIO/ioPin.cpp.obj
 .ARM.extab.text._ZN5ioPin15settingsHandlerI15gpioOutputSpeedEEbRKT_
                0x0000000008011c88        0x0 CMakeFiles/mainProject.dir/home/inumaki/Development/stm32WorkSpace/mainProject/Core/Drivers/GPIO/ioPin.cpp.obj
 .ARM.extab.text._ZN5ioPin15settingsHandlerI9gpioStateEEbRKT_
                0x0000000008011c88        0x0 CMakeFiles/mainProject.dir/home/inumaki/Development/stm32WorkSpace/mainProject/Core/Drivers/GPIO/ioPin.cpp.obj
 .ARM.extab.text._ZN5ioPin15settingsHandlerI8gpioModeEEbRKT_
                0x0000000008011c88        0x0 CMakeFiles/mainProject.dir/home/inumaki/Development/stm32WorkSpace/mainProject/Core/Drivers/GPIO/ioPin.cpp.obj
 .ARM.extab     0x0000000008011c88        0xc CMakeFiles/mainProject.dir/home/inumaki/Development/stm32WorkSpace/mainProject/Core/Src/main.cpp.obj
 .ARM.extab.text._ZN5ioPinC2IJ8gpioPort8gpioMode9gpioState7gpioPinEEEDpRKT_
                0x0000000008011c94       0x18 CMakeFiles/mainProject.dir/home/inumaki/Development/stm32WorkSpace/mainProject/Core/Src/main.cpp.obj
 .ARM.extab.text._ZN12ExtInterruptC2IJ14gpioExtTrigger8gpioPort7gpioPin8gpioPUPDEEEDpRKT_
                0x0000000008011cac       0x18 CMakeFiles/mainProject.dir/home/inumaki/Development/stm32WorkSpace/mainProject/Core/Src/main.cpp.obj
 .ARM.extab.text._kill
                0x0000000008011cc4        0xc CMakeFiles/mainProject.dir/home/inumaki/Development/stm32WorkSpace/mainProject/Core/Src/syscalls.c.obj
 .ARM.extab.text._ZL21base_of_encoded_valuehP15_Unwind_Context
                0x0000000008011cd0        0xc /usr/bin/../lib/gcc/arm-none-eabi/10.3.1/../../../../arm-none-eabi/lib/thumb/v7e-m+fp/hard/libstdc++.a(eh_personality.o)
 .ARM.extab.text.__gxx_personality_v0
                0x0000000008011cdc       0x24 /usr/bin/../lib/gcc/arm-none-eabi/10.3.1/../../../../arm-none-eabi/lib/thumb/v7e-m+fp/hard/libstdc++.a(eh_personality.o)
 .ARM.extab.text._ZN10__cxxabiv111__terminateEPFvvE
                0x0000000008011d00       0x28 /usr/bin/../lib/gcc/arm-none-eabi/10.3.1/../../../../arm-none-eabi/lib/thumb/v7e-m+fp/hard/libstdc++.a(eh_terminate.o)
 .ARM.extab.text._ZN10__cxxabiv112__unexpectedEPFvvE
                0x0000000008011d28        0xc /usr/bin/../lib/gcc/arm-none-eabi/10.3.1/../../../../arm-none-eabi/lib/thumb/v7e-m+fp/hard/libstdc++.a(eh_terminate.o)
 .ARM.extab.text._ZSt10unexpectedv
                0x0000000008011d34        0xc /usr/bin/../lib/gcc/arm-none-eabi/10.3.1/../../../../arm-none-eabi/lib/thumb/v7e-m+fp/hard/libstdc++.a(eh_terminate.o)
 .ARM.extab.text._ZN9__gnu_cxx27__verbose_terminate_handlerEv
                0x0000000008011d40       0x34 /usr/bin/../lib/gcc/arm-none-eabi/10.3.1/../../../../arm-none-eabi/lib/thumb/v7e-m+fp/hard/libstdc++.a(vterminate.o)
 .ARM.extab.text.unlikely.__cxa_call_unexpected
                0x0000000008011d74       0x24 /usr/bin/../lib/gcc/arm-none-eabi/10.3.1/../../../../arm-none-eabi/lib/thumb/v7e-m+fp/hard/libstdc++.a(eh_call.o)
 .ARM.extab.text.__cxa_begin_catch
                0x0000000008011d98        0xc /usr/bin/../lib/gcc/arm-none-eabi/10.3.1/../../../../arm-none-eabi/lib/thumb/v7e-m+fp/hard/libstdc++.a(eh_catch.o)
 .ARM.extab     0x0000000008011da4       0x18 /usr/bin/../lib/gcc/arm-none-eabi/10.3.1/thumb/v7e-m+fp/hard/libgcc.a(pr-support.o)
                0x0000000008011dbc                . = ALIGN (0x4)

.ARM            0x0000000008011dbc      0x230
                0x0000000008011dbc                . = ALIGN (0x4)
                0x0000000008011dbc                __exidx_start = .
 *(.ARM.exidx*)
 .ARM.exidx     0x0000000008011dbc       0x60 CMakeFiles/mainProject.dir/home/inumaki/Development/stm32WorkSpace/mainProject/Core/Drivers/GPIO/ExtInterrupt.cpp.obj
                                        0x120 (size before relaxing)
 .ARM.exidx     0x0000000008011e1c        0x8 CMakeFiles/mainProject.dir/home/inumaki/Development/stm32WorkSpace/mainProject/Core/Drivers/GPIO/ioPin.cpp.obj
                                        0x1a0 (size before relaxing)
 .ARM.exidx.text._ZN5ioPin15settingsHandlerI8gpioPUPDEEbRKT_
                0x0000000008011ee4        0x0 CMakeFiles/mainProject.dir/home/inumaki/Development/stm32WorkSpace/mainProject/Core/Drivers/GPIO/ioPin.cpp.obj
                                          0x8 (size before relaxing)
 .ARM.exidx.text._ZN5ioPin15settingsHandlerI14gpioOutputTypeEEbRKT_
                0x0000000008011ee4        0x0 CMakeFiles/mainProject.dir/home/inumaki/Development/stm32WorkSpace/mainProject/Core/Drivers/GPIO/ioPin.cpp.obj
                                          0x8 (size before relaxing)
 .ARM.exidx.text._ZN5ioPin15settingsHandlerI15gpioOutputSpeedEEbRKT_
                0x0000000008011ee4        0x0 CMakeFiles/mainProject.dir/home/inumaki/Development/stm32WorkSpace/mainProject/Core/Drivers/GPIO/ioPin.cpp.obj
                                          0x8 (size before relaxing)
 .ARM.exidx.text._ZN5ioPin15settingsHandlerI9gpioStateEEbRKT_
                0x0000000008011ee4        0x0 CMakeFiles/mainProject.dir/home/inumaki/Development/stm32WorkSpace/mainProject/Core/Drivers/GPIO/ioPin.cpp.obj
                                          0x8 (size before relaxing)
 .ARM.exidx.text._ZN5ioPin15settingsHandlerI8gpioModeEEbRKT_
                0x0000000008011ee4        0x0 CMakeFiles/mainProject.dir/home/inumaki/Development/stm32WorkSpace/mainProject/Core/Drivers/GPIO/ioPin.cpp.obj
                                          0x8 (size before relaxing)
 .ARM.exidx     0x0000000008011e24       0x10 CMakeFiles/mainProject.dir/home/inumaki/Development/stm32WorkSpace/mainProject/Core/Src/main.cpp.obj
                                         0x28 (size before relaxing)
 .ARM.exidx.text._ZN5ioPinC2IJ8gpioPort8gpioMode9gpioState7gpioPinEEEDpRKT_
                0x0000000008011ee4        0x8 CMakeFiles/mainProject.dir/home/inumaki/Development/stm32WorkSpace/mainProject/Core/Src/main.cpp.obj
 .ARM.exidx.text._ZN12ExtInterruptC2IJ14gpioExtTrigger8gpioPort7gpioPin8gpioPUPDEEEDpRKT_
                0x0000000008011eec        0x8 CMakeFiles/mainProject.dir/home/inumaki/Development/stm32WorkSpace/mainProject/Core/Src/main.cpp.obj
 .ARM.exidx.text._getpid
                0x0000000008011ef4        0x8 CMakeFiles/mainProject.dir/home/inumaki/Development/stm32WorkSpace/mainProject/Core/Src/syscalls.c.obj
 .ARM.exidx.text._kill
                0x0000000008011efc        0x8 CMakeFiles/mainProject.dir/home/inumaki/Development/stm32WorkSpace/mainProject/Core/Src/syscalls.c.obj
 .ARM.exidx.text._exit
                0x0000000008011f04        0x8 CMakeFiles/mainProject.dir/home/inumaki/Development/stm32WorkSpace/mainProject/Core/Src/syscalls.c.obj
 .ARM.exidx.text._read
                0x0000000008011f0c        0x8 CMakeFiles/mainProject.dir/home/inumaki/Development/stm32WorkSpace/mainProject/Core/Src/syscalls.c.obj
 .ARM.exidx.text._write
                0x0000000008011f14        0x0 CMakeFiles/mainProject.dir/home/inumaki/Development/stm32WorkSpace/mainProject/Core/Src/syscalls.c.obj
                                          0x8 (size before relaxing)
 .ARM.exidx.text._close
                0x0000000008011f14        0x8 CMakeFiles/mainProject.dir/home/inumaki/Development/stm32WorkSpace/mainProject/Core/Src/syscalls.c.obj
 .ARM.exidx.text._fstat
                0x0000000008011f1c        0x0 CMakeFiles/mainProject.dir/home/inumaki/Development/stm32WorkSpace/mainProject/Core/Src/syscalls.c.obj
                                          0x8 (size before relaxing)
 .ARM.exidx.text._isatty
                0x0000000008011f1c        0x0 CMakeFiles/mainProject.dir/home/inumaki/Development/stm32WorkSpace/mainProject/Core/Src/syscalls.c.obj
                                          0x8 (size before relaxing)
 .ARM.exidx.text._lseek
                0x0000000008011f1c        0x0 CMakeFiles/mainProject.dir/home/inumaki/Development/stm32WorkSpace/mainProject/Core/Src/syscalls.c.obj
                                          0x8 (size before relaxing)
 .ARM.exidx.text._sbrk
                0x0000000008011f1c       0x10 CMakeFiles/mainProject.dir/home/inumaki/Development/stm32WorkSpace/mainProject/Core/Src/sysmem.c.obj
                                          0x8 (size before relaxing)
 .ARM.exidx.text.__aeabi_atexit
                0x0000000008011f2c        0x0 /usr/bin/../lib/gcc/arm-none-eabi/10.3.1/../../../../arm-none-eabi/lib/thumb/v7e-m+fp/hard/libstdc++.a(atexit_arm.o)
                                          0x8 (size before relaxing)
 .ARM.exidx.text.__cxa_type_match
                0x0000000008011f2c        0x8 /usr/bin/../lib/gcc/arm-none-eabi/10.3.1/../../../../arm-none-eabi/lib/thumb/v7e-m+fp/hard/libstdc++.a(eh_arm.o)
 .ARM.exidx.text.__cxa_begin_cleanup
                0x0000000008011f34        0x8 /usr/bin/../lib/gcc/arm-none-eabi/10.3.1/../../../../arm-none-eabi/lib/thumb/v7e-m+fp/hard/libstdc++.a(eh_arm.o)
 .ARM.exidx.text.__gnu_end_cleanup
                0x0000000008011f3c        0x0 /usr/bin/../lib/gcc/arm-none-eabi/10.3.1/../../../../arm-none-eabi/lib/thumb/v7e-m+fp/hard/libstdc++.a(eh_arm.o)
                                          0x8 (size before relaxing)
 .ARM.exidx.text._ZNSt13bad_exceptionD2Ev
                0x0000000008011f3c        0x0 /usr/bin/../lib/gcc/arm-none-eabi/10.3.1/../../../../arm-none-eabi/lib/thumb/v7e-m+fp/hard/libstdc++.a(eh_exception.o)
                                          0x8 (size before relaxing)
 .ARM.exidx.text._ZNKSt13bad_exception4whatEv
                0x0000000008011f3c        0x0 /usr/bin/../lib/gcc/arm-none-eabi/10.3.1/../../../../arm-none-eabi/lib/thumb/v7e-m+fp/hard/libstdc++.a(eh_exception.o)
                                          0x8 (size before relaxing)
 .ARM.exidx.text._ZNSt13bad_exceptionD0Ev
                0x0000000008011f3c        0x0 /usr/bin/../lib/gcc/arm-none-eabi/10.3.1/../../../../arm-none-eabi/lib/thumb/v7e-m+fp/hard/libstdc++.a(eh_exception.o)
                                          0x8 (size before relaxing)
 .ARM.exidx.text.__cxa_get_globals_fast
                0x0000000008011f3c        0x0 /usr/bin/../lib/gcc/arm-none-eabi/10.3.1/../../../../arm-none-eabi/lib/thumb/v7e-m+fp/hard/libstdc++.a(eh_globals.o)
                                          0x8 (size before relaxing)
 .ARM.exidx.text.__cxa_get_globals
                0x0000000008011f3c        0x0 /usr/bin/../lib/gcc/arm-none-eabi/10.3.1/../../../../arm-none-eabi/lib/thumb/v7e-m+fp/hard/libstdc++.a(eh_globals.o)
                                          0x8 (size before relaxing)
 .ARM.exidx.text._ZL28read_encoded_value_with_basehjPKhPj
                0x0000000008011f3c        0x8 /usr/bin/../lib/gcc/arm-none-eabi/10.3.1/../../../../arm-none-eabi/lib/thumb/v7e-m+fp/hard/libstdc++.a(eh_personality.o)
 .ARM.exidx.text._ZL21base_of_encoded_valuehP15_Unwind_Context
                0x0000000008011f44        0x8 /usr/bin/../lib/gcc/arm-none-eabi/10.3.1/../../../../arm-none-eabi/lib/thumb/v7e-m+fp/hard/libstdc++.a(eh_personality.o)
 .ARM.exidx.text._ZL17parse_lsda_headerP15_Unwind_ContextPKhP16lsda_header_info
                0x0000000008011f4c        0x8 /usr/bin/../lib/gcc/arm-none-eabi/10.3.1/../../../../arm-none-eabi/lib/thumb/v7e-m+fp/hard/libstdc++.a(eh_personality.o)
 .ARM.exidx.text.__gxx_personality_v0
                0x0000000008011f54        0x8 /usr/bin/../lib/gcc/arm-none-eabi/10.3.1/../../../../arm-none-eabi/lib/thumb/v7e-m+fp/hard/libstdc++.a(eh_personality.o)
 .ARM.exidx.text._ZN10__cxxabiv111__terminateEPFvvE
                0x0000000008011f5c        0x8 /usr/bin/../lib/gcc/arm-none-eabi/10.3.1/../../../../arm-none-eabi/lib/thumb/v7e-m+fp/hard/libstdc++.a(eh_terminate.o)
 .ARM.exidx.text._ZSt9terminatev
                0x0000000008011f64        0x8 /usr/bin/../lib/gcc/arm-none-eabi/10.3.1/../../../../arm-none-eabi/lib/thumb/v7e-m+fp/hard/libstdc++.a(eh_terminate.o)
 .ARM.exidx.text._ZN10__cxxabiv112__unexpectedEPFvvE
                0x0000000008011f6c        0x8 /usr/bin/../lib/gcc/arm-none-eabi/10.3.1/../../../../arm-none-eabi/lib/thumb/v7e-m+fp/hard/libstdc++.a(eh_terminate.o)
 .ARM.exidx.text._ZSt10unexpectedv
                0x0000000008011f74        0x8 /usr/bin/../lib/gcc/arm-none-eabi/10.3.1/../../../../arm-none-eabi/lib/thumb/v7e-m+fp/hard/libstdc++.a(eh_terminate.o)
 .ARM.exidx.text._ZSt13get_terminatev
                0x0000000008011f7c        0x8 /usr/bin/../lib/gcc/arm-none-eabi/10.3.1/../../../../arm-none-eabi/lib/thumb/v7e-m+fp/hard/libstdc++.a(eh_terminate.o)
 .ARM.exidx.text._ZSt14get_unexpectedv
                0x0000000008011f84        0x0 /usr/bin/../lib/gcc/arm-none-eabi/10.3.1/../../../../arm-none-eabi/lib/thumb/v7e-m+fp/hard/libstdc++.a(eh_terminate.o)
                                          0x8 (size before relaxing)
 .ARM.exidx.text._ZN10__cxxabiv120__si_class_type_infoD2Ev
                0x0000000008011f84        0x0 /usr/bin/../lib/gcc/arm-none-eabi/10.3.1/../../../../arm-none-eabi/lib/thumb/v7e-m+fp/hard/libstdc++.a(si_class_type_info.o)
                                          0x8 (size before relaxing)
 .ARM.exidx.text._ZN10__cxxabiv120__si_class_type_infoD0Ev
                0x0000000008011f84        0x0 /usr/bin/../lib/gcc/arm-none-eabi/10.3.1/../../../../arm-none-eabi/lib/thumb/v7e-m+fp/hard/libstdc++.a(si_class_type_info.o)
                                          0x8 (size before relaxing)
 .ARM.exidx.text._ZNK10__cxxabiv120__si_class_type_info20__do_find_public_srcEiPKvPKNS_17__class_type_infoES2_
                0x0000000008011f84        0x0 /usr/bin/../lib/gcc/arm-none-eabi/10.3.1/../../../../arm-none-eabi/lib/thumb/v7e-m+fp/hard/libstdc++.a(si_class_type_info.o)
                                          0x8 (size before relaxing)
 .ARM.exidx.text._ZNK10__cxxabiv120__si_class_type_info12__do_dyncastEiNS_17__class_type_info10__sub_kindEPKS1_PKvS4_S6_RNS1_16__dyncast_resultE
                0x0000000008011f84        0x0 /usr/bin/../lib/gcc/arm-none-eabi/10.3.1/../../../../arm-none-eabi/lib/thumb/v7e-m+fp/hard/libstdc++.a(si_class_type_info.o)
                                          0x8 (size before relaxing)
 .ARM.exidx.text._ZNK10__cxxabiv120__si_class_type_info11__do_upcastEPKNS_17__class_type_infoEPKvRNS1_15__upcast_resultE
                0x0000000008011f84        0x8 /usr/bin/../lib/gcc/arm-none-eabi/10.3.1/../../../../arm-none-eabi/lib/thumb/v7e-m+fp/hard/libstdc++.a(si_class_type_info.o)
 .ARM.exidx.text._ZNSt9type_infoD2Ev
                0x0000000008011f8c        0x8 /usr/bin/../lib/gcc/arm-none-eabi/10.3.1/../../../../arm-none-eabi/lib/thumb/v7e-m+fp/hard/libstdc++.a(tinfo.o)
 .ARM.exidx.text._ZNKSt9type_info14__is_pointer_pEv
                0x0000000008011f94        0x0 /usr/bin/../lib/gcc/arm-none-eabi/10.3.1/../../../../arm-none-eabi/lib/thumb/v7e-m+fp/hard/libstdc++.a(tinfo.o)
                                          0x8 (size before relaxing)
 .ARM.exidx.text._ZNKSt9type_infoeqERKS_
                0x0000000008011f94        0x0 /usr/bin/../lib/gcc/arm-none-eabi/10.3.1/../../../../arm-none-eabi/lib/thumb/v7e-m+fp/hard/libstdc++.a(tinfo.o)
                                          0x8 (size before relaxing)
 .ARM.exidx.text._ZN9__gnu_cxx27__verbose_terminate_handlerEv
                0x0000000008011f94        0x8 /usr/bin/../lib/gcc/arm-none-eabi/10.3.1/../../../../arm-none-eabi/lib/thumb/v7e-m+fp/hard/libstdc++.a(vterminate.o)
 .ARM.exidx.text._ZNK10__cxxabiv117__class_type_info11__do_upcastEPKS0_PPv
                0x0000000008011f9c        0x8 /usr/bin/../lib/gcc/arm-none-eabi/10.3.1/../../../../arm-none-eabi/lib/thumb/v7e-m+fp/hard/libstdc++.a(class_type_info.o)
 .ARM.exidx.text._ZNK10__cxxabiv117__class_type_info20__do_find_public_srcEiPKvPKS0_S2_
                0x0000000008011fa4        0x8 /usr/bin/../lib/gcc/arm-none-eabi/10.3.1/../../../../arm-none-eabi/lib/thumb/v7e-m+fp/hard/libstdc++.a(class_type_info.o)
 .ARM.exidx.text._ZN10__cxxabiv117__class_type_infoD2Ev
                0x0000000008011fac        0x0 /usr/bin/../lib/gcc/arm-none-eabi/10.3.1/../../../../arm-none-eabi/lib/thumb/v7e-m+fp/hard/libstdc++.a(class_type_info.o)
                                          0x8 (size before relaxing)
 .ARM.exidx.text._ZN10__cxxabiv117__class_type_infoD0Ev
                0x0000000008011fac        0x0 /usr/bin/../lib/gcc/arm-none-eabi/10.3.1/../../../../arm-none-eabi/lib/thumb/v7e-m+fp/hard/libstdc++.a(class_type_info.o)
                                          0x8 (size before relaxing)
 .ARM.exidx.text._ZNK10__cxxabiv117__class_type_info12__do_dyncastEiNS0_10__sub_kindEPKS0_PKvS3_S5_RNS0_16__dyncast_resultE