Archive member included to satisfy reference by file (symbol)

/usr/bin/../lib/gcc/arm-none-eabi/10.3.1/../../../../arm-none-eabi/lib/thumb/v7e-m+fp/hard/libstdc++.a(atexit_arm.o)
                              CMakeFiles/mainProject.dir/home/inumaki/Development/stm32WorkSpace/mainProject/Core/Src/main.cpp.obj (__aeabi_atexit)
/usr/bin/../lib/gcc/arm-none-eabi/10.3.1/../../../../arm-none-eabi/lib/thumb/v7e-m+fp/hard/libc.a(lib_a-cxa_atexit.o)
                              /usr/bin/../lib/gcc/arm-none-eabi/10.3.1/../../../../arm-none-eabi/lib/thumb/v7e-m+fp/hard/libstdc++.a(atexit_arm.o) (__cxa_atexit)
/usr/bin/../lib/gcc/arm-none-eabi/10.3.1/../../../../arm-none-eabi/lib/thumb/v7e-m+fp/hard/libc.a(lib_a-errno.o)
                              CMakeFiles/mainProject.dir/home/inumaki/Development/stm32WorkSpace/mainProject/Core/Src/syscalls.c.obj (__errno)
/usr/bin/../lib/gcc/arm-none-eabi/10.3.1/../../../../arm-none-eabi/lib/thumb/v7e-m+fp/hard/libc.a(lib_a-exit.o)
                              /usr/bin/../lib/gcc/arm-none-eabi/10.3.1/../../../../arm-none-eabi/lib/thumb/v7e-m+fp/hard/crt0.o (exit)
/usr/bin/../lib/gcc/arm-none-eabi/10.3.1/../../../../arm-none-eabi/lib/thumb/v7e-m+fp/hard/libc.a(lib_a-impure.o)
                              /usr/bin/../lib/gcc/arm-none-eabi/10.3.1/../../../../arm-none-eabi/lib/thumb/v7e-m+fp/hard/libc.a(lib_a-exit.o) (_global_impure_ptr)
/usr/bin/../lib/gcc/arm-none-eabi/10.3.1/../../../../arm-none-eabi/lib/thumb/v7e-m+fp/hard/libc.a(lib_a-init.o)
                              /usr/bin/../lib/gcc/arm-none-eabi/10.3.1/../../../../arm-none-eabi/lib/thumb/v7e-m+fp/hard/crt0.o (__libc_init_array)
/usr/bin/../lib/gcc/arm-none-eabi/10.3.1/../../../../arm-none-eabi/lib/thumb/v7e-m+fp/hard/libc.a(lib_a-memset.o)
                              /usr/bin/../lib/gcc/arm-none-eabi/10.3.1/../../../../arm-none-eabi/lib/thumb/v7e-m+fp/hard/crt0.o (memset)
/usr/bin/../lib/gcc/arm-none-eabi/10.3.1/../../../../arm-none-eabi/lib/thumb/v7e-m+fp/hard/libc.a(lib_a-__atexit.o)
                              /usr/bin/../lib/gcc/arm-none-eabi/10.3.1/../../../../arm-none-eabi/lib/thumb/v7e-m+fp/hard/libc.a(lib_a-cxa_atexit.o) (__register_exitproc)
/usr/bin/../lib/gcc/arm-none-eabi/10.3.1/../../../../arm-none-eabi/lib/thumb/v7e-m+fp/hard/libc.a(lib_a-__call_atexit.o)
                              /usr/bin/../lib/gcc/arm-none-eabi/10.3.1/../../../../arm-none-eabi/lib/thumb/v7e-m+fp/hard/libc.a(lib_a-exit.o) (__call_exitprocs)
/usr/bin/../lib/gcc/arm-none-eabi/10.3.1/../../../../arm-none-eabi/lib/thumb/v7e-m+fp/hard/libc.a(lib_a-atexit.o)
                              /usr/bin/../lib/gcc/arm-none-eabi/10.3.1/../../../../arm-none-eabi/lib/thumb/v7e-m+fp/hard/libc.a(lib_a-__call_atexit.o) (atexit)
/usr/bin/../lib/gcc/arm-none-eabi/10.3.1/../../../../arm-none-eabi/lib/thumb/v7e-m+fp/hard/libc.a(lib_a-fini.o)
                              /usr/bin/../lib/gcc/arm-none-eabi/10.3.1/../../../../arm-none-eabi/lib/thumb/v7e-m+fp/hard/libc.a(lib_a-__call_atexit.o) (__libc_fini_array)
/usr/bin/../lib/gcc/arm-none-eabi/10.3.1/../../../../arm-none-eabi/lib/thumb/v7e-m+fp/hard/libc.a(lib_a-lock.o)
                              /usr/bin/../lib/gcc/arm-none-eabi/10.3.1/../../../../arm-none-eabi/lib/thumb/v7e-m+fp/hard/libc.a(lib_a-__atexit.o) (__retarget_lock_acquire_recursive)
/usr/bin/../lib/gcc/arm-none-eabi/10.3.1/thumb/v7e-m+fp/hard/libgcc.a(unwind-arm.o)
                              CMakeFiles/mainProject.dir/home/inumaki/Development/stm32WorkSpace/mainProject/Core/Drivers/GPIO/ioPin.cpp.obj (__aeabi_unwind_cpp_pr0)
/usr/bin/../lib/gcc/arm-none-eabi/10.3.1/thumb/v7e-m+fp/hard/libgcc.a(libunwind.o)
                              /usr/bin/../lib/gcc/arm-none-eabi/10.3.1/thumb/v7e-m+fp/hard/libgcc.a(unwind-arm.o) (restore_core_regs)
/usr/bin/../lib/gcc/arm-none-eabi/10.3.1/thumb/v7e-m+fp/hard/libgcc.a(pr-support.o)
                              /usr/bin/../lib/gcc/arm-none-eabi/10.3.1/thumb/v7e-m+fp/hard/libgcc.a(unwind-arm.o) (__gnu_unwind_execute)
/usr/bin/../lib/gcc/arm-none-eabi/10.3.1/../../../../arm-none-eabi/lib/thumb/v7e-m+fp/hard/libg.a(lib_a-abort.o)
                              /usr/bin/../lib/gcc/arm-none-eabi/10.3.1/thumb/v7e-m+fp/hard/libgcc.a(unwind-arm.o) (abort)
/usr/bin/../lib/gcc/arm-none-eabi/10.3.1/../../../../arm-none-eabi/lib/thumb/v7e-m+fp/hard/libg.a(lib_a-memcpy.o)
                              /usr/bin/../lib/gcc/arm-none-eabi/10.3.1/thumb/v7e-m+fp/hard/libgcc.a(unwind-arm.o) (memcpy)
/usr/bin/../lib/gcc/arm-none-eabi/10.3.1/../../../../arm-none-eabi/lib/thumb/v7e-m+fp/hard/libg.a(lib_a-signal.o)
                              /usr/bin/../lib/gcc/arm-none-eabi/10.3.1/../../../../arm-none-eabi/lib/thumb/v7e-m+fp/hard/libg.a(lib_a-abort.o) (raise)
/usr/bin/../lib/gcc/arm-none-eabi/10.3.1/../../../../arm-none-eabi/lib/thumb/v7e-m+fp/hard/libg.a(lib_a-signalr.o)
[...]
Memory Configuration

Name             Origin             Length             Attributes
RAM              0x0000000020000000 0x0000000000020000 xrw
FLASH            0x0000000008000000 0x0000000000080000 xr
*default*        0x0000000000000000 0xffffffffffffffff

Linker script and memory map

LOAD /usr/bin/../lib/gcc/arm-none-eabi/10.3.1/thumb/v7e-m+fp/hard/crti.o
LOAD /usr/bin/../lib/gcc/arm-none-eabi/10.3.1/thumb/v7e-m+fp/hard/crtbegin.o
LOAD /usr/bin/../lib/gcc/arm-none-eabi/10.3.1/../../../../arm-none-eabi/lib/thumb/v7e-m+fp/hard/crt0.o
START GROUP
LOAD /usr/bin/../lib/gcc/arm-none-eabi/10.3.1/../../../../arm-none-eabi/lib/thumb/v7e-m+fp/hard/libstdc++.a
END GROUP
LOAD CMakeFiles/mainProject.dir/home/inumaki/Development/stm32WorkSpace/mainProject/Core/Drivers/GPIO/ioPin.cpp.obj
LOAD CMakeFiles/mainProject.dir/home/inumaki/Development/stm32WorkSpace/mainProject/Core/Src/Utilities/RegistersManipulation/REG_MAN.cpp.obj
LOAD CMakeFiles/mainProject.dir/home/inumaki/Development/stm32WorkSpace/mainProject/Core/Src/main.cpp.obj
LOAD CMakeFiles/mainProject.dir/home/inumaki/Development/stm32WorkSpace/mainProject/Core/Src/syscalls.c.obj
LOAD CMakeFiles/mainProject.dir/home/inumaki/Development/stm32WorkSpace/mainProject/Core/Src/sysmem.c.obj
LOAD CMakeFiles/mainProject.dir/home/inumaki/Development/stm32WorkSpace/mainProject/Core/Startup/startup_stm32f411retx.s.obj
LOAD /usr/bin/../lib/gcc/arm-none-eabi/10.3.1/../../../../arm-none-eabi/lib/thumb/v7e-m+fp/hard/libstdc++.a
LOAD /usr/bin/../lib/gcc/arm-none-eabi/10.3.1/../../../../arm-none-eabi/lib/thumb/v7e-m+fp/hard/libm.a
LOAD /usr/bin/../lib/gcc/arm-none-eabi/10.3.1/../../../../arm-none-eabi/lib/thumb/v7e-m+fp/hard/libc.a
START GROUP
LOAD /usr/bin/../lib/gcc/arm-none-eabi/10.3.1/thumb/v7e-m+fp/hard/libgcc.a
LOAD /usr/bin/../lib/gcc/arm-none-eabi/10.3.1/../../../../arm-none-eabi/lib/thumb/v7e-m+fp/hard/libg.a
LOAD /usr/bin/../lib/gcc/arm-none-eabi/10.3.1/../../../../arm-none-eabi/lib/thumb/v7e-m+fp/hard/libc.a
END GROUP
LOAD /usr/bin/../lib/gcc/arm-none-eabi/10.3.1/thumb/v7e-m+fp/hard/crtend.o
LOAD /usr/bin/../lib/gcc/arm-none-eabi/10.3.1/thumb/v7e-m+fp/hard/crtn.o
                0x0000000020020000                _estack = (ORIGIN (RAM) + LENGTH (RAM))
                0x0000000000000200                _Min_Heap_Size = 0x200
                0x0000000000000400                _Min_Stack_Size = 0x400

.isr_vector     0x0000000008000000      0x198
                0x0000000008000000                . = ALIGN (0x4)
 *(.isr_vector)
 .isr_vector    0x0000000008000000      0x198 CMakeFiles/mainProject.dir/home/inumaki/Development/stm32WorkSpace/mainProject/Core/Startup/startup_stm32f411retx.s.obj
                0x0000000008000000                g_pfnVectors
                0x0000000008000198                . = ALIGN (0x4)

.text           0x0000000008000198     0x1da0
                0x0000000008000198                . = ALIGN (0x4)
 *(.text)
 .text          0x0000000008000198       0x40 /usr/bin/../lib/gcc/arm-none-eabi/10.3.1/thumb/v7e-m+fp/hard/crtbegin.o
 .text          0x00000000080001d8      0x408 CMakeFiles/mainProject.dir/home/inumaki/Development/stm32WorkSpace/mainProject/Core/Drivers/GPIO/ioPin.cpp.obj
                0x0000000008000234                ioPin::assertPort(ioPin const&)
                0x0000000008000244                ioPin::assertPin(ioPin const&)
                0x0000000008000254                ioPin::~ioPin()
                0x0000000008000254                ioPin::~ioPin()
                0x0000000008000256                ioPin::read()
                0x000000000800026a                ioPin::reset(bool)
                0x000000000800026e                ioPin::isPinSet(gpioPort const&, gpioPin const&)
                0x00000000080002a4                ioPin::isReady(ioPin const&)
                0x00000000080002b8                ioPin::isReady()
                0x00000000080002c2                ioPin::isOverWriting()
                0x00000000080002ec                ioPin::setDefaultParams()
                0x0000000008000302                ioPin::init()
                0x0000000008000312                ioPin::ioPin()
                0x0000000008000312                ioPin::ioPin()
                0x0000000008000322                ioPin::init(gpioPort const&)
                0x000000000800039c                ioPin::init(gpioPin const&)
                0x00000000080003bc                ioPin::init(gpioMode const&)
                0x00000000080003e8                ioPin::init(gpioOutputType const&)
                0x0000000008000410                ioPin::init(gpioOutputSpeed const&)
                0x000000000800043c                ioPin::init(gpioPUPD const&)
                0x0000000008000468                ioPin::init(gpioState const&)
                0x0000000008000494                ioPin::initQueuedSettings()
                0x000000000800053e                ioPin::checkQueuedSettings(bool (*)(ioPin const&), ioPin const&)
                0x0000000008000556                ioPin::assertPort()
                0x000000000800055e                ioPin::assertPin()
                0x0000000008000566                ioPin::getParamIndex(gpioPort const&)
                0x000000000800056a                ioPin::getParamIndex(gpioPin const&)
                0x000000000800056e                ioPin::getParamIndex(gpioMode const&)
                0x0000000008000572                ioPin::getParamIndex(gpioOutputType const&)
                0x0000000008000576                ioPin::getParamIndex(gpioOutputSpeed const&)
                0x000000000800057a                ioPin::getParamIndex(gpioPUPD const&)
                0x000000000800057e                ioPin::getParamIndex(gpioState const&)
                0x0000000008000582                ioPin::setPort(gpioPort const&)
                0x000000000800059c                ioPin::setPin(gpioPin const&)
                0x00000000080005b6                ioPin::setMode(gpioMode const&)
                0x00000000080005be                ioPin::setPUPD(gpioPUPD const&)
                0x00000000080005c6                ioPin::setOutputType(gpioOutputType const&)
                0x00000000080005ce                ioPin::setOutputSpeed(gpioOutputSpeed const&)
                0x00000000080005d6                ioPin::write(gpioState const&)
 .text          0x00000000080005e0       0xa4 CMakeFiles/mainProject.dir/home/inumaki/Development/stm32WorkSpace/mainProject/Core/Src/main.cpp.obj
                0x00000000080005e0                main
 .text          0x0000000008000684      0x9d8 /usr/bin/../lib/gcc/arm-none-eabi/10.3.1/thumb/v7e-m+fp/hard/libgcc.a(unwind-arm.o)
                0x000000000800092c                _Unwind_GetCFA
                0x0000000008000930                __gnu_Unwind_RaiseException
                0x0000000008000998                __gnu_Unwind_ForcedUnwind
                0x00000000080009a8                __gnu_Unwind_Resume
                0x00000000080009ec                __gnu_Unwind_Resume_or_Rethrow
                0x00000000080009fc                _Unwind_Complete
                0x0000000008000a00                _Unwind_DeleteException
                0x0000000008000a0c                _Unwind_VRS_Get
                0x0000000008000a58                _Unwind_VRS_Set
                0x0000000008000aa0                __gnu_Unwind_Backtrace
                0x0000000008000dcc                __aeabi_unwind_cpp_pr0
                0x0000000008000dd0                __aeabi_unwind_cpp_pr1
                0x0000000008000dd4                __aeabi_unwind_cpp_pr2
                0x0000000008000dd8                _Unwind_VRS_Pop
 .text          0x000000000800105c      0x1ac /usr/bin/../lib/gcc/arm-none-eabi/10.3.1/thumb/v7e-m+fp/hard/libgcc.a(libunwind.o)
                0x000000000800105c                __restore_core_regs
                0x000000000800105c                restore_core_regs
                0x0000000008001074                __gnu_Unwind_Restore_VFP
                0x000000000800107c                __gnu_Unwind_Save_VFP
                0x0000000008001084                __gnu_Unwind_Restore_VFP_D
                0x000000000800108c                __gnu_Unwind_Save_VFP_D
                0x0000000008001094                __gnu_Unwind_Restore_VFP_D_16_to_31
                0x000000000800109c                __gnu_Unwind_Save_VFP_D_16_to_31
                0x00000000080010a4                __gnu_Unwind_Restore_WMMXD
                0x00000000080010e8                __gnu_Unwind_Save_WMMXD
                0x000000000800112c                __gnu_Unwind_Restore_WMMXC
                0x0000000008001140                __gnu_Unwind_Save_WMMXC
                0x0000000008001154                ___Unwind_RaiseException
                0x0000000008001154                _Unwind_RaiseException
                0x0000000008001178                ___Unwind_Resume
                0x0000000008001178                _Unwind_Resume
                0x000000000800119c                _Unwind_Resume_or_Rethrow
                0x000000000800119c                ___Unwind_Resume_or_Rethrow
                0x00000000080011c0                ___Unwind_ForcedUnwind
                0x00000000080011c0                _Unwind_ForcedUnwind
                0x00000000080011e4                _Unwind_Backtrace
                0x00000000080011e4                ___Unwind_Backtrace
 .text          0x0000000008001208      0x350 /usr/bin/../lib/gcc/arm-none-eabi/10.3.1/thumb/v7e-m+fp/hard/libgcc.a(pr-support.o)
                0x0000000008001260                __gnu_unwind_execute
                0x000000000800150c                __gnu_unwind_frame
                0x0000000008001538                _Unwind_GetRegionStart
                0x0000000008001544                _Unwind_GetLanguageSpecificData
 .text          0x0000000008001558      0x134 /usr/bin/../lib/gcc/arm-none-eabi/10.3.1/../../../../arm-none-eabi/lib/thumb/v7e-m+fp/hard/libg.a(lib_a-memcpy.o)
                0x0000000008001558                memcpy
 *(.text*)
 .text._ZN5ioPin7managerI8gpioPortEEbRKT_
                0x000000000800168c       0xcc CMakeFiles/mainProject.dir/home/inumaki/Development/stm32WorkSpace/mainProject/Core/Drivers/GPIO/ioPin.cpp.obj
                0x000000000800168c                bool ioPin::manager<gpioPort>(gpioPort const&)
 .text._ZN5ioPin7managerI7gpioPinEEbRKT_
                0x0000000008001758       0xcc CMakeFiles/mainProject.dir/home/inumaki/Development/stm32WorkSpace/mainProject/Core/Drivers/GPIO/ioPin.cpp.obj
                0x0000000008001758                bool ioPin::manager<gpioPin>(gpioPin const&)
 .text._ZN5ioPin7managerI8gpioModeEEbRKT_
                0x0000000008001824       0xcc CMakeFiles/mainProject.dir/home/inumaki/Development/stm32WorkSpace/mainProject/Core/Drivers/GPIO/ioPin.cpp.obj
                0x0000000008001824                bool ioPin::manager<gpioMode>(gpioMode const&)
 .text._ZN5ioPin7managerI8gpioPUPDEEbRKT_
                0x00000000080018f0       0xcc CMakeFiles/mainProject.dir/home/inumaki/Development/stm32WorkSpace/mainProject/Core/Drivers/GPIO/ioPin.cpp.obj
                0x00000000080018f0                bool ioPin::manager<gpioPUPD>(gpioPUPD const&)
 .text._ZN5ioPin7managerI14gpioOutputTypeEEbRKT_
                0x00000000080019bc       0xcc CMakeFiles/mainProject.dir/home/inumaki/Development/stm32WorkSpace/mainProject/Core/Drivers/GPIO/ioPin.cpp.obj
                0x00000000080019bc                bool ioPin::manager<gpioOutputType>(gpioOutputType const&)
 .text._ZN5ioPin7managerI15gpioOutputSpeedEEbRKT_
                0x0000000008001a88       0xcc CMakeFiles/mainProject.dir/home/inumaki/Development/stm32WorkSpace/mainProject/Core/Drivers/GPIO/ioPin.cpp.obj
                0x0000000008001a88                bool ioPin::manager<gpioOutputSpeed>(gpioOutputSpeed const&)
 .text._ZN5ioPin7managerI9gpioStateEEbRKT_
                0x0000000008001b54       0xcc CMakeFiles/mainProject.dir/home/inumaki/Development/stm32WorkSpace/mainProject/Core/Drivers/GPIO/ioPin.cpp.obj
                0x0000000008001b54                bool ioPin::manager<gpioState>(gpioState const&)
 .text._ZN12_GLOBAL__N_120gpioExceptionHandlerEv
                0x0000000008001c20       0x5c CMakeFiles/mainProject.dir/home/inumaki/Development/stm32WorkSpace/mainProject/Core/Src/main.cpp.obj
 .text._ZN5ioPinC2IJ8gpioMode9gpioState8gpioPort7gpioPinEEEDpT_
                0x0000000008001c7c       0x4c CMakeFiles/mainProject.dir/home/inumaki/Development/stm32WorkSpace/mainProject/Core/Src/main.cpp.obj
                0x0000000008001c7c                ioPin::ioPin<gpioMode, gpioState, gpioPort, gpioPin>(gpioMode, gpioState, gpioPort, gpioPin)
                0x0000000008001c7c                ioPin::ioPin<gpioMode, gpioState, gpioPort, gpioPin>(gpioMode, gpioState, gpioPort, gpioPin)
 .text._getpid  0x0000000008001cc8        0x4 CMakeFiles/mainProject.dir/home/inumaki/Development/stm32WorkSpace/mainProject/Core/Src/syscalls.c.obj
                0x0000000008001cc8                _getpid
 .text._kill    0x0000000008001ccc       0x10 CMakeFiles/mainProject.dir/home/inumaki/Development/stm32WorkSpace/mainProject/Core/Src/syscalls.c.obj
                0x0000000008001ccc                _kill
 .text._exit    0x0000000008001cdc        0xc CMakeFiles/mainProject.dir/home/inumaki/Development/stm32WorkSpace/mainProject/Core/Src/syscalls.c.obj
                0x0000000008001cdc                _exit
 .text.Reset_Handler
                0x0000000008001ce8       0x4c CMakeFiles/mainProject.dir/home/inumaki/Development/stm32WorkSpace/mainProject/Core/Startup/startup_stm32f411retx.s.obj
                0x0000000008001ce8                Reset_Handler
 .text.Default_Handler
                0x0000000008001d34        0x2 CMakeFiles/mainProject.dir/home/inumaki/Development/stm32WorkSpace/mainProject/Core/Startup/startup_stm32f411retx.s.obj
                0x0000000008001d34                RTC_Alarm_IRQHandler
                0x0000000008001d34                EXTI2_IRQHandler
                0x0000000008001d34                DebugMon_Handler
                0x0000000008001d34                SPI4_IRQHandler
                0x0000000008001d34                TIM1_CC_IRQHandler
                0x0000000008001d34                DMA2_Stream5_IRQHandler
                0x0000000008001d34                HardFault_Handler
                0x0000000008001d34                DMA1_Stream5_IRQHandler
                0x0000000008001d34                SysTick_Handler
                0x0000000008001d34                PVD_IRQHandler
                0x0000000008001d34                SDIO_IRQHandler
                0x0000000008001d34                TAMP_STAMP_IRQHandler
                0x0000000008001d34                PendSV_Handler
                0x0000000008001d34                NMI_Handler
                0x0000000008001d34                EXTI3_IRQHandler
                0x0000000008001d34                TIM1_UP_TIM10_IRQHandler
                0x0000000008001d34                I2C3_ER_IRQHandler
                0x0000000008001d34                EXTI0_IRQHandler
                0x0000000008001d34                I2C2_EV_IRQHandler
                0x0000000008001d34                DMA1_Stream2_IRQHandler
                0x0000000008001d34                FPU_IRQHandler
                0x0000000008001d34                UsageFault_Handler
                0x0000000008001d34                DMA2_Stream2_IRQHandler
                0x0000000008001d34                SPI1_IRQHandler
                0x0000000008001d34                TIM1_BRK_TIM9_IRQHandler
                0x0000000008001d34                DMA2_Stream3_IRQHandler
                0x0000000008001d34                USART6_IRQHandler
                0x0000000008001d34                DMA2_Stream0_IRQHandler
                0x0000000008001d34                TIM4_IRQHandler
                0x0000000008001d34                I2C1_EV_IRQHandler
                0x0000000008001d34                DMA1_Stream6_IRQHandler
                0x0000000008001d34                DMA1_Stream1_IRQHandler
                0x0000000008001d34                TIM3_IRQHandler
                0x0000000008001d34                RCC_IRQHandler
                0x0000000008001d34                Default_Handler
                0x0000000008001d34                EXTI15_10_IRQHandler
                0x0000000008001d34                ADC_IRQHandler
                0x0000000008001d34                DMA1_Stream7_IRQHandler
                0x0000000008001d34                SPI5_IRQHandler
                0x0000000008001d34                TIM5_IRQHandler
                0x0000000008001d34                DMA2_Stream7_IRQHandler
                0x0000000008001d34                I2C3_EV_IRQHandler
                0x0000000008001d34                EXTI9_5_IRQHandler
                0x0000000008001d34                RTC_WKUP_IRQHandler
                0x0000000008001d34                SPI2_IRQHandler
                0x0000000008001d34                MemManage_Handler
                0x0000000008001d34                DMA1_Stream0_IRQHandler
                0x0000000008001d34                SVC_Handler
                0x0000000008001d34                EXTI4_IRQHandler
                0x0000000008001d34                WWDG_IRQHandler
                0x0000000008001d34                TIM2_IRQHandler
                0x0000000008001d34                OTG_FS_WKUP_IRQHandler
                0x0000000008001d34                TIM1_TRG_COM_TIM11_IRQHandler
                0x0000000008001d34                EXTI1_IRQHandler
                0x0000000008001d34                USART2_IRQHandler
                0x0000000008001d34                I2C2_ER_IRQHandler
                0x0000000008001d34                DMA2_Stream1_IRQHandler
                0x0000000008001d34                FLASH_IRQHandler
                0x0000000008001d34                DMA2_Stream4_IRQHandler
                0x0000000008001d34                BusFault_Handler
                0x0000000008001d34                USART1_IRQHandler
                0x0000000008001d34                OTG_FS_IRQHandler
                0x0000000008001d34                SPI3_IRQHandler
                0x0000000008001d34                DMA1_Stream4_IRQHandler
                0x0000000008001d34                I2C1_ER_IRQHandler
                0x0000000008001d34                DMA2_Stream6_IRQHandler
                0x0000000008001d34                DMA1_Stream3_IRQHandler
 *fill*         0x0000000008001d36        0x2 
 .text.__aeabi_atexit
                0x0000000008001d38        0xc /usr/bin/../lib/gcc/arm-none-eabi/10.3.1/../../../../arm-none-eabi/lib/thumb/v7e-m+fp/hard/libstdc++.a(atexit_arm.o)
                0x0000000008001d38                __aeabi_atexit
 .text.__cxa_atexit
                0x0000000008001d44        0xc /usr/bin/../lib/gcc/arm-none-eabi/10.3.1/../../../../arm-none-eabi/lib/thumb/v7e-m+fp/hard/libc.a(lib_a-cxa_atexit.o)
                0x0000000008001d44                __cxa_atexit
 .text.__errno  0x0000000008001d50        0xc /usr/bin/../lib/gcc/arm-none-eabi/10.3.1/../../../../arm-none-eabi/lib/thumb/v7e-m+fp/hard/libc.a(lib_a-errno.o)
                0x0000000008001d50                __errno
 .text.__libc_init_array
                0x0000000008001d5c       0x48 /usr/bin/../lib/gcc/arm-none-eabi/10.3.1/../../../../arm-none-eabi/lib/thumb/v7e-m+fp/hard/libc.a(lib_a-init.o)
                0x0000000008001d5c                __libc_init_array
 .text.__register_exitproc
                0x0000000008001da4       0x8c /usr/bin/../lib/gcc/arm-none-eabi/10.3.1/../../../../arm-none-eabi/lib/thumb/v7e-m+fp/hard/libc.a(lib_a-__atexit.o)
                0x0000000008001da4                __register_exitproc
 .text.startup.register_fini
                0x0000000008001e30       0x14 /usr/bin/../lib/gcc/arm-none-eabi/10.3.1/../../../../arm-none-eabi/lib/thumb/v7e-m+fp/hard/libc.a(lib_a-__call_atexit.o)
 .text.atexit   0x0000000008001e44        0xc /usr/bin/../lib/gcc/arm-none-eabi/10.3.1/../../../../arm-none-eabi/lib/thumb/v7e-m+fp/hard/libc.a(lib_a-atexit.o)
                0x0000000008001e44                atexit
 .text.__libc_fini_array
                0x0000000008001e50       0x2c /usr/bin/../lib/gcc/arm-none-eabi/10.3.1/../../../../arm-none-eabi/lib/thumb/v7e-m+fp/hard/libc.a(lib_a-fini.o)
                0x0000000008001e50                __libc_fini_array
 .text.__retarget_lock_acquire_recursive
                0x0000000008001e7c        0x4 /usr/bin/../lib/gcc/arm-none-eabi/10.3.1/../../../../arm-none-eabi/lib/thumb/v7e-m+fp/hard/libc.a(lib_a-lock.o)
                0x0000000008001e7c                __retarget_lock_acquire_recursive
 .text.__retarget_lock_release_recursive
                0x0000000008001e80        0x4 /usr/bin/../lib/gcc/arm-none-eabi/10.3.1/../../../../arm-none-eabi/lib/thumb/v7e-m+fp/hard/libc.a(lib_a-lock.o)
                0x0000000008001e80                __retarget_lock_release_recursive
 .text.abort    0x0000000008001e84       0x10 /usr/bin/../lib/gcc/arm-none-eabi/10.3.1/../../../../arm-none-eabi/lib/thumb/v7e-m+fp/hard/libg.a(lib_a-abort.o)
                0x0000000008001e84                abort
 .text.raise    0x0000000008001e94       0x5c /usr/bin/../lib/gcc/arm-none-eabi/10.3.1/../../../../arm-none-eabi/lib/thumb/v7e-m+fp/hard/libg.a(lib_a-signal.o)
                0x0000000008001e94                raise
 .text._kill_r  0x0000000008001ef0       0x2c /usr/bin/../lib/gcc/arm-none-eabi/10.3.1/../../../../arm-none-eabi/lib/thumb/v7e-m+fp/hard/libg.a(lib_a-signalr.o)
                0x0000000008001ef0                _kill_r
 .text._getpid_r
                0x0000000008001f1c        0x4 /usr/bin/../lib/gcc/arm-none-eabi/10.3.1/../../../../arm-none-eabi/lib/thumb/v7e-m+fp/hard/libg.a(lib_a-signalr.o)
                0x0000000008001f1c                _getpid_r
 *(.glue_7)
 .glue_7        0x0000000008001f20        0x0 linker stubs
 *(.glue_7t)
 .glue_7t       0x0000000008001f20        0x0 linker stubs
 *(.eh_frame)
 .eh_frame      0x0000000008001f20        0x0 /usr/bin/../lib/gcc/arm-none-eabi/10.3.1/thumb/v7e-m+fp/hard/crtbegin.o
 *(.init)
 .init          0x0000000008001f20        0x4 /usr/bin/../lib/gcc/arm-none-eabi/10.3.1/thumb/v7e-m+fp/hard/crti.o
                0x0000000008001f20                _init
 .init          0x0000000008001f24        0x8 /usr/bin/../lib/gcc/arm-none-eabi/10.3.1/thumb/v7e-m+fp/hard/crtn.o
 *(.fini)
 .fini          0x0000000008001f2c        0x4 /usr/bin/../lib/gcc/arm-none-eabi/10.3.1/thumb/v7e-m+fp/hard/crti.o
                0x0000000008001f2c                _fini
 .fini          0x0000000008001f30        0x8 /usr/bin/../lib/gcc/arm-none-eabi/10.3.1/thumb/v7e-m+fp/hard/crtn.o
                0x0000000008001f38                . = ALIGN (0x4)
                0x0000000008001f38                _etext = .

.vfp11_veneer   0x0000000008001f38        0x0
 .vfp11_veneer  0x0000000008001f38        0x0 linker stubs

.v4_bx          0x0000000008001f38        0x0
 .v4_bx         0x0000000008001f38        0x0 linker stubs

.iplt           0x0000000008001f38        0x0
 .iplt          0x0000000008001f38        0x0 /usr/bin/../lib/gcc/arm-none-eabi/10.3.1/thumb/v7e-m+fp/hard/crtbegin.o

.rodata         0x0000000008001f38        0x4
                0x0000000008001f38                . = ALIGN (0x4)
 *(.rodata)
 *(.rodata*)
 .rodata._global_impure_ptr
                0x0000000008001f38        0x4 /usr/bin/../lib/gcc/arm-none-eabi/10.3.1/../../../../arm-none-eabi/lib/thumb/v7e-m+fp/hard/libc.a(lib_a-impure.o)
                0x0000000008001f38                _global_impure_ptr
                0x0000000008001f3c                . = ALIGN (0x4)

.ARM.extab      0x0000000008001f3c       0x60
                0x0000000008001f3c                . = ALIGN (0x4)
 *(.ARM.extab* .gnu.linkonce.armextab.*)
 .ARM.extab     0x0000000008001f3c       0x3c CMakeFiles/mainProject.dir/home/inumaki/Development/stm32WorkSpace/mainProject/Core/Drivers/GPIO/ioPin.cpp.obj
 .ARM.extab.text._ZN5ioPin7managerI8gpioPortEEbRKT_
                0x0000000008001f78        0x0 CMakeFiles/mainProject.dir/home/inumaki/Development/stm32WorkSpace/mainProject/Core/Drivers/GPIO/ioPin.cpp.obj
 .ARM.extab.text._ZN5ioPin7managerI7gpioPinEEbRKT_
                0x0000000008001f78        0x0 CMakeFiles/mainProject.dir/home/inumaki/Development/stm32WorkSpace/mainProject/Core/Drivers/GPIO/ioPin.cpp.obj
 .ARM.extab.text._ZN5ioPin7managerI8gpioModeEEbRKT_
                0x0000000008001f78        0x0 CMakeFiles/mainProject.dir/home/inumaki/Development/stm32WorkSpace/mainProject/Core/Drivers/GPIO/ioPin.cpp.obj
 .ARM.extab.text._ZN5ioPin7managerI8gpioPUPDEEbRKT_
                0x0000000008001f78        0x0 CMakeFiles/mainProject.dir/home/inumaki/Development/stm32WorkSpace/mainProject/Core/Drivers/GPIO/ioPin.cpp.obj
 .ARM.extab.text._ZN5ioPin7managerI14gpioOutputTypeEEbRKT_
                0x0000000008001f78        0x0 CMakeFiles/mainProject.dir/home/inumaki/Development/stm32WorkSpace/mainProject/Core/Drivers/GPIO/ioPin.cpp.obj
 .ARM.extab.text._ZN5ioPin7managerI15gpioOutputSpeedEEbRKT_
                0x0000000008001f78        0x0 CMakeFiles/mainProject.dir/home/inumaki/Development/stm32WorkSpace/mainProject/Core/Drivers/GPIO/ioPin.cpp.obj
 .ARM.extab.text._ZN5ioPin7managerI9gpioStateEEbRKT_
                0x0000000008001f78        0x0 CMakeFiles/mainProject.dir/home/inumaki/Development/stm32WorkSpace/mainProject/Core/Drivers/GPIO/ioPin.cpp.obj
 .ARM.extab.text._ZN12_GLOBAL__N_120gpioExceptionHandlerEv
                0x0000000008001f78        0x0 CMakeFiles/mainProject.dir/home/inumaki/Development/stm32WorkSpace/mainProject/Core/Src/main.cpp.obj
 .ARM.extab.text._ZN5ioPinC2IJ8gpioMode9gpioState8gpioPort7gpioPinEEEDpT_
                0x0000000008001f78        0x0 CMakeFiles/mainProject.dir/home/inumaki/Development/stm32WorkSpace/mainProject/Core/Src/main.cpp.obj
 .ARM.extab.text._kill
                0x0000000008001f78        0xc CMakeFiles/mainProject.dir/home/inumaki/Development/stm32WorkSpace/mainProject/Core/Src/syscalls.c.obj
 .ARM.extab     0x0000000008001f84       0x18 /usr/bin/../lib/gcc/arm-none-eabi/10.3.1/thumb/v7e-m+fp/hard/libgcc.a(pr-support.o)
                0x0000000008001f9c                . = ALIGN (0x4)

.ARM            0x0000000008001f9c      0x138
                0x0000000008001f9c                . = ALIGN (0x4)
                0x0000000008001f9c                __exidx_start = .
 *(.ARM.exidx*)
 .ARM.exidx     0x0000000008001f9c       0x48 CMakeFiles/mainProject.dir/home/inumaki/Development/stm32WorkSpace/mainProject/Core/Drivers/GPIO/ioPin.cpp.obj
                                        0x130 (size before relaxing)
 .ARM.exidx.text._ZN5ioPin7managerI8gpioPortEEbRKT_
                0x00000000080020a4        0x8 CMakeFiles/mainProject.dir/home/inumaki/Development/stm32WorkSpace/mainProject/Core/Drivers/GPIO/ioPin.cpp.obj
 .ARM.exidx.text._ZN5ioPin7managerI7gpioPinEEbRKT_
                0x00000000080020ac        0x0 CMakeFiles/mainProject.dir/home/inumaki/Development/stm32WorkSpace/mainProject/Core/Drivers/GPIO/ioPin.cpp.obj
                                          0x8 (size before relaxing)
 .ARM.exidx.text._ZN5ioPin7managerI8gpioModeEEbRKT_
                0x00000000080020ac        0x0 CMakeFiles/mainProject.dir/home/inumaki/Development/stm32WorkSpace/mainProject/Core/Drivers/GPIO/ioPin.cpp.obj
                                          0x8 (size before relaxing)
 .ARM.exidx.text._ZN5ioPin7managerI8gpioPUPDEEbRKT_
                0x00000000080020ac        0x0 CMakeFiles/mainProject.dir/home/inumaki/Development/stm32WorkSpace/mainProject/Core/Drivers/GPIO/ioPin.cpp.obj
                                          0x8 (size before relaxing)
 .ARM.exidx.text._ZN5ioPin7managerI14gpioOutputTypeEEbRKT_
                0x00000000080020ac        0x0 CMakeFiles/mainProject.dir/home/inumaki/Development/stm32WorkSpace/mainProject/Core/Drivers/GPIO/ioPin.cpp.obj
                                          0x8 (size before relaxing)
 .ARM.exidx.text._ZN5ioPin7managerI15gpioOutputSpeedEEbRKT_
                0x00000000080020ac        0x0 CMakeFiles/mainProject.dir/home/inumaki/Development/stm32WorkSpace/mainProject/Core/Drivers/GPIO/ioPin.cpp.obj
                                          0x8 (size before relaxing)
 .ARM.exidx.text._ZN5ioPin7managerI9gpioStateEEbRKT_
                0x00000000080020ac        0x0 CMakeFiles/mainProject.dir/home/inumaki/Development/stm32WorkSpace/mainProject/Core/Drivers/GPIO/ioPin.cpp.obj
                                          0x8 (size before relaxing)
 .ARM.exidx.text._ZN12_GLOBAL__N_120gpioExceptionHandlerEv
                0x00000000080020ac        0x8 CMakeFiles/mainProject.dir/home/inumaki/Development/stm32WorkSpace/mainProject/Core/Src/main.cpp.obj
 .ARM.exidx     0x0000000008001fe4       0x10 CMakeFiles/mainProject.dir/home/inumaki/Development/stm32WorkSpace/mainProject/Core/Src/main.cpp.obj
                                         0x18 (size before relaxing)
 .ARM.exidx.text._ZN5ioPinC2IJ8gpioMode9gpioState8gpioPort7gpioPinEEEDpT_
                0x00000000080020b4        0x8 CMakeFiles/mainProject.dir/home/inumaki/Development/stm32WorkSpace/mainProject/Core/Src/main.cpp.obj
 .ARM.exidx.text._getpid
                0x00000000080020bc        0x8 CMakeFiles/mainProject.dir/home/inumaki/Development/stm32WorkSpace/mainProject/Core/Src/syscalls.c.obj
 .ARM.exidx.text._kill
                0x00000000080020c4        0x8 CMakeFiles/mainProject.dir/home/inumaki/Development/stm32WorkSpace/mainProject/Core/Src/syscalls.c.obj
 .ARM.exidx.text._exit
                0x00000000080020cc        0x8 CMakeFiles/mainProject.dir/home/inumaki/Development/stm32WorkSpace/mainProject/Core/Src/syscalls.c.obj
 .ARM.exidx.text.__aeabi_atexit
                0x00000000080020d4        0x0 /usr/bin/../lib/gcc/arm-none-eabi/10.3.1/../../../../arm-none-eabi/lib/thumb/v7e-m+fp/hard/libstdc++.a(atexit_arm.o)
                                          0x8 (size before relaxing)
 .ARM.exidx     0x0000000008001ff4       0x78 /usr/bin/../lib/gcc/arm-none-eabi/10.3.1/thumb/v7e-m+fp/hard/libgcc.a(unwind-arm.o)
                                         0xd8 (size before relaxing)
 .ARM.exidx     0x000000000800206c       0x38 /usr/bin/../lib/gcc/arm-none-eabi/10.3.1/thumb/v7e-m+fp/hard/libgcc.a(pr-support.o)
                0x00000000080020d4                __exidx_end = .
                0x00000000080020d4                . = ALIGN (0x4)

.rel.dyn        0x00000000080020d4        0x0
 .rel.iplt      0x00000000080020d4        0x0 /usr/bin/../lib/gcc/arm-none-eabi/10.3.1/thumb/v7e-m+fp/hard/crtbegin.o

.preinit_array  0x00000000080020d4        0x0
                0x00000000080020d4                . = ALIGN (0x4)
                0x00000000080020d4                PROVIDE (__preinit_array_start = .)
 *(.preinit_array*)
                0x00000000080020d4                PROVIDE (__preinit_array_end = .)
                0x00000000080020d4                . = ALIGN (0x4)

.init_array     0x00000000080020d4        0xc
                0x00000000080020d4                . = ALIGN (0x4)
                0x00000000080020d4                PROVIDE (__init_array_start = .)
 *(SORT_BY_NAME(.init_array.*))
 .init_array.00000
                0x00000000080020d4        0x4 /usr/bin/../lib/gcc/arm-none-eabi/10.3.1/../../../../arm-none-eabi/lib/thumb/v7e-m+fp/hard/libc.a(lib_a-__call_atexit.o)
 *(.init_array*)
 .init_array    0x00000000080020d8        0x4 /usr/bin/../lib/gcc/arm-none-eabi/10.3.1/thumb/v7e-m+fp/hard/crtbegin.o
 .init_array    0x00000000080020dc        0x4 CMakeFiles/mainProject.dir/home/inumaki/Development/stm32WorkSpace/mainProject/Core/Src/main.cpp.obj
                0x00000000080020e0                PROVIDE (__init_array_end = .)
                0x00000000080020e0                . = ALIGN (0x4)

.fini_array     0x00000000080020e0        0x4
                0x00000000080020e0                . = ALIGN (0x4)
                0x00000000080020e0                PROVIDE (__fini_array_start = .)
 *(SORT_BY_NAME(.fini_array.*))
 *(.fini_array*)
 .fini_array    0x00000000080020e0        0x4 /usr/bin/../lib/gcc/arm-none-eabi/10.3.1/thumb/v7e-m+fp/hard/crtbegin.o
                0x00000000080020e4                PROVIDE (__fini_array_end = .)
                0x00000000080020e4                . = ALIGN (0x4)
                0x00000000080020e4                _sidata = LOADADDR (.data)

.data           0x0000000020000000      0x434 load address 0x00000000080020e4
                0x0000000020000000                . = ALIGN (0x4)
                0x0000000020000000                _sdata = .
 *(.data)
 .data          0x0000000020000000        0x4 /usr/bin/../lib/gcc/arm-none-eabi/10.3.1/thumb/v7e-m+fp/hard/crtbegin.o
                0x0000000020000000                __dso_handle
 *(.data*)
 .data._impure_ptr
                0x0000000020000004        0x4 /usr/bin/../lib/gcc/arm-none-eabi/10.3.1/../../../../arm-none-eabi/lib/thumb/v7e-m+fp/hard/libc.a(lib_a-impure.o)
                0x0000000020000004                _impure_ptr
 .data.impure_data
                0x0000000020000008      0x428 /usr/bin/../lib/gcc/arm-none-eabi/10.3.1/../../../../arm-none-eabi/lib/thumb/v7e-m+fp/hard/libc.a(lib_a-impure.o)
 .data.__atexit_recursive_mutex
                0x0000000020000430        0x4 /usr/bin/../lib/gcc/arm-none-eabi/10.3.1/../../../../arm-none-eabi/lib/thumb/v7e-m+fp/hard/libc.a(lib_a-__call_atexit.o)
                0x0000000020000430                __atexit_recursive_mutex
 *(.RamFunc)
 *(.RamFunc*)
                0x0000000020000434                . = ALIGN (0x4)
                0x0000000020000434                _edata = .

.igot.plt       0x0000000020000434        0x0 load address 0x0000000008002518
 .igot.plt      0x0000000020000434        0x0 /usr/bin/../lib/gcc/arm-none-eabi/10.3.1/thumb/v7e-m+fp/hard/crtbegin.o
                0x0000000020000434                . = ALIGN (0x4)

.bss            0x0000000020000434       0x84 load address 0x0000000008002518
                0x0000000020000434                _sbss = .
                0x0000000020000434                __bss_start__ = _sbss
 *(.bss)
 .bss           0x0000000020000434       0x1c /usr/bin/../lib/gcc/arm-none-eabi/10.3.1/thumb/v7e-m+fp/hard/crtbegin.o
 .bss           0x0000000020000450        0xe CMakeFiles/mainProject.dir/home/inumaki/Development/stm32WorkSpace/mainProject/Core/Drivers/GPIO/ioPin.cpp.obj
                0x0000000020000450                ioPin::initializedPins
 *fill*         0x000000002000045e        0x2 
 .bss           0x0000000020000460       0x50 CMakeFiles/mainProject.dir/home/inumaki/Development/stm32WorkSpace/mainProject/Core/Src/main.cpp.obj
                0x0000000020000460                c
                0x0000000020000488                a
 *(.bss*)
 .bss.__lock___atexit_recursive_mutex
                0x00000000200004b0        0x1 /usr/bin/../lib/gcc/arm-none-eabi/10.3.1/../../../../arm-none-eabi/lib/thumb/v7e-m+fp/hard/libc.a(lib_a-lock.o)
                0x00000000200004b0                __lock___atexit_recursive_mutex
 *fill*         0x00000000200004b1        0x3 
 .bss.errno     0x00000000200004b4        0x4 /usr/bin/../lib/gcc/arm-none-eabi/10.3.1/../../../../arm-none-eabi/lib/thumb/v7e-m+fp/hard/libg.a(lib_a-reent.o)
                0x00000000200004b4                errno
 *(COMMON)
                0x00000000200004b8                . = ALIGN (0x4)
                0x00000000200004b8                _ebss = .
                0x00000000200004b8                __bss_end__ = _ebss

._user_heap_stack
                0x00000000200004b8      0x600 load address 0x0000000008002518
                0x00000000200004b8                . = ALIGN (0x8)
                [!provide]                        PROVIDE (end = .)
                0x00000000200004b8                PROVIDE (_end = .)
                0x00000000200006b8                . = (. + _Min_Heap_Size)
 *fill*         0x00000000200004b8      0x200 
                0x0000000020000ab8                . = (. + _Min_Stack_Size)
 *fill*         0x00000000200006b8      0x400 
                0x0000000020000ab8                . = ALIGN (0x8)

/DISCARD/
 libc.a(*)
 libm.a(*)
 libgcc.a(*)

.ARM.attributes
                0x0000000000000000       0x30
 *(.ARM.attributes)
 .ARM.attributes
                0x0000000000000000       0x1e /usr/bin/../lib/gcc/arm-none-eabi/10.3.1/thumb/v7e-m+fp/hard/crti.o
 .ARM.attributes
                0x000000000000001e       0x34 /usr/bin/../lib/gcc/arm-none-eabi/10.3.1/thumb/v7e-m+fp/hard/crtbegin.o
 .ARM.attributes
                0x0000000000000052       0x34 CMakeFiles/mainProject.dir/home/inumaki/Development/stm32WorkSpace/mainProject/Core/Drivers/GPIO/ioPin.cpp.obj
 .ARM.attributes
                0x0000000000000086       0x34 CMakeFiles/mainProject.dir/home/inumaki/Development/stm32WorkSpace/mainProject/Core/Src/main.cpp.obj
 .ARM.attributes
                0x00000000000000ba       0x34 CMakeFiles/mainProject.dir/home/inumaki/Development/stm32WorkSpace/mainProject/Core/Src/syscalls.c.obj
 .ARM.attributes
                0x00000000000000ee       0x21 CMakeFiles/mainProject.dir/home/inumaki/Development/stm32WorkSpace/mainProject/Core/Startup/startup_stm32f411retx.s.obj
 .ARM.attributes
                0x000000000000010f       0x34 /usr/bin/../lib/gcc/arm-none-eabi/10.3.1/../../../../arm-none-eabi/lib/thumb/v7e-m+fp/hard/libstdc++.a(atexit_arm.o)
 .ARM.attributes
                0x0000000000000143       0x34 /usr/bin/../lib/gcc/arm-none-eabi/10.3.1/../../../../arm-none-eabi/lib/thumb/v7e-m+fp/hard/libc.a(lib_a-cxa_atexit.o)
 .ARM.attributes
                0x0000000000000177       0x34 /usr/bin/../lib/gcc/arm-none-eabi/10.3.1/../../../../arm-none-eabi/lib/thumb/v7e-m+fp/hard/libc.a(lib_a-errno.o)
 .ARM.attributes
                0x00000000000001ab       0x34 /usr/bin/../lib/gcc/arm-none-eabi/10.3.1/../../../../arm-none-eabi/lib/thumb/v7e-m+fp/hard/libc.a(lib_a-impure.o)
 .ARM.attributes
                0x00000000000001df       0x34 /usr/bin/../lib/gcc/arm-none-eabi/10.3.1/../../../../arm-none-eabi/lib/thumb/v7e-m+fp/hard/libc.a(lib_a-init.o)
 .ARM.attributes
                0x0000000000000213       0x34 /usr/bin/../lib/gcc/arm-none-eabi/10.3.1/../../../../arm-none-eabi/lib/thumb/v7e-m+fp/hard/libc.a(lib_a-__atexit.o)
 .ARM.attributes
                0x0000000000000247       0x34 /usr/bin/../lib/gcc/arm-none-eabi/10.3.1/../../../../arm-none-eabi/lib/thumb/v7e-m+fp/hard/libc.a(lib_a-__call_atexit.o)
 .ARM.attributes
                0x000000000000027b       0x34 /usr/bin/../lib/gcc/arm-none-eabi/10.3.1/../../../../arm-none-eabi/lib/thumb/v7e-m+fp/hard/libc.a(lib_a-atexit.o)
 .ARM.attributes
                0x00000000000002af       0x34 /usr/bin/../lib/gcc/arm-none-eabi/10.3.1/../../../../arm-none-eabi/lib/thumb/v7e-m+fp/hard/libc.a(lib_a-fini.o)
 .ARM.attributes
                0x00000000000002e3       0x34 /usr/bin/../lib/gcc/arm-none-eabi/10.3.1/../../../../arm-none-eabi/lib/thumb/v7e-m+fp/hard/libc.a(lib_a-lock.o)
 .ARM.attributes
                0x0000000000000317       0x34 /usr/bin/../lib/gcc/arm-none-eabi/10.3.1/thumb/v7e-m+fp/hard/libgcc.a(unwind-arm.o)
 .ARM.attributes
                0x000000000000034b       0x1e /usr/bin/../lib/gcc/arm-none-eabi/10.3.1/thumb/v7e-m+fp/hard/libgcc.a(libunwind.o)
 .ARM.attributes
                0x0000000000000369       0x34 /usr/bin/../lib/gcc/arm-none-eabi/10.3.1/thumb/v7e-m+fp/hard/libgcc.a(pr-support.o)
 .ARM.attributes
                0x000000000000039d       0x34 /usr/bin/../lib/gcc/arm-none-eabi/10.3.1/../../../../arm-none-eabi/lib/thumb/v7e-m+fp/hard/libg.a(lib_a-abort.o)
 .ARM.attributes
                0x00000000000003d1       0x1c /usr/bin/../lib/gcc/arm-none-eabi/10.3.1/../../../../arm-none-eabi/lib/thumb/v7e-m+fp/hard/libg.a(lib_a-memcpy.o)
 .ARM.attributes
                0x00000000000003ed       0x34 /usr/bin/../lib/gcc/arm-none-eabi/10.3.1/../../../../arm-none-eabi/lib/thumb/v7e-m+fp/hard/libg.a(lib_a-signal.o)
 .ARM.attributes
                0x0000000000000421       0x34 /usr/bin/../lib/gcc/arm-none-eabi/10.3.1/../../../../arm-none-eabi/lib/thumb/v7e-m+fp/hard/libg.a(lib_a-signalr.o)
 .ARM.attributes
                0x0000000000000455       0x34 /usr/bin/../lib/gcc/arm-none-eabi/10.3.1/../../../../arm-none-eabi/lib/thumb/v7e-m+fp/hard/libg.a(lib_a-reent.o)
 .ARM.attributes
                0x0000000000000489       0x1e /usr/bin/../lib/gcc/arm-none-eabi/10.3.1/thumb/v7e-m+fp/hard/crtn.o
OUTPUT(mainProject.elf elf32-littlearm)
LOAD linker stubs
LOAD /usr/bin/../lib/gcc/arm-none-eabi/10.3.1/../../../../arm-none-eabi/lib/thumb/v7e-m+fp/hard/libc.a
LOAD /usr/bin/../lib/gcc/arm-none-eabi/10.3.1/../../../../arm-none-eabi/lib/thumb/v7e-m+fp/hard/libm.a
LOAD /usr/bin/../lib/gcc/arm-none-eabi/10.3.1/thumb/v7e-m+fp/hard/libgcc.a

.debug_info     0x0000000000000000     0x42eb
 .debug_info    0x0000000000000000     0x24b8 CMakeFiles/mainProject.dir/home/inumaki/Development/stm32WorkSpace/mainProject/Core/Drivers/GPIO/ioPin.cpp.obj
 .debug_info    0x00000000000024b8     0x165e CMakeFiles/mainProject.dir/home/inumaki/Development/stm32WorkSpace/mainProject/Core/Src/main.cpp.obj
 .debug_info    0x0000000000003b16      0x7b3 CMakeFiles/mainProject.dir/home/inumaki/Development/stm32WorkSpace/mainProject/Core/Src/syscalls.c.obj
 .debug_info    0x00000000000042c9       0x22 CMakeFiles/mainProject.dir/home/inumaki/Development/stm32WorkSpace/mainProject/Core/Startup/startup_stm32f411retx.s.obj

.debug_abbrev   0x0000000000000000      0xa75
 .debug_abbrev  0x0000000000000000      0x4b1 CMakeFiles/mainProject.dir/home/inumaki/Development/stm32WorkSpace/mainProject/Core/Drivers/GPIO/ioPin.cpp.obj
 .debug_abbrev  0x00000000000004b1      0x40c CMakeFiles/mainProject.dir/home/inumaki/Development/stm32WorkSpace/mainProject/Core/Src/main.cpp.obj
 .debug_abbrev  0x00000000000008bd      0x1a6 CMakeFiles/mainProject.dir/home/inumaki/Development/stm32WorkSpace/mainProject/Core/Src/syscalls.c.obj
 .debug_abbrev  0x0000000000000a63       0x12 CMakeFiles/mainProject.dir/home/inumaki/Development/stm32WorkSpace/mainProject/Core/Startup/startup_stm32f411retx.s.obj

.debug_loc      0x0000000000000000     0x160e
 .debug_loc     0x0000000000000000      0xed0 CMakeFiles/mainProject.dir/home/inumaki/Development/stm32WorkSpace/mainProject/Core/Drivers/GPIO/ioPin.cpp.obj
 .debug_loc     0x0000000000000ed0      0x379 CMakeFiles/mainProject.dir/home/inumaki/Development/stm32WorkSpace/mainProject/Core/Src/main.cpp.obj
 .debug_loc     0x0000000000001249      0x3c5 CMakeFiles/mainProject.dir/home/inumaki/Development/stm32WorkSpace/mainProject/Core/Src/syscalls.c.obj

.debug_aranges  0x0000000000000000      0x178
 .debug_aranges
                0x0000000000000000       0x58 CMakeFiles/mainProject.dir/home/inumaki/Development/stm32WorkSpace/mainProject/Core/Drivers/GPIO/ioPin.cpp.obj
 .debug_aranges
                0x0000000000000058       0x50 CMakeFiles/mainProject.dir/home/inumaki/Development/stm32WorkSpace/mainProject/Core/Src/main.cpp.obj
 .debug_aranges
                0x00000000000000a8       0xa8 CMakeFiles/mainProject.dir/home/inumaki/Development/stm32WorkSpace/mainProject/Core/Src/syscalls.c.obj
 .debug_aranges
                0x0000000000000150       0x28 CMakeFiles/mainProject.dir/home/inumaki/Development/stm32WorkSpace/mainProject/Core/Startup/startup_stm32f411retx.s.obj

.debug_ranges   0x0000000000000000      0x188
 .debug_ranges  0x0000000000000000       0x78 CMakeFiles/mainProject.dir/home/inumaki/Development/stm32WorkSpace/mainProject/Core/Drivers/GPIO/ioPin.cpp.obj
 .debug_ranges  0x0000000000000078       0x58 CMakeFiles/mainProject.dir/home/inumaki/Development/stm32WorkSpace/mainProject/Core/Src/main.cpp.obj
 .debug_ranges  0x00000000000000d0       0x98 CMakeFiles/mainProject.dir/home/inumaki/Development/stm32WorkSpace/mainProject/Core/Src/syscalls.c.obj
 .debug_ranges  0x0000000000000168       0x20 CMakeFiles/mainProject.dir/home/inumaki/Development/stm32WorkSpace/mainProject/Core/Startup/startup_stm32f411retx.s.obj

.debug_macro    0x0000000000000000     0xfed5
 .debug_macro   0x0000000000000000       0xe7 CMakeFiles/mainProject.dir/home/inumaki/Development/stm32WorkSpace/mainProject/Core/Drivers/GPIO/ioPin.cpp.obj
 .debug_macro   0x00000000000000e7      0xc10 CMakeFiles/mainProject.dir/home/inumaki/Development/stm32WorkSpace/mainProject/Core/Drivers/GPIO/ioPin.cpp.obj
 .debug_macro   0x0000000000000cf7       0x1c CMakeFiles/mainProject.dir/home/inumaki/Development/stm32WorkSpace/mainProject/Core/Drivers/GPIO/ioPin.cpp.obj
 .debug_macro   0x0000000000000d13       0x22 CMakeFiles/mainProject.dir/home/inumaki/Development/stm32WorkSpace/mainProject/Core/Drivers/GPIO/ioPin.cpp.obj
 .debug_macro   0x0000000000000d35       0x8e CMakeFiles/mainProject.dir/home/inumaki/Development/stm32WorkSpace/mainProject/Core/Drivers/GPIO/ioPin.cpp.obj
 .debug_macro   0x0000000000000dc3       0x51 CMakeFiles/mainProject.dir/home/inumaki/Development/stm32WorkSpace/mainProject/Core/Drivers/GPIO/ioPin.cpp.obj
 .debug_macro   0x0000000000000e14      0x103 CMakeFiles/mainProject.dir/home/inumaki/Development/stm32WorkSpace/mainProject/Core/Drivers/GPIO/ioPin.cpp.obj
 .debug_macro   0x0000000000000f17       0x6a CMakeFiles/mainProject.dir/home/inumaki/Development/stm32WorkSpace/mainProject/Core/Drivers/GPIO/ioPin.cpp.obj
 .debug_macro   0x0000000000000f81      0x1df CMakeFiles/mainProject.dir/home/inumaki/Development/stm32WorkSpace/mainProject/Core/Drivers/GPIO/ioPin.cpp.obj
 .debug_macro   0x0000000000001160       0x16 CMakeFiles/mainProject.dir/home/inumaki/Development/stm32WorkSpace/mainProject/Core/Drivers/GPIO/ioPin.cpp.obj
 .debug_macro   0x0000000000001176       0x28 CMakeFiles/mainProject.dir/home/inumaki/Development/stm32WorkSpace/mainProject/Core/Drivers/GPIO/ioPin.cpp.obj
 .debug_macro   0x000000000000119e       0x1c CMakeFiles/mainProject.dir/home/inumaki/Development/stm32WorkSpace/mainProject/Core/Drivers/GPIO/ioPin.cpp.obj
 .debug_macro   0x00000000000011ba       0x22 CMakeFiles/mainProject.dir/home/inumaki/Development/stm32WorkSpace/mainProject/Core/Drivers/GPIO/ioPin.cpp.obj
 .debug_macro   0x00000000000011dc       0xd9 CMakeFiles/mainProject.dir/home/inumaki/Development/stm32WorkSpace/mainProject/Core/Drivers/GPIO/ioPin.cpp.obj
 .debug_macro   0x00000000000012b5     0x102d CMakeFiles/mainProject.dir/home/inumaki/Development/stm32WorkSpace/mainProject/Core/Drivers/GPIO/ioPin.cpp.obj
 .debug_macro   0x00000000000022e2      0x11f CMakeFiles/mainProject.dir/home/inumaki/Development/stm32WorkSpace/mainProject/Core/Drivers/GPIO/ioPin.cpp.obj
 .debug_macro   0x0000000000002401     0xb953 CMakeFiles/mainProject.dir/home/inumaki/Development/stm32WorkSpace/mainProject/Core/Drivers/GPIO/ioPin.cpp.obj
 .debug_macro   0x000000000000dd54       0xe7 CMakeFiles/mainProject.dir/home/inumaki/Development/stm32WorkSpace/mainProject/Core/Src/main.cpp.obj
 .debug_macro   0x000000000000de3b       0x1c CMakeFiles/mainProject.dir/home/inumaki/Development/stm32WorkSpace/mainProject/Core/Src/main.cpp.obj
 .debug_macro   0x000000000000de57      0x24c CMakeFiles/mainProject.dir/home/inumaki/Development/stm32WorkSpace/mainProject/Core/Src/syscalls.c.obj
 .debug_macro   0x000000000000e0a3      0xa6c CMakeFiles/mainProject.dir/home/inumaki/Development/stm32WorkSpace/mainProject/Core/Src/syscalls.c.obj
 .debug_macro   0x000000000000eb0f       0x4c CMakeFiles/mainProject.dir/home/inumaki/Development/stm32WorkSpace/mainProject/Core/Src/syscalls.c.obj
 .debug_macro   0x000000000000eb5b       0x1e CMakeFiles/mainProject.dir/home/inumaki/Development/stm32WorkSpace/mainProject/Core/Src/syscalls.c.obj
 .debug_macro   0x000000000000eb79       0x94 CMakeFiles/mainProject.dir/home/inumaki/Development/stm32WorkSpace/mainProject/Core/Src/syscalls.c.obj
 .debug_macro   0x000000000000ec0d       0x3c CMakeFiles/mainProject.dir/home/inumaki/Development/stm32WorkSpace/mainProject/Core/Src/syscalls.c.obj
 .debug_macro   0x000000000000ec49       0x34 CMakeFiles/mainProject.dir/home/inumaki/Development/stm32WorkSpace/mainProject/Core/Src/syscalls.c.obj
 .debug_macro   0x000000000000ec7d       0x57 CMakeFiles/mainProject.dir/home/inumaki/Development/stm32WorkSpace/mainProject/Core/Src/syscalls.c.obj
 .debug_macro   0x000000000000ecd4      0x174 CMakeFiles/mainProject.dir/home/inumaki/Development/stm32WorkSpace/mainProject/Core/Src/syscalls.c.obj
 .debug_macro   0x000000000000ee48      0x341 CMakeFiles/mainProject.dir/home/inumaki/Development/stm32WorkSpace/mainProject/Core/Src/syscalls.c.obj
 .debug_macro   0x000000000000f189       0x16 CMakeFiles/mainProject.dir/home/inumaki/Development/stm32WorkSpace/mainProject/Core/Src/syscalls.c.obj
 .debug_macro   0x000000000000f19f       0x43 CMakeFiles/mainProject.dir/home/inumaki/Development/stm32WorkSpace/mainProject/Core/Src/syscalls.c.obj
 .debug_macro   0x000000000000f1e2       0x34 CMakeFiles/mainProject.dir/home/inumaki/Development/stm32WorkSpace/mainProject/Core/Src/syscalls.c.obj
 .debug_macro   0x000000000000f216       0x10 CMakeFiles/mainProject.dir/home/inumaki/Development/stm32WorkSpace/mainProject/Core/Src/syscalls.c.obj
 .debug_macro   0x000000000000f226       0x58 CMakeFiles/mainProject.dir/home/inumaki/Development/stm32WorkSpace/mainProject/Core/Src/syscalls.c.obj
 .debug_macro   0x000000000000f27e       0x71 CMakeFiles/mainProject.dir/home/inumaki/Development/stm32WorkSpace/mainProject/Core/Src/syscalls.c.obj
 .debug_macro   0x000000000000f2ef       0x1c CMakeFiles/mainProject.dir/home/inumaki/Development/stm32WorkSpace/mainProject/Core/Src/syscalls.c.obj
 .debug_macro   0x000000000000f30b      0x12a CMakeFiles/mainProject.dir/home/inumaki/Development/stm32WorkSpace/mainProject/Core/Src/syscalls.c.obj
 .debug_macro   0x000000000000f435       0x10 CMakeFiles/mainProject.dir/home/inumaki/Development/stm32WorkSpace/mainProject/Core/Src/syscalls.c.obj
 .debug_macro   0x000000000000f445       0x35 CMakeFiles/mainProject.dir/home/inumaki/Development/stm32WorkSpace/mainProject/Core/Src/syscalls.c.obj
 .debug_macro   0x000000000000f47a       0x10 CMakeFiles/mainProject.dir/home/inumaki/Development/stm32WorkSpace/mainProject/Core/Src/syscalls.c.obj
 .debug_macro   0x000000000000f48a       0x10 CMakeFiles/mainProject.dir/home/inumaki/Development/stm32WorkSpace/mainProject/Core/Src/syscalls.c.obj
 .debug_macro   0x000000000000f49a       0x10 CMakeFiles/mainProject.dir/home/inumaki/Development/stm32WorkSpace/mainProject/Core/Src/syscalls.c.obj
 .debug_macro   0x000000000000f4aa       0x1c CMakeFiles/mainProject.dir/home/inumaki/Development/stm32WorkSpace/mainProject/Core/Src/syscalls.c.obj
 .debug_macro   0x000000000000f4c6       0x52 CMakeFiles/mainProject.dir/home/inumaki/Development/stm32WorkSpace/mainProject/Core/Src/syscalls.c.obj
 .debug_macro   0x000000000000f518       0x22 CMakeFiles/mainProject.dir/home/inumaki/Development/stm32WorkSpace/mainProject/Core/Src/syscalls.c.obj
 .debug_macro   0x000000000000f53a       0x10 CMakeFiles/mainProject.dir/home/inumaki/Development/stm32WorkSpace/mainProject/Core/Src/syscalls.c.obj
 .debug_macro   0x000000000000f54a       0x52 CMakeFiles/mainProject.dir/home/inumaki/Development/stm32WorkSpace/mainProject/Core/Src/syscalls.c.obj
 .debug_macro   0x000000000000f59c       0xd5 CMakeFiles/mainProject.dir/home/inumaki/Development/stm32WorkSpace/mainProject/Core/Src/syscalls.c.obj
 .debug_macro   0x000000000000f671       0x1c CMakeFiles/mainProject.dir/home/inumaki/Development/stm32WorkSpace/mainProject/Core/Src/syscalls.c.obj
 .debug_macro   0x000000000000f68d       0x3d CMakeFiles/mainProject.dir/home/inumaki/Development/stm32WorkSpace/mainProject/Core/Src/syscalls.c.obj
 .debug_macro   0x000000000000f6ca       0x35 CMakeFiles/mainProject.dir/home/inumaki/Development/stm32WorkSpace/mainProject/Core/Src/syscalls.c.obj
 .debug_macro   0x000000000000f6ff      0x12c CMakeFiles/mainProject.dir/home/inumaki/Development/stm32WorkSpace/mainProject/Core/Src/syscalls.c.obj
 .debug_macro   0x000000000000f82b       0x16 CMakeFiles/mainProject.dir/home/inumaki/Development/stm32WorkSpace/mainProject/Core/Src/syscalls.c.obj
 .debug_macro   0x000000000000f841       0x16 CMakeFiles/mainProject.dir/home/inumaki/Development/stm32WorkSpace/mainProject/Core/Src/syscalls.c.obj
 .debug_macro   0x000000000000f857       0x29 CMakeFiles/mainProject.dir/home/inumaki/Development/stm32WorkSpace/mainProject/Core/Src/syscalls.c.obj
 .debug_macro   0x000000000000f880       0x10 CMakeFiles/mainProject.dir/home/inumaki/Development/stm32WorkSpace/mainProject/Core/Src/syscalls.c.obj
 .debug_macro   0x000000000000f890      0x241 CMakeFiles/mainProject.dir/home/inumaki/Development/stm32WorkSpace/mainProject/Core/Src/syscalls.c.obj
 .debug_macro   0x000000000000fad1       0x1c CMakeFiles/mainProject.dir/home/inumaki/Development/stm32WorkSpace/mainProject/Core/Src/syscalls.c.obj
 .debug_macro   0x000000000000faed       0x10 CMakeFiles/mainProject.dir/home/inumaki/Development/stm32WorkSpace/mainProject/Core/Src/syscalls.c.obj
 .debug_macro   0x000000000000fafd       0x10 CMakeFiles/mainProject.dir/home/inumaki/Development/stm32WorkSpace/mainProject/Core/Src/syscalls.c.obj
 .debug_macro   0x000000000000fb0d       0x16 CMakeFiles/mainProject.dir/home/inumaki/Development/stm32WorkSpace/mainProject/Core/Src/syscalls.c.obj
 .debug_macro   0x000000000000fb23      0x145 CMakeFiles/mainProject.dir/home/inumaki/Development/stm32WorkSpace/mainProject/Core/Src/syscalls.c.obj
 .debug_macro   0x000000000000fc68      0x189 CMakeFiles/mainProject.dir/home/inumaki/Development/stm32WorkSpace/mainProject/Core/Src/syscalls.c.obj
 .debug_macro   0x000000000000fdf1       0x16 CMakeFiles/mainProject.dir/home/inumaki/Development/stm32WorkSpace/mainProject/Core/Src/syscalls.c.obj
 .debug_macro   0x000000000000fe07       0xce CMakeFiles/mainProject.dir/home/inumaki/Development/stm32WorkSpace/mainProject/Core/Src/syscalls.c.obj

.debug_line     0x0000000000000000     0x1a58
 .debug_line    0x0000000000000000      0xd32 CMakeFiles/mainProject.dir/home/inumaki/Development/stm32WorkSpace/mainProject/Core/Drivers/GPIO/ioPin.cpp.obj
 .debug_line    0x0000000000000d32      0x690 CMakeFiles/mainProject.dir/home/inumaki/Development/stm32WorkSpace/mainProject/Core/Src/main.cpp.obj
 .debug_line    0x00000000000013c2      0x5dd CMakeFiles/mainProject.dir/home/inumaki/Development/stm32WorkSpace/mainProject/Core/Src/syscalls.c.obj
 .debug_line    0x000000000000199f       0xb9 CMakeFiles/mainProject.dir/home/inumaki/Development/stm32WorkSpace/mainProject/Core/Startup/startup_stm32f411retx.s.obj

.debug_str      0x0000000000000000    0x56010
 .debug_str     0x0000000000000000    0x504ca CMakeFiles/mainProject.dir/home/inumaki/Development/stm32WorkSpace/mainProject/Core/Drivers/GPIO/ioPin.cpp.obj
                                      0x506e3 (size before relaxing)
 .debug_str     0x00000000000504ca      0x16f CMakeFiles/mainProject.dir/home/inumaki/Development/stm32WorkSpace/mainProject/Core/Src/main.cpp.obj
                                      0x50673 (size before relaxing)
 .debug_str     0x0000000000050639     0x596f CMakeFiles/mainProject.dir/home/inumaki/Development/stm32WorkSpace/mainProject/Core/Src/syscalls.c.obj
                                       0x8a99 (size before relaxing)
 .debug_str     0x0000000000055fa8       0x68 CMakeFiles/mainProject.dir/home/inumaki/Development/stm32WorkSpace/mainProject/Core/Startup/startup_stm32f411retx.s.obj
                                         0xa8 (size before relaxing)

.comment        0x0000000000000000       0x49
 .comment       0x0000000000000000       0x49 CMakeFiles/mainProject.dir/home/inumaki/Development/stm32WorkSpace/mainProject/Core/Drivers/GPIO/ioPin.cpp.obj
                                         0x4a (size before relaxing)
 .comment       0x0000000000000049       0x4a CMakeFiles/mainProject.dir/home/inumaki/Development/stm32WorkSpace/mainProject/Core/Src/main.cpp.obj
 .comment       0x0000000000000049       0x4a CMakeFiles/mainProject.dir/home/inumaki/Development/stm32WorkSpace/mainProject/Core/Src/syscalls.c.obj

.debug_frame    0x0000000000000000      0xf10
 .debug_frame   0x0000000000000000      0x468 CMakeFiles/mainProject.dir/home/inumaki/Development/stm32WorkSpace/mainProject/Core/Drivers/GPIO/ioPin.cpp.obj
 .debug_frame   0x0000000000000468      0x138 CMakeFiles/mainProject.dir/home/inumaki/Development/stm32WorkSpace/mainProject/Core/Src/main.cpp.obj
 .debug_frame   0x00000000000005a0      0x190 CMakeFiles/mainProject.dir/home/inumaki/Development/stm32WorkSpace/mainProject/Core/Src/syscalls.c.obj
 .debug_frame   0x0000000000000730       0x20 /usr/bin/../lib/gcc/arm-none-eabi/10.3.1/../../../../arm-none-eabi/lib/thumb/v7e-m+fp/hard/libstdc++.a(atexit_arm.o)
 .debug_frame   0x0000000000000750       0x20 /usr/bin/../lib/gcc/arm-none-eabi/10.3.1/../../../../arm-none-eabi/lib/thumb/v7e-m+fp/hard/libc.a(lib_a-cxa_atexit.o)
 .debug_frame   0x0000000000000770       0x20 /usr/bin/../lib/gcc/arm-none-eabi/10.3.1/../../../../arm-none-eabi/lib/thumb/v7e-m+fp/hard/libc.a(lib_a-errno.o)
 .debug_frame   0x0000000000000790       0x2c /usr/bin/../lib/gcc/arm-none-eabi/10.3.1/../../../../arm-none-eabi/lib/thumb/v7e-m+fp/hard/libc.a(lib_a-init.o)
 .debug_frame   0x00000000000007bc       0x34 /usr/bin/../lib/gcc/arm-none-eabi/10.3.1/../../../../arm-none-eabi/lib/thumb/v7e-m+fp/hard/libc.a(lib_a-__atexit.o)
 .debug_frame   0x00000000000007f0       0x68 /usr/bin/../lib/gcc/arm-none-eabi/10.3.1/../../../../arm-none-eabi/lib/thumb/v7e-m+fp/hard/libc.a(lib_a-__call_atexit.o)
 .debug_frame   0x0000000000000858       0x20 /usr/bin/../lib/gcc/arm-none-eabi/10.3.1/../../../../arm-none-eabi/lib/thumb/v7e-m+fp/hard/libc.a(lib_a-atexit.o)
 .debug_frame   0x0000000000000878       0x34 /usr/bin/../lib/gcc/arm-none-eabi/10.3.1/../../../../arm-none-eabi/lib/thumb/v7e-m+fp/hard/libc.a(lib_a-fini.o)
 .debug_frame   0x00000000000008ac       0xb0 /usr/bin/../lib/gcc/arm-none-eabi/10.3.1/../../../../arm-none-eabi/lib/thumb/v7e-m+fp/hard/libc.a(lib_a-lock.o)
 .debug_frame   0x000000000000095c      0x2d4 /usr/bin/../lib/gcc/arm-none-eabi/10.3.1/thumb/v7e-m+fp/hard/libgcc.a(unwind-arm.o)
 .debug_frame   0x0000000000000c30      0x104 /usr/bin/../lib/gcc/arm-none-eabi/10.3.1/thumb/v7e-m+fp/hard/libgcc.a(pr-support.o)
 .debug_frame   0x0000000000000d34       0x28 /usr/bin/../lib/gcc/arm-none-eabi/10.3.1/../../../../arm-none-eabi/lib/thumb/v7e-m+fp/hard/libg.a(lib_a-abort.o)
 .debug_frame   0x0000000000000d5c      0x114 /usr/bin/../lib/gcc/arm-none-eabi/10.3.1/../../../../arm-none-eabi/lib/thumb/v7e-m+fp/hard/libg.a(lib_a-signal.o)
 .debug_frame   0x0000000000000e70       0x3c /usr/bin/../lib/gcc/arm-none-eabi/10.3.1/../../../../arm-none-eabi/lib/thumb/v7e-m+fp/hard/libg.a(lib_a-signalr.o)
 .debug_frame   0x0000000000000eac       0x64 /usr/bin/../lib/gcc/arm-none-eabi/10.3.1/../../../../arm-none-eabi/lib/thumb/v7e-m+fp/hard/libg.a(lib_a-reent.o)
