Archive member included to satisfy reference by file (symbol)

/usr/bin/../lib/gcc/arm-none-eabi/10.3.1/../../../../arm-none-eabi/lib/thumb/v7e-m+fp/hard/libc.a(lib_a-errno.o)
                              CMakeFiles/mainProject.dir/home/inumaki/Development/stm32WorkSpace/mainProject/Core/Src/syscalls.c.obj (__errno)
/usr/bin/../lib/gcc/arm-none-eabi/10.3.1/../../../../arm-none-eabi/lib/thumb/v7e-m+fp/hard/libc.a(lib_a-exit.o)
                              /usr/bin/../lib/gcc/arm-none-eabi/10.3.1/../../../../arm-none-eabi/lib/thumb/v7e-m+fp/hard/crt0.o (exit)
/usr/bin/../lib/gcc/arm-none-eabi/10.3.1/../../../../arm-none-eabi/lib/thumb/v7e-m+fp/hard/libc.a(lib_a-impure.o)
                              /usr/bin/../lib/gcc/arm-none-eabi/10.3.1/../../../../arm-none-eabi/lib/thumb/v7e-m+fp/hard/libc.a(lib_a-exit.o) (_global_impure_ptr)
/usr/bin/../lib/gcc/arm-none-eabi/10.3.1/../../../../arm-none-eabi/lib/thumb/v7e-m+fp/hard/libc.a(lib_a-init.o)
                              /usr/bin/../lib/gcc/arm-none-eabi/10.3.1/../../../../arm-none-eabi/lib/thumb/v7e-m+fp/hard/crt0.o (__libc_init_array)
/usr/bin/../lib/gcc/arm-none-eabi/10.3.1/../../../../arm-none-eabi/lib/thumb/v7e-m+fp/hard/libc.a(lib_a-memset.o)
                              /usr/bin/../lib/gcc/arm-none-eabi/10.3.1/../../../../arm-none-eabi/lib/thumb/v7e-m+fp/hard/crt0.o (memset)
/usr/bin/../lib/gcc/arm-none-eabi/10.3.1/../../../../arm-none-eabi/lib/thumb/v7e-m+fp/hard/libc.a(lib_a-__call_atexit.o)
                              /usr/bin/../lib/gcc/arm-none-eabi/10.3.1/../../../../arm-none-eabi/lib/thumb/v7e-m+fp/hard/libc.a(lib_a-exit.o) (__call_exitprocs)
/usr/bin/../lib/gcc/arm-none-eabi/10.3.1/../../../../arm-none-eabi/lib/thumb/v7e-m+fp/hard/libc.a(lib_a-atexit.o)
                              /usr/bin/../lib/gcc/arm-none-eabi/10.3.1/../../../../arm-none-eabi/lib/thumb/v7e-m+fp/hard/libc.a(lib_a-__call_atexit.o) (atexit)
/usr/bin/../lib/gcc/arm-none-eabi/10.3.1/../../../../arm-none-eabi/lib/thumb/v7e-m+fp/hard/libc.a(lib_a-fini.o)
                              /usr/bin/../lib/gcc/arm-none-eabi/10.3.1/../../../../arm-none-eabi/lib/thumb/v7e-m+fp/hard/libc.a(lib_a-__call_atexit.o) (__libc_fini_array)
/usr/bin/../lib/gcc/arm-none-eabi/10.3.1/../../../../arm-none-eabi/lib/thumb/v7e-m+fp/hard/libc.a(lib_a-lock.o)
                              /usr/bin/../lib/gcc/arm-none-eabi/10.3.1/../../../../arm-none-eabi/lib/thumb/v7e-m+fp/hard/libc.a(lib_a-__call_atexit.o) (__retarget_lock_acquire_recursive)
/usr/bin/../lib/gcc/arm-none-eabi/10.3.1/../../../../arm-none-eabi/lib/thumb/v7e-m+fp/hard/libc.a(lib_a-__atexit.o)
                              /usr/bin/../lib/gcc/arm-none-eabi/10.3.1/../../../../arm-none-eabi/lib/thumb/v7e-m+fp/hard/libc.a(lib_a-atexit.o) (__register_exitproc)
/usr/bin/../lib/gcc/arm-none-eabi/10.3.1/thumb/v7e-m+fp/hard/libgcc.a(unwind-arm.o)
                              CMakeFiles/mainProject.dir/home/inumaki/Development/stm32WorkSpace/mainProject/Core/Src/syscalls.c.obj (__aeabi_unwind_cpp_pr0)
/usr/bin/../lib/gcc/arm-none-eabi/10.3.1/thumb/v7e-m+fp/hard/libgcc.a(libunwind.o)
                              /usr/bin/../lib/gcc/arm-none-eabi/10.3.1/thumb/v7e-m+fp/hard/libgcc.a(unwind-arm.o) (restore_core_regs)
/usr/bin/../lib/gcc/arm-none-eabi/10.3.1/thumb/v7e-m+fp/hard/libgcc.a(pr-support.o)
                              /usr/bin/../lib/gcc/arm-none-eabi/10.3.1/thumb/v7e-m+fp/hard/libgcc.a(unwind-arm.o) (__gnu_unwind_execute)
/usr/bin/../lib/gcc/arm-none-eabi/10.3.1/../../../../arm-none-eabi/lib/thumb/v7e-m+fp/hard/libg.a(lib_a-abort.o)
                              /usr/bin/../lib/gcc/arm-none-eabi/10.3.1/thumb/v7e-m+fp/hard/libgcc.a(unwind-arm.o) (abort)
/usr/bin/../lib/gcc/arm-none-eabi/10.3.1/../../../../arm-none-eabi/lib/thumb/v7e-m+fp/hard/libg.a(lib_a-memcpy.o)
                              /usr/bin/../lib/gcc/arm-none-eabi/10.3.1/thumb/v7e-m+fp/hard/libgcc.a(unwind-arm.o) (memcpy)
/usr/bin/../lib/gcc/arm-none-eabi/10.3.1/../../../../arm-none-eabi/lib/thumb/v7e-m+fp/hard/libg.a(lib_a-signal.o)
                              /usr/bin/../lib/gcc/arm-none-eabi/10.3.1/../../../../arm-none-eabi/lib/thumb/v7e-m+fp/hard/libg.a(lib_a-abort.o) (raise)
/usr/bin/../lib/gcc/arm-none-eabi/10.3.1/../../../../arm-none-eabi/lib/thumb/v7e-m+fp/hard/libg.a(lib_a-signalr.o)
                              /usr/bin/../lib/gcc/arm-none-eabi/10.3.1/../../../../arm-none-eabi/lib/thumb/v7e-m+fp/hard/libg.a(lib_a-signal.o) (_kill_r)
/usr/bin/../lib/gcc/arm-none-eabi/10.3.1/../../../../arm-none-eabi/lib/thumb/v7e-m+fp/hard/libg.a(lib_a-mallocr.o)
                              /usr/bin/../lib/gcc/arm-none-eabi/10.3.1/../../../../arm-none-eabi/lib/thumb/v7e-m+fp/hard/libg.a(lib_a-signal.o) (_malloc_r)
/usr/bin/../lib/gcc/arm-none-eabi/10.3.1/../../../../arm-none-eabi/lib/thumb/v7e-m+fp/hard/libg.a(lib_a-mlock.o)
[...]
Memory Configuration

Name             Origin             Length             Attributes
RAM              0x0000000020000000 0x0000000000020000 xrw
FLASH            0x0000000008000000 0x0000000000080000 xr
*default*        0x0000000000000000 0xffffffffffffffff

Linker script and memory map

LOAD /usr/bin/../lib/gcc/arm-none-eabi/10.3.1/thumb/v7e-m+fp/hard/crti.o
LOAD /usr/bin/../lib/gcc/arm-none-eabi/10.3.1/thumb/v7e-m+fp/hard/crtbegin.o
LOAD /usr/bin/../lib/gcc/arm-none-eabi/10.3.1/../../../../arm-none-eabi/lib/thumb/v7e-m+fp/hard/crt0.o
START GROUP
LOAD /usr/bin/../lib/gcc/arm-none-eabi/10.3.1/../../../../arm-none-eabi/lib/thumb/v7e-m+fp/hard/libstdc++.a
END GROUP
LOAD CMakeFiles/mainProject.dir/home/inumaki/Development/stm32WorkSpace/mainProject/Core/Drivers/GPIO/ioPin.cpp.obj
LOAD CMakeFiles/mainProject.dir/home/inumaki/Development/stm32WorkSpace/mainProject/Core/Drivers/USART/abc.cpp.obj
LOAD CMakeFiles/mainProject.dir/home/inumaki/Development/stm32WorkSpace/mainProject/Core/Src/Utilities/RegistersManipulation/REG_MAN.cpp.obj
LOAD CMakeFiles/mainProject.dir/home/inumaki/Development/stm32WorkSpace/mainProject/Core/Src/main.cpp.obj
LOAD CMakeFiles/mainProject.dir/home/inumaki/Development/stm32WorkSpace/mainProject/Core/Src/syscalls.c.obj
LOAD CMakeFiles/mainProject.dir/home/inumaki/Development/stm32WorkSpace/mainProject/Core/Src/sysmem.c.obj
LOAD CMakeFiles/mainProject.dir/home/inumaki/Development/stm32WorkSpace/mainProject/Core/Startup/startup_stm32f411retx.s.obj
LOAD /usr/bin/../lib/gcc/arm-none-eabi/10.3.1/../../../../arm-none-eabi/lib/thumb/v7e-m+fp/hard/libstdc++.a
LOAD /usr/bin/../lib/gcc/arm-none-eabi/10.3.1/../../../../arm-none-eabi/lib/thumb/v7e-m+fp/hard/libm.a
LOAD /usr/bin/../lib/gcc/arm-none-eabi/10.3.1/../../../../arm-none-eabi/lib/thumb/v7e-m+fp/hard/libc.a
START GROUP
LOAD /usr/bin/../lib/gcc/arm-none-eabi/10.3.1/thumb/v7e-m+fp/hard/libgcc.a
LOAD /usr/bin/../lib/gcc/arm-none-eabi/10.3.1/../../../../arm-none-eabi/lib/thumb/v7e-m+fp/hard/libg.a
LOAD /usr/bin/../lib/gcc/arm-none-eabi/10.3.1/../../../../arm-none-eabi/lib/thumb/v7e-m+fp/hard/libc.a
END GROUP
LOAD /usr/bin/../lib/gcc/arm-none-eabi/10.3.1/thumb/v7e-m+fp/hard/crtend.o
LOAD /usr/bin/../lib/gcc/arm-none-eabi/10.3.1/thumb/v7e-m+fp/hard/crtn.o
                0x0000000020020000                _estack = (ORIGIN (RAM) + LENGTH (RAM))
                0x0000000000000200                _Min_Heap_Size = 0x200
                0x0000000000000400                _Min_Stack_Size = 0x400

.isr_vector     0x0000000008000000      0x198
                0x0000000008000000                . = ALIGN (0x4)
 *(.isr_vector)
 .isr_vector    0x0000000008000000      0x198 CMakeFiles/mainProject.dir/home/inumaki/Development/stm32WorkSpace/mainProject/Core/Startup/startup_stm32f411retx.s.obj
                0x0000000008000000                g_pfnVectors
                0x0000000008000198                . = ALIGN (0x4)

.text           0x0000000008000198      0x1d4
                0x0000000008000198                . = ALIGN (0x4)
 *(.text)
 .text          0x0000000008000198       0x40 /usr/bin/../lib/gcc/arm-none-eabi/10.3.1/thumb/v7e-m+fp/hard/crtbegin.o
 .text          0x00000000080001d8        0x2 CMakeFiles/mainProject.dir/home/inumaki/Development/stm32WorkSpace/mainProject/Core/Src/main.cpp.obj
                0x00000000080001d8                main
 *(.text*)
 *fill*         0x00000000080001da        0x2 
 .text.Reset_Handler
                0x00000000080001dc       0x4c CMakeFiles/mainProject.dir/home/inumaki/Development/stm32WorkSpace/mainProject/Core/Startup/startup_stm32f411retx.s.obj
                0x00000000080001dc                Reset_Handler
 .text.Default_Handler
                0x0000000008000228        0x2 CMakeFiles/mainProject.dir/home/inumaki/Development/stm32WorkSpace/mainProject/Core/Startup/startup_stm32f411retx.s.obj
                0x0000000008000228                RTC_Alarm_IRQHandler
                0x0000000008000228                EXTI2_IRQHandler
                0x0000000008000228                DebugMon_Handler
                0x0000000008000228                SPI4_IRQHandler
                0x0000000008000228                TIM1_CC_IRQHandler
                0x0000000008000228                DMA2_Stream5_IRQHandler
                0x0000000008000228                HardFault_Handler
                0x0000000008000228                DMA1_Stream5_IRQHandler
                0x0000000008000228                SysTick_Handler
                0x0000000008000228                PVD_IRQHandler
                0x0000000008000228                SDIO_IRQHandler
                0x0000000008000228                TAMP_STAMP_IRQHandler
                0x0000000008000228                PendSV_Handler
                0x0000000008000228                NMI_Handler
                0x0000000008000228                EXTI3_IRQHandler
                0x0000000008000228                TIM1_UP_TIM10_IRQHandler
                0x0000000008000228                I2C3_ER_IRQHandler
                0x0000000008000228                EXTI0_IRQHandler
                0x0000000008000228                I2C2_EV_IRQHandler
                0x0000000008000228                DMA1_Stream2_IRQHandler
                0x0000000008000228                FPU_IRQHandler
                0x0000000008000228                UsageFault_Handler
                0x0000000008000228                DMA2_Stream2_IRQHandler
                0x0000000008000228                SPI1_IRQHandler
                0x0000000008000228                TIM1_BRK_TIM9_IRQHandler
                0x0000000008000228                DMA2_Stream3_IRQHandler
                0x0000000008000228                USART6_IRQHandler
                0x0000000008000228                DMA2_Stream0_IRQHandler
                0x0000000008000228                TIM4_IRQHandler
                0x0000000008000228                I2C1_EV_IRQHandler
                0x0000000008000228                DMA1_Stream6_IRQHandler
                0x0000000008000228                DMA1_Stream1_IRQHandler
                0x0000000008000228                TIM3_IRQHandler
                0x0000000008000228                RCC_IRQHandler
                0x0000000008000228                Default_Handler
                0x0000000008000228                EXTI15_10_IRQHandler
                0x0000000008000228                ADC_IRQHandler
                0x0000000008000228                DMA1_Stream7_IRQHandler
                0x0000000008000228                SPI5_IRQHandler
                0x0000000008000228                TIM5_IRQHandler
                0x0000000008000228                DMA2_Stream7_IRQHandler
                0x0000000008000228                I2C3_EV_IRQHandler
                0x0000000008000228                EXTI9_5_IRQHandler
                0x0000000008000228                RTC_WKUP_IRQHandler
                0x0000000008000228                SPI2_IRQHandler
                0x0000000008000228                MemManage_Handler
                0x0000000008000228                DMA1_Stream0_IRQHandler
                0x0000000008000228                SVC_Handler
                0x0000000008000228                EXTI4_IRQHandler
                0x0000000008000228                WWDG_IRQHandler
                0x0000000008000228                TIM2_IRQHandler
                0x0000000008000228                OTG_FS_WKUP_IRQHandler
                0x0000000008000228                TIM1_TRG_COM_TIM11_IRQHandler
                0x0000000008000228                EXTI1_IRQHandler
                0x0000000008000228                USART2_IRQHandler
                0x0000000008000228                I2C2_ER_IRQHandler
                0x0000000008000228                DMA2_Stream1_IRQHandler
                0x0000000008000228                FLASH_IRQHandler
                0x0000000008000228                DMA2_Stream4_IRQHandler
                0x0000000008000228                BusFault_Handler
                0x0000000008000228                USART1_IRQHandler
                0x0000000008000228                OTG_FS_IRQHandler
                0x0000000008000228                SPI3_IRQHandler
                0x0000000008000228                DMA1_Stream4_IRQHandler
                0x0000000008000228                I2C1_ER_IRQHandler
                0x0000000008000228                DMA2_Stream6_IRQHandler
                0x0000000008000228                DMA1_Stream3_IRQHandler
 *fill*         0x000000000800022a        0x2 
 .text.__libc_init_array
                0x000000000800022c       0x48 /usr/bin/../lib/gcc/arm-none-eabi/10.3.1/../../../../arm-none-eabi/lib/thumb/v7e-m+fp/hard/libc.a(lib_a-init.o)
                0x000000000800022c                __libc_init_array
 .text.startup.register_fini
                0x0000000008000274       0x14 /usr/bin/../lib/gcc/arm-none-eabi/10.3.1/../../../../arm-none-eabi/lib/thumb/v7e-m+fp/hard/libc.a(lib_a-__call_atexit.o)
 .text.atexit   0x0000000008000288        0xc /usr/bin/../lib/gcc/arm-none-eabi/10.3.1/../../../../arm-none-eabi/lib/thumb/v7e-m+fp/hard/libc.a(lib_a-atexit.o)
                0x0000000008000288                atexit
 .text.__libc_fini_array
                0x0000000008000294       0x2c /usr/bin/../lib/gcc/arm-none-eabi/10.3.1/../../../../arm-none-eabi/lib/thumb/v7e-m+fp/hard/libc.a(lib_a-fini.o)
                0x0000000008000294                __libc_fini_array
 .text.__retarget_lock_acquire_recursive
                0x00000000080002c0        0x4 /usr/bin/../lib/gcc/arm-none-eabi/10.3.1/../../../../arm-none-eabi/lib/thumb/v7e-m+fp/hard/libc.a(lib_a-lock.o)
                0x00000000080002c0                __retarget_lock_acquire_recursive
 .text.__retarget_lock_release_recursive
                0x00000000080002c4        0x4 /usr/bin/../lib/gcc/arm-none-eabi/10.3.1/../../../../arm-none-eabi/lib/thumb/v7e-m+fp/hard/libc.a(lib_a-lock.o)
                0x00000000080002c4                __retarget_lock_release_recursive
 .text.__register_exitproc
                0x00000000080002c8       0x8c /usr/bin/../lib/gcc/arm-none-eabi/10.3.1/../../../../arm-none-eabi/lib/thumb/v7e-m+fp/hard/libc.a(lib_a-__atexit.o)
                0x00000000080002c8                __register_exitproc
 *(.glue_7)
 .glue_7        0x0000000008000354        0x0 linker stubs
 *(.glue_7t)
 .glue_7t       0x0000000008000354        0x0 linker stubs
 *(.eh_frame)
 .eh_frame      0x0000000008000354        0x0 /usr/bin/../lib/gcc/arm-none-eabi/10.3.1/thumb/v7e-m+fp/hard/crtbegin.o
 *(.init)
 .init          0x0000000008000354        0x4 /usr/bin/../lib/gcc/arm-none-eabi/10.3.1/thumb/v7e-m+fp/hard/crti.o
                0x0000000008000354                _init
 .init          0x0000000008000358        0x8 /usr/bin/../lib/gcc/arm-none-eabi/10.3.1/thumb/v7e-m+fp/hard/crtn.o
 *(.fini)
 .fini          0x0000000008000360        0x4 /usr/bin/../lib/gcc/arm-none-eabi/10.3.1/thumb/v7e-m+fp/hard/crti.o
                0x0000000008000360                _fini
 .fini          0x0000000008000364        0x8 /usr/bin/../lib/gcc/arm-none-eabi/10.3.1/thumb/v7e-m+fp/hard/crtn.o
                0x000000000800036c                . = ALIGN (0x4)
                0x000000000800036c                _etext = .

.vfp11_veneer   0x000000000800036c        0x0
 .vfp11_veneer  0x000000000800036c        0x0 linker stubs

.v4_bx          0x000000000800036c        0x0
 .v4_bx         0x000000000800036c        0x0 linker stubs

.iplt           0x000000000800036c        0x0
 .iplt          0x000000000800036c        0x0 /usr/bin/../lib/gcc/arm-none-eabi/10.3.1/thumb/v7e-m+fp/hard/crtbegin.o

.rodata         0x000000000800036c        0x4
                0x000000000800036c                . = ALIGN (0x4)
 *(.rodata)
 *(.rodata*)
 .rodata._global_impure_ptr
                0x000000000800036c        0x4 /usr/bin/../lib/gcc/arm-none-eabi/10.3.1/../../../../arm-none-eabi/lib/thumb/v7e-m+fp/hard/libc.a(lib_a-impure.o)
                0x000000000800036c                _global_impure_ptr
                0x0000000008000370                . = ALIGN (0x4)

.ARM.extab      0x0000000008000370        0x0
                0x0000000008000370                . = ALIGN (0x4)
 *(.ARM.extab* .gnu.linkonce.armextab.*)
                0x0000000008000370                . = ALIGN (0x4)

.ARM            0x0000000008000370        0x8
                0x0000000008000370                . = ALIGN (0x4)
                0x0000000008000370                __exidx_start = .
 *(.ARM.exidx*)
 .ARM.exidx     0x0000000008000370        0x8 CMakeFiles/mainProject.dir/home/inumaki/Development/stm32WorkSpace/mainProject/Core/Src/main.cpp.obj
                0x0000000008000378                __exidx_end = .
                0x0000000008000378                . = ALIGN (0x4)

.rel.dyn        0x0000000008000378        0x0
 .rel.iplt      0x0000000008000378        0x0 /usr/bin/../lib/gcc/arm-none-eabi/10.3.1/thumb/v7e-m+fp/hard/crtbegin.o

.preinit_array  0x0000000008000378        0x0
                0x0000000008000378                . = ALIGN (0x4)
                0x0000000008000378                PROVIDE (__preinit_array_start = .)
 *(.preinit_array*)
                0x0000000008000378                PROVIDE (__preinit_array_end = .)
                0x0000000008000378                . = ALIGN (0x4)

.init_array     0x0000000008000378        0x8
                0x0000000008000378                . = ALIGN (0x4)
                0x0000000008000378                PROVIDE (__init_array_start = .)
 *(SORT_BY_NAME(.init_array.*))
 .init_array.00000
                0x0000000008000378        0x4 /usr/bin/../lib/gcc/arm-none-eabi/10.3.1/../../../../arm-none-eabi/lib/thumb/v7e-m+fp/hard/libc.a(lib_a-__call_atexit.o)
 *(.init_array*)
 .init_array    0x000000000800037c        0x4 /usr/bin/../lib/gcc/arm-none-eabi/10.3.1/thumb/v7e-m+fp/hard/crtbegin.o
                0x0000000008000380                PROVIDE (__init_array_end = .)
                0x0000000008000380                . = ALIGN (0x4)

.fini_array     0x0000000008000380        0x4
                0x0000000008000380                . = ALIGN (0x4)
                0x0000000008000380                PROVIDE (__fini_array_start = .)
 *(SORT_BY_NAME(.fini_array.*))
 *(.fini_array*)
 .fini_array    0x0000000008000380        0x4 /usr/bin/../lib/gcc/arm-none-eabi/10.3.1/thumb/v7e-m+fp/hard/crtbegin.o
                0x0000000008000384                PROVIDE (__fini_array_end = .)
                0x0000000008000384                . = ALIGN (0x4)
                0x0000000008000384                _sidata = LOADADDR (.data)

.data           0x0000000020000000      0x42c load address 0x0000000008000384
                0x0000000020000000                . = ALIGN (0x4)
                0x0000000020000000                _sdata = .
 *(.data)
 *(.data*)
 .data.impure_data
                0x0000000020000000      0x428 /usr/bin/../lib/gcc/arm-none-eabi/10.3.1/../../../../arm-none-eabi/lib/thumb/v7e-m+fp/hard/libc.a(lib_a-impure.o)
 .data.__atexit_recursive_mutex
                0x0000000020000428        0x4 /usr/bin/../lib/gcc/arm-none-eabi/10.3.1/../../../../arm-none-eabi/lib/thumb/v7e-m+fp/hard/libc.a(lib_a-__call_atexit.o)
                0x0000000020000428                __atexit_recursive_mutex
 *(.RamFunc)
 *(.RamFunc*)
                0x000000002000042c                . = ALIGN (0x4)
                0x000000002000042c                _edata = .

.igot.plt       0x000000002000042c        0x0 load address 0x00000000080007b0
 .igot.plt      0x000000002000042c        0x0 /usr/bin/../lib/gcc/arm-none-eabi/10.3.1/thumb/v7e-m+fp/hard/crtbegin.o
                0x000000002000042c                . = ALIGN (0x4)

.bss            0x000000002000042c       0x20 load address 0x00000000080007b0
                0x000000002000042c                _sbss = .
                0x000000002000042c                __bss_start__ = _sbss
 *(.bss)
 .bss           0x000000002000042c       0x1c /usr/bin/../lib/gcc/arm-none-eabi/10.3.1/thumb/v7e-m+fp/hard/crtbegin.o
 *(.bss*)
 .bss.__lock___atexit_recursive_mutex
                0x0000000020000448        0x1 /usr/bin/../lib/gcc/arm-none-eabi/10.3.1/../../../../arm-none-eabi/lib/thumb/v7e-m+fp/hard/libc.a(lib_a-lock.o)
                0x0000000020000448                __lock___atexit_recursive_mutex
 *(COMMON)
                0x000000002000044c                . = ALIGN (0x4)
 *fill*         0x0000000020000449        0x3 
                0x000000002000044c                _ebss = .
                0x000000002000044c                __bss_end__ = _ebss

._user_heap_stack
                0x000000002000044c      0x604 load address 0x00000000080007b0
                0x0000000020000450                . = ALIGN (0x8)
 *fill*         0x000000002000044c        0x4 
                [!provide]                        PROVIDE (end = .)
                0x0000000020000450                PROVIDE (_end = .)
                0x0000000020000650                . = (. + _Min_Heap_Size)
 *fill*         0x0000000020000450      0x200 
                0x0000000020000a50                . = (. + _Min_Stack_Size)
 *fill*         0x0000000020000650      0x400 
                0x0000000020000a50                . = ALIGN (0x8)

/DISCARD/
 libc.a(*)
 libm.a(*)
 libgcc.a(*)

.ARM.attributes
                0x0000000000000000       0x30
 *(.ARM.attributes)
 .ARM.attributes
                0x0000000000000000       0x1e /usr/bin/../lib/gcc/arm-none-eabi/10.3.1/thumb/v7e-m+fp/hard/crti.o
 .ARM.attributes
                0x000000000000001e       0x34 /usr/bin/../lib/gcc/arm-none-eabi/10.3.1/thumb/v7e-m+fp/hard/crtbegin.o
 .ARM.attributes
                0x0000000000000052       0x34 CMakeFiles/mainProject.dir/home/inumaki/Development/stm32WorkSpace/mainProject/Core/Src/main.cpp.obj
 .ARM.attributes
                0x0000000000000086       0x21 CMakeFiles/mainProject.dir/home/inumaki/Development/stm32WorkSpace/mainProject/Core/Startup/startup_stm32f411retx.s.obj
 .ARM.attributes
                0x00000000000000a7       0x34 /usr/bin/../lib/gcc/arm-none-eabi/10.3.1/../../../../arm-none-eabi/lib/thumb/v7e-m+fp/hard/libc.a(lib_a-impure.o)
 .ARM.attributes
                0x00000000000000db       0x34 /usr/bin/../lib/gcc/arm-none-eabi/10.3.1/../../../../arm-none-eabi/lib/thumb/v7e-m+fp/hard/libc.a(lib_a-init.o)
 .ARM.attributes
                0x000000000000010f       0x34 /usr/bin/../lib/gcc/arm-none-eabi/10.3.1/../../../../arm-none-eabi/lib/thumb/v7e-m+fp/hard/libc.a(lib_a-__call_atexit.o)
 .ARM.attributes
                0x0000000000000143       0x34 /usr/bin/../lib/gcc/arm-none-eabi/10.3.1/../../../../arm-none-eabi/lib/thumb/v7e-m+fp/hard/libc.a(lib_a-atexit.o)
 .ARM.attributes
                0x0000000000000177       0x34 /usr/bin/../lib/gcc/arm-none-eabi/10.3.1/../../../../arm-none-eabi/lib/thumb/v7e-m+fp/hard/libc.a(lib_a-fini.o)
 .ARM.attributes
                0x00000000000001ab       0x34 /usr/bin/../lib/gcc/arm-none-eabi/10.3.1/../../../../arm-none-eabi/lib/thumb/v7e-m+fp/hard/libc.a(lib_a-lock.o)
 .ARM.attributes
                0x00000000000001df       0x34 /usr/bin/../lib/gcc/arm-none-eabi/10.3.1/../../../../arm-none-eabi/lib/thumb/v7e-m+fp/hard/libc.a(lib_a-__atexit.o)
 .ARM.attributes
                0x0000000000000213       0x1e /usr/bin/../lib/gcc/arm-none-eabi/10.3.1/thumb/v7e-m+fp/hard/crtn.o
OUTPUT(mainProject.elf elf32-littlearm)
LOAD linker stubs
LOAD /usr/bin/../lib/gcc/arm-none-eabi/10.3.1/../../../../arm-none-eabi/lib/thumb/v7e-m+fp/hard/libc.a
LOAD /usr/bin/../lib/gcc/arm-none-eabi/10.3.1/../../../../arm-none-eabi/lib/thumb/v7e-m+fp/hard/libm.a
LOAD /usr/bin/../lib/gcc/arm-none-eabi/10.3.1/thumb/v7e-m+fp/hard/libgcc.a

.debug_info     0x0000000000000000      0x226
 .debug_info    0x0000000000000000      0x204 CMakeFiles/mainProject.dir/home/inumaki/Development/stm32WorkSpace/mainProject/Core/Src/main.cpp.obj
 .debug_info    0x0000000000000204       0x22 CMakeFiles/mainProject.dir/home/inumaki/Development/stm32WorkSpace/mainProject/Core/Startup/startup_stm32f411retx.s.obj

.debug_abbrev   0x0000000000000000      0x100
 .debug_abbrev  0x0000000000000000       0xee CMakeFiles/mainProject.dir/home/inumaki/Development/stm32WorkSpace/mainProject/Core/Src/main.cpp.obj
 .debug_abbrev  0x00000000000000ee       0x12 CMakeFiles/mainProject.dir/home/inumaki/Development/stm32WorkSpace/mainProject/Core/Startup/startup_stm32f411retx.s.obj

.debug_aranges  0x0000000000000000       0x48
 .debug_aranges
                0x0000000000000000       0x20 CMakeFiles/mainProject.dir/home/inumaki/Development/stm32WorkSpace/mainProject/Core/Src/main.cpp.obj
 .debug_aranges
                0x0000000000000020       0x28 CMakeFiles/mainProject.dir/home/inumaki/Development/stm32WorkSpace/mainProject/Core/Startup/startup_stm32f411retx.s.obj

.debug_macro    0x0000000000000000       0x93
 .debug_macro   0x0000000000000000       0x77 CMakeFiles/mainProject.dir/home/inumaki/Development/stm32WorkSpace/mainProject/Core/Src/main.cpp.obj
 .debug_macro   0x0000000000000077       0x1c CMakeFiles/mainProject.dir/home/inumaki/Development/stm32WorkSpace/mainProject/Core/Src/main.cpp.obj

.debug_line     0x0000000000000000      0x28d
 .debug_line    0x0000000000000000      0x1d4 CMakeFiles/mainProject.dir/home/inumaki/Development/stm32WorkSpace/mainProject/Core/Src/main.cpp.obj
 .debug_line    0x00000000000001d4       0xb9 CMakeFiles/mainProject.dir/home/inumaki/Development/stm32WorkSpace/mainProject/Core/Startup/startup_stm32f411retx.s.obj

.debug_str      0x0000000000000000     0x435d
 .debug_str     0x0000000000000000     0x42f5 CMakeFiles/mainProject.dir/home/inumaki/Development/stm32WorkSpace/mainProject/Core/Src/main.cpp.obj
                                       0x4461 (size before relaxing)
 .debug_str     0x00000000000042f5       0x68 CMakeFiles/mainProject.dir/home/inumaki/Development/stm32WorkSpace/mainProject/Core/Startup/startup_stm32f411retx.s.obj
                                         0xa8 (size before relaxing)

.comment        0x0000000000000000       0x49
 .comment       0x0000000000000000       0x49 CMakeFiles/mainProject.dir/home/inumaki/Development/stm32WorkSpace/mainProject/Core/Src/main.cpp.obj
                                         0x4a (size before relaxing)

.debug_frame    0x0000000000000000      0x1ec
 .debug_frame   0x0000000000000000       0x20 CMakeFiles/mainProject.dir/home/inumaki/Development/stm32WorkSpace/mainProject/Core/Src/main.cpp.obj
 .debug_frame   0x0000000000000020       0x2c /usr/bin/../lib/gcc/arm-none-eabi/10.3.1/../../../../arm-none-eabi/lib/thumb/v7e-m+fp/hard/libc.a(lib_a-init.o)
 .debug_frame   0x000000000000004c       0x68 /usr/bin/../lib/gcc/arm-none-eabi/10.3.1/../../../../arm-none-eabi/lib/thumb/v7e-m+fp/hard/libc.a(lib_a-__call_atexit.o)
 .debug_frame   0x00000000000000b4       0x20 /usr/bin/../lib/gcc/arm-none-eabi/10.3.1/../../../../arm-none-eabi/lib/thumb/v7e-m+fp/hard/libc.a(lib_a-atexit.o)
 .debug_frame   0x00000000000000d4       0x34 /usr/bin/../lib/gcc/arm-none-eabi/10.3.1/../../../../arm-none-eabi/lib/thumb/v7e-m+fp/hard/libc.a(lib_a-fini.o)
 .debug_frame   0x0000000000000108       0xb0 /usr/bin/../lib/gcc/arm-none-eabi/10.3.1/../../../../arm-none-eabi/lib/thumb/v7e-m+fp/hard/libc.a(lib_a-lock.o)
 .debug_frame   0x00000000000001b8       0x34 /usr/bin/../lib/gcc/arm-none-eabi/10.3.1/../../../../arm-none-eabi/lib/thumb/v7e-m+fp/hard/libc.a(lib_a-__atexit.o)

.debug_ranges   0x0000000000000000       0x20
 .debug_ranges  0x0000000000000000       0x20 CMakeFiles/mainProject.dir/home/inumaki/Development/stm32WorkSpace/mainProject/Core/Startup/startup_stm32f411retx.s.obj
