Archive member included to satisfy reference by file (symbol)

/usr/bin/../lib/gcc/arm-none-eabi/10.3.1/../../../../arm-none-eabi/lib/thumb/v7e-m+fp/hard/libstdc++.a(atexit_arm.o)
                              CMakeFiles/mainProject.dir/home/inumaki/Development/stm32WorkSpace/mainProject/Core/Src/main.cpp.obj (__aeabi_atexit)
/usr/bin/../lib/gcc/arm-none-eabi/10.3.1/../../../../arm-none-eabi/lib/thumb/v7e-m+fp/hard/libstdc++.a(del_ops.o)
                              CMakeFiles/mainProject.dir/home/inumaki/Development/stm32WorkSpace/mainProject/Core/Drivers/GPIO/ioPin.cpp.obj (operator delete(void*, unsigned int))
/usr/bin/../lib/gcc/arm-none-eabi/10.3.1/../../../../arm-none-eabi/lib/thumb/v7e-m+fp/hard/libstdc++.a(eh_arm.o)
                              CMakeFiles/mainProject.dir/home/inumaki/Development/stm32WorkSpace/mainProject/Core/Drivers/GPIO/ioPin.cpp.obj (__cxa_end_cleanup)
/usr/bin/../lib/gcc/arm-none-eabi/10.3.1/../../../../arm-none-eabi/lib/thumb/v7e-m+fp/hard/libstdc++.a(eh_exception.o)
                              /usr/bin/../lib/gcc/arm-none-eabi/10.3.1/../../../../arm-none-eabi/lib/thumb/v7e-m+fp/hard/libstdc++.a(eh_arm.o) (typeinfo for __cxxabiv1::__forced_unwind)
/usr/bin/../lib/gcc/arm-none-eabi/10.3.1/../../../../arm-none-eabi/lib/thumb/v7e-m+fp/hard/libstdc++.a(eh_globals.o)
                              /usr/bin/../lib/gcc/arm-none-eabi/10.3.1/../../../../arm-none-eabi/lib/thumb/v7e-m+fp/hard/libstdc++.a(eh_arm.o) (__cxa_get_globals)
/usr/bin/../lib/gcc/arm-none-eabi/10.3.1/../../../../arm-none-eabi/lib/thumb/v7e-m+fp/hard/libstdc++.a(eh_personality.o)
                              CMakeFiles/mainProject.dir/home/inumaki/Development/stm32WorkSpace/mainProject/Core/Drivers/GPIO/ioPin.cpp.obj (__gxx_personality_v0)
/usr/bin/../lib/gcc/arm-none-eabi/10.3.1/../../../../arm-none-eabi/lib/thumb/v7e-m+fp/hard/libstdc++.a(eh_terminate.o)
                              /usr/bin/../lib/gcc/arm-none-eabi/10.3.1/../../../../arm-none-eabi/lib/thumb/v7e-m+fp/hard/libstdc++.a(eh_arm.o) (std::terminate())
/usr/bin/../lib/gcc/arm-none-eabi/10.3.1/../../../../arm-none-eabi/lib/thumb/v7e-m+fp/hard/libstdc++.a(eh_unex_handler.o)
                              /usr/bin/../lib/gcc/arm-none-eabi/10.3.1/../../../../arm-none-eabi/lib/thumb/v7e-m+fp/hard/libstdc++.a(eh_terminate.o) (__cxxabiv1::__unexpected_handler)
/usr/bin/../lib/gcc/arm-none-eabi/10.3.1/../../../../arm-none-eabi/lib/thumb/v7e-m+fp/hard/libstdc++.a(new_op.o)
                              CMakeFiles/mainProject.dir/home/inumaki/Development/stm32WorkSpace/mainProject/Core/Drivers/GPIO/ioPin.cpp.obj (operator new(unsigned int))
/usr/bin/../lib/gcc/arm-none-eabi/10.3.1/../../../../arm-none-eabi/lib/thumb/v7e-m+fp/hard/libstdc++.a(pure.o)
                              /usr/bin/../lib/gcc/arm-none-eabi/10.3.1/../../../../arm-none-eabi/lib/thumb/v7e-m+fp/hard/libstdc++.a(eh_exception.o) (__cxa_pure_virtual)
/usr/bin/../lib/gcc/arm-none-eabi/10.3.1/../../../../arm-none-eabi/lib/thumb/v7e-m+fp/hard/libstdc++.a(si_class_type_info.o)
                              /usr/bin/../lib/gcc/arm-none-eabi/10.3.1/../../../../arm-none-eabi/lib/thumb/v7e-m+fp/hard/libstdc++.a(eh_exception.o) (vtable for __cxxabiv1::__si_class_type_info)
/usr/bin/../lib/gcc/arm-none-eabi/10.3.1/../../../../arm-none-eabi/lib/thumb/v7e-m+fp/hard/libstdc++.a(tinfo.o)
                              /usr/bin/../lib/gcc/arm-none-eabi/10.3.1/../../../../arm-none-eabi/lib/thumb/v7e-m+fp/hard/libstdc++.a(si_class_type_info.o) (std::type_info::__is_pointer_p() const)
/usr/bin/../lib/gcc/arm-none-eabi/10.3.1/../../../../arm-none-eabi/lib/thumb/v7e-m+fp/hard/libstdc++.a(vterminate.o)
                              /usr/bin/../lib/gcc/arm-none-eabi/10.3.1/../../../../arm-none-eabi/lib/thumb/v7e-m+fp/hard/libstdc++.a(eh_terminate.o) (__gnu_cxx::__verbose_terminate_handler())
/usr/bin/../lib/gcc/arm-none-eabi/10.3.1/../../../../arm-none-eabi/lib/thumb/v7e-m+fp/hard/libstdc++.a(bad_alloc.o)
                              /usr/bin/../lib/gcc/arm-none-eabi/10.3.1/../../../../arm-none-eabi/lib/thumb/v7e-m+fp/hard/libstdc++.a(new_op.o) (std::bad_alloc::~bad_alloc())
/usr/bin/../lib/gcc/arm-none-eabi/10.3.1/../../../../arm-none-eabi/lib/thumb/v7e-m+fp/hard/libstdc++.a(class_type_info.o)
                              /usr/bin/../lib/gcc/arm-none-eabi/10.3.1/../../../../arm-none-eabi/lib/thumb/v7e-m+fp/hard/libstdc++.a(si_class_type_info.o) (__cxxabiv1::__class_type_info::__do_upcast(__cxxabiv1::__class_type_info const*, void**) const)
/usr/bin/../lib/gcc/arm-none-eabi/10.3.1/../../../../arm-none-eabi/lib/thumb/v7e-m+fp/hard/libstdc++.a(cp-demangle.o)
                              /usr/bin/../lib/gcc/arm-none-eabi/10.3.1/../../../../arm-none-eabi/lib/thumb/v7e-m+fp/hard/libstdc++.a(vterminate.o) (__cxa_demangle)
/usr/bin/../lib/gcc/arm-none-eabi/10.3.1/../../../../arm-none-eabi/lib/thumb/v7e-m+fp/hard/libstdc++.a(del_op.o)
[...]
Memory Configuration

Name             Origin             Length             Attributes
RAM              0x0000000020000000 0x0000000000020000 xrw
FLASH            0x0000000008000000 0x0000000000080000 xr
*default*        0x0000000000000000 0xffffffffffffffff

Linker script and memory map

LOAD /usr/bin/../lib/gcc/arm-none-eabi/10.3.1/thumb/v7e-m+fp/hard/crti.o
LOAD /usr/bin/../lib/gcc/arm-none-eabi/10.3.1/thumb/v7e-m+fp/hard/crtbegin.o
LOAD /usr/bin/../lib/gcc/arm-none-eabi/10.3.1/../../../../arm-none-eabi/lib/thumb/v7e-m+fp/hard/crt0.o
START GROUP
LOAD /usr/bin/../lib/gcc/arm-none-eabi/10.3.1/../../../../arm-none-eabi/lib/thumb/v7e-m+fp/hard/libstdc++.a
END GROUP
LOAD CMakeFiles/mainProject.dir/home/inumaki/Development/stm32WorkSpace/mainProject/Core/Drivers/GPIO/ioPin.cpp.obj
LOAD CMakeFiles/mainProject.dir/home/inumaki/Development/stm32WorkSpace/mainProject/Core/Drivers/GPIO/pinBuilder.cpp.obj
LOAD CMakeFiles/mainProject.dir/home/inumaki/Development/stm32WorkSpace/mainProject/Core/Drivers/USART/abc.cpp.obj
LOAD CMakeFiles/mainProject.dir/home/inumaki/Development/stm32WorkSpace/mainProject/Core/Src/Utilities/RegistersManipulation/REG_MAN.cpp.obj
LOAD CMakeFiles/mainProject.dir/home/inumaki/Development/stm32WorkSpace/mainProject/Core/Src/main.cpp.obj
LOAD CMakeFiles/mainProject.dir/home/inumaki/Development/stm32WorkSpace/mainProject/Core/Src/syscalls.c.obj
LOAD CMakeFiles/mainProject.dir/home/inumaki/Development/stm32WorkSpace/mainProject/Core/Src/sysmem.c.obj
LOAD CMakeFiles/mainProject.dir/home/inumaki/Development/stm32WorkSpace/mainProject/Core/Startup/startup_stm32f411retx.s.obj
LOAD /usr/bin/../lib/gcc/arm-none-eabi/10.3.1/../../../../arm-none-eabi/lib/thumb/v7e-m+fp/hard/libstdc++.a
LOAD /usr/bin/../lib/gcc/arm-none-eabi/10.3.1/../../../../arm-none-eabi/lib/thumb/v7e-m+fp/hard/libm.a
LOAD /usr/bin/../lib/gcc/arm-none-eabi/10.3.1/../../../../arm-none-eabi/lib/thumb/v7e-m+fp/hard/libc.a
START GROUP
LOAD /usr/bin/../lib/gcc/arm-none-eabi/10.3.1/thumb/v7e-m+fp/hard/libgcc.a
LOAD /usr/bin/../lib/gcc/arm-none-eabi/10.3.1/../../../../arm-none-eabi/lib/thumb/v7e-m+fp/hard/libg.a
LOAD /usr/bin/../lib/gcc/arm-none-eabi/10.3.1/../../../../arm-none-eabi/lib/thumb/v7e-m+fp/hard/libc.a
END GROUP
LOAD /usr/bin/../lib/gcc/arm-none-eabi/10.3.1/thumb/v7e-m+fp/hard/crtend.o
LOAD /usr/bin/../lib/gcc/arm-none-eabi/10.3.1/thumb/v7e-m+fp/hard/crtn.o
                0x0000000020020000                _estack = (ORIGIN (RAM) + LENGTH (RAM))
                0x0000000000000200                _Min_Heap_Size = 0x200
                0x0000000000000400                _Min_Stack_Size = 0x400

.isr_vector     0x0000000008000000      0x198
                0x0000000008000000                . = ALIGN (0x4)
 *(.isr_vector)
 .isr_vector    0x0000000008000000      0x198 CMakeFiles/mainProject.dir/home/inumaki/Development/stm32WorkSpace/mainProject/Core/Startup/startup_stm32f411retx.s.obj
                0x0000000008000000                g_pfnVectors
                0x0000000008000198                . = ALIGN (0x4)

.text           0x00000000080001c0    0x100c4
                0x00000000080001c0                . = ALIGN (0x4)
 *(.text)
 .text          0x00000000080001c0       0x40 /usr/bin/../lib/gcc/arm-none-eabi/10.3.1/thumb/v7e-m+fp/hard/crtbegin.o
 .text          0x0000000008000200      0x188 CMakeFiles/mainProject.dir/home/inumaki/Development/stm32WorkSpace/mainProject/Core/Drivers/GPIO/ioPin.cpp.obj
                0x0000000008000200                ioPin::~ioPin()
                0x0000000008000200                ioPin::~ioPin()
                0x000000000800021a                ioPin::setPort(GPIO_TypeDef*)
                0x000000000800021c                ioPin::setPort(gpioPort const&)
                0x000000000800021e                ioPin::setPin(gpioPin const&)
                0x0000000008000220                ioPin::setMode(gpioMode const&)
                0x0000000008000222                ioPin::setPUPD(gpioPUPD const&)
                0x0000000008000224                ioPin::setOutputType(gpioOutputType const&)
                0x0000000008000226                ioPin::setOutputSpeed(gpioOutputSpeed const&)
                0x0000000008000228                ioPin::read()
                0x0000000008000228                ioPin::write(pinState const&)
                0x000000000800022a                ioPin::reset(bool)
                0x000000000800022a                ioPin::setDefaultParams()
                0x000000000800024c                ioPin::init()
                0x000000000800028a                ioPin::ioPin()
                0x000000000800028a                ioPin::ioPin()
                0x0000000008000296                ioPin::init(GPIO_TypeDef const*)
                0x00000000080002ec                ioPin::init(gpioPort const&)
                0x0000000008000302                ioPin::init(gpioPin const&)
                0x000000000800031a                ioPin::init(gpioMode const&)
                0x0000000008000330                ioPin::init(gpioPUPD const&)
                0x0000000008000346                ioPin::init(gpioOutputType const&)
                0x000000000800035c                ioPin::init(gpioOutputSpeed const&)
                0x0000000008000372                ioPin::init(pinState const&)
 .text          0x0000000008000388      0x3d4 CMakeFiles/mainProject.dir/home/inumaki/Development/stm32WorkSpace/mainProject/Core/Drivers/GPIO/pinBuilder.cpp.obj
                0x0000000008000388                pinBuilder::pinBuilder()
                0x0000000008000388                pinBuilder::pinBuilder()
                0x000000000800039c                pinBuilder::~pinBuilder()
                0x000000000800039c                pinBuilder::~pinBuilder()
                0x000000000800039e                pinBuilder::setInstance()
                0x00000000080003a0                pinBuilder::enablePeripheralClock(bool)
                0x00000000080003cc                pinBuilder::init(gpioPort const&)
                0x000000000800041c                pinBuilder::init(gpioPin const&)
                0x000000000800041e                pinBuilder::init(gpioMode const&)
                0x0000000008000450                pinBuilder::init(gpioOutputType const&)
                0x0000000008000478                pinBuilder::init(gpioOutputSpeed const&)
                0x00000000080004aa                pinBuilder::init(gpioPUPD const&)
                0x00000000080004dc                pinBuilder::init(pinState const&)
                0x0000000008000508                pinBuilder::getParamIndex(gpioPort const&)
                0x000000000800050c                pinBuilder::getParamIndex(gpioPin const&)
                0x0000000008000510                pinBuilder::getParamIndex(gpioMode const&)
                0x0000000008000514                pinBuilder::getParamIndex(gpioOutputType const&)
                0x0000000008000518                pinBuilder::getParamIndex(gpioOutputSpeed const&)
                0x000000000800051c                pinBuilder::getParamIndex(gpioPUPD const&)
                0x0000000008000520                pinBuilder::getParamIndex(pinState const&)
                0x0000000008000524                pinBuilder::assertPortAndPin(pinBuilder const&)
                0x0000000008000542                pinBuilder::readIDR()
                0x0000000008000576                pinBuilder::writeODR(pinState const&)
                0x00000000080005b2                pinBuilder::assertPortAndPin()
                0x00000000080005bc                pinBuilder::isPinSet(gpioPort const&, gpioPin const&)
                0x00000000080005bc                pinBuilder::isPinSet(GPIO_TypeDef const*, gpioPin const&)
                0x00000000080005f0                pinBuilder::setPtr(ioPinParams const*)
                0x00000000080005f6                pinBuilder::setPtr(gpioStatus const*)
                0x00000000080005fc                pinBuilder::setPtr(unsigned long const*)
                0x0000000008000602                pinBuilder::pinBuilder(ioPinParams const*, unsigned long const*, gpioStatus const*)
                0x0000000008000602                pinBuilder::pinBuilder(ioPinParams const*, unsigned long const*, gpioStatus const*)
                0x0000000008000634                pinBuilder::initQueuedSettings()
                0x00000000080006c0                pinBuilder::builder()
 .text          0x000000000800075c       0x68 CMakeFiles/mainProject.dir/home/inumaki/Development/stm32WorkSpace/mainProject/Core/Src/main.cpp.obj
                0x000000000800075c                main
 .text          0x00000000080007c4     0x5ee4 /usr/bin/../lib/gcc/arm-none-eabi/10.3.1/../../../../arm-none-eabi/lib/thumb/v7e-m+fp/hard/libstdc++.a(cp-demangle.o)
                0x00000000080065c0                __cxa_demangle
                0x0000000008006684                __gcclibcxx_demangle_callback
 *fill*         0x00000000080066a8        0x8 
 .text          0x00000000080066b0       0xa0 /usr/bin/../lib/gcc/arm-none-eabi/10.3.1/../../../../arm-none-eabi/lib/thumb/v7e-m+fp/hard/libc.a(lib_a-memchr.o)
                0x00000000080066b0                memchr
 .text          0x0000000008006750      0x134 /usr/bin/../lib/gcc/arm-none-eabi/10.3.1/../../../../arm-none-eabi/lib/thumb/v7e-m+fp/hard/libc.a(lib_a-memcpy.o)
                0x0000000008006750                memcpy
 *fill*         0x0000000008006884       0x1c 
 .text          0x00000000080068a0      0x2dc /usr/bin/../lib/gcc/arm-none-eabi/10.3.1/../../../../arm-none-eabi/lib/thumb/v7e-m+fp/hard/libc.a(lib_a-strcmp.o)
                0x00000000080068a8                strcmp
 *fill*         0x0000000008006b7c        0x4 
 .text          0x0000000008006b80       0xdc /usr/bin/../lib/gcc/arm-none-eabi/10.3.1/../../../../arm-none-eabi/lib/thumb/v7e-m+fp/hard/libc.a(lib_a-strlen.o)
                0x0000000008006b80                strlen
 .text          0x0000000008006c5c      0x378 /usr/bin/../lib/gcc/arm-none-eabi/10.3.1/thumb/v7e-m+fp/hard/libgcc.a(_arm_addsubdf3.o)
                0x0000000008006c5c                __aeabi_drsub
                0x0000000008006c64                __aeabi_dsub
                0x0000000008006c64                __subdf3
                0x0000000008006c68                __adddf3
                0x0000000008006c68                __aeabi_dadd
                0x0000000008006ee0                __aeabi_ui2d
                0x0000000008006ee0                __floatunsidf
                0x0000000008006f00                __floatsidf
                0x0000000008006f00                __aeabi_i2d
                0x0000000008006f24                __extendsfdf2
                0x0000000008006f24                __aeabi_f2d
                0x0000000008006f68                __aeabi_ul2d
                0x0000000008006f68                __floatundidf
                0x0000000008006f78                __floatdidf
                0x0000000008006f78                __aeabi_l2d
 .text          0x0000000008006fd4      0x424 /usr/bin/../lib/gcc/arm-none-eabi/10.3.1/thumb/v7e-m+fp/hard/libgcc.a(_arm_muldivdf3.o)
                0x0000000008006fd4                __aeabi_dmul
                0x0000000008006fd4                __muldf3
                0x0000000008007228                __aeabi_ddiv
                0x0000000008007228                __divdf3
 .text          0x00000000080073f8      0x110 /usr/bin/../lib/gcc/arm-none-eabi/10.3.1/thumb/v7e-m+fp/hard/libgcc.a(_arm_cmpdf2.o)
                0x00000000080073f8                __gtdf2
                0x00000000080073f8                __gedf2
                0x0000000008007400                __ltdf2
                0x0000000008007400                __ledf2
                0x0000000008007408                __cmpdf2
                0x0000000008007408                __eqdf2
                0x0000000008007408                __nedf2
                0x0000000008007484                __aeabi_cdrcmple
                0x0000000008007494                __aeabi_cdcmple
                0x0000000008007494                __aeabi_cdcmpeq
                0x00000000080074a4                __aeabi_dcmpeq
                0x00000000080074b8                __aeabi_dcmplt
                0x00000000080074cc                __aeabi_dcmple
                0x00000000080074e0                __aeabi_dcmpge
                0x00000000080074f4                __aeabi_dcmpgt
 .text          0x0000000008007508       0x2c /usr/bin/../lib/gcc/arm-none-eabi/10.3.1/thumb/v7e-m+fp/hard/libgcc.a(_arm_unorddf2.o)
                0x0000000008007508                __aeabi_dcmpun
                0x0000000008007508                __unorddf2
 .text          0x0000000008007534       0x50 /usr/bin/../lib/gcc/arm-none-eabi/10.3.1/thumb/v7e-m+fp/hard/libgcc.a(_arm_fixdfsi.o)
                0x0000000008007534                __fixdfsi
                0x0000000008007534                __aeabi_d2iz
 .text          0x0000000008007584       0x30 /usr/bin/../lib/gcc/arm-none-eabi/10.3.1/thumb/v7e-m+fp/hard/libgcc.a(_aeabi_uldivmod.o)
                0x0000000008007584                __aeabi_uldivmod
 .text          0x00000000080075b4      0x2d0 /usr/bin/../lib/gcc/arm-none-eabi/10.3.1/thumb/v7e-m+fp/hard/libgcc.a(_udivmoddi4.o)
                0x00000000080075b4                __udivmoddi4
 .text          0x0000000008007884      0x9d8 /usr/bin/../lib/gcc/arm-none-eabi/10.3.1/thumb/v7e-m+fp/hard/libgcc.a(unwind-arm.o)
                0x0000000008007b2c                _Unwind_GetCFA
                0x0000000008007b30                __gnu_Unwind_RaiseException
                0x0000000008007b98                __gnu_Unwind_ForcedUnwind
                0x0000000008007ba8                __gnu_Unwind_Resume
                0x0000000008007bec                __gnu_Unwind_Resume_or_Rethrow
                0x0000000008007bfc                _Unwind_Complete
                0x0000000008007c00                _Unwind_DeleteException
                0x0000000008007c0c                _Unwind_VRS_Get
                0x0000000008007c58                _Unwind_VRS_Set
                0x0000000008007ca0                __gnu_Unwind_Backtrace
                0x0000000008007fcc                __aeabi_unwind_cpp_pr0
                0x0000000008007fd0                __aeabi_unwind_cpp_pr1
                0x0000000008007fd4                __aeabi_unwind_cpp_pr2
                0x0000000008007fd8                _Unwind_VRS_Pop
 .text          0x000000000800825c      0x1ac /usr/bin/../lib/gcc/arm-none-eabi/10.3.1/thumb/v7e-m+fp/hard/libgcc.a(libunwind.o)
                0x000000000800825c                __restore_core_regs
                0x000000000800825c                restore_core_regs
                0x0000000008008274                __gnu_Unwind_Restore_VFP
                0x000000000800827c                __gnu_Unwind_Save_VFP
                0x0000000008008284                __gnu_Unwind_Restore_VFP_D
                0x000000000800828c                __gnu_Unwind_Save_VFP_D
                0x0000000008008294                __gnu_Unwind_Restore_VFP_D_16_to_31
                0x000000000800829c                __gnu_Unwind_Save_VFP_D_16_to_31
                0x00000000080082a4                __gnu_Unwind_Restore_WMMXD
                0x00000000080082e8                __gnu_Unwind_Save_WMMXD
                0x000000000800832c                __gnu_Unwind_Restore_WMMXC
                0x0000000008008340                __gnu_Unwind_Save_WMMXC
                0x0000000008008354                ___Unwind_RaiseException
                0x0000000008008354                _Unwind_RaiseException
                0x0000000008008378                ___Unwind_Resume
                0x0000000008008378                _Unwind_Resume
                0x000000000800839c                _Unwind_Resume_or_Rethrow
                0x000000000800839c                ___Unwind_Resume_or_Rethrow
                0x00000000080083c0                ___Unwind_ForcedUnwind
                0x00000000080083c0                _Unwind_ForcedUnwind
                0x00000000080083e4                _Unwind_Backtrace
                0x00000000080083e4                ___Unwind_Backtrace
 .text          0x0000000008008408      0x350 /usr/bin/../lib/gcc/arm-none-eabi/10.3.1/thumb/v7e-m+fp/hard/libgcc.a(pr-support.o)
                0x0000000008008460                __gnu_unwind_execute
                0x000000000800870c                __gnu_unwind_frame
                0x0000000008008738                _Unwind_GetRegionStart
                0x0000000008008744                _Unwind_GetLanguageSpecificData
 .text          0x0000000008008758        0x4 /usr/bin/../lib/gcc/arm-none-eabi/10.3.1/thumb/v7e-m+fp/hard/libgcc.a(_dvmd_tls.o)
                0x0000000008008758                __aeabi_ldiv0
                0x0000000008008758                __aeabi_idiv0
 *(.text*)
 .text._ZN10pinBuilder12queueSettingI8gpioPortEEvRKT_
                0x000000000800875c       0x42 CMakeFiles/mainProject.dir/home/inumaki/Development/stm32WorkSpace/mainProject/Core/Drivers/GPIO/ioPin.cpp.obj
                0x000000000800875c                void pinBuilder::queueSetting<gpioPort>(gpioPort const&)
 .text._ZN10pinBuilder7managerI8gpioPortEEbRKT_
                0x000000000800879e       0x62 CMakeFiles/mainProject.dir/home/inumaki/Development/stm32WorkSpace/mainProject/Core/Drivers/GPIO/ioPin.cpp.obj
                0x000000000800879e                bool pinBuilder::manager<gpioPort>(gpioPort const&)
 .text._ZN10pinBuilder12queueSettingI7gpioPinEEvRKT_
                0x0000000008008800       0x42 CMakeFiles/mainProject.dir/home/inumaki/Development/stm32WorkSpace/mainProject/Core/Drivers/GPIO/ioPin.cpp.obj
                0x0000000008008800                void pinBuilder::queueSetting<gpioPin>(gpioPin const&)
 .text._ZN10pinBuilder7managerI7gpioPinEEbRKT_
                0x0000000008008842       0x62 CMakeFiles/mainProject.dir/home/inumaki/Development/stm32WorkSpace/mainProject/Core/Drivers/GPIO/ioPin.cpp.obj
                0x0000000008008842                bool pinBuilder::manager<gpioPin>(gpioPin const&)
 .text._ZN10pinBuilder12queueSettingI8gpioModeEEvRKT_
                0x00000000080088a4       0x42 CMakeFiles/mainProject.dir/home/inumaki/Development/stm32WorkSpace/mainProject/Core/Drivers/GPIO/ioPin.cpp.obj
                0x00000000080088a4                void pinBuilder::queueSetting<gpioMode>(gpioMode const&)
 .text._ZN10pinBuilder7managerI8gpioModeEEbRKT_
                0x00000000080088e6       0x62 CMakeFiles/mainProject.dir/home/inumaki/Development/stm32WorkSpace/mainProject/Core/Drivers/GPIO/ioPin.cpp.obj
                0x00000000080088e6                bool pinBuilder::manager<gpioMode>(gpioMode const&)
 .text._ZN10pinBuilder12queueSettingI8gpioPUPDEEvRKT_
                0x0000000008008948       0x42 CMakeFiles/mainProject.dir/home/inumaki/Development/stm32WorkSpace/mainProject/Core/Drivers/GPIO/ioPin.cpp.obj
                0x0000000008008948                void pinBuilder::queueSetting<gpioPUPD>(gpioPUPD const&)
 .text._ZN10pinBuilder7managerI8gpioPUPDEEbRKT_
                0x000000000800898a       0x62 CMakeFiles/mainProject.dir/home/inumaki/Development/stm32WorkSpace/mainProject/Core/Drivers/GPIO/ioPin.cpp.obj
                0x000000000800898a                bool pinBuilder::manager<gpioPUPD>(gpioPUPD const&)
 .text._ZN10pinBuilder12queueSettingI14gpioOutputTypeEEvRKT_
                0x00000000080089ec       0x42 CMakeFiles/mainProject.dir/home/inumaki/Development/stm32WorkSpace/mainProject/Core/Drivers/GPIO/ioPin.cpp.obj
                0x00000000080089ec                void pinBuilder::queueSetting<gpioOutputType>(gpioOutputType const&)
 .text._ZN10pinBuilder7managerI14gpioOutputTypeEEbRKT_
                0x0000000008008a2e       0x62 CMakeFiles/mainProject.dir/home/inumaki/Development/stm32WorkSpace/mainProject/Core/Drivers/GPIO/ioPin.cpp.obj
                0x0000000008008a2e                bool pinBuilder::manager<gpioOutputType>(gpioOutputType const&)
 .text._ZN10pinBuilder12queueSettingI15gpioOutputSpeedEEvRKT_
                0x0000000008008a90       0x42 CMakeFiles/mainProject.dir/home/inumaki/Development/stm32WorkSpace/mainProject/Core/Drivers/GPIO/ioPin.cpp.obj
                0x0000000008008a90                void pinBuilder::queueSetting<gpioOutputSpeed>(gpioOutputSpeed const&)
 .text._ZN10pinBuilder7managerI15gpioOutputSpeedEEbRKT_
                0x0000000008008ad2       0x62 CMakeFiles/mainProject.dir/home/inumaki/Development/stm32WorkSpace/mainProject/Core/Drivers/GPIO/ioPin.cpp.obj
                0x0000000008008ad2                bool pinBuilder::manager<gpioOutputSpeed>(gpioOutputSpeed const&)
 .text._ZN10pinBuilder12queueSettingI8pinStateEEvRKT_
                0x0000000008008b34       0x42 CMakeFiles/mainProject.dir/home/inumaki/Development/stm32WorkSpace/mainProject/Core/Drivers/GPIO/ioPin.cpp.obj
                0x0000000008008b34                void pinBuilder::queueSetting<pinState>(pinState const&)
 .text._ZN10pinBuilder7managerI8pinStateEEbRKT_
                0x0000000008008b76       0x62 CMakeFiles/mainProject.dir/home/inumaki/Development/stm32WorkSpace/mainProject/Core/Drivers/GPIO/ioPin.cpp.obj
                0x0000000008008b76                bool pinBuilder::manager<pinState>(pinState const&)
 .text._ZN5ioPinC2IJ8gpioMode7gpioPin8pinState8gpioPortEEEDpT_
                0x0000000008008bd8       0x36 CMakeFiles/mainProject.dir/home/inumaki/Development/stm32WorkSpace/mainProject/Core/Src/main.cpp.obj
                0x0000000008008bd8                ioPin::ioPin<gpioMode, gpioPin, pinState, gpioPort>(gpioMode, gpioPin, pinState, gpioPort)
                0x0000000008008bd8                ioPin::ioPin<gpioMode, gpioPin, pinState, gpioPort>(gpioMode, gpioPin, pinState, gpioPort)
 .text._getpid  0x0000000008008c0e        0x4 CMakeFiles/mainProject.dir/home/inumaki/Development/stm32WorkSpace/mainProject/Core/Src/syscalls.c.obj
                0x0000000008008c0e                _getpid
 .text._kill    0x0000000008008c12       0x10 CMakeFiles/mainProject.dir/home/inumaki/Development/stm32WorkSpace/mainProject/Core/Src/syscalls.c.obj
                0x0000000008008c12                _kill
 .text._exit    0x0000000008008c22        0xc CMakeFiles/mainProject.dir/home/inumaki/Development/stm32WorkSpace/mainProject/Core/Src/syscalls.c.obj
                0x0000000008008c22                _exit
 .text._read    0x0000000008008c2e       0x20 CMakeFiles/mainProject.dir/home/inumaki/Development/stm32WorkSpace/mainProject/Core/Src/syscalls.c.obj
                0x0000000008008c2e                _read
 .text._write   0x0000000008008c4e       0x1c CMakeFiles/mainProject.dir/home/inumaki/Development/stm32WorkSpace/mainProject/Core/Src/syscalls.c.obj
                0x0000000008008c4e                _write
 .text._close   0x0000000008008c6a        0x6 CMakeFiles/mainProject.dir/home/inumaki/Development/stm32WorkSpace/mainProject/Core/Src/syscalls.c.obj
                0x0000000008008c6a                _close
 .text._fstat   0x0000000008008c70        0xa CMakeFiles/mainProject.dir/home/inumaki/Development/stm32WorkSpace/mainProject/Core/Src/syscalls.c.obj
                0x0000000008008c70                _fstat
 .text._isatty  0x0000000008008c7a        0x4 CMakeFiles/mainProject.dir/home/inumaki/Development/stm32WorkSpace/mainProject/Core/Src/syscalls.c.obj
                0x0000000008008c7a                _isatty
 .text._lseek   0x0000000008008c7e        0x4 CMakeFiles/mainProject.dir/home/inumaki/Development/stm32WorkSpace/mainProject/Core/Src/syscalls.c.obj
                0x0000000008008c7e                _lseek
 *fill*         0x0000000008008c82        0x2 
 .text._sbrk    0x0000000008008c84       0x48 CMakeFiles/mainProject.dir/home/inumaki/Development/stm32WorkSpace/mainProject/Core/Src/sysmem.c.obj
                0x0000000008008c84                _sbrk
 .text.Reset_Handler
                0x0000000008008ccc       0x4c CMakeFiles/mainProject.dir/home/inumaki/Development/stm32WorkSpace/mainProject/Core/Startup/startup_stm32f411retx.s.obj
                0x0000000008008ccc                Reset_Handler
 .text.Default_Handler
                0x0000000008008d18        0x2 CMakeFiles/mainProject.dir/home/inumaki/Development/stm32WorkSpace/mainProject/Core/Startup/startup_stm32f411retx.s.obj
                0x0000000008008d18                RTC_Alarm_IRQHandler
                0x0000000008008d18                EXTI2_IRQHandler
                0x0000000008008d18                DebugMon_Handler
                0x0000000008008d18                SPI4_IRQHandler
                0x0000000008008d18                TIM1_CC_IRQHandler
                0x0000000008008d18                DMA2_Stream5_IRQHandler
                0x0000000008008d18                HardFault_Handler
                0x0000000008008d18                DMA1_Stream5_IRQHandler
                0x0000000008008d18                SysTick_Handler
                0x0000000008008d18                PVD_IRQHandler
                0x0000000008008d18                SDIO_IRQHandler
                0x0000000008008d18                TAMP_STAMP_IRQHandler
                0x0000000008008d18                PendSV_Handler
                0x0000000008008d18                NMI_Handler
                0x0000000008008d18                EXTI3_IRQHandler
                0x0000000008008d18                TIM1_UP_TIM10_IRQHandler
                0x0000000008008d18                I2C3_ER_IRQHandler
                0x0000000008008d18                EXTI0_IRQHandler
                0x0000000008008d18                I2C2_EV_IRQHandler
                0x0000000008008d18                DMA1_Stream2_IRQHandler
                0x0000000008008d18                FPU_IRQHandler
                0x0000000008008d18                UsageFault_Handler
                0x0000000008008d18                DMA2_Stream2_IRQHandler
                0x0000000008008d18                SPI1_IRQHandler
                0x0000000008008d18                TIM1_BRK_TIM9_IRQHandler
                0x0000000008008d18                DMA2_Stream3_IRQHandler
                0x0000000008008d18                USART6_IRQHandler
                0x0000000008008d18                DMA2_Stream0_IRQHandler
                0x0000000008008d18                TIM4_IRQHandler
                0x0000000008008d18                I2C1_EV_IRQHandler
                0x0000000008008d18                DMA1_Stream6_IRQHandler
                0x0000000008008d18                DMA1_Stream1_IRQHandler
                0x0000000008008d18                TIM3_IRQHandler
                0x0000000008008d18                RCC_IRQHandler
                0x0000000008008d18                Default_Handler
                0x0000000008008d18                EXTI15_10_IRQHandler
                0x0000000008008d18                ADC_IRQHandler
                0x0000000008008d18                DMA1_Stream7_IRQHandler
                0x0000000008008d18                SPI5_IRQHandler
                0x0000000008008d18                TIM5_IRQHandler
                0x0000000008008d18                DMA2_Stream7_IRQHandler
                0x0000000008008d18                I2C3_EV_IRQHandler
                0x0000000008008d18                EXTI9_5_IRQHandler
                0x0000000008008d18                RTC_WKUP_IRQHandler
                0x0000000008008d18                SPI2_IRQHandler
                0x0000000008008d18                MemManage_Handler
                0x0000000008008d18                DMA1_Stream0_IRQHandler
                0x0000000008008d18                SVC_Handler
                0x0000000008008d18                EXTI4_IRQHandler
                0x0000000008008d18                WWDG_IRQHandler
                0x0000000008008d18                TIM2_IRQHandler
                0x0000000008008d18                OTG_FS_WKUP_IRQHandler
                0x0000000008008d18                TIM1_TRG_COM_TIM11_IRQHandler
                0x0000000008008d18                EXTI1_IRQHandler
                0x0000000008008d18                USART2_IRQHandler
                0x0000000008008d18                I2C2_ER_IRQHandler
                0x0000000008008d18                DMA2_Stream1_IRQHandler
                0x0000000008008d18                FLASH_IRQHandler
                0x0000000008008d18                DMA2_Stream4_IRQHandler
                0x0000000008008d18                BusFault_Handler
                0x0000000008008d18                USART1_IRQHandler
                0x0000000008008d18                OTG_FS_IRQHandler
                0x0000000008008d18                SPI3_IRQHandler
                0x0000000008008d18                DMA1_Stream4_IRQHandler
                0x0000000008008d18                I2C1_ER_IRQHandler
                0x0000000008008d18                DMA2_Stream6_IRQHandler
                0x0000000008008d18                DMA1_Stream3_IRQHandler
 *fill*         0x0000000008008d1a        0x2 
 .text.__aeabi_atexit
                0x0000000008008d1c        0xc /usr/bin/../lib/gcc/arm-none-eabi/10.3.1/../../../../arm-none-eabi/lib/thumb/v7e-m+fp/hard/libstdc++.a(atexit_arm.o)
                0x0000000008008d1c                __aeabi_atexit
 .text._ZdlPvj  0x0000000008008d28        0x4 /usr/bin/../lib/gcc/arm-none-eabi/10.3.1/../../../../arm-none-eabi/lib/thumb/v7e-m+fp/hard/libstdc++.a(del_ops.o)
                0x0000000008008d28                operator delete(void*, unsigned int)
 .text.__cxa_end_cleanup
                0x0000000008008d2c        0xc /usr/bin/../lib/gcc/arm-none-eabi/10.3.1/../../../../arm-none-eabi/lib/thumb/v7e-m+fp/hard/libstdc++.a(eh_arm.o)
                0x0000000008008d2c                __cxa_end_cleanup
 .text.__cxa_type_match
                0x0000000008008d38       0xb4 /usr/bin/../lib/gcc/arm-none-eabi/10.3.1/../../../../arm-none-eabi/lib/thumb/v7e-m+fp/hard/libstdc++.a(eh_arm.o)
                0x0000000008008d38                __cxa_type_match
 .text.__cxa_begin_cleanup
                0x0000000008008dec       0x64 /usr/bin/../lib/gcc/arm-none-eabi/10.3.1/../../../../arm-none-eabi/lib/thumb/v7e-m+fp/hard/libstdc++.a(eh_arm.o)
                0x0000000008008dec                __cxa_begin_cleanup
 .text.__gnu_end_cleanup
                0x0000000008008e50       0x70 /usr/bin/../lib/gcc/arm-none-eabi/10.3.1/../../../../arm-none-eabi/lib/thumb/v7e-m+fp/hard/libstdc++.a(eh_arm.o)
                0x0000000008008e50                __gnu_end_cleanup
 .text._ZNSt9exceptionD2Ev
                0x0000000008008ec0        0x4 /usr/bin/../lib/gcc/arm-none-eabi/10.3.1/../../../../arm-none-eabi/lib/thumb/v7e-m+fp/hard/libstdc++.a(eh_exception.o)
                0x0000000008008ec0                std::exception::~exception()
                0x0000000008008ec0                std::exception::~exception()
 .text._ZNSt13bad_exceptionD2Ev
                0x0000000008008ec4        0x4 /usr/bin/../lib/gcc/arm-none-eabi/10.3.1/../../../../arm-none-eabi/lib/thumb/v7e-m+fp/hard/libstdc++.a(eh_exception.o)
                0x0000000008008ec4                std::bad_exception::~bad_exception()
                0x0000000008008ec4                std::bad_exception::~bad_exception()
 .text._ZNKSt13bad_exception4whatEv
                0x0000000008008ec8        0x8 /usr/bin/../lib/gcc/arm-none-eabi/10.3.1/../../../../arm-none-eabi/lib/thumb/v7e-m+fp/hard/libstdc++.a(eh_exception.o)
                0x0000000008008ec8                transaction clone for std::bad_exception::what() const
                0x0000000008008ec8                std::bad_exception::what() const
 .text._ZNSt13bad_exceptionD0Ev
                0x0000000008008ed0       0x10 /usr/bin/../lib/gcc/arm-none-eabi/10.3.1/../../../../arm-none-eabi/lib/thumb/v7e-m+fp/hard/libstdc++.a(eh_exception.o)
                0x0000000008008ed0                std::bad_exception::~bad_exception()
 .text.__cxa_get_globals_fast
                0x0000000008008ee0        0x8 /usr/bin/../lib/gcc/arm-none-eabi/10.3.1/../../../../arm-none-eabi/lib/thumb/v7e-m+fp/hard/libstdc++.a(eh_globals.o)
                0x0000000008008ee0                __cxa_get_globals_fast
 .text.__cxa_get_globals
                0x0000000008008ee8        0x8 /usr/bin/../lib/gcc/arm-none-eabi/10.3.1/../../../../arm-none-eabi/lib/thumb/v7e-m+fp/hard/libstdc++.a(eh_globals.o)
                0x0000000008008ee8                __cxa_get_globals
 .text._ZL28read_encoded_value_with_basehjPKhPj
                0x0000000008008ef0       0xc0 /usr/bin/../lib/gcc/arm-none-eabi/10.3.1/../../../../arm-none-eabi/lib/thumb/v7e-m+fp/hard/libstdc++.a(eh_personality.o)
 .text._ZL21base_of_encoded_valuehP15_Unwind_Context
                0x0000000008008fb0       0x50 /usr/bin/../lib/gcc/arm-none-eabi/10.3.1/../../../../arm-none-eabi/lib/thumb/v7e-m+fp/hard/libstdc++.a(eh_personality.o)
 .text._ZL17parse_lsda_headerP15_Unwind_ContextPKhP16lsda_header_info
                0x0000000008009000       0x94 /usr/bin/../lib/gcc/arm-none-eabi/10.3.1/../../../../arm-none-eabi/lib/thumb/v7e-m+fp/hard/libstdc++.a(eh_personality.o)
 .text.__gxx_personality_v0
                0x0000000008009094      0x4a8 /usr/bin/../lib/gcc/arm-none-eabi/10.3.1/../../../../arm-none-eabi/lib/thumb/v7e-m+fp/hard/libstdc++.a(eh_personality.o)
                0x0000000008009094                __gxx_personality_v0
 .text._ZN10__cxxabiv111__terminateEPFvvE
                0x000000000800953c       0x28 /usr/bin/../lib/gcc/arm-none-eabi/10.3.1/../../../../arm-none-eabi/lib/thumb/v7e-m+fp/hard/libstdc++.a(eh_terminate.o)
                0x000000000800953c                __cxxabiv1::__terminate(void (*)())
 .text._ZSt9terminatev
                0x0000000008009564       0x14 /usr/bin/../lib/gcc/arm-none-eabi/10.3.1/../../../../arm-none-eabi/lib/thumb/v7e-m+fp/hard/libstdc++.a(eh_terminate.o)
                0x0000000008009564                std::terminate()
 .text._ZN10__cxxabiv112__unexpectedEPFvvE
                0x0000000008009578        0x8 /usr/bin/../lib/gcc/arm-none-eabi/10.3.1/../../../../arm-none-eabi/lib/thumb/v7e-m+fp/hard/libstdc++.a(eh_terminate.o)
                0x0000000008009578                __cxxabiv1::__unexpected(void (*)())
 .text._ZSt10unexpectedv
                0x0000000008009580       0x14 /usr/bin/../lib/gcc/arm-none-eabi/10.3.1/../../../../arm-none-eabi/lib/thumb/v7e-m+fp/hard/libstdc++.a(eh_terminate.o)
                0x0000000008009580                std::unexpected()
 .text._ZSt13get_terminatev
                0x0000000008009594       0x10 /usr/bin/../lib/gcc/arm-none-eabi/10.3.1/../../../../arm-none-eabi/lib/thumb/v7e-m+fp/hard/libstdc++.a(eh_terminate.o)
                0x0000000008009594                std::get_terminate()
 .text._ZSt14get_unexpectedv
                0x00000000080095a4       0x10 /usr/bin/../lib/gcc/arm-none-eabi/10.3.1/../../../../arm-none-eabi/lib/thumb/v7e-m+fp/hard/libstdc++.a(eh_terminate.o)
                0x00000000080095a4                std::get_unexpected()
 .text._Znwj    0x00000000080095b4       0x3c /usr/bin/../lib/gcc/arm-none-eabi/10.3.1/../../../../arm-none-eabi/lib/thumb/v7e-m+fp/hard/libstdc++.a(new_op.o)
                0x00000000080095b4                operator new(unsigned int)
 .text._ZN10__cxxabiv120__si_class_type_infoD2Ev
                0x00000000080095f0       0x14 /usr/bin/../lib/gcc/arm-none-eabi/10.3.1/../../../../arm-none-eabi/lib/thumb/v7e-m+fp/hard/libstdc++.a(si_class_type_info.o)
                0x00000000080095f0                __cxxabiv1::__si_class_type_info::~__si_class_type_info()
                0x00000000080095f0                __cxxabiv1::__si_class_type_info::~__si_class_type_info()
 .text._ZN10__cxxabiv120__si_class_type_infoD0Ev
                0x0000000008009604       0x1c /usr/bin/../lib/gcc/arm-none-eabi/10.3.1/../../../../arm-none-eabi/lib/thumb/v7e-m+fp/hard/libstdc++.a(si_class_type_info.o)
                0x0000000008009604                __cxxabiv1::__si_class_type_info::~__si_class_type_info()
 .text._ZNK10__cxxabiv120__si_class_type_info20__do_find_public_srcEiPKvPKNS_17__class_type_infoES2_
                0x0000000008009620       0x3c /usr/bin/../lib/gcc/arm-none-eabi/10.3.1/../../../../arm-none-eabi/lib/thumb/v7e-m+fp/hard/libstdc++.a(si_class_type_info.o)
                0x0000000008009620                __cxxabiv1::__si_class_type_info::__do_find_public_src(int, void const*, __cxxabiv1::__class_type_info const*, void const*) const
 .text._ZNK10__cxxabiv120__si_class_type_info12__do_dyncastEiNS_17__class_type_info10__sub_kindEPKS1_PKvS4_S6_RNS1_16__dyncast_resultE
                0x000000000800965c       0x80 /usr/bin/../lib/gcc/arm-none-eabi/10.3.1/../../../../arm-none-eabi/lib/thumb/v7e-m+fp/hard/libstdc++.a(si_class_type_info.o)
                0x000000000800965c                __cxxabiv1::__si_class_type_info::__do_dyncast(int, __cxxabiv1::__class_type_info::__sub_kind, __cxxabiv1::__class_type_info const*, void const*, __cxxabiv1::__class_type_info const*, void const*, __cxxabiv1::__class_type_info::__dyncast_result&) const
 .text._ZNK10__cxxabiv120__si_class_type_info11__do_upcastEPKNS_17__class_type_infoEPKvRNS1_15__upcast_resultE
                0x00000000080096dc       0x2c /usr/bin/../lib/gcc/arm-none-eabi/10.3.1/../../../../arm-none-eabi/lib/thumb/v7e-m+fp/hard/libstdc++.a(si_class_type_info.o)
                0x00000000080096dc                __cxxabiv1::__si_class_type_info::__do_upcast(__cxxabiv1::__class_type_info const*, void const*, __cxxabiv1::__class_type_info::__upcast_result&) const
 .text._ZNSt9type_infoD2Ev
                0x0000000008009708        0x4 /usr/bin/../lib/gcc/arm-none-eabi/10.3.1/../../../../arm-none-eabi/lib/thumb/v7e-m+fp/hard/libstdc++.a(tinfo.o)
                0x0000000008009708                std::type_info::~type_info()
                0x0000000008009708                std::type_info::~type_info()
 .text._ZNKSt9type_info14__is_pointer_pEv
                0x000000000800970c        0x4 /usr/bin/../lib/gcc/arm-none-eabi/10.3.1/../../../../arm-none-eabi/lib/thumb/v7e-m+fp/hard/libstdc++.a(tinfo.o)
                0x000000000800970c                std::type_info::__is_function_p() const
                0x000000000800970c                std::type_info::__is_pointer_p() const
 .text._ZNKSt9type_infoeqERKS_
                0x0000000008009710       0x2c /usr/bin/../lib/gcc/arm-none-eabi/10.3.1/../../../../arm-none-eabi/lib/thumb/v7e-m+fp/hard/libstdc++.a(tinfo.o)
                0x0000000008009710                std::type_info::operator==(std::type_info const&) const
 .text._ZN9__gnu_cxx27__verbose_terminate_handlerEv
                0x000000000800973c      0x10c /usr/bin/../lib/gcc/arm-none-eabi/10.3.1/../../../../arm-none-eabi/lib/thumb/v7e-m+fp/hard/libstdc++.a(vterminate.o)
                0x000000000800973c                __gnu_cxx::__verbose_terminate_handler()
 .text._ZNKSt9bad_alloc4whatEv
                0x0000000008009848        0x8 /usr/bin/../lib/gcc/arm-none-eabi/10.3.1/../../../../arm-none-eabi/lib/thumb/v7e-m+fp/hard/libstdc++.a(bad_alloc.o)
                0x0000000008009848                std::bad_alloc::what() const
 .text._ZNSt9bad_allocD2Ev
                0x0000000008009850       0x14 /usr/bin/../lib/gcc/arm-none-eabi/10.3.1/../../../../arm-none-eabi/lib/thumb/v7e-m+fp/hard/libstdc++.a(bad_alloc.o)
                0x0000000008009850                std::bad_alloc::~bad_alloc()
                0x0000000008009850                std::bad_alloc::~bad_alloc()
 .text._ZNSt9bad_allocD0Ev
                0x0000000008009864       0x1c /usr/bin/../lib/gcc/arm-none-eabi/10.3.1/../../../../arm-none-eabi/lib/thumb/v7e-m+fp/hard/libstdc++.a(bad_alloc.o)
                0x0000000008009864                std::bad_alloc::~bad_alloc()
 .text._ZNK10__cxxabiv117__class_type_info11__do_upcastEPKS0_PPv
                0x0000000008009880       0x34 /usr/bin/../lib/gcc/arm-none-eabi/10.3.1/../../../../arm-none-eabi/lib/thumb/v7e-m+fp/hard/libstdc++.a(class_type_info.o)
                0x0000000008009880                __cxxabiv1::__class_type_info::__do_upcast(__cxxabiv1::__class_type_info const*, void**) const
 .text._ZNK10__cxxabiv117__class_type_info20__do_find_public_srcEiPKvPKS0_S2_
                0x00000000080098b4        0xc /usr/bin/../lib/gcc/arm-none-eabi/10.3.1/../../../../arm-none-eabi/lib/thumb/v7e-m+fp/hard/libstdc++.a(class_type_info.o)
                0x00000000080098b4                __cxxabiv1::__class_type_info::__do_find_public_src(int, void const*, __cxxabiv1::__class_type_info const*, void const*) const
 .text._ZN10__cxxabiv117__class_type_infoD2Ev
                0x00000000080098c0       0x14 /usr/bin/../lib/gcc/arm-none-eabi/10.3.1/../../../../arm-none-eabi/lib/thumb/v7e-m+fp/hard/libstdc++.a(class_type_info.o)
                0x00000000080098c0                __cxxabiv1::__class_type_info::~__class_type_info()
                0x00000000080098c0                __cxxabiv1::__class_type_info::~__class_type_info()
 .text._ZN10__cxxabiv117__class_type_infoD0Ev
                0x00000000080098d4       0x1c /usr/bin/../lib/gcc/arm-none-eabi/10.3.1/../../../../arm-none-eabi/lib/thumb/v7e-m+fp/hard/libstdc++.a(class_type_info.o)
                0x00000000080098d4                __cxxabiv1::__class_type_info::~__class_type_info()
 .text._ZNK10__cxxabiv117__class_type_info12__do_dyncastEiNS0_10__sub_kindEPKS0_PKvS3_S5_RNS0_16__dyncast_resultE
                0x00000000080098f0       0x44 /usr/bin/../lib/gcc/arm-none-eabi/10.3.1/../../../../arm-none-eabi/lib/thumb/v7e-m+fp/hard/libstdc++.a(class_type_info.o)
                0x00000000080098f0                __cxxabiv1::__class_type_info::__do_dyncast(int, __cxxabiv1::__class_type_info::__sub_kind, __cxxabiv1::__class_type_info const*, void const*, __cxxabiv1::__class_type_info const*, void const*, __cxxabiv1::__class_type_info::__dyncast_result&) const
 .text._ZNK10__cxxabiv117__class_type_info11__do_upcastEPKS0_PKvRNS0_15__upcast_resultE
                0x0000000008009934       0x1c /usr/bin/../lib/gcc/arm-none-eabi/10.3.1/../../../../arm-none-eabi/lib/thumb/v7e-m+fp/hard/libstdc++.a(class_type_info.o)
                0x0000000008009934                __cxxabiv1::__class_type_info::__do_upcast(__cxxabiv1::__class_type_info const*, void const*, __cxxabiv1::__class_type_info::__upcast_result&) const
 .text._ZNK10__cxxabiv117__class_type_info10__do_catchEPKSt9type_infoPPvj
                0x0000000008009950       0x2c /usr/bin/../lib/gcc/arm-none-eabi/10.3.1/../../../../arm-none-eabi/lib/thumb/v7e-m+fp/hard/libstdc++.a(class_type_info.o)
                0x0000000008009950                __cxxabiv1::__class_type_info::__do_catch(std::type_info const*, void**, unsigned int) const
 .text._ZdlPv   0x000000000800997c        0x4 /usr/bin/../lib/gcc/arm-none-eabi/10.3.1/../../../../arm-none-eabi/lib/thumb/v7e-m+fp/hard/libstdc++.a(del_op.o)
                0x000000000800997c                operator delete(void*)
 .text._ZN12_GLOBAL__N_14pool4freeEPv.constprop.0
                0x0000000008009980       0x88 /usr/bin/../lib/gcc/arm-none-eabi/10.3.1/../../../../arm-none-eabi/lib/thumb/v7e-m+fp/hard/libstdc++.a(eh_alloc.o)
 .text._ZN12_GLOBAL__N_14pool8allocateEj.constprop.0
                0x0000000008009a08       0x58 /usr/bin/../lib/gcc/arm-none-eabi/10.3.1/../../../../arm-none-eabi/lib/thumb/v7e-m+fp/hard/libstdc++.a(eh_alloc.o)
 .text.__cxa_allocate_exception
                0x0000000008009a60       0x30 /usr/bin/../lib/gcc/arm-none-eabi/10.3.1/../../../../arm-none-eabi/lib/thumb/v7e-m+fp/hard/libstdc++.a(eh_alloc.o)
                0x0000000008009a60                __cxa_allocate_exception
 .text.__cxa_free_exception
                0x0000000008009a90       0x20 /usr/bin/../lib/gcc/arm-none-eabi/10.3.1/../../../../arm-none-eabi/lib/thumb/v7e-m+fp/hard/libstdc++.a(eh_alloc.o)
                0x0000000008009a90                __cxa_free_exception
 .text.startup._GLOBAL__sub_I__ZN9__gnu_cxx9__freeresEv
                0x0000000008009ab0       0x28 /usr/bin/../lib/gcc/arm-none-eabi/10.3.1/../../../../arm-none-eabi/lib/thumb/v7e-m+fp/hard/libstdc++.a(eh_alloc.o)
 .text._ZN10__cxxabiv1L24__is_gxx_exception_classEPc
                0x0000000008009ad8       0x3c /usr/bin/../lib/gcc/arm-none-eabi/10.3.1/../../../../arm-none-eabi/lib/thumb/v7e-m+fp/hard/libstdc++.a(eh_call.o)
 .text.__cxa_call_terminate
                0x0000000008009b14       0x20 /usr/bin/../lib/gcc/arm-none-eabi/10.3.1/../../../../arm-none-eabi/lib/thumb/v7e-m+fp/hard/libstdc++.a(eh_call.o)
                0x0000000008009b14                __cxa_call_terminate
 .text.unlikely.__cxa_call_unexpected
                0x0000000008009b34       0xe4 /usr/bin/../lib/gcc/arm-none-eabi/10.3.1/../../../../arm-none-eabi/lib/thumb/v7e-m+fp/hard/libstdc++.a(eh_call.o)
                0x0000000008009b34                __cxa_call_unexpected
 .text.__cxa_begin_catch
                0x0000000008009c18       0x7c /usr/bin/../lib/gcc/arm-none-eabi/10.3.1/../../../../arm-none-eabi/lib/thumb/v7e-m+fp/hard/libstdc++.a(eh_catch.o)
                0x0000000008009c18                __cxa_begin_catch
 .text.__cxa_end_catch
                0x0000000008009c94       0x8c /usr/bin/../lib/gcc/arm-none-eabi/10.3.1/../../../../arm-none-eabi/lib/thumb/v7e-m+fp/hard/libstdc++.a(eh_catch.o)
                0x0000000008009c94                __cxa_end_catch
 .text._ZL23__gxx_exception_cleanup19_Unwind_Reason_CodeP21_Unwind_Control_Block
                0x0000000008009d20       0x4c /usr/bin/../lib/gcc/arm-none-eabi/10.3.1/../../../../arm-none-eabi/lib/thumb/v7e-m+fp/hard/libstdc++.a(eh_throw.o)
 .text.__cxa_init_primary_exception
                0x0000000008009d6c       0x58 /usr/bin/../lib/gcc/arm-none-eabi/10.3.1/../../../../arm-none-eabi/lib/thumb/v7e-m+fp/hard/libstdc++.a(eh_throw.o)
                0x0000000008009d6c                __cxa_init_primary_exception
 .text.__cxa_throw
                0x0000000008009dc4       0x38 /usr/bin/../lib/gcc/arm-none-eabi/10.3.1/../../../../arm-none-eabi/lib/thumb/v7e-m+fp/hard/libstdc++.a(eh_throw.o)
                0x0000000008009dc4                __cxa_throw
 .text.__cxa_rethrow
                0x0000000008009dfc       0x70 /usr/bin/../lib/gcc/arm-none-eabi/10.3.1/../../../../arm-none-eabi/lib/thumb/v7e-m+fp/hard/libstdc++.a(eh_throw.o)
                0x0000000008009dfc                __cxa_rethrow
 .text.__cxa_current_exception_type
                0x0000000008009e6c       0x1c /usr/bin/../lib/gcc/arm-none-eabi/10.3.1/../../../../arm-none-eabi/lib/thumb/v7e-m+fp/hard/libstdc++.a(eh_type.o)
                0x0000000008009e6c                __cxa_current_exception_type
 .text._ZSt15get_new_handlerv
                0x0000000008009e88       0x10 /usr/bin/../lib/gcc/arm-none-eabi/10.3.1/../../../../arm-none-eabi/lib/thumb/v7e-m+fp/hard/libstdc++.a(new_handler.o)
                0x0000000008009e88                std::get_new_handler()
 .text.abort    0x0000000008009e98       0x10 /usr/bin/../lib/gcc/arm-none-eabi/10.3.1/../../../../arm-none-eabi/lib/thumb/v7e-m+fp/hard/libc.a(lib_a-abort.o)
                0x0000000008009e98                abort
 .text.__cxa_atexit
                0x0000000008009ea8        0xc /usr/bin/../lib/gcc/arm-none-eabi/10.3.1/../../../../arm-none-eabi/lib/thumb/v7e-m+fp/hard/libc.a(lib_a-cxa_atexit.o)
                0x0000000008009ea8                __cxa_atexit
 .text.__errno  0x0000000008009eb4        0xc /usr/bin/../lib/gcc/arm-none-eabi/10.3.1/../../../../arm-none-eabi/lib/thumb/v7e-m+fp/hard/libc.a(lib_a-errno.o)
                0x0000000008009eb4                __errno
 .text.fputc    0x0000000008009ec0       0x64 /usr/bin/../lib/gcc/arm-none-eabi/10.3.1/../../../../arm-none-eabi/lib/thumb/v7e-m+fp/hard/libc.a(lib_a-fputc.o)
                0x0000000008009ec0                fputc
 .text._fputs_r
                0x0000000008009f24       0x88 /usr/bin/../lib/gcc/arm-none-eabi/10.3.1/../../../../arm-none-eabi/lib/thumb/v7e-m+fp/hard/libc.a(lib_a-fputs.o)
                0x0000000008009f24                _fputs_r
 .text.fputs    0x0000000008009fac       0x18 /usr/bin/../lib/gcc/arm-none-eabi/10.3.1/../../../../arm-none-eabi/lib/thumb/v7e-m+fp/hard/libc.a(lib_a-fputs.o)
                0x0000000008009fac                fputs
 .text.__sfvwrite_r
                0x0000000008009fc4      0x2f0 /usr/bin/../lib/gcc/arm-none-eabi/10.3.1/../../../../arm-none-eabi/lib/thumb/v7e-m+fp/hard/libc.a(lib_a-fvwrite.o)
                0x0000000008009fc4                __sfvwrite_r
 .text._fwrite_r
                0x000000000800a2b4       0xa8 /usr/bin/../lib/gcc/arm-none-eabi/10.3.1/../../../../arm-none-eabi/lib/thumb/v7e-m+fp/hard/libc.a(lib_a-fwrite.o)
                0x000000000800a2b4                _fwrite_r
 .text.fwrite   0x000000000800a35c       0x20 /usr/bin/../lib/gcc/arm-none-eabi/10.3.1/../../../../arm-none-eabi/lib/thumb/v7e-m+fp/hard/libc.a(lib_a-fwrite.o)
                0x000000000800a35c                fwrite
 .text.__libc_init_array
                0x000000000800a37c       0x48 /usr/bin/../lib/gcc/arm-none-eabi/10.3.1/../../../../arm-none-eabi/lib/thumb/v7e-m+fp/hard/libc.a(lib_a-init.o)
                0x000000000800a37c                __libc_init_array
 .text.__retarget_lock_init_recursive
                0x000000000800a3c4        0x4 /usr/bin/../lib/gcc/arm-none-eabi/10.3.1/../../../../arm-none-eabi/lib/thumb/v7e-m+fp/hard/libc.a(lib_a-lock.o)
                0x000000000800a3c4                __retarget_lock_init_recursive
 .text.__retarget_lock_close_recursive
                0x000000000800a3c8        0x4 /usr/bin/../lib/gcc/arm-none-eabi/10.3.1/../../../../arm-none-eabi/lib/thumb/v7e-m+fp/hard/libc.a(lib_a-lock.o)
                0x000000000800a3c8                __retarget_lock_close_recursive
 .text.__retarget_lock_acquire_recursive
                0x000000000800a3cc        0x4 /usr/bin/../lib/gcc/arm-none-eabi/10.3.1/../../../../arm-none-eabi/lib/thumb/v7e-m+fp/hard/libc.a(lib_a-lock.o)
                0x000000000800a3cc                __retarget_lock_acquire_recursive
 .text.__retarget_lock_release_recursive
                0x000000000800a3d0        0x4 /usr/bin/../lib/gcc/arm-none-eabi/10.3.1/../../../../arm-none-eabi/lib/thumb/v7e-m+fp/hard/libc.a(lib_a-lock.o)
                0x000000000800a3d0                __retarget_lock_release_recursive
 .text.malloc   0x000000000800a3d4       0x10 /usr/bin/../lib/gcc/arm-none-eabi/10.3.1/../../../../arm-none-eabi/lib/thumb/v7e-m+fp/hard/libc.a(lib_a-malloc.o)
                0x000000000800a3d4                malloc
 .text.free     0x000000000800a3e4       0x10 /usr/bin/../lib/gcc/arm-none-eabi/10.3.1/../../../../arm-none-eabi/lib/thumb/v7e-m+fp/hard/libc.a(lib_a-malloc.o)
                0x000000000800a3e4                free
 .text._malloc_r
                0x000000000800a3f4      0x560 /usr/bin/../lib/gcc/arm-none-eabi/10.3.1/../../../../arm-none-eabi/lib/thumb/v7e-m+fp/hard/libc.a(lib_a-mallocr.o)
                0x000000000800a3f4                _malloc_r
 .text.memcmp   0x000000000800a954       0x64 /usr/bin/../lib/gcc/arm-none-eabi/10.3.1/../../../../arm-none-eabi/lib/thumb/v7e-m+fp/hard/libc.a(lib_a-memcmp.o)
                0x000000000800a954                memcmp
 .text.memmove  0x000000000800a9b8       0xf8 /usr/bin/../lib/gcc/arm-none-eabi/10.3.1/../../../../arm-none-eabi/lib/thumb/v7e-m+fp/hard/libc.a(lib_a-memmove.o)
                0x000000000800a9b8                memmove
 .text.memset   0x000000000800aab0       0xa4 /usr/bin/../lib/gcc/arm-none-eabi/10.3.1/../../../../arm-none-eabi/lib/thumb/v7e-m+fp/hard/libc.a(lib_a-memset.o)
                0x000000000800aab0                memset
 .text.__malloc_lock
                0x000000000800ab54        0xc /usr/bin/../lib/gcc/arm-none-eabi/10.3.1/../../../../arm-none-eabi/lib/thumb/v7e-m+fp/hard/libc.a(lib_a-mlock.o)
                0x000000000800ab54                __malloc_lock
 .text.__malloc_unlock
                0x000000000800ab60        0xc /usr/bin/../lib/gcc/arm-none-eabi/10.3.1/../../../../arm-none-eabi/lib/thumb/v7e-m+fp/hard/libc.a(lib_a-mlock.o)
                0x000000000800ab60                __malloc_unlock
 .text._putc_r  0x000000000800ab6c       0x74 /usr/bin/../lib/gcc/arm-none-eabi/10.3.1/../../../../arm-none-eabi/lib/thumb/v7e-m+fp/hard/libc.a(lib_a-putc.o)
                0x000000000800ab6c                _putc_r
 .text.realloc  0x000000000800abe0       0x18 /usr/bin/../lib/gcc/arm-none-eabi/10.3.1/../../../../arm-none-eabi/lib/thumb/v7e-m+fp/hard/libc.a(lib_a-realloc.o)
                0x000000000800abe0                realloc
 .text._realloc_r
                0x000000000800abf8      0x3d8 /usr/bin/../lib/gcc/arm-none-eabi/10.3.1/../../../../arm-none-eabi/lib/thumb/v7e-m+fp/hard/libc.a(lib_a-reallocr.o)
                0x000000000800abf8                _realloc_r
 .text._sbrk_r  0x000000000800afd0       0x24 /usr/bin/../lib/gcc/arm-none-eabi/10.3.1/../../../../arm-none-eabi/lib/thumb/v7e-m+fp/hard/libc.a(lib_a-sbrkr.o)
                0x000000000800afd0                _sbrk_r
 .text.raise    0x000000000800aff4       0x5c /usr/bin/../lib/gcc/arm-none-eabi/10.3.1/../../../../arm-none-eabi/lib/thumb/v7e-m+fp/hard/libc.a(lib_a-signal.o)
                0x000000000800aff4                raise
 .text._kill_r  0x000000000800b050       0x2c /usr/bin/../lib/gcc/arm-none-eabi/10.3.1/../../../../arm-none-eabi/lib/thumb/v7e-m+fp/hard/libc.a(lib_a-signalr.o)
                0x000000000800b050                _kill_r
 .text._getpid_r
                0x000000000800b07c        0x4 /usr/bin/../lib/gcc/arm-none-eabi/10.3.1/../../../../arm-none-eabi/lib/thumb/v7e-m+fp/hard/libc.a(lib_a-signalr.o)
                0x000000000800b07c                _getpid_r
 .text.sprintf  0x000000000800b080       0x40 /usr/bin/../lib/gcc/arm-none-eabi/10.3.1/../../../../arm-none-eabi/lib/thumb/v7e-m+fp/hard/libc.a(lib_a-sprintf.o)
                0x000000000800b080                sprintf
 .text.strncmp  0x000000000800b0c0       0x80 /usr/bin/../lib/gcc/arm-none-eabi/10.3.1/../../../../arm-none-eabi/lib/thumb/v7e-m+fp/hard/libc.a(lib_a-strncmp.o)
                0x000000000800b0c0                strncmp
 .text._svfprintf_r
                0x000000000800b140     0x1acc /usr/bin/../lib/gcc/arm-none-eabi/10.3.1/../../../../arm-none-eabi/lib/thumb/v7e-m+fp/hard/libc.a(lib_a-svfprintf.o)
                0x000000000800b140                _svfprintf_r
 .text.__swbuf_r
                0x000000000800cc0c       0xb0 /usr/bin/../lib/gcc/arm-none-eabi/10.3.1/../../../../arm-none-eabi/lib/thumb/v7e-m+fp/hard/libc.a(lib_a-wbuf.o)
                0x000000000800cc0c                __swbuf_r
 .text._write_r
                0x000000000800ccbc       0x2c /usr/bin/../lib/gcc/arm-none-eabi/10.3.1/../../../../arm-none-eabi/lib/thumb/v7e-m+fp/hard/libc.a(lib_a-writer.o)
                0x000000000800ccbc                _write_r
 .text.__swsetup_r
                0x000000000800cce8       0xd4 /usr/bin/../lib/gcc/arm-none-eabi/10.3.1/../../../../arm-none-eabi/lib/thumb/v7e-m+fp/hard/libc.a(lib_a-wsetup.o)
                0x000000000800cce8                __swsetup_r
 .text.__register_exitproc
                0x000000000800cdbc       0x8c /usr/bin/../lib/gcc/arm-none-eabi/10.3.1/../../../../arm-none-eabi/lib/thumb/v7e-m+fp/hard/libc.a(lib_a-__atexit.o)
                0x000000000800cdbc                __register_exitproc
 .text.startup.register_fini
                0x000000000800ce48       0x14 /usr/bin/../lib/gcc/arm-none-eabi/10.3.1/../../../../arm-none-eabi/lib/thumb/v7e-m+fp/hard/libc.a(lib_a-__call_atexit.o)
 .text.atexit   0x000000000800ce5c        0xc /usr/bin/../lib/gcc/arm-none-eabi/10.3.1/../../../../arm-none-eabi/lib/thumb/v7e-m+fp/hard/libc.a(lib_a-atexit.o)
                0x000000000800ce5c                atexit
 .text.quorem   0x000000000800ce68      0x128 /usr/bin/../lib/gcc/arm-none-eabi/10.3.1/../../../../arm-none-eabi/lib/thumb/v7e-m+fp/hard/libc.a(lib_a-dtoa.o)
 .text._dtoa_r  0x000000000800cf90      0xf3c /usr/bin/../lib/gcc/arm-none-eabi/10.3.1/../../../../arm-none-eabi/lib/thumb/v7e-m+fp/hard/libc.a(lib_a-dtoa.o)
                0x000000000800cf90                _dtoa_r
 .text.__sflush_r
                0x000000000800decc      0x130 /usr/bin/../lib/gcc/arm-none-eabi/10.3.1/../../../../arm-none-eabi/lib/thumb/v7e-m+fp/hard/libc.a(lib_a-fflush.o)
                0x000000000800decc                __sflush_r
 .text._fflush_r
                0x000000000800dffc       0x5c /usr/bin/../lib/gcc/arm-none-eabi/10.3.1/../../../../arm-none-eabi/lib/thumb/v7e-m+fp/hard/libc.a(lib_a-fflush.o)
                0x000000000800dffc                _fflush_r
 .text._cleanup_r
                0x000000000800e058        0xc /usr/bin/../lib/gcc/arm-none-eabi/10.3.1/../../../../arm-none-eabi/lib/thumb/v7e-m+fp/hard/libc.a(lib_a-findfp.o)
                0x000000000800e058                _cleanup_r
 .text.__sinit  0x000000000800e064      0x10c /usr/bin/../lib/gcc/arm-none-eabi/10.3.1/../../../../arm-none-eabi/lib/thumb/v7e-m+fp/hard/libc.a(lib_a-findfp.o)
                0x000000000800e064                __sinit
 .text.__sfp_lock_acquire
                0x000000000800e170        0xc /usr/bin/../lib/gcc/arm-none-eabi/10.3.1/../../../../arm-none-eabi/lib/thumb/v7e-m+fp/hard/libc.a(lib_a-findfp.o)
                0x000000000800e170                __sfp_lock_acquire
 .text.__sfp_lock_release
                0x000000000800e17c        0xc /usr/bin/../lib/gcc/arm-none-eabi/10.3.1/../../../../arm-none-eabi/lib/thumb/v7e-m+fp/hard/libc.a(lib_a-findfp.o)
                0x000000000800e17c                __sfp_lock_release
 .text.__libc_fini_array
                0x000000000800e188       0x2c /usr/bin/../lib/gcc/arm-none-eabi/10.3.1/../../../../arm-none-eabi/lib/thumb/v7e-m+fp/hard/libc.a(lib_a-fini.o)
                0x000000000800e188                __libc_fini_array
 .text._malloc_trim_r
                0x000000000800e1b4       0xa0 /usr/bin/../lib/gcc/arm-none-eabi/10.3.1/../../../../arm-none-eabi/lib/thumb/v7e-m+fp/hard/libc.a(lib_a-freer.o)
                0x000000000800e1b4                _malloc_trim_r
 .text._free_r  0x000000000800e254      0x20c /usr/bin/../lib/gcc/arm-none-eabi/10.3.1/../../../../arm-none-eabi/lib/thumb/v7e-m+fp/hard/libc.a(lib_a-freer.o)
                0x000000000800e254                _free_r
 .text._fwalk_reent
                0x000000000800e460       0x48 /usr/bin/../lib/gcc/arm-none-eabi/10.3.1/../../../../arm-none-eabi/lib/thumb/v7e-m+fp/hard/libc.a(lib_a-fwalk.o)
                0x000000000800e460                _fwalk_reent
 .text._localeconv_r
                0x000000000800e4a8        0x8 /usr/bin/../lib/gcc/arm-none-eabi/10.3.1/../../../../arm-none-eabi/lib/thumb/v7e-m+fp/hard/libc.a(lib_a-localeconv.o)
                0x000000000800e4a8                _localeconv_r
 .text.__smakebuf_r
                0x000000000800e4b0       0xe0 /usr/bin/../lib/gcc/arm-none-eabi/10.3.1/../../../../arm-none-eabi/lib/thumb/v7e-m+fp/hard/libc.a(lib_a-makebuf.o)
                0x000000000800e4b0                __smakebuf_r
 .text._Balloc  0x000000000800e590       0x4c /usr/bin/../lib/gcc/arm-none-eabi/10.3.1/../../../../arm-none-eabi/lib/thumb/v7e-m+fp/hard/libc.a(lib_a-mprec.o)
                0x000000000800e590                _Balloc
 .text._Bfree   0x000000000800e5dc       0x14 /usr/bin/../lib/gcc/arm-none-eabi/10.3.1/../../../../arm-none-eabi/lib/thumb/v7e-m+fp/hard/libc.a(lib_a-mprec.o)
                0x000000000800e5dc                _Bfree
 .text.__multadd
                0x000000000800e5f0       0xa8 /usr/bin/../lib/gcc/arm-none-eabi/10.3.1/../../../../arm-none-eabi/lib/thumb/v7e-m+fp/hard/libc.a(lib_a-mprec.o)
                0x000000000800e5f0                __multadd
 .text.__hi0bits
                0x000000000800e698       0x40 /usr/bin/../lib/gcc/arm-none-eabi/10.3.1/../../../../arm-none-eabi/lib/thumb/v7e-m+fp/hard/libc.a(lib_a-mprec.o)
                0x000000000800e698                __hi0bits
 .text.__lo0bits
                0x000000000800e6d8       0x60 /usr/bin/../lib/gcc/arm-none-eabi/10.3.1/../../../../arm-none-eabi/lib/thumb/v7e-m+fp/hard/libc.a(lib_a-mprec.o)
                0x000000000800e6d8                __lo0bits
 .text.__i2b    0x000000000800e738       0x5c /usr/bin/../lib/gcc/arm-none-eabi/10.3.1/../../../../arm-none-eabi/lib/thumb/v7e-m+fp/hard/libc.a(lib_a-mprec.o)
                0x000000000800e738                __i2b
 .text.__multiply
                0x000000000800e794      0x15c /usr/bin/../lib/gcc/arm-none-eabi/10.3.1/../../../../arm-none-eabi/lib/thumb/v7e-m+fp/hard/libc.a(lib_a-mprec.o)
                0x000000000800e794                __multiply
 .text.__pow5mult
                0x000000000800e8f0       0xc0 /usr/bin/../lib/gcc/arm-none-eabi/10.3.1/../../../../arm-none-eabi/lib/thumb/v7e-m+fp/hard/libc.a(lib_a-mprec.o)
                0x000000000800e8f0                __pow5mult
 .text.__lshift
                0x000000000800e9b0       0xf0 /usr/bin/../lib/gcc/arm-none-eabi/10.3.1/../../../../arm-none-eabi/lib/thumb/v7e-m+fp/hard/libc.a(lib_a-mprec.o)
                0x000000000800e9b0                __lshift
 .text.__mcmp   0x000000000800eaa0       0x44 /usr/bin/../lib/gcc/arm-none-eabi/10.3.1/../../../../arm-none-eabi/lib/thumb/v7e-m+fp/hard/libc.a(lib_a-mprec.o)
                0x000000000800eaa0                __mcmp
 .text.__mdiff  0x000000000800eae4      0x14c /usr/bin/../lib/gcc/arm-none-eabi/10.3.1/../../../../arm-none-eabi/lib/thumb/v7e-m+fp/hard/libc.a(lib_a-mprec.o)
                0x000000000800eae4                __mdiff
 .text.__d2b    0x000000000800ec30       0xd0 /usr/bin/../lib/gcc/arm-none-eabi/10.3.1/../../../../arm-none-eabi/lib/thumb/v7e-m+fp/hard/libc.a(lib_a-mprec.o)
                0x000000000800ec30                __d2b
 .text.frexp    0x000000000800ed00       0x6c /usr/bin/../lib/gcc/arm-none-eabi/10.3.1/../../../../arm-none-eabi/lib/thumb/v7e-m+fp/hard/libc.a(lib_a-s_frexp.o)
                0x000000000800ed00                frexp
 .text.__sread  0x000000000800ed6c       0x24 /usr/bin/../lib/gcc/arm-none-eabi/10.3.1/../../../../arm-none-eabi/lib/thumb/v7e-m+fp/hard/libc.a(lib_a-stdio.o)
                0x000000000800ed6c                __sread
 .text.__swrite
                0x000000000800ed90       0x40 /usr/bin/../lib/gcc/arm-none-eabi/10.3.1/../../../../arm-none-eabi/lib/thumb/v7e-m+fp/hard/libc.a(lib_a-stdio.o)
                0x000000000800ed90                __swrite
 .text.__sseek  0x000000000800edd0       0x20 /usr/bin/../lib/gcc/arm-none-eabi/10.3.1/../../../../arm-none-eabi/lib/thumb/v7e-m+fp/hard/libc.a(lib_a-stdio.o)
                0x000000000800edd0                __sseek
 .text.__sclose
                0x000000000800edf0        0x8 /usr/bin/../lib/gcc/arm-none-eabi/10.3.1/../../../../arm-none-eabi/lib/thumb/v7e-m+fp/hard/libc.a(lib_a-stdio.o)
                0x000000000800edf0                __sclose
 .text.strncpy  0x000000000800edf8       0x64 /usr/bin/../lib/gcc/arm-none-eabi/10.3.1/../../../../arm-none-eabi/lib/thumb/v7e-m+fp/hard/libc.a(lib_a-strncpy.o)
                0x000000000800edf8                strncpy
 .text.__ssprint_r
                0x000000000800ee5c       0xf8 /usr/bin/../lib/gcc/arm-none-eabi/10.3.1/../../../../arm-none-eabi/lib/thumb/v7e-m+fp/hard/libc.a(lib_a-svfiprintf.o)
                0x000000000800ee5c                __ssprint_r
 .text.__assert_func
                0x000000000800ef54       0x40 /usr/bin/../lib/gcc/arm-none-eabi/10.3.1/../../../../arm-none-eabi/lib/thumb/v7e-m+fp/hard/libc.a(lib_a-assert.o)
                0x000000000800ef54                __assert_func
 .text._calloc_r
                0x000000000800ef94       0x78 /usr/bin/../lib/gcc/arm-none-eabi/10.3.1/../../../../arm-none-eabi/lib/thumb/v7e-m+fp/hard/libc.a(lib_a-callocr.o)
                0x000000000800ef94                _calloc_r
 .text._close_r
                0x000000000800f00c       0x24 /usr/bin/../lib/gcc/arm-none-eabi/10.3.1/../../../../arm-none-eabi/lib/thumb/v7e-m+fp/hard/libc.a(lib_a-closer.o)
                0x000000000800f00c                _close_r
 .text._fclose_r
                0x000000000800f030       0xcc /usr/bin/../lib/gcc/arm-none-eabi/10.3.1/../../../../arm-none-eabi/lib/thumb/v7e-m+fp/hard/libc.a(lib_a-fclose.o)
                0x000000000800f030                _fclose_r
 .text.fiprintf
                0x000000000800f0fc       0x28 /usr/bin/../lib/gcc/arm-none-eabi/10.3.1/../../../../arm-none-eabi/lib/thumb/v7e-m+fp/hard/libc.a(lib_a-fiprintf.o)
                0x000000000800f0fc                fiprintf
 .text._fstat_r
                0x000000000800f124       0x2c /usr/bin/../lib/gcc/arm-none-eabi/10.3.1/../../../../arm-none-eabi/lib/thumb/v7e-m+fp/hard/libc.a(lib_a-fstatr.o)
                0x000000000800f124                _fstat_r
 .text._isatty_r
                0x000000000800f150       0x24 /usr/bin/../lib/gcc/arm-none-eabi/10.3.1/../../../../arm-none-eabi/lib/thumb/v7e-m+fp/hard/libc.a(lib_a-isattyr.o)
                0x000000000800f150                _isatty_r
 .text.__locale_mb_cur_max
                0x000000000800f174        0xc /usr/bin/../lib/gcc/arm-none-eabi/10.3.1/../../../../arm-none-eabi/lib/thumb/v7e-m+fp/hard/libc.a(lib_a-locale.o)
                0x000000000800f174                __locale_mb_cur_max
 .text._lseek_r
                0x000000000800f180       0x2c /usr/bin/../lib/gcc/arm-none-eabi/10.3.1/../../../../arm-none-eabi/lib/thumb/v7e-m+fp/hard/libc.a(lib_a-lseekr.o)
                0x000000000800f180                _lseek_r
 .text.__ascii_mbtowc
                0x000000000800f1ac       0x2c /usr/bin/../lib/gcc/arm-none-eabi/10.3.1/../../../../arm-none-eabi/lib/thumb/v7e-m+fp/hard/libc.a(lib_a-mbtowc_r.o)
                0x000000000800f1ac                __ascii_mbtowc
 .text._read_r  0x000000000800f1d8       0x2c /usr/bin/../lib/gcc/arm-none-eabi/10.3.1/../../../../arm-none-eabi/lib/thumb/v7e-m+fp/hard/libc.a(lib_a-readr.o)
                0x000000000800f1d8                _read_r
 .text.__sprint_r.part.0
                0x000000000800f204       0x78 /usr/bin/../lib/gcc/arm-none-eabi/10.3.1/../../../../arm-none-eabi/lib/thumb/v7e-m+fp/hard/libc.a(lib_a-vfiprintf.o)
 .text._vfiprintf_r
                0x000000000800f27c      0xdfc /usr/bin/../lib/gcc/arm-none-eabi/10.3.1/../../../../arm-none-eabi/lib/thumb/v7e-m+fp/hard/libc.a(lib_a-vfiprintf.o)
                0x000000000800f27c                _vfiprintf_r
 .text.__sbprintf
                0x0000000008010078       0x80 /usr/bin/../lib/gcc/arm-none-eabi/10.3.1/../../../../arm-none-eabi/lib/thumb/v7e-m+fp/hard/libc.a(lib_a-vfiprintf.o)
 .text.__ascii_wctomb
                0x00000000080100f8       0x1c /usr/bin/../lib/gcc/arm-none-eabi/10.3.1/../../../../arm-none-eabi/lib/thumb/v7e-m+fp/hard/libc.a(lib_a-wctomb_r.o)
                0x00000000080100f8                __ascii_wctomb
 .text.__fputwc
                0x0000000008010114       0xa8 /usr/bin/../lib/gcc/arm-none-eabi/10.3.1/../../../../arm-none-eabi/lib/thumb/v7e-m+fp/hard/libc.a(lib_a-fputwc.o)
                0x0000000008010114                __fputwc
 .text._fputwc_r
                0x00000000080101bc       0x68 /usr/bin/../lib/gcc/arm-none-eabi/10.3.1/../../../../arm-none-eabi/lib/thumb/v7e-m+fp/hard/libc.a(lib_a-fputwc.o)
                0x00000000080101bc                _fputwc_r
 .text._wcrtomb_r
                0x0000000008010224       0x3c /usr/bin/../lib/gcc/arm-none-eabi/10.3.1/../../../../arm-none-eabi/lib/thumb/v7e-m+fp/hard/libc.a(lib_a-wcrtomb.o)
                0x0000000008010224                _wcrtomb_r
 .text.unlikely
                0x0000000008010260        0xc /usr/bin/../lib/gcc/arm-none-eabi/10.3.1/thumb/v7e-m+fp/hard/libgcc.a(pr-support.o)
                0x0000000008010260                _Unwind_GetDataRelBase
                0x0000000008010266                _Unwind_GetTextRelBase
 *(.glue_7)
 .glue_7        0x000000000801026c        0x0 linker stubs
 *(.glue_7t)
 .glue_7t       0x000000000801026c        0x0 linker stubs
 *(.eh_frame)
 .eh_frame      0x000000000801026c        0x0 /usr/bin/../lib/gcc/arm-none-eabi/10.3.1/thumb/v7e-m+fp/hard/crtbegin.o
 *(.init)
 .init          0x000000000801026c        0x4 /usr/bin/../lib/gcc/arm-none-eabi/10.3.1/thumb/v7e-m+fp/hard/crti.o
                0x000000000801026c                _init
 .init          0x0000000008010270        0x8 /usr/bin/../lib/gcc/arm-none-eabi/10.3.1/thumb/v7e-m+fp/hard/crtn.o
 *(.fini)
 .fini          0x0000000008010278        0x4 /usr/bin/../lib/gcc/arm-none-eabi/10.3.1/thumb/v7e-m+fp/hard/crti.o
                0x0000000008010278                _fini
 .fini          0x000000000801027c        0x8 /usr/bin/../lib/gcc/arm-none-eabi/10.3.1/thumb/v7e-m+fp/hard/crtn.o
                0x0000000008010284                . = ALIGN (0x4)
                0x0000000008010284                _etext = .

.vfp11_veneer   0x0000000008010284        0x0
 .vfp11_veneer  0x0000000008010284        0x0 linker stubs

.v4_bx          0x0000000008010284        0x0
 .v4_bx         0x0000000008010284        0x0 linker stubs

.iplt           0x0000000008010284        0x0
 .iplt          0x0000000008010284        0x0 /usr/bin/../lib/gcc/arm-none-eabi/10.3.1/thumb/v7e-m+fp/hard/crtbegin.o

.rodata         0x0000000008010288     0x16dc
                0x0000000008010288                . = ALIGN (0x4)
 *(.rodata)
 .rodata        0x0000000008010288       0x1c CMakeFiles/mainProject.dir/home/inumaki/Development/stm32WorkSpace/mainProject/Core/Drivers/GPIO/ioPin.cpp.obj
 .rodata        0x00000000080102a4      0x7cc /usr/bin/../lib/gcc/arm-none-eabi/10.3.1/../../../../arm-none-eabi/lib/thumb/v7e-m+fp/hard/libstdc++.a(cp-demangle.o)
 *(.rodata*)
 .rodata._ZNKSt13bad_exception4whatEv.str1.4
                0x0000000008010a70       0x13 /usr/bin/../lib/gcc/arm-none-eabi/10.3.1/../../../../arm-none-eabi/lib/thumb/v7e-m+fp/hard/libstdc++.a(eh_exception.o)
 *fill*         0x0000000008010a83        0x1 
 .rodata._ZTIN10__cxxabiv115__forced_unwindE
                0x0000000008010a84        0x8 /usr/bin/../lib/gcc/arm-none-eabi/10.3.1/../../../../arm-none-eabi/lib/thumb/v7e-m+fp/hard/libstdc++.a(eh_exception.o)
                0x0000000008010a84                typeinfo for __cxxabiv1::__forced_unwind
 .rodata._ZTIN10__cxxabiv119__foreign_exceptionE
                0x0000000008010a8c        0x8 /usr/bin/../lib/gcc/arm-none-eabi/10.3.1/../../../../arm-none-eabi/lib/thumb/v7e-m+fp/hard/libstdc++.a(eh_exception.o)
                0x0000000008010a8c                typeinfo for __cxxabiv1::__foreign_exception
 .rodata._ZTISt13bad_exception
                0x0000000008010a94        0xc /usr/bin/../lib/gcc/arm-none-eabi/10.3.1/../../../../arm-none-eabi/lib/thumb/v7e-m+fp/hard/libstdc++.a(eh_exception.o)
                0x0000000008010a94                typeinfo for std::bad_exception
 .rodata._ZTISt9exception
                0x0000000008010aa0        0x8 /usr/bin/../lib/gcc/arm-none-eabi/10.3.1/../../../../arm-none-eabi/lib/thumb/v7e-m+fp/hard/libstdc++.a(eh_exception.o)
                0x0000000008010aa0                typeinfo for std::exception
 .rodata._ZTSN10__cxxabiv115__forced_unwindE
                0x0000000008010aa8       0x20 /usr/bin/../lib/gcc/arm-none-eabi/10.3.1/../../../../arm-none-eabi/lib/thumb/v7e-m+fp/hard/libstdc++.a(eh_exception.o)
                0x0000000008010aa8                typeinfo name for __cxxabiv1::__forced_unwind
 .rodata._ZTSN10__cxxabiv119__foreign_exceptionE
                0x0000000008010ac8       0x24 /usr/bin/../lib/gcc/arm-none-eabi/10.3.1/../../../../arm-none-eabi/lib/thumb/v7e-m+fp/hard/libstdc++.a(eh_exception.o)
                0x0000000008010ac8                typeinfo name for __cxxabiv1::__foreign_exception
 .rodata._ZTSSt13bad_exception
                0x0000000008010aec       0x12 /usr/bin/../lib/gcc/arm-none-eabi/10.3.1/../../../../arm-none-eabi/lib/thumb/v7e-m+fp/hard/libstdc++.a(eh_exception.o)
                0x0000000008010aec                typeinfo name for std::bad_exception
 *fill*         0x0000000008010afe        0x2 
 .rodata._ZTSSt9exception
                0x0000000008010b00        0xd /usr/bin/../lib/gcc/arm-none-eabi/10.3.1/../../../../arm-none-eabi/lib/thumb/v7e-m+fp/hard/libstdc++.a(eh_exception.o)
                0x0000000008010b00                typeinfo name for std::exception
 *fill*         0x0000000008010b0d        0x3 
 .rodata._ZTVSt13bad_exception
                0x0000000008010b10       0x14 /usr/bin/../lib/gcc/arm-none-eabi/10.3.1/../../../../arm-none-eabi/lib/thumb/v7e-m+fp/hard/libstdc++.a(eh_exception.o)
                0x0000000008010b10                vtable for std::bad_exception
 .rodata._ZTIN10__cxxabiv120__si_class_type_infoE
                0x0000000008010b24        0xc /usr/bin/../lib/gcc/arm-none-eabi/10.3.1/../../../../arm-none-eabi/lib/thumb/v7e-m+fp/hard/libstdc++.a(si_class_type_info.o)
                0x0000000008010b24                typeinfo for __cxxabiv1::__si_class_type_info
 .rodata._ZTSN10__cxxabiv120__si_class_type_infoE
                0x0000000008010b30       0x25 /usr/bin/../lib/gcc/arm-none-eabi/10.3.1/../../../../arm-none-eabi/lib/thumb/v7e-m+fp/hard/libstdc++.a(si_class_type_info.o)
                0x0000000008010b30                typeinfo name for __cxxabiv1::__si_class_type_info
 *fill*         0x0000000008010b55        0x3 
 .rodata._ZTVN10__cxxabiv120__si_class_type_infoE
                0x0000000008010b58       0x2c /usr/bin/../lib/gcc/arm-none-eabi/10.3.1/../../../../arm-none-eabi/lib/thumb/v7e-m+fp/hard/libstdc++.a(si_class_type_info.o)
                0x0000000008010b58                vtable for __cxxabiv1::__si_class_type_info
 .rodata._ZTISt9type_info
                0x0000000008010b84        0x8 /usr/bin/../lib/gcc/arm-none-eabi/10.3.1/../../../../arm-none-eabi/lib/thumb/v7e-m+fp/hard/libstdc++.a(tinfo.o)
                0x0000000008010b84                typeinfo for std::type_info
 .rodata._ZTSSt9type_info
                0x0000000008010b8c        0xd /usr/bin/../lib/gcc/arm-none-eabi/10.3.1/../../../../arm-none-eabi/lib/thumb/v7e-m+fp/hard/libstdc++.a(tinfo.o)
                0x0000000008010b8c                typeinfo name for std::type_info
 *fill*         0x0000000008010b99        0x3 
 .rodata._ZN9__gnu_cxx27__verbose_terminate_handlerEv.str1.4
                0x0000000008010b9c       0x94 /usr/bin/../lib/gcc/arm-none-eabi/10.3.1/../../../../arm-none-eabi/lib/thumb/v7e-m+fp/hard/libstdc++.a(vterminate.o)
 .rodata._ZNKSt9bad_alloc4whatEv.str1.4
                0x0000000008010c30        0xf /usr/bin/../lib/gcc/arm-none-eabi/10.3.1/../../../../arm-none-eabi/lib/thumb/v7e-m+fp/hard/libstdc++.a(bad_alloc.o)
 *fill*         0x0000000008010c3f        0x1 
 .rodata._ZTISt9bad_alloc
                0x0000000008010c40        0xc /usr/bin/../lib/gcc/arm-none-eabi/10.3.1/../../../../arm-none-eabi/lib/thumb/v7e-m+fp/hard/libstdc++.a(bad_alloc.o)
                0x0000000008010c40                typeinfo for std::bad_alloc
 .rodata._ZTSSt9bad_alloc
                0x0000000008010c4c        0xd /usr/bin/../lib/gcc/arm-none-eabi/10.3.1/../../../../arm-none-eabi/lib/thumb/v7e-m+fp/hard/libstdc++.a(bad_alloc.o)
                0x0000000008010c4c                typeinfo name for std::bad_alloc
 *fill*         0x0000000008010c59        0x3 
 .rodata._ZTVSt9bad_alloc
                0x0000000008010c5c       0x14 /usr/bin/../lib/gcc/arm-none-eabi/10.3.1/../../../../arm-none-eabi/lib/thumb/v7e-m+fp/hard/libstdc++.a(bad_alloc.o)
                0x0000000008010c5c                vtable for std::bad_alloc
 .rodata._ZTIN10__cxxabiv117__class_type_infoE
                0x0000000008010c70        0xc /usr/bin/../lib/gcc/arm-none-eabi/10.3.1/../../../../arm-none-eabi/lib/thumb/v7e-m+fp/hard/libstdc++.a(class_type_info.o)
                0x0000000008010c70                typeinfo for __cxxabiv1::__class_type_info
 .rodata._ZTSN10__cxxabiv117__class_type_infoE
                0x0000000008010c7c       0x22 /usr/bin/../lib/gcc/arm-none-eabi/10.3.1/../../../../arm-none-eabi/lib/thumb/v7e-m+fp/hard/libstdc++.a(class_type_info.o)
                0x0000000008010c7c                typeinfo name for __cxxabiv1::__class_type_info
 *fill*         0x0000000008010c9e        0x2 
 .rodata._ZTVN10__cxxabiv117__class_type_infoE
                0x0000000008010ca0       0x2c /usr/bin/../lib/gcc/arm-none-eabi/10.3.1/../../../../arm-none-eabi/lib/thumb/v7e-m+fp/hard/libstdc++.a(class_type_info.o)
                0x0000000008010ca0                vtable for __cxxabiv1::__class_type_info
 .rodata.str1.4
                0x0000000008010ccc      0x899 /usr/bin/../lib/gcc/arm-none-eabi/10.3.1/../../../../arm-none-eabi/lib/thumb/v7e-m+fp/hard/libstdc++.a(cp-demangle.o)
                                        0x8e9 (size before relaxing)
 *fill*         0x0000000008011565        0x3 
 .rodata._global_impure_ptr
                0x0000000008011568        0x4 /usr/bin/../lib/gcc/arm-none-eabi/10.3.1/../../../../arm-none-eabi/lib/thumb/v7e-m+fp/hard/libc.a(lib_a-impure.o)
                0x0000000008011568                _global_impure_ptr
 .rodata._svfprintf_r.str1.4
                0x000000000801156c       0x42 /usr/bin/../lib/gcc/arm-none-eabi/10.3.1/../../../../arm-none-eabi/lib/thumb/v7e-m+fp/hard/libc.a(lib_a-svfprintf.o)
 *fill*         0x00000000080115ae        0x2 
 .rodata.blanks.1
                0x00000000080115b0       0x10 /usr/bin/../lib/gcc/arm-none-eabi/10.3.1/../../../../arm-none-eabi/lib/thumb/v7e-m+fp/hard/libc.a(lib_a-svfprintf.o)
 .rodata.zeroes.0
                0x00000000080115c0       0x10 /usr/bin/../lib/gcc/arm-none-eabi/10.3.1/../../../../arm-none-eabi/lib/thumb/v7e-m+fp/hard/libc.a(lib_a-svfprintf.o)
 .rodata._dtoa_r.str1.4
                0x00000000080115d0       0xa2 /usr/bin/../lib/gcc/arm-none-eabi/10.3.1/../../../../arm-none-eabi/lib/thumb/v7e-m+fp/hard/libc.a(lib_a-dtoa.o)
                                         0xa6 (size before relaxing)
 *fill*         0x0000000008011672        0x2 
 .rodata.__multadd.str1.4
                0x0000000008011674       0x7f /usr/bin/../lib/gcc/arm-none-eabi/10.3.1/../../../../arm-none-eabi/lib/thumb/v7e-m+fp/hard/libc.a(lib_a-mprec.o)
                                         0x93 (size before relaxing)
 *fill*         0x00000000080116f3        0x5 
 .rodata.__mprec_bigtens
                0x00000000080116f8       0x28 /usr/bin/../lib/gcc/arm-none-eabi/10.3.1/../../../../arm-none-eabi/lib/thumb/v7e-m+fp/hard/libc.a(lib_a-mprec.o)
                0x00000000080116f8                __mprec_bigtens
 .rodata.__mprec_tens
                0x0000000008011720       0xc8 /usr/bin/../lib/gcc/arm-none-eabi/10.3.1/../../../../arm-none-eabi/lib/thumb/v7e-m+fp/hard/libc.a(lib_a-mprec.o)
                0x0000000008011720                __mprec_tens
 .rodata.p05.0  0x00000000080117e8        0xc /usr/bin/../lib/gcc/arm-none-eabi/10.3.1/../../../../arm-none-eabi/lib/thumb/v7e-m+fp/hard/libc.a(lib_a-mprec.o)
 .rodata.__assert_func.str1.4
                0x00000000080117f4       0x3f /usr/bin/../lib/gcc/arm-none-eabi/10.3.1/../../../../arm-none-eabi/lib/thumb/v7e-m+fp/hard/libc.a(lib_a-assert.o)
                                         0x43 (size before relaxing)
 *fill*         0x0000000008011833        0x1 
 .rodata._setlocale_r.str1.4
                0x0000000008011834        0xa /usr/bin/../lib/gcc/arm-none-eabi/10.3.1/../../../../arm-none-eabi/lib/thumb/v7e-m+fp/hard/libc.a(lib_a-locale.o)
                                          0xd (size before relaxing)
 .rodata.str1.4
                0x000000000801183e        0x2 /usr/bin/../lib/gcc/arm-none-eabi/10.3.1/../../../../arm-none-eabi/lib/thumb/v7e-m+fp/hard/libc.a(lib_a-locale.o)
 .rodata._vfiprintf_r.str1.4
                0x000000000801183e       0x2f /usr/bin/../lib/gcc/arm-none-eabi/10.3.1/../../../../arm-none-eabi/lib/thumb/v7e-m+fp/hard/libc.a(lib_a-vfiprintf.o)
 *fill*         0x000000000801183e        0x2 
 .rodata.blanks.1
                0x0000000008011840       0x10 /usr/bin/../lib/gcc/arm-none-eabi/10.3.1/../../../../arm-none-eabi/lib/thumb/v7e-m+fp/hard/libc.a(lib_a-vfiprintf.o)
 .rodata.zeroes.0
                0x0000000008011850       0x10 /usr/bin/../lib/gcc/arm-none-eabi/10.3.1/../../../../arm-none-eabi/lib/thumb/v7e-m+fp/hard/libc.a(lib_a-vfiprintf.o)
 .rodata._ctype_
                0x0000000008011860      0x101 /usr/bin/../lib/gcc/arm-none-eabi/10.3.1/../../../../arm-none-eabi/lib/thumb/v7e-m+fp/hard/libc.a(lib_a-ctype_.o)
                0x0000000008011860                _ctype_
                0x0000000008011964                . = ALIGN (0x4)
 *fill*         0x0000000008011961        0x3 

.ARM.extab      0x0000000008011964      0x170
                0x0000000008011964                . = ALIGN (0x4)
 *(.ARM.extab* .gnu.linkonce.armextab.*)
 .ARM.extab     0x0000000008011964       0x78 CMakeFiles/mainProject.dir/home/inumaki/Development/stm32WorkSpace/mainProject/Core/Drivers/GPIO/ioPin.cpp.obj
 .ARM.extab.text._ZN10pinBuilder12queueSettingI8gpioPortEEvRKT_
                0x00000000080119dc        0x0 CMakeFiles/mainProject.dir/home/inumaki/Development/stm32WorkSpace/mainProject/Core/Drivers/GPIO/ioPin.cpp.obj
 .ARM.extab.text._ZN10pinBuilder7managerI8gpioPortEEbRKT_
                0x00000000080119dc        0x0 CMakeFiles/mainProject.dir/home/inumaki/Development/stm32WorkSpace/mainProject/Core/Drivers/GPIO/ioPin.cpp.obj
 .ARM.extab.text._ZN10pinBuilder12queueSettingI7gpioPinEEvRKT_
                0x00000000080119dc        0x0 CMakeFiles/mainProject.dir/home/inumaki/Development/stm32WorkSpace/mainProject/Core/Drivers/GPIO/ioPin.cpp.obj
 .ARM.extab.text._ZN10pinBuilder7managerI7gpioPinEEbRKT_
                0x00000000080119dc        0x0 CMakeFiles/mainProject.dir/home/inumaki/Development/stm32WorkSpace/mainProject/Core/Drivers/GPIO/ioPin.cpp.obj
 .ARM.extab.text._ZN10pinBuilder12queueSettingI8gpioModeEEvRKT_
                0x00000000080119dc        0x0 CMakeFiles/mainProject.dir/home/inumaki/Development/stm32WorkSpace/mainProject/Core/Drivers/GPIO/ioPin.cpp.obj
 .ARM.extab.text._ZN10pinBuilder7managerI8gpioModeEEbRKT_
                0x00000000080119dc        0x0 CMakeFiles/mainProject.dir/home/inumaki/Development/stm32WorkSpace/mainProject/Core/Drivers/GPIO/ioPin.cpp.obj
 .ARM.extab.text._ZN10pinBuilder12queueSettingI8gpioPUPDEEvRKT_
                0x00000000080119dc        0x0 CMakeFiles/mainProject.dir/home/inumaki/Development/stm32WorkSpace/mainProject/Core/Drivers/GPIO/ioPin.cpp.obj
 .ARM.extab.text._ZN10pinBuilder7managerI8gpioPUPDEEbRKT_
                0x00000000080119dc        0x0 CMakeFiles/mainProject.dir/home/inumaki/Development/stm32WorkSpace/mainProject/Core/Drivers/GPIO/ioPin.cpp.obj
 .ARM.extab.text._ZN10pinBuilder12queueSettingI14gpioOutputTypeEEvRKT_
                0x00000000080119dc        0x0 CMakeFiles/mainProject.dir/home/inumaki/Development/stm32WorkSpace/mainProject/Core/Drivers/GPIO/ioPin.cpp.obj
 .ARM.extab.text._ZN10pinBuilder7managerI14gpioOutputTypeEEbRKT_
                0x00000000080119dc        0x0 CMakeFiles/mainProject.dir/home/inumaki/Development/stm32WorkSpace/mainProject/Core/Drivers/GPIO/ioPin.cpp.obj
 .ARM.extab.text._ZN10pinBuilder12queueSettingI15gpioOutputSpeedEEvRKT_
                0x00000000080119dc        0x0 CMakeFiles/mainProject.dir/home/inumaki/Development/stm32WorkSpace/mainProject/Core/Drivers/GPIO/ioPin.cpp.obj
 .ARM.extab.text._ZN10pinBuilder7managerI15gpioOutputSpeedEEbRKT_
                0x00000000080119dc        0x0 CMakeFiles/mainProject.dir/home/inumaki/Development/stm32WorkSpace/mainProject/Core/Drivers/GPIO/ioPin.cpp.obj
 .ARM.extab.text._ZN10pinBuilder12queueSettingI8pinStateEEvRKT_
                0x00000000080119dc        0x0 CMakeFiles/mainProject.dir/home/inumaki/Development/stm32WorkSpace/mainProject/Core/Drivers/GPIO/ioPin.cpp.obj
 .ARM.extab.text._ZN10pinBuilder7managerI8pinStateEEbRKT_
                0x00000000080119dc        0x0 CMakeFiles/mainProject.dir/home/inumaki/Development/stm32WorkSpace/mainProject/Core/Drivers/GPIO/ioPin.cpp.obj
 .ARM.extab.text._ZN5ioPinC2IJ8gpioMode7gpioPin8pinState8gpioPortEEEDpT_
                0x00000000080119dc        0x0 CMakeFiles/mainProject.dir/home/inumaki/Development/stm32WorkSpace/mainProject/Core/Src/main.cpp.obj
 .ARM.extab.text._kill
                0x00000000080119dc        0xc CMakeFiles/mainProject.dir/home/inumaki/Development/stm32WorkSpace/mainProject/Core/Src/syscalls.c.obj
 .ARM.extab.text._ZL21base_of_encoded_valuehP15_Unwind_Context
                0x00000000080119e8        0xc /usr/bin/../lib/gcc/arm-none-eabi/10.3.1/../../../../arm-none-eabi/lib/thumb/v7e-m+fp/hard/libstdc++.a(eh_personality.o)
 .ARM.extab.text.__gxx_personality_v0
                0x00000000080119f4       0x24 /usr/bin/../lib/gcc/arm-none-eabi/10.3.1/../../../../arm-none-eabi/lib/thumb/v7e-m+fp/hard/libstdc++.a(eh_personality.o)
 .ARM.extab.text._ZN10__cxxabiv111__terminateEPFvvE
                0x0000000008011a18       0x28 /usr/bin/../lib/gcc/arm-none-eabi/10.3.1/../../../../arm-none-eabi/lib/thumb/v7e-m+fp/hard/libstdc++.a(eh_terminate.o)
 .ARM.extab.text._ZN10__cxxabiv112__unexpectedEPFvvE
                0x0000000008011a40        0xc /usr/bin/../lib/gcc/arm-none-eabi/10.3.1/../../../../arm-none-eabi/lib/thumb/v7e-m+fp/hard/libstdc++.a(eh_terminate.o)
 .ARM.extab.text._ZSt10unexpectedv
                0x0000000008011a4c        0xc /usr/bin/../lib/gcc/arm-none-eabi/10.3.1/../../../../arm-none-eabi/lib/thumb/v7e-m+fp/hard/libstdc++.a(eh_terminate.o)
 .ARM.extab.text._ZN9__gnu_cxx27__verbose_terminate_handlerEv
                0x0000000008011a58       0x34 /usr/bin/../lib/gcc/arm-none-eabi/10.3.1/../../../../arm-none-eabi/lib/thumb/v7e-m+fp/hard/libstdc++.a(vterminate.o)
 .ARM.extab.text.unlikely.__cxa_call_unexpected
                0x0000000008011a8c       0x24 /usr/bin/../lib/gcc/arm-none-eabi/10.3.1/../../../../arm-none-eabi/lib/thumb/v7e-m+fp/hard/libstdc++.a(eh_call.o)
 .ARM.extab.text.__cxa_begin_catch
                0x0000000008011ab0        0xc /usr/bin/../lib/gcc/arm-none-eabi/10.3.1/../../../../arm-none-eabi/lib/thumb/v7e-m+fp/hard/libstdc++.a(eh_catch.o)
 .ARM.extab     0x0000000008011abc       0x18 /usr/bin/../lib/gcc/arm-none-eabi/10.3.1/thumb/v7e-m+fp/hard/libgcc.a(pr-support.o)
                0x0000000008011ad4                . = ALIGN (0x4)

.ARM            0x0000000008011ad4      0x298
                0x0000000008011ad4                . = ALIGN (0x4)
                0x0000000008011ad4                __exidx_start = .
 *(.ARM.exidx*)
 .ARM.exidx     0x0000000008011ad4       0x58 CMakeFiles/mainProject.dir/home/inumaki/Development/stm32WorkSpace/mainProject/Core/Drivers/GPIO/ioPin.cpp.obj
                                         0xb0 (size before relaxing)
 .ARM.exidx.text._ZN10pinBuilder12queueSettingI8gpioPortEEvRKT_
                0x0000000008011be4        0x8 CMakeFiles/mainProject.dir/home/inumaki/Development/stm32WorkSpace/mainProject/Core/Drivers/GPIO/ioPin.cpp.obj
 .ARM.exidx.text._ZN10pinBuilder7managerI8gpioPortEEbRKT_
                0x0000000008011bec        0x8 CMakeFiles/mainProject.dir/home/inumaki/Development/stm32WorkSpace/mainProject/Core/Drivers/GPIO/ioPin.cpp.obj
 .ARM.exidx.text._ZN10pinBuilder12queueSettingI7gpioPinEEvRKT_
                0x0000000008011bf4        0x8 CMakeFiles/mainProject.dir/home/inumaki/Development/stm32WorkSpace/mainProject/Core/Drivers/GPIO/ioPin.cpp.obj
 .ARM.exidx.text._ZN10pinBuilder7managerI7gpioPinEEbRKT_
                0x0000000008011bfc        0x8 CMakeFiles/mainProject.dir/home/inumaki/Development/stm32WorkSpace/mainProject/Core/Drivers/GPIO/ioPin.cpp.obj
 .ARM.exidx.text._ZN10pinBuilder12queueSettingI8gpioModeEEvRKT_
                0x0000000008011c04        0x8 CMakeFiles/mainProject.dir/home/inumaki/Development/stm32WorkSpace/mainProject/Core/Drivers/GPIO/ioPin.cpp.obj
 .ARM.exidx.text._ZN10pinBuilder7managerI8gpioModeEEbRKT_
                0x0000000008011c0c        0x8 CMakeFiles/mainProject.dir/home/inumaki/Development/stm32WorkSpace/mainProject/Core/Drivers/GPIO/ioPin.cpp.obj
 .ARM.exidx.text._ZN10pinBuilder12queueSettingI8gpioPUPDEEvRKT_
                0x0000000008011c14        0x8 CMakeFiles/mainProject.dir/home/inumaki/Development/stm32WorkSpace/mainProject/Core/Drivers/GPIO/ioPin.cpp.obj
 .ARM.exidx.text._ZN10pinBuilder7managerI8gpioPUPDEEbRKT_
                0x0000000008011c1c        0x8 CMakeFiles/mainProject.dir/home/inumaki/Development/stm32WorkSpace/mainProject/Core/Drivers/GPIO/ioPin.cpp.obj
 .ARM.exidx.text._ZN10pinBuilder12queueSettingI14gpioOutputTypeEEvRKT_
                0x0000000008011c24        0x8 CMakeFiles/mainProject.dir/home/inumaki/Development/stm32WorkSpace/mainProject/Core/Drivers/GPIO/ioPin.cpp.obj
 .ARM.exidx.text._ZN10pinBuilder7managerI14gpioOutputTypeEEbRKT_
                0x0000000008011c2c        0x8 CMakeFiles/mainProject.dir/home/inumaki/Development/stm32WorkSpace/mainProject/Core/Drivers/GPIO/ioPin.cpp.obj
 .ARM.exidx.text._ZN10pinBuilder12queueSettingI15gpioOutputSpeedEEvRKT_
                0x0000000008011c34        0x8 CMakeFiles/mainProject.dir/home/inumaki/Development/stm32WorkSpace/mainProject/Core/Drivers/GPIO/ioPin.cpp.obj
 .ARM.exidx.text._ZN10pinBuilder7managerI15gpioOutputSpeedEEbRKT_
                0x0000000008011c3c        0x8 CMakeFiles/mainProject.dir/home/inumaki/Development/stm32WorkSpace/mainProject/Core/Drivers/GPIO/ioPin.cpp.obj
 .ARM.exidx.text._ZN10pinBuilder12queueSettingI8pinStateEEvRKT_
                0x0000000008011c44        0x8 CMakeFiles/mainProject.dir/home/inumaki/Development/stm32WorkSpace/mainProject/Core/Drivers/GPIO/ioPin.cpp.obj
 .ARM.exidx.text._ZN10pinBuilder7managerI8pinStateEEbRKT_
                0x0000000008011c4c        0x8 CMakeFiles/mainProject.dir/home/inumaki/Development/stm32WorkSpace/mainProject/Core/Drivers/GPIO/ioPin.cpp.obj
 .ARM.exidx     0x0000000008011b2c        0x8 CMakeFiles/mainProject.dir/home/inumaki/Development/stm32WorkSpace/mainProject/Core/Drivers/GPIO/pinBuilder.cpp.obj
                                         0xf0 (size before relaxing)
 .ARM.exidx     0x0000000008011b34        0x0 CMakeFiles/mainProject.dir/home/inumaki/Development/stm32WorkSpace/mainProject/Core/Src/main.cpp.obj
                                         0x18 (size before relaxing)
 .ARM.exidx.text._ZN5ioPinC2IJ8gpioMode7gpioPin8pinState8gpioPortEEEDpT_
                0x0000000008011c54        0x8 CMakeFiles/mainProject.dir/home/inumaki/Development/stm32WorkSpace/mainProject/Core/Src/main.cpp.obj
 .ARM.exidx.text._getpid
                0x0000000008011c5c        0x8 CMakeFiles/mainProject.dir/home/inumaki/Development/stm32WorkSpace/mainProject/Core/Src/syscalls.c.obj
 .ARM.exidx.text._kill
                0x0000000008011c64        0x8 CMakeFiles/mainProject.dir/home/inumaki/Development/stm32WorkSpace/mainProject/Core/Src/syscalls.c.obj
 .ARM.exidx.text._exit
                0x0000000008011c6c        0x8 CMakeFiles/mainProject.dir/home/inumaki/Development/stm32WorkSpace/mainProject/Core/Src/syscalls.c.obj
 .ARM.exidx.text._read
                0x0000000008011c74        0x8 CMakeFiles/mainProject.dir/home/inumaki/Development/stm32WorkSpace/mainProject/Core/Src/syscalls.c.obj
 .ARM.exidx.text._write
                0x0000000008011c7c        0x0 CMakeFiles/mainProject.dir/home/inumaki/Development/stm32WorkSpace/mainProject/Core/Src/syscalls.c.obj
                                          0x8 (size before relaxing)
 .ARM.exidx.text._close
                0x0000000008011c7c        0x8 CMakeFiles/mainProject.dir/home/inumaki/Development/stm32WorkSpace/mainProject/Core/Src/syscalls.c.obj
 .ARM.exidx.text._fstat
                0x0000000008011c84        0x0 CMakeFiles/mainProject.dir/home/inumaki/Development/stm32WorkSpace/mainProject/Core/Src/syscalls.c.obj
                                          0x8 (size before relaxing)
 .ARM.exidx.text._isatty
                0x0000000008011c84        0x0 CMakeFiles/mainProject.dir/home/inumaki/Development/stm32WorkSpace/mainProject/Core/Src/syscalls.c.obj
                                          0x8 (size before relaxing)
 .ARM.exidx.text._lseek
                0x0000000008011c84        0x0 CMakeFiles/mainProject.dir/home/inumaki/Development/stm32WorkSpace/mainProject/Core/Src/syscalls.c.obj
                                          0x8 (size before relaxing)
 .ARM.exidx.text._sbrk
                0x0000000008011c84       0x10 CMakeFiles/mainProject.dir/home/inumaki/Development/stm32WorkSpace/mainProject/Core/Src/sysmem.c.obj
                                          0x8 (size before relaxing)
 .ARM.exidx.text.__aeabi_atexit
                0x0000000008011c94        0x0 /usr/bin/../lib/gcc/arm-none-eabi/10.3.1/../../../../arm-none-eabi/lib/thumb/v7e-m+fp/hard/libstdc++.a(atexit_arm.o)
                                          0x8 (size before relaxing)
 .ARM.exidx.text._ZdlPvj
                0x0000000008011c94        0x0 /usr/bin/../lib/gcc/arm-none-eabi/10.3.1/../../../../arm-none-eabi/lib/thumb/v7e-m+fp/hard/libstdc++.a(del_ops.o)
                                          0x8 (size before relaxing)
 .ARM.exidx.text.__cxa_type_match
                0x0000000008011c94        0x8 /usr/bin/../lib/gcc/arm-none-eabi/10.3.1/../../../../arm-none-eabi/lib/thumb/v7e-m+fp/hard/libstdc++.a(eh_arm.o)
 .ARM.exidx.text.__cxa_begin_cleanup
                0x0000000008011c9c        0x8 /usr/bin/../lib/gcc/arm-none-eabi/10.3.1/../../../../arm-none-eabi/lib/thumb/v7e-m+fp/hard/libstdc++.a(eh_arm.o)
 .ARM.exidx.text.__gnu_end_cleanup
                0x0000000008011ca4        0x0 /usr/bin/../lib/gcc/arm-none-eabi/10.3.1/../../../../arm-none-eabi/lib/thumb/v7e-m+fp/hard/libstdc++.a(eh_arm.o)
                                          0x8 (size before relaxing)
 .ARM.exidx.text._ZNSt9exceptionD2Ev
                0x0000000008011ca4        0x0 /usr/bin/../lib/gcc/arm-none-eabi/10.3.1/../../../../arm-none-eabi/lib/thumb/v7e-m+fp/hard/libstdc++.a(eh_exception.o)
                                          0x8 (size before relaxing)
 .ARM.exidx.text._ZNSt13bad_exceptionD2Ev
                0x0000000008011ca4        0x0 /usr/bin/../lib/gcc/arm-none-eabi/10.3.1/../../../../arm-none-eabi/lib/thumb/v7e-m+fp/hard/libstdc++.a(eh_exception.o)
                                          0x8 (size before relaxing)
 .ARM.exidx.text._ZNKSt13bad_exception4whatEv
                0x0000000008011ca4        0x0 /usr/bin/../lib/gcc/arm-none-eabi/10.3.1/../../../../arm-none-eabi/lib/thumb/v7e-m+fp/hard/libstdc++.a(eh_exception.o)
                                          0x8 (size before relaxing)
 .ARM.exidx.text._ZNSt13bad_exceptionD0Ev
                0x0000000008011ca4        0x0 /usr/bin/../lib/gcc/arm-none-eabi/10.3.1/../../../../arm-none-eabi/lib/thumb/v7e-m+fp/hard/libstdc++.a(eh_exception.o)
                                          0x8 (size before relaxing)
 .ARM.exidx.text.__cxa_get_globals_fast