Archive member included to satisfy reference by file (symbol)

/usr/bin/../lib/gcc/arm-none-eabi/10.3.1/../../../../arm-none-eabi/lib/thumb/v7e-m+fp/hard/libstdc++_nano.a(atexit_arm.o)
                              CMakeFiles/mainProject.dir/home/inumaki/Development/stm32/projects/mainProject/Core/Src/main.cpp.obj (__aeabi_atexit)
/usr/bin/../lib/gcc/arm-none-eabi/10.3.1/../../../../arm-none-eabi/lib/thumb/v7e-m+fp/hard/libstdc++_nano.a(del_ops.o)
                              CMakeFiles/mainProject.dir/home/inumaki/Development/stm32/projects/mainProject/Core/Drivers/GPIO/inputOutputPin.cpp.obj (operator delete(void*, unsigned int))
/usr/bin/../lib/gcc/arm-none-eabi/10.3.1/../../../../arm-none-eabi/lib/thumb/v7e-m+fp/hard/libstdc++_nano.a(eh_alloc.o)
                              CMakeFiles/mainProject.dir/home/inumaki/Development/stm32/projects/mainProject/Core/Src/Utilities/Macros/Macros.cpp.obj (__cxa_allocate_exception)
/usr/bin/../lib/gcc/arm-none-eabi/10.3.1/../../../../arm-none-eabi/lib/thumb/v7e-m+fp/hard/libstdc++_nano.a(eh_arm.o)
                              CMakeFiles/mainProject.dir/home/inumaki/Development/stm32/projects/mainProject/Core/Drivers/GPIO/inputOutputPin.cpp.obj (__cxa_end_cleanup)
/usr/bin/../lib/gcc/arm-none-eabi/10.3.1/../../../../arm-none-eabi/lib/thumb/v7e-m+fp/hard/libstdc++_nano.a(eh_catch.o)
                              CMakeFiles/mainProject.dir/home/inumaki/Development/stm32/projects/mainProject/Core/Src/Utilities/Macros/Macros.cpp.obj (__cxa_begin_catch)
/usr/bin/../lib/gcc/arm-none-eabi/10.3.1/../../../../arm-none-eabi/lib/thumb/v7e-m+fp/hard/libstdc++_nano.a(eh_exception.o)
                              /usr/bin/../lib/gcc/arm-none-eabi/10.3.1/../../../../arm-none-eabi/lib/thumb/v7e-m+fp/hard/libstdc++_nano.a(eh_arm.o) (typeinfo for __cxxabiv1::__forced_unwind)
/usr/bin/../lib/gcc/arm-none-eabi/10.3.1/../../../../arm-none-eabi/lib/thumb/v7e-m+fp/hard/libstdc++_nano.a(eh_globals.o)
                              /usr/bin/../lib/gcc/arm-none-eabi/10.3.1/../../../../arm-none-eabi/lib/thumb/v7e-m+fp/hard/libstdc++_nano.a(eh_catch.o) (__cxa_get_globals_fast)
/usr/bin/../lib/gcc/arm-none-eabi/10.3.1/../../../../arm-none-eabi/lib/thumb/v7e-m+fp/hard/libstdc++_nano.a(eh_personality.o)
                              CMakeFiles/mainProject.dir/home/inumaki/Development/stm32/projects/mainProject/Core/Drivers/GPIO/inputOutputPin.cpp.obj (__gxx_personality_v0)
/usr/bin/../lib/gcc/arm-none-eabi/10.3.1/../../../../arm-none-eabi/lib/thumb/v7e-m+fp/hard/libstdc++_nano.a(eh_terminate.o)
                              /usr/bin/../lib/gcc/arm-none-eabi/10.3.1/../../../../arm-none-eabi/lib/thumb/v7e-m+fp/hard/libstdc++_nano.a(eh_alloc.o) (std::terminate())
/usr/bin/../lib/gcc/arm-none-eabi/10.3.1/../../../../arm-none-eabi/lib/thumb/v7e-m+fp/hard/libstdc++_nano.a(eh_throw.o)
                              CMakeFiles/mainProject.dir/home/inumaki/Development/stm32/projects/mainProject/Core/Src/Utilities/Macros/Macros.cpp.obj (__cxa_throw)
/usr/bin/../lib/gcc/arm-none-eabi/10.3.1/../../../../arm-none-eabi/lib/thumb/v7e-m+fp/hard/libstdc++_nano.a(eh_unex_handler.o)
                              /usr/bin/../lib/gcc/arm-none-eabi/10.3.1/../../../../arm-none-eabi/lib/thumb/v7e-m+fp/hard/libstdc++_nano.a(eh_terminate.o) (__cxxabiv1::__unexpected_handler)
/usr/bin/../lib/gcc/arm-none-eabi/10.3.1/../../../../arm-none-eabi/lib/thumb/v7e-m+fp/hard/libstdc++_nano.a(fundamental_type_info.o)
                              CMakeFiles/mainProject.dir/home/inumaki/Development/stm32/projects/mainProject/Core/Src/Utilities/Macros/Macros.cpp.obj (typeinfo for char const*)
/usr/bin/../lib/gcc/arm-none-eabi/10.3.1/../../../../arm-none-eabi/lib/thumb/v7e-m+fp/hard/libstdc++_nano.a(new_op.o)
                              CMakeFiles/mainProject.dir/home/inumaki/Development/stm32/projects/mainProject/Core/Drivers/GPIO/inputOutputPin.cpp.obj (operator new(unsigned int))
/usr/bin/../lib/gcc/arm-none-eabi/10.3.1/../../../../arm-none-eabi/lib/thumb/v7e-m+fp/hard/libstdc++_nano.a(pointer_type_info.o)
                              /usr/bin/../lib/gcc/arm-none-eabi/10.3.1/../../../../arm-none-eabi/lib/thumb/v7e-m+fp/hard/libstdc++_nano.a(fundamental_type_info.o) (vtable for __cxxabiv1::__pointer_type_info)
/usr/bin/../lib/gcc/arm-none-eabi/10.3.1/../../../../arm-none-eabi/lib/thumb/v7e-m+fp/hard/libstdc++_nano.a(pure.o)
                              /usr/bin/../lib/gcc/arm-none-eabi/10.3.1/../../../../arm-none-eabi/lib/thumb/v7e-m+fp/hard/libstdc++_nano.a(eh_exception.o) (__cxa_pure_virtual)
/usr/bin/../lib/gcc/arm-none-eabi/10.3.1/../../../../arm-none-eabi/lib/thumb/v7e-m+fp/hard/libstdc++_nano.a(si_class_type_info.o)
                              /usr/bin/../lib/gcc/arm-none-eabi/10.3.1/../../../../arm-none-eabi/lib/thumb/v7e-m+fp/hard/libstdc++_nano.a(eh_exception.o) (vtable for __cxxabiv1::__si_class_type_info)
[...]
Memory Configuration

Name             Origin             Length             Attributes
RAM              0x0000000020000000 0x0000000000020000 xrw
FLASH            0x0000000008000000 0x0000000000080000 xr
*default*        0x0000000000000000 0xffffffffffffffff

Linker script and memory map

LOAD /usr/bin/../lib/gcc/arm-none-eabi/10.3.1/thumb/v7e-m+fp/hard/crti.o
LOAD /usr/bin/../lib/gcc/arm-none-eabi/10.3.1/thumb/v7e-m+fp/hard/crtbegin.o
LOAD /usr/bin/../lib/gcc/arm-none-eabi/10.3.1/../../../../arm-none-eabi/lib/thumb/v7e-m+fp/hard/crt0.o
START GROUP
LOAD /usr/bin/../lib/gcc/arm-none-eabi/10.3.1/../../../../arm-none-eabi/lib/thumb/v7e-m+fp/hard/libstdc++_nano.a
END GROUP
LOAD CMakeFiles/mainProject.dir/home/inumaki/Development/stm32/projects/mainProject/Core/Drivers/GPIO/inputOutputPin.cpp.obj
LOAD CMakeFiles/mainProject.dir/home/inumaki/Development/stm32/projects/mainProject/Core/Drivers/GPIO/inputOutputPinHandler.cpp.obj
LOAD CMakeFiles/mainProject.dir/home/inumaki/Development/stm32/projects/mainProject/Core/Src/Utilities/Macros/Macros.cpp.obj
LOAD CMakeFiles/mainProject.dir/home/inumaki/Development/stm32/projects/mainProject/Core/Src/Utilities/RegistersManipulation/REG_MAN.cpp.obj
LOAD CMakeFiles/mainProject.dir/home/inumaki/Development/stm32/projects/mainProject/Core/Src/main.cpp.obj
LOAD CMakeFiles/mainProject.dir/home/inumaki/Development/stm32/projects/mainProject/Core/Src/syscalls.c.obj
LOAD CMakeFiles/mainProject.dir/home/inumaki/Development/stm32/projects/mainProject/Core/Src/sysmem.c.obj
LOAD CMakeFiles/mainProject.dir/home/inumaki/Development/stm32/projects/mainProject/Core/Startup/startup_stm32f411retx.s.obj
LOAD /usr/bin/../lib/gcc/arm-none-eabi/10.3.1/../../../../arm-none-eabi/lib/thumb/v7e-m+fp/hard/libstdc++_nano.a
LOAD /usr/bin/../lib/gcc/arm-none-eabi/10.3.1/../../../../arm-none-eabi/lib/thumb/v7e-m+fp/hard/libm.a
LOAD /usr/bin/../lib/gcc/arm-none-eabi/10.3.1/../../../../arm-none-eabi/lib/thumb/v7e-m+fp/hard/libc_nano.a
START GROUP
LOAD /usr/bin/../lib/gcc/arm-none-eabi/10.3.1/thumb/v7e-m+fp/hard/libgcc.a
LOAD /usr/bin/../lib/gcc/arm-none-eabi/10.3.1/../../../../arm-none-eabi/lib/thumb/v7e-m+fp/hard/libg_nano.a
LOAD /usr/bin/../lib/gcc/arm-none-eabi/10.3.1/../../../../arm-none-eabi/lib/thumb/v7e-m+fp/hard/libc_nano.a
END GROUP
START GROUP
LOAD /usr/bin/../lib/gcc/arm-none-eabi/10.3.1/thumb/v7e-m+fp/hard/libgcc.a
LOAD /usr/bin/../lib/gcc/arm-none-eabi/10.3.1/../../../../arm-none-eabi/lib/thumb/v7e-m+fp/hard/libc_nano.a
END GROUP
LOAD /usr/bin/../lib/gcc/arm-none-eabi/10.3.1/thumb/v7e-m+fp/hard/crtend.o
LOAD /usr/bin/../lib/gcc/arm-none-eabi/10.3.1/thumb/v7e-m+fp/hard/crtn.o
                0x0000000020020000                _estack = (ORIGIN (RAM) + LENGTH (RAM))
                0x0000000000000200                _Min_Heap_Size = 0x200
                0x0000000000000400                _Min_Stack_Size = 0x400

.isr_vector     0x0000000008000000      0x198
                0x0000000008000000                . = ALIGN (0x4)
 *(.isr_vector)
 .isr_vector    0x0000000008000000      0x198 CMakeFiles/mainProject.dir/home/inumaki/Development/stm32/projects/mainProject/Core/Startup/startup_stm32f411retx.s.obj
                0x0000000008000000                g_pfnVectors
                0x0000000008000198                . = ALIGN (0x4)

.text           0x0000000008000198     0x2530
                0x0000000008000198                . = ALIGN (0x4)
 *(.text)
 .text          0x0000000008000198       0x40 /usr/bin/../lib/gcc/arm-none-eabi/10.3.1/thumb/v7e-m+fp/hard/crtbegin.o
 .text          0x00000000080001d8       0x14 /usr/bin/../lib/gcc/arm-none-eabi/10.3.1/../../../../arm-none-eabi/lib/thumb/v7e-m+fp/hard/libc_nano.a(lib_a-strcmp.o)
                0x00000000080001d8                strcmp
 .text          0x00000000080001ec      0x9d8 /usr/bin/../lib/gcc/arm-none-eabi/10.3.1/thumb/v7e-m+fp/hard/libgcc.a(unwind-arm.o)
                0x0000000008000494                _Unwind_GetCFA
                0x0000000008000498                __gnu_Unwind_RaiseException
                0x0000000008000500                __gnu_Unwind_ForcedUnwind
                0x0000000008000510                __gnu_Unwind_Resume
                0x0000000008000554                __gnu_Unwind_Resume_or_Rethrow
                0x0000000008000564                _Unwind_Complete
                0x0000000008000568                _Unwind_DeleteException
                0x0000000008000574                _Unwind_VRS_Get
                0x00000000080005c0                _Unwind_VRS_Set
                0x0000000008000608                __gnu_Unwind_Backtrace
                0x0000000008000934                __aeabi_unwind_cpp_pr0
                0x0000000008000938                __aeabi_unwind_cpp_pr1
                0x000000000800093c                __aeabi_unwind_cpp_pr2
                0x0000000008000940                _Unwind_VRS_Pop
 .text          0x0000000008000bc4      0x1ac /usr/bin/../lib/gcc/arm-none-eabi/10.3.1/thumb/v7e-m+fp/hard/libgcc.a(libunwind.o)
                0x0000000008000bc4                __restore_core_regs
                0x0000000008000bc4                restore_core_regs
                0x0000000008000bdc                __gnu_Unwind_Restore_VFP
                0x0000000008000be4                __gnu_Unwind_Save_VFP
                0x0000000008000bec                __gnu_Unwind_Restore_VFP_D
                0x0000000008000bf4                __gnu_Unwind_Save_VFP_D
                0x0000000008000bfc                __gnu_Unwind_Restore_VFP_D_16_to_31
                0x0000000008000c04                __gnu_Unwind_Save_VFP_D_16_to_31
                0x0000000008000c0c                __gnu_Unwind_Restore_WMMXD
                0x0000000008000c50                __gnu_Unwind_Save_WMMXD
                0x0000000008000c94                __gnu_Unwind_Restore_WMMXC
                0x0000000008000ca8                __gnu_Unwind_Save_WMMXC
                0x0000000008000cbc                ___Unwind_RaiseException
                0x0000000008000cbc                _Unwind_RaiseException
                0x0000000008000ce0                ___Unwind_Resume
                0x0000000008000ce0                _Unwind_Resume
                0x0000000008000d04                _Unwind_Resume_or_Rethrow
                0x0000000008000d04                ___Unwind_Resume_or_Rethrow
                0x0000000008000d28                ___Unwind_ForcedUnwind
                0x0000000008000d28                _Unwind_ForcedUnwind
                0x0000000008000d4c                _Unwind_Backtrace
                0x0000000008000d4c                ___Unwind_Backtrace
 .text          0x0000000008000d70      0x350 /usr/bin/../lib/gcc/arm-none-eabi/10.3.1/thumb/v7e-m+fp/hard/libgcc.a(pr-support.o)
                0x0000000008000dc8                __gnu_unwind_execute
                0x0000000008001074                __gnu_unwind_frame
                0x00000000080010a0                _Unwind_GetRegionStart
                0x00000000080010ac                _Unwind_GetLanguageSpecificData
 *(.text*)
 .text._ZN14inputOutputPinC2Ev
                0x00000000080010c0       0x7e CMakeFiles/mainProject.dir/home/inumaki/Development/stm32/projects/mainProject/Core/Drivers/GPIO/inputOutputPin.cpp.obj
                0x00000000080010c0                inputOutputPin::inputOutputPin()
                0x00000000080010c0                inputOutputPin::inputOutputPin()
 .text._ZN14inputOutputPinD2Ev
                0x000000000800113e       0x1a CMakeFiles/mainProject.dir/home/inumaki/Development/stm32/projects/mainProject/Core/Drivers/GPIO/inputOutputPin.cpp.obj
                0x000000000800113e                inputOutputPin::~inputOutputPin()
                0x000000000800113e                inputOutputPin::~inputOutputPin()
 .text._ZN21inputOutputPinHandler15settingsHandlerI8gpioPortEEbRKT_PS_
                0x0000000008001158        0x8 CMakeFiles/mainProject.dir/home/inumaki/Development/stm32/projects/mainProject/Core/Drivers/GPIO/inputOutputPin.cpp.obj
                0x0000000008001158                bool inputOutputPinHandler::settingsHandler<gpioPort>(gpioPort const&, inputOutputPinHandler*)
 .text._ZN21inputOutputPinHandler11initHandlerI8gpioPortEEbRKT_PS_
                0x0000000008001160       0x18 CMakeFiles/mainProject.dir/home/inumaki/Development/stm32/projects/mainProject/Core/Drivers/GPIO/inputOutputPin.cpp.obj
                0x0000000008001160                bool inputOutputPinHandler::initHandler<gpioPort>(gpioPort const&, inputOutputPinHandler*)
 .text._ZN21inputOutputPinHandler11initHandlerI8gpioPortEEbRKT_
                0x0000000008001178        0xe CMakeFiles/mainProject.dir/home/inumaki/Development/stm32/projects/mainProject/Core/Drivers/GPIO/inputOutputPin.cpp.obj
                0x0000000008001178                bool inputOutputPinHandler::initHandler<gpioPort>(gpioPort const&)
 .text._ZN21inputOutputPinHandler15settingsHandlerI7gpioPinEEbRKT_PS_
                0x0000000008001186        0x8 CMakeFiles/mainProject.dir/home/inumaki/Development/stm32/projects/mainProject/Core/Drivers/GPIO/inputOutputPin.cpp.obj
                0x0000000008001186                bool inputOutputPinHandler::settingsHandler<gpioPin>(gpioPin const&, inputOutputPinHandler*)
 .text._ZN21inputOutputPinHandler11initHandlerI7gpioPinEEbRKT_PS_
                0x000000000800118e       0x18 CMakeFiles/mainProject.dir/home/inumaki/Development/stm32/projects/mainProject/Core/Drivers/GPIO/inputOutputPin.cpp.obj
                0x000000000800118e                bool inputOutputPinHandler::initHandler<gpioPin>(gpioPin const&, inputOutputPinHandler*)
 .text._ZN21inputOutputPinHandler11initHandlerI7gpioPinEEbRKT_
                0x00000000080011a6        0xe CMakeFiles/mainProject.dir/home/inumaki/Development/stm32/projects/mainProject/Core/Drivers/GPIO/inputOutputPin.cpp.obj
                0x00000000080011a6                bool inputOutputPinHandler::initHandler<gpioPin>(gpioPin const&)
 .text._ZN21inputOutputPinHandler15settingsHandlerI8gpioModeEEbRKT_PS_
                0x00000000080011b4       0x18 CMakeFiles/mainProject.dir/home/inumaki/Development/stm32/projects/mainProject/Core/Drivers/GPIO/inputOutputPin.cpp.obj
                0x00000000080011b4                bool inputOutputPinHandler::settingsHandler<gpioMode>(gpioMode const&, inputOutputPinHandler*)
 .text._ZN21inputOutputPinHandler11initHandlerI8gpioModeEEbRKT_PS_
                0x00000000080011cc       0x18 CMakeFiles/mainProject.dir/home/inumaki/Development/stm32/projects/mainProject/Core/Drivers/GPIO/inputOutputPin.cpp.obj
                0x00000000080011cc                bool inputOutputPinHandler::initHandler<gpioMode>(gpioMode const&, inputOutputPinHandler*)
 .text._ZN21inputOutputPinHandler11initHandlerI8gpioModeEEbRKT_
                0x00000000080011e4        0xe CMakeFiles/mainProject.dir/home/inumaki/Development/stm32/projects/mainProject/Core/Drivers/GPIO/inputOutputPin.cpp.obj
                0x00000000080011e4                bool inputOutputPinHandler::initHandler<gpioMode>(gpioMode const&)
 .text._ZN21inputOutputPinHandler15settingsHandlerI17gpioHardExceptionEEbRKT_PS_
                0x00000000080011f2       0x18 CMakeFiles/mainProject.dir/home/inumaki/Development/stm32/projects/mainProject/Core/Drivers/GPIO/inputOutputPin.cpp.obj
                0x00000000080011f2                bool inputOutputPinHandler::settingsHandler<gpioHardException>(gpioHardException const&, inputOutputPinHandler*)
 .text._ZN21inputOutputPinHandler11initHandlerI17gpioHardExceptionEEbRKT_PS_
                0x000000000800120a       0x18 CMakeFiles/mainProject.dir/home/inumaki/Development/stm32/projects/mainProject/Core/Drivers/GPIO/inputOutputPin.cpp.obj
                0x000000000800120a                bool inputOutputPinHandler::initHandler<gpioHardException>(gpioHardException const&, inputOutputPinHandler*)
 .text._ZN21inputOutputPinHandler11initHandlerI17gpioHardExceptionEEbRKT_
                0x0000000008001222        0xe CMakeFiles/mainProject.dir/home/inumaki/Development/stm32/projects/mainProject/Core/Drivers/GPIO/inputOutputPin.cpp.obj
                0x0000000008001222                bool inputOutputPinHandler::initHandler<gpioHardException>(gpioHardException const&)
 .text._ZN21inputOutputPinHandler15settingsHandlerI9gpioDebugEEbRKT_PS_
                0x0000000008001230       0x18 CMakeFiles/mainProject.dir/home/inumaki/Development/stm32/projects/mainProject/Core/Drivers/GPIO/inputOutputPin.cpp.obj
                0x0000000008001230                bool inputOutputPinHandler::settingsHandler<gpioDebug>(gpioDebug const&, inputOutputPinHandler*)
 .text._ZN21inputOutputPinHandler11initHandlerI9gpioDebugEEbRKT_PS_
                0x0000000008001248       0x18 CMakeFiles/mainProject.dir/home/inumaki/Development/stm32/projects/mainProject/Core/Drivers/GPIO/inputOutputPin.cpp.obj
                0x0000000008001248                bool inputOutputPinHandler::initHandler<gpioDebug>(gpioDebug const&, inputOutputPinHandler*)
 .text._ZN21inputOutputPinHandler11initHandlerI9gpioDebugEEbRKT_
                0x0000000008001260        0xe CMakeFiles/mainProject.dir/home/inumaki/Development/stm32/projects/mainProject/Core/Drivers/GPIO/inputOutputPin.cpp.obj
                0x0000000008001260                bool inputOutputPinHandler::initHandler<gpioDebug>(gpioDebug const&)
 .text._ZN21inputOutputPinHandler4initI8gpioPUPDEEvRKT_PS_
                0x000000000800126e       0x22 CMakeFiles/mainProject.dir/home/inumaki/Development/stm32/projects/mainProject/Core/Drivers/GPIO/inputOutputPin.cpp.obj
                0x000000000800126e                void inputOutputPinHandler::init<gpioPUPD>(gpioPUPD const&, inputOutputPinHandler*)
 .text._ZN21inputOutputPinHandler8setParamI14gpioOutputTypeEEbRKT_PS_
                0x0000000008001290        0xa CMakeFiles/mainProject.dir/home/inumaki/Development/stm32/projects/mainProject/Core/Drivers/GPIO/inputOutputPin.cpp.obj
                0x0000000008001290                bool inputOutputPinHandler::setParam<gpioOutputType>(gpioOutputType const&, inputOutputPinHandler*)
 .text._ZN21inputOutputPinHandler4initI14gpioOutputTypeEEvRKT_PS_
                0x000000000800129a       0x2a CMakeFiles/mainProject.dir/home/inumaki/Development/stm32/projects/mainProject/Core/Drivers/GPIO/inputOutputPin.cpp.obj
                0x000000000800129a                void inputOutputPinHandler::init<gpioOutputType>(gpioOutputType const&, inputOutputPinHandler*)
 .text._ZN21inputOutputPinHandler15generalSettingsI14gpioOutputTypeEEbRKT_PS_
                0x00000000080012c4       0x36 CMakeFiles/mainProject.dir/home/inumaki/Development/stm32/projects/mainProject/Core/Drivers/GPIO/inputOutputPin.cpp.obj
                0x00000000080012c4                bool inputOutputPinHandler::generalSettings<gpioOutputType>(gpioOutputType const&, inputOutputPinHandler*)
 .text._ZN21inputOutputPinHandler15settingsHandlerI14gpioOutputTypeEEbRKT_PS_
                0x00000000080012fa        0x8 CMakeFiles/mainProject.dir/home/inumaki/Development/stm32/projects/mainProject/Core/Drivers/GPIO/inputOutputPin.cpp.obj
                0x00000000080012fa                bool inputOutputPinHandler::settingsHandler<gpioOutputType>(gpioOutputType const&, inputOutputPinHandler*)
 .text._ZN21inputOutputPinHandler11initHandlerI14gpioOutputTypeEEbRKT_PS_
                0x0000000008001302       0x18 CMakeFiles/mainProject.dir/home/inumaki/Development/stm32/projects/mainProject/Core/Drivers/GPIO/inputOutputPin.cpp.obj
                0x0000000008001302                bool inputOutputPinHandler::initHandler<gpioOutputType>(gpioOutputType const&, inputOutputPinHandler*)
 .text._ZN21inputOutputPinHandler11initHandlerI14gpioOutputTypeEEbRKT_
                0x000000000800131a        0xe CMakeFiles/mainProject.dir/home/inumaki/Development/stm32/projects/mainProject/Core/Drivers/GPIO/inputOutputPin.cpp.obj
                0x000000000800131a                bool inputOutputPinHandler::initHandler<gpioOutputType>(gpioOutputType const&)
 .text._ZN21inputOutputPinHandler8setParamI15gpioOutputSpeedEEbRKT_PS_
                0x0000000008001328        0xa CMakeFiles/mainProject.dir/home/inumaki/Development/stm32/projects/mainProject/Core/Drivers/GPIO/inputOutputPin.cpp.obj
                0x0000000008001328                bool inputOutputPinHandler::setParam<gpioOutputSpeed>(gpioOutputSpeed const&, inputOutputPinHandler*)
 .text._ZN21inputOutputPinHandler4initI15gpioOutputSpeedEEvRKT_PS_
                0x0000000008001332       0x22 CMakeFiles/mainProject.dir/home/inumaki/Development/stm32/projects/mainProject/Core/Drivers/GPIO/inputOutputPin.cpp.obj
                0x0000000008001332                void inputOutputPinHandler::init<gpioOutputSpeed>(gpioOutputSpeed const&, inputOutputPinHandler*)
 .text._ZN21inputOutputPinHandler15generalSettingsI15gpioOutputSpeedEEbRKT_PS_
                0x0000000008001354       0x36 CMakeFiles/mainProject.dir/home/inumaki/Development/stm32/projects/mainProject/Core/Drivers/GPIO/inputOutputPin.cpp.obj
                0x0000000008001354                bool inputOutputPinHandler::generalSettings<gpioOutputSpeed>(gpioOutputSpeed const&, inputOutputPinHandler*)
 .text._ZN21inputOutputPinHandler15settingsHandlerI15gpioOutputSpeedEEbRKT_PS_
                0x000000000800138a        0x8 CMakeFiles/mainProject.dir/home/inumaki/Development/stm32/projects/mainProject/Core/Drivers/GPIO/inputOutputPin.cpp.obj
                0x000000000800138a                bool inputOutputPinHandler::settingsHandler<gpioOutputSpeed>(gpioOutputSpeed const&, inputOutputPinHandler*)
 .text._ZN21inputOutputPinHandler11initHandlerI15gpioOutputSpeedEEbRKT_PS_
                0x0000000008001392       0x18 CMakeFiles/mainProject.dir/home/inumaki/Development/stm32/projects/mainProject/Core/Drivers/GPIO/inputOutputPin.cpp.obj
                0x0000000008001392                bool inputOutputPinHandler::initHandler<gpioOutputSpeed>(gpioOutputSpeed const&, inputOutputPinHandler*)
 .text._ZN21inputOutputPinHandler11initHandlerI15gpioOutputSpeedEEbRKT_
                0x00000000080013aa        0xe CMakeFiles/mainProject.dir/home/inumaki/Development/stm32/projects/mainProject/Core/Drivers/GPIO/inputOutputPin.cpp.obj
                0x00000000080013aa                bool inputOutputPinHandler::initHandler<gpioOutputSpeed>(gpioOutputSpeed const&)
 .text._ZN21inputOutputPinHandler8setParamI9gpioStateEEbRKT_PS_
                0x00000000080013b8        0xa CMakeFiles/mainProject.dir/home/inumaki/Development/stm32/projects/mainProject/Core/Drivers/GPIO/inputOutputPin.cpp.obj
                0x00000000080013b8                bool inputOutputPinHandler::setParam<gpioState>(gpioState const&, inputOutputPinHandler*)
 .text._ZN21inputOutputPinHandler4initI9gpioStateEEvRKT_PS_
                0x00000000080013c2       0x2e CMakeFiles/mainProject.dir/home/inumaki/Development/stm32/projects/mainProject/Core/Drivers/GPIO/inputOutputPin.cpp.obj
                0x00000000080013c2                void inputOutputPinHandler::init<gpioState>(gpioState const&, inputOutputPinHandler*)
 .text._ZN21inputOutputPinHandler15generalSettingsI9gpioStateEEbRKT_PS_
                0x00000000080013f0       0x36 CMakeFiles/mainProject.dir/home/inumaki/Development/stm32/projects/mainProject/Core/Drivers/GPIO/inputOutputPin.cpp.obj
                0x00000000080013f0                bool inputOutputPinHandler::generalSettings<gpioState>(gpioState const&, inputOutputPinHandler*)
 .text._ZN21inputOutputPinHandler15settingsHandlerI9gpioStateEEbRKT_PS_
                0x0000000008001426        0x8 CMakeFiles/mainProject.dir/home/inumaki/Development/stm32/projects/mainProject/Core/Drivers/GPIO/inputOutputPin.cpp.obj
                0x0000000008001426                bool inputOutputPinHandler::settingsHandler<gpioState>(gpioState const&, inputOutputPinHandler*)
 .text._ZN21inputOutputPinHandler11initHandlerI9gpioStateEEbRKT_PS_
                0x000000000800142e       0x18 CMakeFiles/mainProject.dir/home/inumaki/Development/stm32/projects/mainProject/Core/Drivers/GPIO/inputOutputPin.cpp.obj
                0x000000000800142e                bool inputOutputPinHandler::initHandler<gpioState>(gpioState const&, inputOutputPinHandler*)
 .text._ZN21inputOutputPinHandler11initHandlerI9gpioStateEEbRKT_
                0x0000000008001446        0xe CMakeFiles/mainProject.dir/home/inumaki/Development/stm32/projects/mainProject/Core/Drivers/GPIO/inputOutputPin.cpp.obj
                0x0000000008001446                bool inputOutputPinHandler::initHandler<gpioState>(gpioState const&)
 .text._ZN21inputOutputPinHandlerC2EPK8gpioPortPK7gpioPinPK8gpioModePK8gpioPUPDPK15gpioOutputSpeedPK14gpioOutputTypePK9gpioStatePK14gpiostatusCodePKbSP_
                0x0000000008001454       0x2a CMakeFiles/mainProject.dir/home/inumaki/Development/stm32/projects/mainProject/Core/Drivers/GPIO/inputOutputPinHandler.cpp.obj
                0x0000000008001454                inputOutputPinHandler::inputOutputPinHandler(gpioPort const*, gpioPin const*, gpioMode const*, gpioPUPD const*, gpioOutputSpeed const*, gpioOutputType const*, gpioState const*, gpiostatusCode const*, bool const*, bool const*)
                0x0000000008001454                inputOutputPinHandler::inputOutputPinHandler(gpioPort const*, gpioPin const*, gpioMode const*, gpioPUPD const*, gpioOutputSpeed const*, gpioOutputType const*, gpioState const*, gpiostatusCode const*, bool const*, bool const*)
 .text._ZN21inputOutputPinHandlerD2Ev
                0x000000000800147e        0x2 CMakeFiles/mainProject.dir/home/inumaki/Development/stm32/projects/mainProject/Core/Drivers/GPIO/inputOutputPinHandler.cpp.obj
                0x000000000800147e                inputOutputPinHandler::~inputOutputPinHandler()
                0x000000000800147e                inputOutputPinHandler::~inputOutputPinHandler()
 .text._ZN21inputOutputPinHandler9isPortSetERKS_
                0x0000000008001480       0x12 CMakeFiles/mainProject.dir/home/inumaki/Development/stm32/projects/mainProject/Core/Drivers/GPIO/inputOutputPinHandler.cpp.obj
                0x0000000008001480                inputOutputPinHandler::isPortSet(inputOutputPinHandler const&)
 .text._ZN21inputOutputPinHandler8isPinSetERKS_
                0x0000000008001492       0x12 CMakeFiles/mainProject.dir/home/inumaki/Development/stm32/projects/mainProject/Core/Drivers/GPIO/inputOutputPinHandler.cpp.obj
                0x0000000008001492                inputOutputPinHandler::isPinSet(inputOutputPinHandler const&)
 .text._ZN21inputOutputPinHandler7isReadyEPKS_
                0x00000000080014a4       0x12 CMakeFiles/mainProject.dir/home/inumaki/Development/stm32/projects/mainProject/Core/Drivers/GPIO/inputOutputPinHandler.cpp.obj
                0x00000000080014a4                inputOutputPinHandler::isReady(inputOutputPinHandler const*)
 *fill*         0x00000000080014b6        0x2 
 .text._ZN21inputOutputPinHandler11isAllocatedERK8gpioPortRK7gpioPin
                0x00000000080014b8       0x34 CMakeFiles/mainProject.dir/home/inumaki/Development/stm32/projects/mainProject/Core/Drivers/GPIO/inputOutputPinHandler.cpp.obj
                0x00000000080014b8                inputOutputPinHandler::isAllocated(gpioPort const&, gpioPin const&)
 .text._ZN21inputOutputPinHandler14isReallocatingERK8gpioPortPKS_
                0x00000000080014ec        0xa CMakeFiles/mainProject.dir/home/inumaki/Development/stm32/projects/mainProject/Core/Drivers/GPIO/inputOutputPinHandler.cpp.obj
                0x00000000080014ec                inputOutputPinHandler::isReallocating(gpioPort const&, inputOutputPinHandler const*)
 .text._ZN21inputOutputPinHandler14isReallocatingERK7gpioPinPKS_
                0x00000000080014f6        0xe CMakeFiles/mainProject.dir/home/inumaki/Development/stm32/projects/mainProject/Core/Drivers/GPIO/inputOutputPinHandler.cpp.obj
                0x00000000080014f6                inputOutputPinHandler::isReallocating(gpioPin const&, inputOutputPinHandler const*)
 .text._ZN21inputOutputPinHandler7getGPIOERK8gpioPort
                0x0000000008001504       0x44 CMakeFiles/mainProject.dir/home/inumaki/Development/stm32/projects/mainProject/Core/Drivers/GPIO/inputOutputPinHandler.cpp.obj
                0x0000000008001504                inputOutputPinHandler::getGPIO(gpioPort const&)
 .text._ZN21inputOutputPinHandler8setParamI8gpioPortEEbRKT_PS_
                0x0000000008001548        0xa CMakeFiles/mainProject.dir/home/inumaki/Development/stm32/projects/mainProject/Core/Drivers/GPIO/inputOutputPinHandler.cpp.obj
                0x0000000008001548                bool inputOutputPinHandler::setParam<gpioPort>(gpioPort const&, inputOutputPinHandler*)
 *fill*         0x0000000008001552        0x2 
 .text._ZN21inputOutputPinHandler4initI8gpioPortEEvRKT_PS_
                0x0000000008001554       0x24 CMakeFiles/mainProject.dir/home/inumaki/Development/stm32/projects/mainProject/Core/Drivers/GPIO/inputOutputPinHandler.cpp.obj
                0x0000000008001554                void inputOutputPinHandler::init<gpioPort>(gpioPort const&, inputOutputPinHandler*)
 .text._ZN21inputOutputPinHandler8setParamI7gpioPinEEbRKT_PS_
                0x0000000008001578        0xa CMakeFiles/mainProject.dir/home/inumaki/Development/stm32/projects/mainProject/Core/Drivers/GPIO/inputOutputPinHandler.cpp.obj
                0x0000000008001578                bool inputOutputPinHandler::setParam<gpioPin>(gpioPin const&, inputOutputPinHandler*)
 .text._ZN21inputOutputPinHandler4initI8gpioModeEEvRKT_PS_
                0x0000000008001582       0x2e CMakeFiles/mainProject.dir/home/inumaki/Development/stm32/projects/mainProject/Core/Drivers/GPIO/inputOutputPinHandler.cpp.obj
                0x0000000008001582                void inputOutputPinHandler::init<gpioMode>(gpioMode const&, inputOutputPinHandler*)
 .text._ZN21inputOutputPinHandler18initQueuedSettingsEPS_
                0x00000000080015b0       0x8e CMakeFiles/mainProject.dir/home/inumaki/Development/stm32/projects/mainProject/Core/Drivers/GPIO/inputOutputPinHandler.cpp.obj
                0x00000000080015b0                inputOutputPinHandler::initQueuedSettings(inputOutputPinHandler*)
 *fill*         0x000000000800163e        0x2 
 .text._ZN21inputOutputPinHandler12portSettingsERK8gpioPortPS_
                0x0000000008001640       0x70 CMakeFiles/mainProject.dir/home/inumaki/Development/stm32/projects/mainProject/Core/Drivers/GPIO/inputOutputPinHandler.cpp.obj
                0x0000000008001640                inputOutputPinHandler::portSettings(gpioPort const&, inputOutputPinHandler*)
 .text._ZN21inputOutputPinHandler11pinSettingsERK7gpioPinPS_
                0x00000000080016b0       0x64 CMakeFiles/mainProject.dir/home/inumaki/Development/stm32/projects/mainProject/Core/Drivers/GPIO/inputOutputPinHandler.cpp.obj
                0x00000000080016b0                inputOutputPinHandler::pinSettings(gpioPin const&, inputOutputPinHandler*)
 .text._ZN21inputOutputPinHandler8setParamI8gpioModeEEbRKT_PS_
                0x0000000008001714        0xa CMakeFiles/mainProject.dir/home/inumaki/Development/stm32/projects/mainProject/Core/Drivers/GPIO/inputOutputPinHandler.cpp.obj
                0x0000000008001714                bool inputOutputPinHandler::setParam<gpioMode>(gpioMode const&, inputOutputPinHandler*)
 .text._ZN21inputOutputPinHandler15generalSettingsI8gpioModeEEbRKT_PS_
                0x000000000800171e       0x34 CMakeFiles/mainProject.dir/home/inumaki/Development/stm32/projects/mainProject/Core/Drivers/GPIO/inputOutputPinHandler.cpp.obj
                0x000000000800171e                bool inputOutputPinHandler::generalSettings<gpioMode>(gpioMode const&, inputOutputPinHandler*)
 .text._ZN21inputOutputPinHandler12modeSettingsERK8gpioModePS_RKb
                0x0000000008001752       0x24 CMakeFiles/mainProject.dir/home/inumaki/Development/stm32/projects/mainProject/Core/Drivers/GPIO/inputOutputPinHandler.cpp.obj
                0x0000000008001752                inputOutputPinHandler::modeSettings(gpioMode const&, inputOutputPinHandler*, bool const&)
 .text.main     0x0000000008001776        0x2 CMakeFiles/mainProject.dir/home/inumaki/Development/stm32/projects/mainProject/Core/Src/main.cpp.obj
                0x0000000008001776                main
 .text._ZN14inputOutputPinC2IJ17gpioHardException8gpioPort8gpioMode9gpioState7gpioPin9gpioDebug15gpioOutputSpeed14gpioOutputTypeEEEDpRKT_
                0x0000000008001778       0x5e CMakeFiles/mainProject.dir/home/inumaki/Development/stm32/projects/mainProject/Core/Src/main.cpp.obj
                0x0000000008001778                inputOutputPin::inputOutputPin<gpioHardException, gpioPort, gpioMode, gpioState, gpioPin, gpioDebug, gpioOutputSpeed, gpioOutputType>(gpioHardException const&, gpioPort const&, gpioMode const&, gpioState const&, gpioPin const&, gpioDebug const&, gpioOutputSpeed const&, gpioOutputType const&)
                0x0000000008001778                inputOutputPin::inputOutputPin<gpioHardException, gpioPort, gpioMode, gpioState, gpioPin, gpioDebug, gpioOutputSpeed, gpioOutputType>(gpioHardException const&, gpioPort const&, gpioMode const&, gpioState const&, gpioPin const&, gpioDebug const&, gpioOutputSpeed const&, gpioOutputType const&)
 *fill*         0x00000000080017d6        0x2 
 .text._Z41__static_initialization_and_destruction_0ii
                0x00000000080017d8       0x80 CMakeFiles/mainProject.dir/home/inumaki/Development/stm32/projects/mainProject/Core/Src/main.cpp.obj
 .text._GLOBAL__sub_I_a
                0x0000000008001858        0xe CMakeFiles/mainProject.dir/home/inumaki/Development/stm32/projects/mainProject/Core/Src/main.cpp.obj
 .text._getpid  0x0000000008001866        0x4 CMakeFiles/mainProject.dir/home/inumaki/Development/stm32/projects/mainProject/Core/Src/syscalls.c.obj
                0x0000000008001866                _getpid
 .text._kill    0x000000000800186a       0x10 CMakeFiles/mainProject.dir/home/inumaki/Development/stm32/projects/mainProject/Core/Src/syscalls.c.obj
                0x000000000800186a                _kill
 .text._exit    0x000000000800187a        0xc CMakeFiles/mainProject.dir/home/inumaki/Development/stm32/projects/mainProject/Core/Src/syscalls.c.obj
                0x000000000800187a                _exit
 *fill*         0x0000000008001886        0x2 
 .text._sbrk    0x0000000008001888       0x48 CMakeFiles/mainProject.dir/home/inumaki/Development/stm32/projects/mainProject/Core/Src/sysmem.c.obj
                0x0000000008001888                _sbrk
 .text.Reset_Handler
                0x00000000080018d0       0x4c CMakeFiles/mainProject.dir/home/inumaki/Development/stm32/projects/mainProject/Core/Startup/startup_stm32f411retx.s.obj
                0x00000000080018d0                Reset_Handler
 .text.Default_Handler
                0x000000000800191c        0x2 CMakeFiles/mainProject.dir/home/inumaki/Development/stm32/projects/mainProject/Core/Startup/startup_stm32f411retx.s.obj
                0x000000000800191c                RTC_Alarm_IRQHandler
                0x000000000800191c                EXTI2_IRQHandler
                0x000000000800191c                DebugMon_Handler
                0x000000000800191c                SPI4_IRQHandler
                0x000000000800191c                TIM1_CC_IRQHandler
                0x000000000800191c                DMA2_Stream5_IRQHandler
                0x000000000800191c                HardFault_Handler
                0x000000000800191c                DMA1_Stream5_IRQHandler
                0x000000000800191c                SysTick_Handler
                0x000000000800191c                PVD_IRQHandler
                0x000000000800191c                SDIO_IRQHandler
                0x000000000800191c                TAMP_STAMP_IRQHandler
                0x000000000800191c                PendSV_Handler
                0x000000000800191c                NMI_Handler
                0x000000000800191c                EXTI3_IRQHandler
                0x000000000800191c                TIM1_UP_TIM10_IRQHandler
                0x000000000800191c                I2C3_ER_IRQHandler
                0x000000000800191c                EXTI0_IRQHandler
                0x000000000800191c                I2C2_EV_IRQHandler
                0x000000000800191c                DMA1_Stream2_IRQHandler
                0x000000000800191c                FPU_IRQHandler
                0x000000000800191c                UsageFault_Handler
                0x000000000800191c                DMA2_Stream2_IRQHandler
                0x000000000800191c                SPI1_IRQHandler
                0x000000000800191c                TIM1_BRK_TIM9_IRQHandler
                0x000000000800191c                DMA2_Stream3_IRQHandler
                0x000000000800191c                USART6_IRQHandler
                0x000000000800191c                DMA2_Stream0_IRQHandler
                0x000000000800191c                TIM4_IRQHandler
                0x000000000800191c                I2C1_EV_IRQHandler
                0x000000000800191c                DMA1_Stream6_IRQHandler
                0x000000000800191c                DMA1_Stream1_IRQHandler
                0x000000000800191c                TIM3_IRQHandler
                0x000000000800191c                RCC_IRQHandler
                0x000000000800191c                Default_Handler
                0x000000000800191c                EXTI15_10_IRQHandler
                0x000000000800191c                ADC_IRQHandler
                0x000000000800191c                DMA1_Stream7_IRQHandler
                0x000000000800191c                SPI5_IRQHandler
                0x000000000800191c                TIM5_IRQHandler
                0x000000000800191c                DMA2_Stream7_IRQHandler
                0x000000000800191c                I2C3_EV_IRQHandler
                0x000000000800191c                EXTI9_5_IRQHandler
                0x000000000800191c                RTC_WKUP_IRQHandler
                0x000000000800191c                SPI2_IRQHandler
                0x000000000800191c                MemManage_Handler
                0x000000000800191c                DMA1_Stream0_IRQHandler
                0x000000000800191c                SVC_Handler
                0x000000000800191c                EXTI4_IRQHandler
                0x000000000800191c                WWDG_IRQHandler
                0x000000000800191c                TIM2_IRQHandler
                0x000000000800191c                OTG_FS_WKUP_IRQHandler
                0x000000000800191c                TIM1_TRG_COM_TIM11_IRQHandler
                0x000000000800191c                EXTI1_IRQHandler
                0x000000000800191c                USART2_IRQHandler
                0x000000000800191c                I2C2_ER_IRQHandler
                0x000000000800191c                DMA2_Stream1_IRQHandler
                0x000000000800191c                FLASH_IRQHandler
                0x000000000800191c                DMA2_Stream4_IRQHandler
                0x000000000800191c                BusFault_Handler
                0x000000000800191c                USART1_IRQHandler
                0x000000000800191c                OTG_FS_IRQHandler
                0x000000000800191c                SPI3_IRQHandler
                0x000000000800191c                DMA1_Stream4_IRQHandler
                0x000000000800191c                I2C1_ER_IRQHandler
                0x000000000800191c                DMA2_Stream6_IRQHandler
                0x000000000800191c                DMA1_Stream3_IRQHandler
 .text.__aeabi_atexit
                0x000000000800191e        0xa /usr/bin/../lib/gcc/arm-none-eabi/10.3.1/../../../../arm-none-eabi/lib/thumb/v7e-m+fp/hard/libstdc++_nano.a(atexit_arm.o)
                0x000000000800191e                __aeabi_atexit
 .text._ZdlPvj  0x0000000008001928        0x4 /usr/bin/../lib/gcc/arm-none-eabi/10.3.1/../../../../arm-none-eabi/lib/thumb/v7e-m+fp/hard/libstdc++_nano.a(del_ops.o)
                0x0000000008001928                operator delete(void*, unsigned int)
 .text.startup._GLOBAL__sub_I__ZN9__gnu_cxx9__freeresEv
                0x000000000800192c       0x28 /usr/bin/../lib/gcc/arm-none-eabi/10.3.1/../../../../arm-none-eabi/lib/thumb/v7e-m+fp/hard/libstdc++_nano.a(eh_alloc.o)
 .text.__cxa_end_cleanup
                0x0000000008001954        0xc /usr/bin/../lib/gcc/arm-none-eabi/10.3.1/../../../../arm-none-eabi/lib/thumb/v7e-m+fp/hard/libstdc++_nano.a(eh_arm.o)
                0x0000000008001954                __cxa_end_cleanup
 .text._ZN10__cxxabiv1L24__is_gxx_exception_classEPc
                0x0000000008001960       0x3a /usr/bin/../lib/gcc/arm-none-eabi/10.3.1/../../../../arm-none-eabi/lib/thumb/v7e-m+fp/hard/libstdc++_nano.a(eh_arm.o)
 *fill*         0x000000000800199a        0x2 
 .text.__cxa_type_match
                0x000000000800199c       0xbc /usr/bin/../lib/gcc/arm-none-eabi/10.3.1/../../../../arm-none-eabi/lib/thumb/v7e-m+fp/hard/libstdc++_nano.a(eh_arm.o)
                0x000000000800199c                __cxa_type_match
 .text.__cxa_begin_cleanup
                0x0000000008001a58       0x3a /usr/bin/../lib/gcc/arm-none-eabi/10.3.1/../../../../arm-none-eabi/lib/thumb/v7e-m+fp/hard/libstdc++_nano.a(eh_arm.o)
                0x0000000008001a58                __cxa_begin_cleanup
 .text.__gnu_end_cleanup
                0x0000000008001a92       0x32 /usr/bin/../lib/gcc/arm-none-eabi/10.3.1/../../../../arm-none-eabi/lib/thumb/v7e-m+fp/hard/libstdc++_nano.a(eh_arm.o)
                0x0000000008001a92                __gnu_end_cleanup
 .text._ZN10__cxxabiv1L24__is_gxx_exception_classEPc
                0x0000000008001ac4       0x3a /usr/bin/../lib/gcc/arm-none-eabi/10.3.1/../../../../arm-none-eabi/lib/thumb/v7e-m+fp/hard/libstdc++_nano.a(eh_catch.o)
 .text.__cxa_begin_catch
                0x0000000008001afe       0x52 /usr/bin/../lib/gcc/arm-none-eabi/10.3.1/../../../../arm-none-eabi/lib/thumb/v7e-m+fp/hard/libstdc++_nano.a(eh_catch.o)
                0x0000000008001afe                __cxa_begin_catch
 .text.__cxa_get_globals
                0x0000000008001b50        0x8 /usr/bin/../lib/gcc/arm-none-eabi/10.3.1/../../../../arm-none-eabi/lib/thumb/v7e-m+fp/hard/libstdc++_nano.a(eh_globals.o)
                0x0000000008001b50                __cxa_get_globals
 .text._ZL12read_uleb128PKhPm
                0x0000000008001b58       0x1e /usr/bin/../lib/gcc/arm-none-eabi/10.3.1/../../../../arm-none-eabi/lib/thumb/v7e-m+fp/hard/libstdc++_nano.a(eh_personality.o)
 .text._ZL12read_sleb128PKhPl
                0x0000000008001b76       0x30 /usr/bin/../lib/gcc/arm-none-eabi/10.3.1/../../../../arm-none-eabi/lib/thumb/v7e-m+fp/hard/libstdc++_nano.a(eh_personality.o)
 .text._ZL28read_encoded_value_with_basehjPKhPj
                0x0000000008001ba6       0x8c /usr/bin/../lib/gcc/arm-none-eabi/10.3.1/../../../../arm-none-eabi/lib/thumb/v7e-m+fp/hard/libstdc++_nano.a(eh_personality.o)
 .text._ZL21base_of_encoded_valuehP15_Unwind_Context
                0x0000000008001c32       0x48 /usr/bin/../lib/gcc/arm-none-eabi/10.3.1/../../../../arm-none-eabi/lib/thumb/v7e-m+fp/hard/libstdc++_nano.a(eh_personality.o)
 .text._ZL18read_encoded_valueP15_Unwind_ContexthPKhPj
                0x0000000008001c7a       0x22 /usr/bin/../lib/gcc/arm-none-eabi/10.3.1/../../../../arm-none-eabi/lib/thumb/v7e-m+fp/hard/libstdc++_nano.a(eh_personality.o)
 .text._ZL17parse_lsda_headerP15_Unwind_ContextPKhP16lsda_header_info
                0x0000000008001c9c       0x62 /usr/bin/../lib/gcc/arm-none-eabi/10.3.1/../../../../arm-none-eabi/lib/thumb/v7e-m+fp/hard/libstdc++_nano.a(eh_personality.o)
 .text._Unwind_GetGR
                0x0000000008001cfe       0x18 /usr/bin/../lib/gcc/arm-none-eabi/10.3.1/../../../../arm-none-eabi/lib/thumb/v7e-m+fp/hard/libstdc++_nano.a(eh_personality.o)
 *fill*         0x0000000008001d16        0x2 
 .text.__gxx_personality_v0
                0x0000000008001d18      0x338 /usr/bin/../lib/gcc/arm-none-eabi/10.3.1/../../../../arm-none-eabi/lib/thumb/v7e-m+fp/hard/libstdc++_nano.a(eh_personality.o)
                0x0000000008001d18                __gxx_personality_v0
 .text._ZN10__cxxabiv111__terminateEPFvvE
                0x0000000008002050        0x8 /usr/bin/../lib/gcc/arm-none-eabi/10.3.1/../../../../arm-none-eabi/lib/thumb/v7e-m+fp/hard/libstdc++_nano.a(eh_terminate.o)
                0x0000000008002050                __cxxabiv1::__terminate(void (*)())
 .text._ZSt13get_terminatev
                0x0000000008002058       0x10 /usr/bin/../lib/gcc/arm-none-eabi/10.3.1/../../../../arm-none-eabi/lib/thumb/v7e-m+fp/hard/libstdc++_nano.a(eh_terminate.o)
                0x0000000008002058                std::get_terminate()
 .text._ZSt9terminatev
                0x0000000008002068        0xa /usr/bin/../lib/gcc/arm-none-eabi/10.3.1/../../../../arm-none-eabi/lib/thumb/v7e-m+fp/hard/libstdc++_nano.a(eh_terminate.o)
                0x0000000008002068                std::terminate()
 .text._ZN10__cxxabiv112__unexpectedEPFvvE
                0x0000000008002072        0x8 /usr/bin/../lib/gcc/arm-none-eabi/10.3.1/../../../../arm-none-eabi/lib/thumb/v7e-m+fp/hard/libstdc++_nano.a(eh_terminate.o)
                0x0000000008002072                __cxxabiv1::__unexpected(void (*)())
 *fill*         0x000000000800207a        0x2 
 .text._ZSt14get_unexpectedv
                0x000000000800207c       0x10 /usr/bin/../lib/gcc/arm-none-eabi/10.3.1/../../../../arm-none-eabi/lib/thumb/v7e-m+fp/hard/libstdc++_nano.a(eh_terminate.o)
                0x000000000800207c                std::get_unexpected()
 .text._ZSt10unexpectedv
                0x000000000800208c        0xa /usr/bin/../lib/gcc/arm-none-eabi/10.3.1/../../../../arm-none-eabi/lib/thumb/v7e-m+fp/hard/libstdc++_nano.a(eh_terminate.o)
                0x000000000800208c                std::unexpected()
 .text._Znwj    0x0000000008002096       0x22 /usr/bin/../lib/gcc/arm-none-eabi/10.3.1/../../../../arm-none-eabi/lib/thumb/v7e-m+fp/hard/libstdc++_nano.a(new_op.o)
                0x0000000008002096                operator new(unsigned int)
 .text._ZN10__cxxabiv120__si_class_type_infoD2Ev
                0x00000000080020b8       0x14 /usr/bin/../lib/gcc/arm-none-eabi/10.3.1/../../../../arm-none-eabi/lib/thumb/v7e-m+fp/hard/libstdc++_nano.a(si_class_type_info.o)
                0x00000000080020b8                __cxxabiv1::__si_class_type_info::~__si_class_type_info()
                0x00000000080020b8                __cxxabiv1::__si_class_type_info::~__si_class_type_info()
 .text._ZN10__cxxabiv120__si_class_type_infoD0Ev
                0x00000000080020cc       0x14 /usr/bin/../lib/gcc/arm-none-eabi/10.3.1/../../../../arm-none-eabi/lib/thumb/v7e-m+fp/hard/libstdc++_nano.a(si_class_type_info.o)
                0x00000000080020cc                __cxxabiv1::__si_class_type_info::~__si_class_type_info()
 .text._ZNK10__cxxabiv120__si_class_type_info20__do_find_public_srcEiPKvPKNS_17__class_type_infoES2_
                0x00000000080020e0       0x38 /usr/bin/../lib/gcc/arm-none-eabi/10.3.1/../../../../arm-none-eabi/lib/thumb/v7e-m+fp/hard/libstdc++_nano.a(si_class_type_info.o)
                0x00000000080020e0                __cxxabiv1::__si_class_type_info::__do_find_public_src(int, void const*, __cxxabiv1::__class_type_info const*, void const*) const
 .text._ZNK10__cxxabiv120__si_class_type_info12__do_dyncastEiNS_17__class_type_info10__sub_kindEPKS1_PKvS4_S6_RNS1_16__dyncast_resultE
                0x0000000008002118       0x74 /usr/bin/../lib/gcc/arm-none-eabi/10.3.1/../../../../arm-none-eabi/lib/thumb/v7e-m+fp/hard/libstdc++_nano.a(si_class_type_info.o)
                0x0000000008002118                __cxxabiv1::__si_class_type_info::__do_dyncast(int, __cxxabiv1::__class_type_info::__sub_kind, __cxxabiv1::__class_type_info const*, void const*, __cxxabiv1::__class_type_info const*, void const*, __cxxabiv1::__class_type_info::__dyncast_result&) const
 .text._ZNK10__cxxabiv120__si_class_type_info11__do_upcastEPKNS_17__class_type_infoEPKvRNS1_15__upcast_resultE
                0x000000000800218c       0x2a /usr/bin/../lib/gcc/arm-none-eabi/10.3.1/../../../../arm-none-eabi/lib/thumb/v7e-m+fp/hard/libstdc++_nano.a(si_class_type_info.o)
                0x000000000800218c                __cxxabiv1::__si_class_type_info::__do_upcast(__cxxabiv1::__class_type_info const*, void const*, __cxxabiv1::__class_type_info::__upcast_result&) const
 .text._ZNSt9type_infoD2Ev
                0x00000000080021b6        0x2 /usr/bin/../lib/gcc/arm-none-eabi/10.3.1/../../../../arm-none-eabi/lib/thumb/v7e-m+fp/hard/libstdc++_nano.a(tinfo.o)
                0x00000000080021b6                std::type_info::~type_info()
                0x00000000080021b6                std::type_info::~type_info()
 .text._ZNKSt9type_info14__is_pointer_pEv
                0x00000000080021b8        0x4 /usr/bin/../lib/gcc/arm-none-eabi/10.3.1/../../../../arm-none-eabi/lib/thumb/v7e-m+fp/hard/libstdc++_nano.a(tinfo.o)
                0x00000000080021b8                std::type_info::__is_function_p() const
                0x00000000080021b8                std::type_info::__is_pointer_p() const
 .text._ZNKSt9type_infoeqERKS_
                0x00000000080021bc       0x2c /usr/bin/../lib/gcc/arm-none-eabi/10.3.1/../../../../arm-none-eabi/lib/thumb/v7e-m+fp/hard/libstdc++_nano.a(tinfo.o)
                0x00000000080021bc                std::type_info::operator==(std::type_info const&) const
 .text._ZNK10__cxxabiv117__class_type_info11__do_upcastEPKS0_PPv
                0x00000000080021e8       0x32 /usr/bin/../lib/gcc/arm-none-eabi/10.3.1/../../../../arm-none-eabi/lib/thumb/v7e-m+fp/hard/libstdc++_nano.a(class_type_info.o)
                0x00000000080021e8                __cxxabiv1::__class_type_info::__do_upcast(__cxxabiv1::__class_type_info const*, void**) const
 .text._ZNK10__cxxabiv117__class_type_info20__do_find_public_srcEiPKvPKS0_S2_
                0x000000000800221a        0xc /usr/bin/../lib/gcc/arm-none-eabi/10.3.1/../../../../arm-none-eabi/lib/thumb/v7e-m+fp/hard/libstdc++_nano.a(class_type_info.o)
                0x000000000800221a                __cxxabiv1::__class_type_info::__do_find_public_src(int, void const*, __cxxabiv1::__class_type_info const*, void const*) const
 *fill*         0x0000000008002226        0x2 
 .text._ZN10__cxxabiv117__class_type_infoD2Ev
                0x0000000008002228       0x14 /usr/bin/../lib/gcc/arm-none-eabi/10.3.1/../../../../arm-none-eabi/lib/thumb/v7e-m+fp/hard/libstdc++_nano.a(class_type_info.o)
                0x0000000008002228                __cxxabiv1::__class_type_info::~__class_type_info()
                0x0000000008002228                __cxxabiv1::__class_type_info::~__class_type_info()
 .text._ZN10__cxxabiv117__class_type_infoD0Ev
                0x000000000800223c       0x14 /usr/bin/../lib/gcc/arm-none-eabi/10.3.1/../../../../arm-none-eabi/lib/thumb/v7e-m+fp/hard/libstdc++_nano.a(class_type_info.o)
                0x000000000800223c                __cxxabiv1::__class_type_info::~__class_type_info()
 .text._ZNK10__cxxabiv117__class_type_info12__do_dyncastEiNS0_10__sub_kindEPKS0_PKvS3_S5_RNS0_16__dyncast_resultE
                0x0000000008002250       0x3e /usr/bin/../lib/gcc/arm-none-eabi/10.3.1/../../../../arm-none-eabi/lib/thumb/v7e-m+fp/hard/libstdc++_nano.a(class_type_info.o)
                0x0000000008002250                __cxxabiv1::__class_type_info::__do_dyncast(int, __cxxabiv1::__class_type_info::__sub_kind, __cxxabiv1::__class_type_info const*, void const*, __cxxabiv1::__class_type_info const*, void const*, __cxxabiv1::__class_type_info::__dyncast_result&) const
 .text._ZNK10__cxxabiv117__class_type_info11__do_upcastEPKS0_PKvRNS0_15__upcast_resultE
                0x000000000800228e       0x18 /usr/bin/../lib/gcc/arm-none-eabi/10.3.1/../../../../arm-none-eabi/lib/thumb/v7e-m+fp/hard/libstdc++_nano.a(class_type_info.o)
                0x000000000800228e                __cxxabiv1::__class_type_info::__do_upcast(__cxxabiv1::__class_type_info const*, void const*, __cxxabiv1::__class_type_info::__upcast_result&) const
 .text._ZNK10__cxxabiv117__class_type_info10__do_catchEPKSt9type_infoPPvj
                0x00000000080022a6       0x2a /usr/bin/../lib/gcc/arm-none-eabi/10.3.1/../../../../arm-none-eabi/lib/thumb/v7e-m+fp/hard/libstdc++_nano.a(class_type_info.o)
                0x00000000080022a6                __cxxabiv1::__class_type_info::__do_catch(std::type_info const*, void**, unsigned int) const
 .text._ZdlPv   0x00000000080022d0        0x4 /usr/bin/../lib/gcc/arm-none-eabi/10.3.1/../../../../arm-none-eabi/lib/thumb/v7e-m+fp/hard/libstdc++_nano.a(del_op.o)
                0x00000000080022d0                operator delete(void*)
 .text._ZN10__cxxabiv1L24__is_gxx_exception_classEPc
                0x00000000080022d4       0x3a /usr/bin/../lib/gcc/arm-none-eabi/10.3.1/../../../../arm-none-eabi/lib/thumb/v7e-m+fp/hard/libstdc++_nano.a(eh_call.o)
 .text.__cxa_call_terminate
                0x000000000800230e       0x1e /usr/bin/../lib/gcc/arm-none-eabi/10.3.1/../../../../arm-none-eabi/lib/thumb/v7e-m+fp/hard/libstdc++_nano.a(eh_call.o)
                0x000000000800230e                __cxa_call_terminate
 .text.__cxa_call_unexpected
                0x000000000800232c       0x28 /usr/bin/../lib/gcc/arm-none-eabi/10.3.1/../../../../arm-none-eabi/lib/thumb/v7e-m+fp/hard/libstdc++_nano.a(eh_call.o)
                0x000000000800232c                __cxa_call_unexpected
 .text._ZSt15get_new_handlerv
                0x0000000008002354       0x10 /usr/bin/../lib/gcc/arm-none-eabi/10.3.1/../../../../arm-none-eabi/lib/thumb/v7e-m+fp/hard/libstdc++_nano.a(new_handler.o)
                0x0000000008002354                std::get_new_handler()
 .text.abort    0x0000000008002364        0xe /usr/bin/../lib/gcc/arm-none-eabi/10.3.1/../../../../arm-none-eabi/lib/thumb/v7e-m+fp/hard/libc_nano.a(lib_a-abort.o)
                0x0000000008002364                abort
 *fill*         0x0000000008002372        0x2 
 .text.__cxa_atexit
                0x0000000008002374       0x1c /usr/bin/../lib/gcc/arm-none-eabi/10.3.1/../../../../arm-none-eabi/lib/thumb/v7e-m+fp/hard/libc_nano.a(lib_a-cxa_atexit.o)
                0x0000000008002374                __cxa_atexit
 .text.__errno  0x0000000008002390        0xc /usr/bin/../lib/gcc/arm-none-eabi/10.3.1/../../../../arm-none-eabi/lib/thumb/v7e-m+fp/hard/libc_nano.a(lib_a-errno.o)
                0x0000000008002390                __errno
 .text.__libc_init_array
                0x000000000800239c       0x48 /usr/bin/../lib/gcc/arm-none-eabi/10.3.1/../../../../arm-none-eabi/lib/thumb/v7e-m+fp/hard/libc_nano.a(lib_a-init.o)
                0x000000000800239c                __libc_init_array
 .text.malloc   0x00000000080023e4       0x10 /usr/bin/../lib/gcc/arm-none-eabi/10.3.1/../../../../arm-none-eabi/lib/thumb/v7e-m+fp/hard/libc_nano.a(lib_a-malloc.o)
                0x00000000080023e4                malloc
 .text.free     0x00000000080023f4       0x10 /usr/bin/../lib/gcc/arm-none-eabi/10.3.1/../../../../arm-none-eabi/lib/thumb/v7e-m+fp/hard/libc_nano.a(lib_a-malloc.o)
                0x00000000080023f4                free
 .text._free_r  0x0000000008002404       0x98 /usr/bin/../lib/gcc/arm-none-eabi/10.3.1/../../../../arm-none-eabi/lib/thumb/v7e-m+fp/hard/libc_nano.a(lib_a-nano-freer.o)
                0x0000000008002404                _free_r
 .text.sbrk_aligned
                0x000000000800249c       0x40 /usr/bin/../lib/gcc/arm-none-eabi/10.3.1/../../../../arm-none-eabi/lib/thumb/v7e-m+fp/hard/libc_nano.a(lib_a-nano-mallocr.o)
 .text._malloc_r
                0x00000000080024dc       0xe8 /usr/bin/../lib/gcc/arm-none-eabi/10.3.1/../../../../arm-none-eabi/lib/thumb/v7e-m+fp/hard/libc_nano.a(lib_a-nano-mallocr.o)
                0x00000000080024dc                _malloc_r
 .text._sbrk_r  0x00000000080025c4       0x20 /usr/bin/../lib/gcc/arm-none-eabi/10.3.1/../../../../arm-none-eabi/lib/thumb/v7e-m+fp/hard/libc_nano.a(lib_a-sbrkr.o)
                0x00000000080025c4                _sbrk_r
 .text._raise_r
                0x00000000080025e4       0x50 /usr/bin/../lib/gcc/arm-none-eabi/10.3.1/../../../../arm-none-eabi/lib/thumb/v7e-m+fp/hard/libc_nano.a(lib_a-signal.o)
                0x00000000080025e4                _raise_r
 .text.raise    0x0000000008002634       0x10 /usr/bin/../lib/gcc/arm-none-eabi/10.3.1/../../../../arm-none-eabi/lib/thumb/v7e-m+fp/hard/libc_nano.a(lib_a-signal.o)
                0x0000000008002634                raise
 .text._kill_r  0x0000000008002644       0x24 /usr/bin/../lib/gcc/arm-none-eabi/10.3.1/../../../../arm-none-eabi/lib/thumb/v7e-m+fp/hard/libc_nano.a(lib_a-signalr.o)
                0x0000000008002644                _kill_r
 .text._getpid_r
                0x0000000008002668        0x4 /usr/bin/../lib/gcc/arm-none-eabi/10.3.1/../../../../arm-none-eabi/lib/thumb/v7e-m+fp/hard/libc_nano.a(lib_a-signalr.o)
                0x0000000008002668                _getpid_r
 .text.__malloc_lock
                0x000000000800266c        0xc /usr/bin/../lib/gcc/arm-none-eabi/10.3.1/../../../../arm-none-eabi/lib/thumb/v7e-m+fp/hard/libc_nano.a(lib_a-mlock.o)
                0x000000000800266c                __malloc_lock
 .text.__malloc_unlock
                0x0000000008002678        0xc /usr/bin/../lib/gcc/arm-none-eabi/10.3.1/../../../../arm-none-eabi/lib/thumb/v7e-m+fp/hard/libc_nano.a(lib_a-mlock.o)
                0x0000000008002678                __malloc_unlock
 .text.__retarget_lock_acquire_recursive
                0x0000000008002684        0x2 /usr/bin/../lib/gcc/arm-none-eabi/10.3.1/../../../../arm-none-eabi/lib/thumb/v7e-m+fp/hard/libc_nano.a(lib_a-lock.o)
                0x0000000008002684                __retarget_lock_acquire_recursive
 .text.__retarget_lock_release_recursive
                0x0000000008002686        0x2 /usr/bin/../lib/gcc/arm-none-eabi/10.3.1/../../../../arm-none-eabi/lib/thumb/v7e-m+fp/hard/libc_nano.a(lib_a-lock.o)
                0x0000000008002686                __retarget_lock_release_recursive
 .text.unlikely
                0x0000000008002688        0xc /usr/bin/../lib/gcc/arm-none-eabi/10.3.1/thumb/v7e-m+fp/hard/libgcc.a(pr-support.o)
                0x0000000008002688                _Unwind_GetDataRelBase
                0x000000000800268e                _Unwind_GetTextRelBase
 .text.memcpy   0x0000000008002694       0x1c /usr/bin/../lib/gcc/arm-none-eabi/10.3.1/../../../../arm-none-eabi/lib/thumb/v7e-m+fp/hard/libg_nano.a(lib_a-memcpy-stub.o)
                0x0000000008002694                memcpy
 *(.glue_7)
 .glue_7        0x00000000080026b0        0x0 linker stubs
 *(.glue_7t)
 .glue_7t       0x00000000080026b0        0x0 linker stubs
 *(.eh_frame)
 .eh_frame      0x00000000080026b0        0x0 /usr/bin/../lib/gcc/arm-none-eabi/10.3.1/thumb/v7e-m+fp/hard/crtbegin.o
 *(.init)
 .init          0x00000000080026b0        0x4 /usr/bin/../lib/gcc/arm-none-eabi/10.3.1/thumb/v7e-m+fp/hard/crti.o
                0x00000000080026b0                _init
 .init          0x00000000080026b4        0x8 /usr/bin/../lib/gcc/arm-none-eabi/10.3.1/thumb/v7e-m+fp/hard/crtn.o
 *(.fini)
 .fini          0x00000000080026bc        0x4 /usr/bin/../lib/gcc/arm-none-eabi/10.3.1/thumb/v7e-m+fp/hard/crti.o
                0x00000000080026bc                _fini
 .fini          0x00000000080026c0        0x8 /usr/bin/../lib/gcc/arm-none-eabi/10.3.1/thumb/v7e-m+fp/hard/crtn.o
                0x00000000080026c8                . = ALIGN (0x4)
                0x00000000080026c8                _etext = .

.vfp11_veneer   0x00000000080026c8        0x0
 .vfp11_veneer  0x00000000080026c8        0x0 linker stubs

.v4_bx          0x00000000080026c8        0x0
 .v4_bx         0x00000000080026c8        0x0 linker stubs

.iplt           0x00000000080026c8        0x0
 .iplt          0x00000000080026c8        0x0 /usr/bin/../lib/gcc/arm-none-eabi/10.3.1/thumb/v7e-m+fp/hard/crtbegin.o

.rodata         0x00000000080026c8      0x128
                0x00000000080026c8                . = ALIGN (0x4)
 *(.rodata)
 *(.rodata*)
 .rodata._ZTIN10__cxxabiv115__forced_unwindE
                0x00000000080026c8        0x8 /usr/bin/../lib/gcc/arm-none-eabi/10.3.1/../../../../arm-none-eabi/lib/thumb/v7e-m+fp/hard/libstdc++_nano.a(eh_exception.o)
                0x00000000080026c8                typeinfo for __cxxabiv1::__forced_unwind
 .rodata._ZTIN10__cxxabiv119__foreign_exceptionE
                0x00000000080026d0        0x8 /usr/bin/../lib/gcc/arm-none-eabi/10.3.1/../../../../arm-none-eabi/lib/thumb/v7e-m+fp/hard/libstdc++_nano.a(eh_exception.o)
                0x00000000080026d0                typeinfo for __cxxabiv1::__foreign_exception
 .rodata._ZTSN10__cxxabiv115__forced_unwindE
                0x00000000080026d8       0x20 /usr/bin/../lib/gcc/arm-none-eabi/10.3.1/../../../../arm-none-eabi/lib/thumb/v7e-m+fp/hard/libstdc++_nano.a(eh_exception.o)
                0x00000000080026d8                typeinfo name for __cxxabiv1::__forced_unwind
 .rodata._ZTSN10__cxxabiv119__foreign_exceptionE
                0x00000000080026f8       0x24 /usr/bin/../lib/gcc/arm-none-eabi/10.3.1/../../../../arm-none-eabi/lib/thumb/v7e-m+fp/hard/libstdc++_nano.a(eh_exception.o)
                0x00000000080026f8                typeinfo name for __cxxabiv1::__foreign_exception
 .rodata._ZTIN10__cxxabiv120__si_class_type_infoE
                0x000000000800271c        0xc /usr/bin/../lib/gcc/arm-none-eabi/10.3.1/../../../../arm-none-eabi/lib/thumb/v7e-m+fp/hard/libstdc++_nano.a(si_class_type_info.o)
                0x000000000800271c                typeinfo for __cxxabiv1::__si_class_type_info
 .rodata._ZTSN10__cxxabiv120__si_class_type_infoE
                0x0000000008002728       0x25 /usr/bin/../lib/gcc/arm-none-eabi/10.3.1/../../../../arm-none-eabi/lib/thumb/v7e-m+fp/hard/libstdc++_nano.a(si_class_type_info.o)
                0x0000000008002728                typeinfo name for __cxxabiv1::__si_class_type_info
 *fill*         0x000000000800274d        0x3 
 .rodata._ZTVN10__cxxabiv120__si_class_type_infoE
                0x0000000008002750       0x2c /usr/bin/../lib/gcc/arm-none-eabi/10.3.1/../../../../arm-none-eabi/lib/thumb/v7e-m+fp/hard/libstdc++_nano.a(si_class_type_info.o)
                0x0000000008002750                vtable for __cxxabiv1::__si_class_type_info
 .rodata._ZTISt9type_info
                0x000000000800277c        0x8 /usr/bin/../lib/gcc/arm-none-eabi/10.3.1/../../../../arm-none-eabi/lib/thumb/v7e-m+fp/hard/libstdc++_nano.a(tinfo.o)
                0x000000000800277c                typeinfo for std::type_info
 .rodata._ZTSSt9type_info
                0x0000000008002784        0xd /usr/bin/../lib/gcc/arm-none-eabi/10.3.1/../../../../arm-none-eabi/lib/thumb/v7e-m+fp/hard/libstdc++_nano.a(tinfo.o)
                0x0000000008002784                typeinfo name for std::type_info
 *fill*         0x0000000008002791        0x3 
 .rodata._ZTIN10__cxxabiv117__class_type_infoE
                0x0000000008002794        0xc /usr/bin/../lib/gcc/arm-none-eabi/10.3.1/../../../../arm-none-eabi/lib/thumb/v7e-m+fp/hard/libstdc++_nano.a(class_type_info.o)
                0x0000000008002794                typeinfo for __cxxabiv1::__class_type_info
 .rodata._ZTSN10__cxxabiv117__class_type_infoE
                0x00000000080027a0       0x22 /usr/bin/../lib/gcc/arm-none-eabi/10.3.1/../../../../arm-none-eabi/lib/thumb/v7e-m+fp/hard/libstdc++_nano.a(class_type_info.o)
                0x00000000080027a0                typeinfo name for __cxxabiv1::__class_type_info
 *fill*         0x00000000080027c2        0x2 
 .rodata._ZTVN10__cxxabiv117__class_type_infoE
                0x00000000080027c4       0x2c /usr/bin/../lib/gcc/arm-none-eabi/10.3.1/../../../../arm-none-eabi/lib/thumb/v7e-m+fp/hard/libstdc++_nano.a(class_type_info.o)
                0x00000000080027c4                vtable for __cxxabiv1::__class_type_info
                0x00000000080027f0                . = ALIGN (0x4)

.ARM.extab      0x00000000080027f0      0x120
                0x00000000080027f0                . = ALIGN (0x4)
 *(.ARM.extab* .gnu.linkonce.armextab.*)
 .ARM.extab.text._ZN14inputOutputPinC2Ev
                0x00000000080027f0       0x18 CMakeFiles/mainProject.dir/home/inumaki/Development/stm32/projects/mainProject/Core/Drivers/GPIO/inputOutputPin.cpp.obj
 .ARM.extab.text._ZN21inputOutputPinHandler15settingsHandlerI8gpioPortEEbRKT_PS_
                0x0000000008002808        0xc CMakeFiles/mainProject.dir/home/inumaki/Development/stm32/projects/mainProject/Core/Drivers/GPIO/inputOutputPin.cpp.obj
 .ARM.extab.text._ZN21inputOutputPinHandler11initHandlerI8gpioPortEEbRKT_PS_
                0x0000000008002814        0xc CMakeFiles/mainProject.dir/home/inumaki/Development/stm32/projects/mainProject/Core/Drivers/GPIO/inputOutputPin.cpp.obj
 .ARM.extab.text._ZN21inputOutputPinHandler11initHandlerI8gpioPortEEbRKT_
                0x0000000008002820        0xc CMakeFiles/mainProject.dir/home/inumaki/Development/stm32/projects/mainProject/Core/Drivers/GPIO/inputOutputPin.cpp.obj
 .ARM.extab.text._ZN21inputOutputPinHandler15settingsHandlerI7gpioPinEEbRKT_PS_
                0x000000000800282c        0xc CMakeFiles/mainProject.dir/home/inumaki/Development/stm32/projects/mainProject/Core/Drivers/GPIO/inputOutputPin.cpp.obj
 .ARM.extab.text._ZN21inputOutputPinHandler11initHandlerI7gpioPinEEbRKT_PS_
                0x0000000008002838        0xc CMakeFiles/mainProject.dir/home/inumaki/Development/stm32/projects/mainProject/Core/Drivers/GPIO/inputOutputPin.cpp.obj
 .ARM.extab.text._ZN21inputOutputPinHandler11initHandlerI7gpioPinEEbRKT_
                0x0000000008002844        0xc CMakeFiles/mainProject.dir/home/inumaki/Development/stm32/projects/mainProject/Core/Drivers/GPIO/inputOutputPin.cpp.obj
 .ARM.extab.text._ZN21inputOutputPinHandler15settingsHandlerI8gpioModeEEbRKT_PS_
                0x0000000008002850        0x0 CMakeFiles/mainProject.dir/home/inumaki/Development/stm32/projects/mainProject/Core/Drivers/GPIO/inputOutputPin.cpp.obj
 .ARM.extab.text._ZN21inputOutputPinHandler11initHandlerI8gpioModeEEbRKT_PS_
                0x0000000008002850        0xc CMakeFiles/mainProject.dir/home/inumaki/Development/stm32/projects/mainProject/Core/Drivers/GPIO/inputOutputPin.cpp.obj
 .ARM.extab.text._ZN21inputOutputPinHandler11initHandlerI8gpioModeEEbRKT_
                0x000000000800285c        0xc CMakeFiles/mainProject.dir/home/inumaki/Development/stm32/projects/mainProject/Core/Drivers/GPIO/inputOutputPin.cpp.obj
 .ARM.extab.text._ZN21inputOutputPinHandler15settingsHandlerI17gpioHardExceptionEEbRKT_PS_
                0x0000000008002868        0x0 CMakeFiles/mainProject.dir/home/inumaki/Development/stm32/projects/mainProject/Core/Drivers/GPIO/inputOutputPin.cpp.obj
 .ARM.extab.text._ZN21inputOutputPinHandler11initHandlerI17gpioHardExceptionEEbRKT_PS_
                0x0000000008002868        0x0 CMakeFiles/mainProject.dir/home/inumaki/Development/stm32/projects/mainProject/Core/Drivers/GPIO/inputOutputPin.cpp.obj
 .ARM.extab.text._ZN21inputOutputPinHandler11initHandlerI17gpioHardExceptionEEbRKT_
                0x0000000008002868        0x0 CMakeFiles/mainProject.dir/home/inumaki/Development/stm32/projects/mainProject/Core/Drivers/GPIO/inputOutputPin.cpp.obj
 .ARM.extab.text._ZN21inputOutputPinHandler15settingsHandlerI9gpioDebugEEbRKT_PS_
                0x0000000008002868        0x0 CMakeFiles/mainProject.dir/home/inumaki/Development/stm32/projects/mainProject/Core/Drivers/GPIO/inputOutputPin.cpp.obj
 .ARM.extab.text._ZN21inputOutputPinHandler11initHandlerI9gpioDebugEEbRKT_PS_
                0x0000000008002868        0x0 CMakeFiles/mainProject.dir/home/inumaki/Development/stm32/projects/mainProject/Core/Drivers/GPIO/inputOutputPin.cpp.obj
 .ARM.extab.text._ZN21inputOutputPinHandler11initHandlerI9gpioDebugEEbRKT_
                0x0000000008002868        0x0 CMakeFiles/mainProject.dir/home/inumaki/Development/stm32/projects/mainProject/Core/Drivers/GPIO/inputOutputPin.cpp.obj
 .ARM.extab.text._ZN21inputOutputPinHandler4initI8gpioPUPDEEvRKT_PS_
                0x0000000008002868        0x0 CMakeFiles/mainProject.dir/home/inumaki/Development/stm32/projects/mainProject/Core/Drivers/GPIO/inputOutputPin.cpp.obj
 .ARM.extab.text._ZN21inputOutputPinHandler8setParamI14gpioOutputTypeEEbRKT_PS_
                0x0000000008002868        0x0 CMakeFiles/mainProject.dir/home/inumaki/Development/stm32/projects/mainProject/Core/Drivers/GPIO/inputOutputPin.cpp.obj
 .ARM.extab.text._ZN21inputOutputPinHandler4initI14gpioOutputTypeEEvRKT_PS_
                0x0000000008002868        0x0 CMakeFiles/mainProject.dir/home/inumaki/Development/stm32/projects/mainProject/Core/Drivers/GPIO/inputOutputPin.cpp.obj
 .ARM.extab.text._ZN21inputOutputPinHandler15generalSettingsI14gpioOutputTypeEEbRKT_PS_
                0x0000000008002868        0x0 CMakeFiles/mainProject.dir/home/inumaki/Development/stm32/projects/mainProject/Core/Drivers/GPIO/inputOutputPin.cpp.obj
 .ARM.extab.text._ZN21inputOutputPinHandler15settingsHandlerI14gpioOutputTypeEEbRKT_PS_
                0x0000000008002868        0xc CMakeFiles/mainProject.dir/home/inumaki/Development/stm32/projects/mainProject/Core/Drivers/GPIO/inputOutputPin.cpp.obj
 .ARM.extab.text._ZN21inputOutputPinHandler11initHandlerI14gpioOutputTypeEEbRKT_PS_
                0x0000000008002874        0xc CMakeFiles/mainProject.dir/home/inumaki/Development/stm32/projects/mainProject/Core/Drivers/GPIO/inputOutputPin.cpp.obj
 .ARM.extab.text._ZN21inputOutputPinHandler11initHandlerI14gpioOutputTypeEEbRKT_
                0x0000000008002880        0xc CMakeFiles/mainProject.dir/home/inumaki/Development/stm32/projects/mainProject/Core/Drivers/GPIO/inputOutputPin.cpp.obj
 .ARM.extab.text._ZN21inputOutputPinHandler8setParamI15gpioOutputSpeedEEbRKT_PS_
                0x000000000800288c        0x0 CMakeFiles/mainProject.dir/home/inumaki/Development/stm32/projects/mainProject/Core/Drivers/GPIO/inputOutputPin.cpp.obj
 .ARM.extab.text._ZN21inputOutputPinHandler4initI15gpioOutputSpeedEEvRKT_PS_
                0x000000000800288c        0x0 CMakeFiles/mainProject.dir/home/inumaki/Development/stm32/projects/mainProject/Core/Drivers/GPIO/inputOutputPin.cpp.obj
 .ARM.extab.text._ZN21inputOutputPinHandler15generalSettingsI15gpioOutputSpeedEEbRKT_PS_
                0x000000000800288c        0x0 CMakeFiles/mainProject.dir/home/inumaki/Development/stm32/projects/mainProject/Core/Drivers/GPIO/inputOutputPin.cpp.obj
 .ARM.extab.text._ZN21inputOutputPinHandler15settingsHandlerI15gpioOutputSpeedEEbRKT_PS_
                0x000000000800288c        0xc CMakeFiles/mainProject.dir/home/inumaki/Development/stm32/projects/mainProject/Core/Drivers/GPIO/inputOutputPin.cpp.obj
 .ARM.extab.text._ZN21inputOutputPinHandler11initHandlerI15gpioOutputSpeedEEbRKT_PS_
                0x0000000008002898        0xc CMakeFiles/mainProject.dir/home/inumaki/Development/stm32/projects/mainProject/Core/Drivers/GPIO/inputOutputPin.cpp.obj
 .ARM.extab.text._ZN21inputOutputPinHandler11initHandlerI15gpioOutputSpeedEEbRKT_
                0x00000000080028a4        0xc CMakeFiles/mainProject.dir/home/inumaki/Development/stm32/projects/mainProject/Core/Drivers/GPIO/inputOutputPin.cpp.obj
 .ARM.extab.text._ZN21inputOutputPinHandler8setParamI9gpioStateEEbRKT_PS_
                0x00000000080028b0        0x0 CMakeFiles/mainProject.dir/home/inumaki/Development/stm32/projects/mainProject/Core/Drivers/GPIO/inputOutputPin.cpp.obj
 .ARM.extab.text._ZN21inputOutputPinHandler4initI9gpioStateEEvRKT_PS_
                0x00000000080028b0        0x0 CMakeFiles/mainProject.dir/home/inumaki/Development/stm32/projects/mainProject/Core/Drivers/GPIO/inputOutputPin.cpp.obj
 .ARM.extab.text._ZN21inputOutputPinHandler15generalSettingsI9gpioStateEEbRKT_PS_
                0x00000000080028b0        0x0 CMakeFiles/mainProject.dir/home/inumaki/Development/stm32/projects/mainProject/Core/Drivers/GPIO/inputOutputPin.cpp.obj
 .ARM.extab.text._ZN21inputOutputPinHandler15settingsHandlerI9gpioStateEEbRKT_PS_
                0x00000000080028b0        0xc CMakeFiles/mainProject.dir/home/inumaki/Development/stm32/projects/mainProject/Core/Drivers/GPIO/inputOutputPin.cpp.obj
 .ARM.extab.text._ZN21inputOutputPinHandler11initHandlerI9gpioStateEEbRKT_PS_
                0x00000000080028bc        0xc CMakeFiles/mainProject.dir/home/inumaki/Development/stm32/projects/mainProject/Core/Drivers/GPIO/inputOutputPin.cpp.obj
 .ARM.extab.text._ZN21inputOutputPinHandler11initHandlerI9gpioStateEEbRKT_
                0x00000000080028c8        0xc CMakeFiles/mainProject.dir/home/inumaki/Development/stm32/projects/mainProject/Core/Drivers/GPIO/inputOutputPin.cpp.obj
 .ARM.extab.text._ZN21inputOutputPinHandler8setParamI8gpioPortEEbRKT_PS_
                0x00000000080028d4        0x0 CMakeFiles/mainProject.dir/home/inumaki/Development/stm32/projects/mainProject/Core/Drivers/GPIO/inputOutputPinHandler.cpp.obj
 .ARM.extab.text._ZN21inputOutputPinHandler4initI8gpioPortEEvRKT_PS_
                0x00000000080028d4        0x0 CMakeFiles/mainProject.dir/home/inumaki/Development/stm32/projects/mainProject/Core/Drivers/GPIO/inputOutputPinHandler.cpp.obj
 .ARM.extab.text._ZN21inputOutputPinHandler8setParamI7gpioPinEEbRKT_PS_
                0x00000000080028d4        0x0 CMakeFiles/mainProject.dir/home/inumaki/Development/stm32/projects/mainProject/Core/Drivers/GPIO/inputOutputPinHandler.cpp.obj
 .ARM.extab.text._ZN21inputOutputPinHandler4initI8gpioModeEEvRKT_PS_
                0x00000000080028d4        0x0 CMakeFiles/mainProject.dir/home/inumaki/Development/stm32/projects/mainProject/Core/Drivers/GPIO/inputOutputPinHandler.cpp.obj
 .ARM.extab.text._ZN21inputOutputPinHandler8setParamI8gpioModeEEbRKT_PS_
                0x00000000080028d4        0x0 CMakeFiles/mainProject.dir/home/inumaki/Development/stm32/projects/mainProject/Core/Drivers/GPIO/inputOutputPinHandler.cpp.obj
 .ARM.extab.text._ZN21inputOutputPinHandler15generalSettingsI8gpioModeEEbRKT_PS_
                0x00000000080028d4        0x0 CMakeFiles/mainProject.dir/home/inumaki/Development/stm32/projects/mainProject/Core/Drivers/GPIO/inputOutputPinHandler.cpp.obj
 .ARM.extab.text._ZN14inputOutputPinC2IJ17gpioHardException8gpioPort8gpioMode9gpioState7gpioPin9gpioDebug15gpioOutputSpeed14gpioOutputTypeEEEDpRKT_
                0x00000000080028d4       0x18 CMakeFiles/mainProject.dir/home/inumaki/Development/stm32/projects/mainProject/Core/Src/main.cpp.obj
 .ARM.extab.text._kill
                0x00000000080028ec        0xc CMakeFiles/mainProject.dir/home/inumaki/Development/stm32/projects/mainProject/Core/Src/syscalls.c.obj
 .ARM.extab     0x00000000080028f8       0x18 /usr/bin/../lib/gcc/arm-none-eabi/10.3.1/thumb/v7e-m+fp/hard/libgcc.a(pr-support.o)
                0x0000000008002910                . = ALIGN (0x4)

.ARM            0x0000000008002910      0x1b8
                0x0000000008002910                . = ALIGN (0x4)
                0x0000000008002910                __exidx_start = .
 *(.ARM.exidx*)
 .ARM.exidx.text._ZN14inputOutputPinC2Ev
                0x00000000080029c0        0x8 CMakeFiles/mainProject.dir/home/inumaki/Development/stm32/projects/mainProject/Core/Drivers/GPIO/inputOutputPin.cpp.obj
 .ARM.exidx.text._ZN14inputOutputPinD2Ev
                0x00000000080029c8        0x8 CMakeFiles/mainProject.dir/home/inumaki/Development/stm32/projects/mainProject/Core/Drivers/GPIO/inputOutputPin.cpp.obj
 .ARM.exidx.text._ZN21inputOutputPinHandler15settingsHandlerI8gpioPortEEbRKT_PS_
                0x00000000080029d0        0x8 CMakeFiles/mainProject.dir/home/inumaki/Development/stm32/projects/mainProject/Core/Drivers/GPIO/inputOutputPin.cpp.obj
 .ARM.exidx.text._ZN21inputOutputPinHandler11initHandlerI8gpioPortEEbRKT_PS_
                0x00000000080029d8        0x8 CMakeFiles/mainProject.dir/home/inumaki/Development/stm32/projects/mainProject/Core/Drivers/GPIO/inputOutputPin.cpp.obj
 .ARM.exidx.text._ZN21inputOutputPinHandler11initHandlerI8gpioPortEEbRKT_
                0x00000000080029e0        0x8 CMakeFiles/mainProject.dir/home/inumaki/Development/stm32/projects/mainProject/Core/Drivers/GPIO/inputOutputPin.cpp.obj
 .ARM.exidx.text._ZN21inputOutputPinHandler15settingsHandlerI7gpioPinEEbRKT_PS_
                0x00000000080029e8        0x8 CMakeFiles/mainProject.dir/home/inumaki/Development/stm32/projects/mainProject/Core/Drivers/GPIO/inputOutputPin.cpp.obj
 .ARM.exidx.text._ZN21inputOutputPinHandler11initHandlerI7gpioPinEEbRKT_PS_
                0x00000000080029f0        0x8 CMakeFiles/mainProject.dir/home/inumaki/Development/stm32/projects/mainProject/Core/Drivers/GPIO/inputOutputPin.cpp.obj
 .ARM.exidx.text._ZN21inputOutputPinHandler11initHandlerI7gpioPinEEbRKT_
                0x00000000080029f8        0x8 CMakeFiles/mainProject.dir/home/inumaki/Development/stm32/projects/mainProject/Core/Drivers/GPIO/inputOutputPin.cpp.obj
 .ARM.exidx.text._ZN21inputOutputPinHandler15settingsHandlerI8gpioModeEEbRKT_PS_
                0x0000000008002a00        0x8 CMakeFiles/mainProject.dir/home/inumaki/Development/stm32/projects/mainProject/Core/Drivers/GPIO/inputOutputPin.cpp.obj
 .ARM.exidx.text._ZN21inputOutputPinHandler11initHandlerI8gpioModeEEbRKT_PS_
                0x0000000008002a08        0x8 CMakeFiles/mainProject.dir/home/inumaki/Development/stm32/projects/mainProject/Core/Drivers/GPIO/inputOutputPin.cpp.obj
 .ARM.exidx.text._ZN21inputOutputPinHandler11initHandlerI8gpioModeEEbRKT_
                0x0000000008002a10        0x8 CMakeFiles/mainProject.dir/home/inumaki/Development/stm32/projects/mainProject/Core/Drivers/GPIO/inputOutputPin.cpp.obj
 .ARM.exidx.text._ZN21inputOutputPinHandler15settingsHandlerI17gpioHardExceptionEEbRKT_PS_
                0x0000000008002a18        0x8 CMakeFiles/mainProject.dir/home/inumaki/Development/stm32/projects/mainProject/Core/Drivers/GPIO/inputOutputPin.cpp.obj
 .ARM.exidx.text._ZN21inputOutputPinHandler11initHandlerI17gpioHardExceptionEEbRKT_PS_
                0x0000000008002a20        0x0 CMakeFiles/mainProject.dir/home/inumaki/Development/stm32/projects/mainProject/Core/Drivers/GPIO/inputOutputPin.cpp.obj
                                          0x8 (size before relaxing)
 .ARM.exidx.text._ZN21inputOutputPinHandler11initHandlerI17gpioHardExceptionEEbRKT_
                0x0000000008002a20        0x0 CMakeFiles/mainProject.dir/home/inumaki/Development/stm32/projects/mainProject/Core/Drivers/GPIO/inputOutputPin.cpp.obj
                                          0x8 (size before relaxing)
 .ARM.exidx.text._ZN21inputOutputPinHandler15settingsHandlerI9gpioDebugEEbRKT_PS_
                0x0000000008002a20        0x0 CMakeFiles/mainProject.dir/home/inumaki/Development/stm32/projects/mainProject/Core/Drivers/GPIO/inputOutputPin.cpp.obj
                                          0x8 (size before relaxing)
 .ARM.exidx.text._ZN21inputOutputPinHandler11initHandlerI9gpioDebugEEbRKT_PS_
                0x0000000008002a20        0x0 CMakeFiles/mainProject.dir/home/inumaki/Development/stm32/projects/mainProject/Core/Drivers/GPIO/inputOutputPin.cpp.obj
                                          0x8 (size before relaxing)
 .ARM.exidx.text._ZN21inputOutputPinHandler11initHandlerI9gpioDebugEEbRKT_
                0x0000000008002a20        0x0 CMakeFiles/mainProject.dir/home/inumaki/Development/stm32/projects/mainProject/Core/Drivers/GPIO/inputOutputPin.cpp.obj
                                          0x8 (size before relaxing)
 .ARM.exidx.text._ZN21inputOutputPinHandler4initI8gpioPUPDEEvRKT_PS_
                0x0000000008002a20        0x0 CMakeFiles/mainProject.dir/home/inumaki/Development/stm32/projects/mainProject/Core/Drivers/GPIO/inputOutputPin.cpp.obj
                                          0x8 (size before relaxing)
 .ARM.exidx.text._ZN21inputOutputPinHandler8setParamI14gpioOutputTypeEEbRKT_PS_
                0x0000000008002a20        0x0 CMakeFiles/mainProject.dir/home/inumaki/Development/stm32/projects/mainProject/Core/Drivers/GPIO/inputOutputPin.cpp.obj
                                          0x8 (size before relaxing)
 .ARM.exidx.text._ZN21inputOutputPinHandler4initI14gpioOutputTypeEEvRKT_PS_
                0x0000000008002a20        0x0 CMakeFiles/mainProject.dir/home/inumaki/Development/stm32/projects/mainProject/Core/Drivers/GPIO/inputOutputPin.cpp.obj
                                          0x8 (size before relaxing)
 .ARM.exidx.text._ZN21inputOutputPinHandler15generalSettingsI14gpioOutputTypeEEbRKT_PS_
                0x0000000008002a20        0x8 CMakeFiles/mainProject.dir/home/inumaki/Development/stm32/projects/mainProject/Core/Drivers/GPIO/inputOutputPin.cpp.obj
 .ARM.exidx.text._ZN21inputOutputPinHandler15settingsHandlerI14gpioOutputTypeEEbRKT_PS_
                0x0000000008002a28        0x8 CMakeFiles/mainProject.dir/home/inumaki/Development/stm32/projects/mainProject/Core/Drivers/GPIO/inputOutputPin.cpp.obj
 .ARM.exidx.text._ZN21inputOutputPinHandler11initHandlerI14gpioOutputTypeEEbRKT_PS_
                0x0000000008002a30        0x8 CMakeFiles/mainProject.dir/home/inumaki/Development/stm32/projects/mainProject/Core/Drivers/GPIO/inputOutputPin.cpp.obj
 .ARM.exidx.text._ZN21inputOutputPinHandler11initHandlerI14gpioOutputTypeEEbRKT_
                0x0000000008002a38        0x8 CMakeFiles/mainProject.dir/home/inumaki/Development/stm32/projects/mainProject/Core/Drivers/GPIO/inputOutputPin.cpp.obj
 .ARM.exidx.text._ZN21inputOutputPinHandler8setParamI15gpioOutputSpeedEEbRKT_PS_
                0x0000000008002a40        0x8 CMakeFiles/mainProject.dir/home/inumaki/Development/stm32/projects/mainProject/Core/Drivers/GPIO/inputOutputPin.cpp.obj
 .ARM.exidx.text._ZN21inputOutputPinHandler4initI15gpioOutputSpeedEEvRKT_PS_
                0x0000000008002a48        0x0 CMakeFiles/mainProject.dir/home/inumaki/Development/stm32/projects/mainProject/Core/Drivers/GPIO/inputOutputPin.cpp.obj
                                          0x8 (size before relaxing)
 .ARM.exidx.text._ZN21inputOutputPinHandler15generalSettingsI15gpioOutputSpeedEEbRKT_PS_
                0x0000000008002a48        0x8 CMakeFiles/mainProject.dir/home/inumaki/Development/stm32/projects/mainProject/Core/Drivers/GPIO/inputOutputPin.cpp.obj
 .ARM.exidx.text._ZN21inputOutputPinHandler15settingsHandlerI15gpioOutputSpeedEEbRKT_PS_
                0x0000000008002a50        0x8 CMakeFiles/mainProject.dir/home/inumaki/Development/stm32/projects/mainProject/Core/Drivers/GPIO/inputOutputPin.cpp.obj
 .ARM.exidx.text._ZN21inputOutputPinHandler11initHandlerI15gpioOutputSpeedEEbRKT_PS_
                0x0000000008002a58        0x8 CMakeFiles/mainProject.dir/home/inumaki/Development/stm32/projects/mainProject/Core/Drivers/GPIO/inputOutputPin.cpp.obj
 .ARM.exidx.text._ZN21inputOutputPinHandler11initHandlerI15gpioOutputSpeedEEbRKT_
                0x0000000008002a60        0x8 CMakeFiles/mainProject.dir/home/inumaki/Development/stm32/projects/mainProject/Core/Drivers/GPIO/inputOutputPin.cpp.obj
 .ARM.exidx.text._ZN21inputOutputPinHandler8setParamI9gpioStateEEbRKT_PS_
                0x0000000008002a68        0x8 CMakeFiles/mainProject.dir/home/inumaki/Development/stm32/projects/mainProject/Core/Drivers/GPIO/inputOutputPin.cpp.obj
 .ARM.exidx.text._ZN21inputOutputPinHandler4initI9gpioStateEEvRKT_PS_
                0x0000000008002a70        0x0 CMakeFiles/mainProject.dir/home/inumaki/Development/stm32/projects/mainProject/Core/Drivers/GPIO/inputOutputPin.cpp.obj
                                          0x8 (size before relaxing)
 .ARM.exidx.text._ZN21inputOutputPinHandler15generalSettingsI9gpioStateEEbRKT_PS_
                0x0000000008002a70        0x8 CMakeFiles/mainProject.dir/home/inumaki/Development/stm32/projects/mainProject/Core/Drivers/GPIO/inputOutputPin.cpp.obj
 .ARM.exidx.text._ZN21inputOutputPinHandler15settingsHandlerI9gpioStateEEbRKT_PS_
                0x0000000008002a78        0x8 CMakeFiles/mainProject.dir/home/inumaki/Development/stm32/projects/mainProject/Core/Drivers/GPIO/inputOutputPin.cpp.obj
 .ARM.exidx.text._ZN21inputOutputPinHandler11initHandlerI9gpioStateEEbRKT_PS_
                0x0000000008002a80        0x8 CMakeFiles/mainProject.dir/home/inumaki/Development/stm32/projects/mainProject/Core/Drivers/GPIO/inputOutputPin.cpp.obj
 .ARM.exidx.text._ZN21inputOutputPinHandler11initHandlerI9gpioStateEEbRKT_
                0x0000000008002a88        0x8 CMakeFiles/mainProject.dir/home/inumaki/Development/stm32/projects/mainProject/Core/Drivers/GPIO/inputOutputPin.cpp.obj
 .ARM.exidx.text._ZN21inputOutputPinHandlerC2EPK8gpioPortPK7gpioPinPK8gpioModePK8gpioPUPDPK15gpioOutputSpeedPK14gpioOutputTypePK9gpioStatePK14gpiostatusCodePKbSP_
                0x0000000008002a90        0x8 CMakeFiles/mainProject.dir/home/inumaki/Development/stm32/projects/mainProject/Core/Drivers/GPIO/inputOutputPinHandler.cpp.obj
 .ARM.exidx.text._ZN21inputOutputPinHandlerD2Ev
                0x0000000008002a98        0x0 CMakeFiles/mainProject.dir/home/inumaki/Development/stm32/projects/mainProject/Core/Drivers/GPIO/inputOutputPinHandler.cpp.obj
                                          0x8 (size before relaxing)
 .ARM.exidx.text._ZN21inputOutputPinHandler9isPortSetERKS_
                0x0000000008002a98        0x0 CMakeFiles/mainProject.dir/home/inumaki/Development/stm32/projects/mainProject/Core/Drivers/GPIO/inputOutputPinHandler.cpp.obj
                                          0x8 (size before relaxing)
 .ARM.exidx.text._ZN21inputOutputPinHandler8isPinSetERKS_
                0x0000000008002a98        0x0 CMakeFiles/mainProject.dir/home/inumaki/Development/stm32/projects/mainProject/Core/Drivers/GPIO/inputOutputPinHandler.cpp.obj
                                          0x8 (size before relaxing)
 .ARM.exidx.text._ZN21inputOutputPinHandler7isReadyEPKS_
                0x0000000008002a98        0x0 CMakeFiles/mainProject.dir/home/inumaki/Development/stm32/projects/mainProject/Core/Drivers/GPIO/inputOutputPinHandler.cpp.obj
                                          0x8 (size before relaxing)
 .ARM.exidx.text._ZN21inputOutputPinHandler11isAllocatedERK8gpioPortRK7gpioPin
                0x0000000008002a98        0x0 CMakeFiles/mainProject.dir/home/inumaki/Development/stm32/projects/mainProject/Core/Drivers/GPIO/inputOutputPinHandler.cpp.obj
                                          0x8 (size before relaxing)
 .ARM.exidx.text._ZN21inputOutputPinHandler14isReallocatingERK8gpioPortPKS_
                0x0000000008002a98        0x0 CMakeFiles/mainProject.dir/home/inumaki/Development/stm32/projects/mainProject/Core/Drivers/GPIO/inputOutputPinHandler.cpp.obj
                                          0x8 (size before relaxing)
 .ARM.exidx.text._ZN21inputOutputPinHandler14isReallocatingERK7gpioPinPKS_
                0x0000000008002a98        0x0 CMakeFiles/mainProject.dir/home/inumaki/Development/stm32/projects/mainProject/Core/Drivers/GPIO/inputOutputPinHandler.cpp.obj
                                          0x8 (size before relaxing)
 .ARM.exidx.text._ZN21inputOutputPinHandler7getGPIOERK8gpioPort
                0x0000000008002a98        0x0 CMakeFiles/mainProject.dir/home/inumaki/Development/stm32/projects/mainProject/Core/Drivers/GPIO/inputOutputPinHandler.cpp.obj
                                          0x8 (size before relaxing)
 .ARM.exidx.text._ZN21inputOutputPinHandler8setParamI8gpioPortEEbRKT_PS_
                0x0000000008002a98        0x0 CMakeFiles/mainProject.dir/home/inumaki/Development/stm32/projects/mainProject/Core/Drivers/GPIO/inputOutputPinHandler.cpp.obj
                                          0x8 (size before relaxing)
 .ARM.exidx.text._ZN21inputOutputPinHandler4initI8gpioPortEEvRKT_PS_
                0x0000000008002a98        0x0 CMakeFiles/mainProject.dir/home/inumaki/Development/stm32/projects/mainProject/Core/Drivers/GPIO/inputOutputPinHandler.cpp.obj
                                          0x8 (size before relaxing)
 .ARM.exidx.text._ZN21inputOutputPinHandler8setParamI7gpioPinEEbRKT_PS_
                0x0000000008002a98        0x0 CMakeFiles/mainProject.dir/home/inumaki/Development/stm32/projects/mainProject/Core/Drivers/GPIO/inputOutputPinHandler.cpp.obj
                                          0x8 (size before relaxing)
 .ARM.exidx.text._ZN21inputOutputPinHandler4initI8gpioModeEEvRKT_PS_
                0x0000000008002a98        0x0 CMakeFiles/mainProject.dir/home/inumaki/Development/stm32/projects/mainProject/Core/Drivers/GPIO/inputOutputPinHandler.cpp.obj
                                          0x8 (size before relaxing)
 .ARM.exidx.text._ZN21inputOutputPinHandler18initQueuedSettingsEPS_
                0x0000000008002a98        0x0 CMakeFiles/mainProject.dir/home/inumaki/Development/stm32/projects/mainProject/Core/Drivers/GPIO/inputOutputPinHandler.cpp.obj
                                          0x8 (size before relaxing)
 .ARM.exidx.text._ZN21inputOutputPinHandler12portSettingsERK8gpioPortPS_
                0x0000000008002a98        0x0 CMakeFiles/mainProject.dir/home/inumaki/Development/stm32/projects/mainProject/Core/Drivers/GPIO/inputOutputPinHandler.cpp.obj
                                          0x8 (size before relaxing)
 .ARM.exidx.text._ZN21inputOutputPinHandler11pinSettingsERK7gpioPinPS_
                0x0000000008002a98        0x0 CMakeFiles/mainProject.dir/home/inumaki/Development/stm32/projects/mainProject/Core/Drivers/GPIO/inputOutputPinHandler.cpp.obj
                                          0x8 (size before relaxing)
 .ARM.exidx.text._ZN21inputOutputPinHandler8setParamI8gpioModeEEbRKT_PS_
                0x0000000008002a98        0x0 CMakeFiles/mainProject.dir/home/inumaki/Development/stm32/projects/mainProject/Core/Drivers/GPIO/inputOutputPinHandler.cpp.obj
                                          0x8 (size before relaxing)
 .ARM.exidx.text._ZN21inputOutputPinHandler15generalSettingsI8gpioModeEEbRKT_PS_
                0x0000000008002a98        0x0 CMakeFiles/mainProject.dir/home/inumaki/Development/stm32/projects/mainProject/Core/Drivers/GPIO/inputOutputPinHandler.cpp.obj
                                          0x8 (size before relaxing)
 .ARM.exidx.text._ZN21inputOutputPinHandler12modeSettingsERK8gpioModePS_RKb
                0x0000000008002a98        0x0 CMakeFiles/mainProject.dir/home/inumaki/Development/stm32/projects/mainProject/Core/Drivers/GPIO/inputOutputPinHandler.cpp.obj
                                          0x8 (size before relaxing)
 .ARM.exidx.text.main
                0x0000000008002a98        0x0 CMakeFiles/mainProject.dir/home/inumaki/Development/stm32/projects/mainProject/Core/Src/main.cpp.obj
                                          0x8 (size before relaxing)
 .ARM.exidx.text._ZN14inputOutputPinC2IJ17gpioHardException8gpioPort8gpioMode9gpioState7gpioPin9gpioDebug15gpioOutputSpeed14gpioOutputTypeEEEDpRKT_
                0x0000000008002a98        0x8 CMakeFiles/mainProject.dir/home/inumaki/Development/stm32/projects/mainProject/Core/Src/main.cpp.obj
 .ARM.exidx.text._Z41__static_initialization_and_destruction_0ii
                0x0000000008002aa0        0x8 CMakeFiles/mainProject.dir/home/inumaki/Development/stm32/projects/mainProject/Core/Src/main.cpp.obj
 .ARM.exidx.text._GLOBAL__sub_I_a
                0x0000000008002aa8        0x0 CMakeFiles/mainProject.dir/home/inumaki/Development/stm32/projects/mainProject/Core/Src/main.cpp.obj
                                          0x8 (size before relaxing)
 .ARM.exidx.text._getpid
                0x0000000008002aa8        0x0 CMakeFiles/mainProject.dir/home/inumaki/Development/stm32/projects/mainProject/Core/Src/syscalls.c.obj
                                          0x8 (size before relaxing)
 .ARM.exidx.text._kill
                0x0000000008002aa8        0x8 CMakeFiles/mainProject.dir/home/inumaki/Development/stm32/projects/mainProject/Core/Src/syscalls.c.obj
 .ARM.exidx.text._exit
                0x0000000008002ab0        0x8 CMakeFiles/mainProject.dir/home/inumaki/Development/stm32/projects/mainProject/Core/Src/syscalls.c.obj
 .ARM.exidx.text._sbrk
                0x0000000008002ab8       0x10 CMakeFiles/mainProject.dir/home/inumaki/Development/stm32/projects/mainProject/Core/Src/sysmem.c.obj
                                          0x8 (size before relaxing)
 .ARM.exidx     0x0000000008002910       0x80 /usr/bin/../lib/gcc/arm-none-eabi/10.3.1/thumb/v7e-m+fp/hard/libgcc.a(unwind-arm.o)
                                         0xd8 (size before relaxing)
 .ARM.exidx     0x0000000008002990       0x30 /usr/bin/../lib/gcc/arm-none-eabi/10.3.1/thumb/v7e-m+fp/hard/libgcc.a(pr-support.o)
                                         0x38 (size before relaxing)
 .ARM.exidx.text.unlikely
                0x0000000008002ac8        0x0 /usr/bin/../lib/gcc/arm-none-eabi/10.3.1/thumb/v7e-m+fp/hard/libgcc.a(pr-support.o)
                                         0x10 (size before relaxing)
                0x0000000008002ac8                __exidx_end = .
                0x0000000008002ac8                . = ALIGN (0x4)

.rel.dyn        0x0000000008002ac8        0x0
 .rel.iplt      0x0000000008002ac8        0x0 /usr/bin/../lib/gcc/arm-none-eabi/10.3.1/thumb/v7e-m+fp/hard/crtbegin.o

.preinit_array  0x0000000008002ac8        0x0
                0x0000000008002ac8                . = ALIGN (0x4)
                0x0000000008002ac8                PROVIDE (__preinit_array_start = .)
 *(.preinit_array*)
                0x0000000008002ac8                PROVIDE (__preinit_array_end = .)
                0x0000000008002ac8                . = ALIGN (0x4)

.init_array     0x0000000008002ac8        0xc
                0x0000000008002ac8                . = ALIGN (0x4)
                0x0000000008002ac8                PROVIDE (__init_array_start = .)
 *(SORT_BY_NAME(.init_array.*))
 *(.init_array*)
 .init_array    0x0000000008002ac8        0x4 /usr/bin/../lib/gcc/arm-none-eabi/10.3.1/thumb/v7e-m+fp/hard/crtbegin.o
 .init_array    0x0000000008002acc        0x4 CMakeFiles/mainProject.dir/home/inumaki/Development/stm32/projects/mainProject/Core/Src/main.cpp.obj
 .init_array    0x0000000008002ad0        0x4 /usr/bin/../lib/gcc/arm-none-eabi/10.3.1/../../../../arm-none-eabi/lib/thumb/v7e-m+fp/hard/libstdc++_nano.a(eh_alloc.o)
                0x0000000008002ad4                PROVIDE (__init_array_end = .)
                0x0000000008002ad4                . = ALIGN (0x4)

.fini_array     0x0000000008002ad4        0x4
                0x0000000008002ad4                . = ALIGN (0x4)
                [!provide]                        PROVIDE (__fini_array_start = .)
 *(SORT_BY_NAME(.fini_array.*))
 *(.fini_array*)
 .fini_array    0x0000000008002ad4        0x4 /usr/bin/../lib/gcc/arm-none-eabi/10.3.1/thumb/v7e-m+fp/hard/crtbegin.o
                [!provide]                        PROVIDE (__fini_array_end = .)
                0x0000000008002ad8                . = ALIGN (0x4)
                0x0000000008002ad8                _sidata = LOADADDR (.data)

.data           0x0000000020000000       0x70 load address 0x0000000008002ad8
                0x0000000020000000                . = ALIGN (0x4)
                0x0000000020000000                _sdata = .
 *(.data)
 .data          0x0000000020000000        0x4 /usr/bin/../lib/gcc/arm-none-eabi/10.3.1/thumb/v7e-m+fp/hard/crtbegin.o
                0x0000000020000000                __dso_handle
 *(.data*)
 .data._ZN10__cxxabiv120__unexpected_handlerE
                0x0000000020000004        0x4 /usr/bin/../lib/gcc/arm-none-eabi/10.3.1/../../../../arm-none-eabi/lib/thumb/v7e-m+fp/hard/libstdc++_nano.a(eh_unex_handler.o)
                0x0000000020000004                __cxxabiv1::__unexpected_handler
 .data._ZN10__cxxabiv119__terminate_handlerE
                0x0000000020000008        0x4 /usr/bin/../lib/gcc/arm-none-eabi/10.3.1/../../../../arm-none-eabi/lib/thumb/v7e-m+fp/hard/libstdc++_nano.a(eh_term_handler.o)
                0x0000000020000008                __cxxabiv1::__terminate_handler
 .data._impure_ptr
                0x000000002000000c        0x4 /usr/bin/../lib/gcc/arm-none-eabi/10.3.1/../../../../arm-none-eabi/lib/thumb/v7e-m+fp/hard/libc_nano.a(lib_a-impure.o)
                0x000000002000000c                _impure_ptr
 .data.impure_data
                0x0000000020000010       0x60 /usr/bin/../lib/gcc/arm-none-eabi/10.3.1/../../../../arm-none-eabi/lib/thumb/v7e-m+fp/hard/libc_nano.a(lib_a-impure.o)
 *(.RamFunc)
 *(.RamFunc*)
                0x0000000020000070                . = ALIGN (0x4)
                0x0000000020000070                _edata = .

.igot.plt       0x0000000020000070        0x0 load address 0x0000000008002b48
 .igot.plt      0x0000000020000070        0x0 /usr/bin/../lib/gcc/arm-none-eabi/10.3.1/thumb/v7e-m+fp/hard/crtbegin.o
                0x0000000020000070                . = ALIGN (0x4)

.bss            0x0000000020000070       0xb0 load address 0x0000000008002b48
                0x0000000020000070                _sbss = .
                0x0000000020000070                __bss_start__ = _sbss
 *(.bss)
 .bss           0x0000000020000070       0x1c /usr/bin/../lib/gcc/arm-none-eabi/10.3.1/thumb/v7e-m+fp/hard/crtbegin.o
 *(.bss*)
 .bss._ZN21inputOutputPinHandler13allocatedPinsE
                0x000000002000008c        0xe CMakeFiles/mainProject.dir/home/inumaki/Development/stm32/projects/mainProject/Core/Drivers/GPIO/inputOutputPinHandler.cpp.obj
                0x000000002000008c                inputOutputPinHandler::allocatedPins
 *fill*         0x000000002000009a        0x2 
 .bss.a         0x000000002000009c       0x28 CMakeFiles/mainProject.dir/home/inumaki/Development/stm32/projects/mainProject/Core/Src/main.cpp.obj
                0x000000002000009c                a
 .bss.b         0x00000000200000c4       0x28 CMakeFiles/mainProject.dir/home/inumaki/Development/stm32/projects/mainProject/Core/Src/main.cpp.obj
                0x00000000200000c4                b
 .bss.__sbrk_heap_end
                0x00000000200000ec        0x4 CMakeFiles/mainProject.dir/home/inumaki/Development/stm32/projects/mainProject/Core/Src/sysmem.c.obj
 .bss._ZN12_GLOBAL__N_114emergency_poolE
                0x00000000200000f0       0x10 /usr/bin/../lib/gcc/arm-none-eabi/10.3.1/../../../../arm-none-eabi/lib/thumb/v7e-m+fp/hard/libstdc++_nano.a(eh_alloc.o)
 .bss._ZL10eh_globals
                0x0000000020000100        0xc /usr/bin/../lib/gcc/arm-none-eabi/10.3.1/../../../../arm-none-eabi/lib/thumb/v7e-m+fp/hard/libstdc++_nano.a(eh_globals.o)
 .bss._ZN12_GLOBAL__N_113__new_handlerE
                0x000000002000010c        0x4 /usr/bin/../lib/gcc/arm-none-eabi/10.3.1/../../../../arm-none-eabi/lib/thumb/v7e-m+fp/hard/libstdc++_nano.a(new_handler.o)
 .bss.__malloc_free_list