Archive member included to satisfy reference by file (symbol)

/usr/bin/../lib/gcc/arm-none-eabi/10.3.1/../../../../arm-none-eabi/lib/thumb/v7e-m+fp/hard/libstdc++.a(atexit_arm.o)
                              CMakeFiles/mainProject.dir/home/inumaki/Development/stm32WorkSpace/mainProject/Core/Src/main.cpp.obj (__aeabi_atexit)
/usr/bin/../lib/gcc/arm-none-eabi/10.3.1/../../../../arm-none-eabi/lib/thumb/v7e-m+fp/hard/libstdc++.a(eh_arm.o)
                              CMakeFiles/mainProject.dir/home/inumaki/Development/stm32WorkSpace/mainProject/Core/Src/main.cpp.obj (__cxa_end_cleanup)
/usr/bin/../lib/gcc/arm-none-eabi/10.3.1/../../../../arm-none-eabi/lib/thumb/v7e-m+fp/hard/libstdc++.a(eh_exception.o)
                              /usr/bin/../lib/gcc/arm-none-eabi/10.3.1/../../../../arm-none-eabi/lib/thumb/v7e-m+fp/hard/libstdc++.a(eh_arm.o) (typeinfo for __cxxabiv1::__forced_unwind)
/usr/bin/../lib/gcc/arm-none-eabi/10.3.1/../../../../arm-none-eabi/lib/thumb/v7e-m+fp/hard/libstdc++.a(eh_globals.o)
                              /usr/bin/../lib/gcc/arm-none-eabi/10.3.1/../../../../arm-none-eabi/lib/thumb/v7e-m+fp/hard/libstdc++.a(eh_arm.o) (__cxa_get_globals)
/usr/bin/../lib/gcc/arm-none-eabi/10.3.1/../../../../arm-none-eabi/lib/thumb/v7e-m+fp/hard/libstdc++.a(eh_personality.o)
                              CMakeFiles/mainProject.dir/home/inumaki/Development/stm32WorkSpace/mainProject/Core/Src/main.cpp.obj (__gxx_personality_v0)
/usr/bin/../lib/gcc/arm-none-eabi/10.3.1/../../../../arm-none-eabi/lib/thumb/v7e-m+fp/hard/libstdc++.a(eh_terminate.o)
                              /usr/bin/../lib/gcc/arm-none-eabi/10.3.1/../../../../arm-none-eabi/lib/thumb/v7e-m+fp/hard/libstdc++.a(eh_arm.o) (std::terminate())
/usr/bin/../lib/gcc/arm-none-eabi/10.3.1/../../../../arm-none-eabi/lib/thumb/v7e-m+fp/hard/libstdc++.a(eh_unex_handler.o)
                              /usr/bin/../lib/gcc/arm-none-eabi/10.3.1/../../../../arm-none-eabi/lib/thumb/v7e-m+fp/hard/libstdc++.a(eh_terminate.o) (__cxxabiv1::__unexpected_handler)
/usr/bin/../lib/gcc/arm-none-eabi/10.3.1/../../../../arm-none-eabi/lib/thumb/v7e-m+fp/hard/libstdc++.a(pure.o)
                              /usr/bin/../lib/gcc/arm-none-eabi/10.3.1/../../../../arm-none-eabi/lib/thumb/v7e-m+fp/hard/libstdc++.a(eh_exception.o) (__cxa_pure_virtual)
/usr/bin/../lib/gcc/arm-none-eabi/10.3.1/../../../../arm-none-eabi/lib/thumb/v7e-m+fp/hard/libstdc++.a(si_class_type_info.o)
                              /usr/bin/../lib/gcc/arm-none-eabi/10.3.1/../../../../arm-none-eabi/lib/thumb/v7e-m+fp/hard/libstdc++.a(eh_exception.o) (vtable for __cxxabiv1::__si_class_type_info)
/usr/bin/../lib/gcc/arm-none-eabi/10.3.1/../../../../arm-none-eabi/lib/thumb/v7e-m+fp/hard/libstdc++.a(tinfo.o)
                              /usr/bin/../lib/gcc/arm-none-eabi/10.3.1/../../../../arm-none-eabi/lib/thumb/v7e-m+fp/hard/libstdc++.a(si_class_type_info.o) (std::type_info::__is_pointer_p() const)
/usr/bin/../lib/gcc/arm-none-eabi/10.3.1/../../../../arm-none-eabi/lib/thumb/v7e-m+fp/hard/libstdc++.a(vterminate.o)
                              /usr/bin/../lib/gcc/arm-none-eabi/10.3.1/../../../../arm-none-eabi/lib/thumb/v7e-m+fp/hard/libstdc++.a(eh_terminate.o) (__gnu_cxx::__verbose_terminate_handler())
/usr/bin/../lib/gcc/arm-none-eabi/10.3.1/../../../../arm-none-eabi/lib/thumb/v7e-m+fp/hard/libstdc++.a(class_type_info.o)
                              /usr/bin/../lib/gcc/arm-none-eabi/10.3.1/../../../../arm-none-eabi/lib/thumb/v7e-m+fp/hard/libstdc++.a(si_class_type_info.o) (__cxxabiv1::__class_type_info::__do_upcast(__cxxabiv1::__class_type_info const*, void**) const)
/usr/bin/../lib/gcc/arm-none-eabi/10.3.1/../../../../arm-none-eabi/lib/thumb/v7e-m+fp/hard/libstdc++.a(cp-demangle.o)
                              /usr/bin/../lib/gcc/arm-none-eabi/10.3.1/../../../../arm-none-eabi/lib/thumb/v7e-m+fp/hard/libstdc++.a(vterminate.o) (__cxa_demangle)
/usr/bin/../lib/gcc/arm-none-eabi/10.3.1/../../../../arm-none-eabi/lib/thumb/v7e-m+fp/hard/libstdc++.a(del_ops.o)
                              /usr/bin/../lib/gcc/arm-none-eabi/10.3.1/../../../../arm-none-eabi/lib/thumb/v7e-m+fp/hard/libstdc++.a(eh_exception.o) (operator delete(void*, unsigned int))
/usr/bin/../lib/gcc/arm-none-eabi/10.3.1/../../../../arm-none-eabi/lib/thumb/v7e-m+fp/hard/libstdc++.a(eh_call.o)
                              /usr/bin/../lib/gcc/arm-none-eabi/10.3.1/../../../../arm-none-eabi/lib/thumb/v7e-m+fp/hard/libstdc++.a(eh_personality.o) (__cxa_call_terminate)
/usr/bin/../lib/gcc/arm-none-eabi/10.3.1/../../../../arm-none-eabi/lib/thumb/v7e-m+fp/hard/libstdc++.a(eh_catch.o)
                              /usr/bin/../lib/gcc/arm-none-eabi/10.3.1/../../../../arm-none-eabi/lib/thumb/v7e-m+fp/hard/libstdc++.a(eh_personality.o) (__cxa_begin_catch)
/usr/bin/../lib/gcc/arm-none-eabi/10.3.1/../../../../arm-none-eabi/lib/thumb/v7e-m+fp/hard/libstdc++.a(eh_term_handler.o)
[...]
Memory Configuration

Name             Origin             Length             Attributes
RAM              0x0000000020000000 0x0000000000020000 xrw
FLASH            0x0000000008000000 0x0000000000080000 xr
*default*        0x0000000000000000 0xffffffffffffffff

Linker script and memory map

LOAD /usr/bin/../lib/gcc/arm-none-eabi/10.3.1/thumb/v7e-m+fp/hard/crti.o
LOAD /usr/bin/../lib/gcc/arm-none-eabi/10.3.1/thumb/v7e-m+fp/hard/crtbegin.o
LOAD /usr/bin/../lib/gcc/arm-none-eabi/10.3.1/../../../../arm-none-eabi/lib/thumb/v7e-m+fp/hard/crt0.o
START GROUP
LOAD /usr/bin/../lib/gcc/arm-none-eabi/10.3.1/../../../../arm-none-eabi/lib/thumb/v7e-m+fp/hard/libstdc++.a
END GROUP
LOAD CMakeFiles/mainProject.dir/home/inumaki/Development/stm32WorkSpace/mainProject/Core/Drivers/GPIO/afPin.cpp.obj
LOAD CMakeFiles/mainProject.dir/home/inumaki/Development/stm32WorkSpace/mainProject/Core/Drivers/GPIO/ioPin.cpp.obj
LOAD CMakeFiles/mainProject.dir/home/inumaki/Development/stm32WorkSpace/mainProject/Core/Src/Utilities/RegistersManipulation/REG_MAN.cpp.obj
LOAD CMakeFiles/mainProject.dir/home/inumaki/Development/stm32WorkSpace/mainProject/Core/Src/main.cpp.obj
LOAD CMakeFiles/mainProject.dir/home/inumaki/Development/stm32WorkSpace/mainProject/Core/Src/syscalls.c.obj
LOAD CMakeFiles/mainProject.dir/home/inumaki/Development/stm32WorkSpace/mainProject/Core/Src/sysmem.c.obj
LOAD CMakeFiles/mainProject.dir/home/inumaki/Development/stm32WorkSpace/mainProject/Core/Startup/startup_stm32f411retx.s.obj
LOAD /usr/bin/../lib/gcc/arm-none-eabi/10.3.1/../../../../arm-none-eabi/lib/thumb/v7e-m+fp/hard/libstdc++.a
LOAD /usr/bin/../lib/gcc/arm-none-eabi/10.3.1/../../../../arm-none-eabi/lib/thumb/v7e-m+fp/hard/libm.a
LOAD /usr/bin/../lib/gcc/arm-none-eabi/10.3.1/../../../../arm-none-eabi/lib/thumb/v7e-m+fp/hard/libc.a
START GROUP
LOAD /usr/bin/../lib/gcc/arm-none-eabi/10.3.1/thumb/v7e-m+fp/hard/libgcc.a
LOAD /usr/bin/../lib/gcc/arm-none-eabi/10.3.1/../../../../arm-none-eabi/lib/thumb/v7e-m+fp/hard/libg.a
LOAD /usr/bin/../lib/gcc/arm-none-eabi/10.3.1/../../../../arm-none-eabi/lib/thumb/v7e-m+fp/hard/libc.a
END GROUP
LOAD /usr/bin/../lib/gcc/arm-none-eabi/10.3.1/thumb/v7e-m+fp/hard/crtend.o
LOAD /usr/bin/../lib/gcc/arm-none-eabi/10.3.1/thumb/v7e-m+fp/hard/crtn.o
                0x0000000020020000                _estack = (ORIGIN (RAM) + LENGTH (RAM))
                0x0000000000000200                _Min_Heap_Size = 0x200
                0x0000000000000400                _Min_Stack_Size = 0x400

.isr_vector     0x0000000008000000      0x198
                0x0000000008000000                . = ALIGN (0x4)
 *(.isr_vector)
 .isr_vector    0x0000000008000000      0x198 CMakeFiles/mainProject.dir/home/inumaki/Development/stm32WorkSpace/mainProject/Core/Startup/startup_stm32f411retx.s.obj
                0x0000000008000000                g_pfnVectors
                0x0000000008000198                . = ALIGN (0x4)

.text           0x00000000080001c0     0xff44
                0x00000000080001c0                . = ALIGN (0x4)
 *(.text)
 .text          0x00000000080001c0       0x40 /usr/bin/../lib/gcc/arm-none-eabi/10.3.1/thumb/v7e-m+fp/hard/crtbegin.o
 .text          0x0000000008000200       0x2c CMakeFiles/mainProject.dir/home/inumaki/Development/stm32WorkSpace/mainProject/Core/Drivers/GPIO/afPin.cpp.obj
                0x0000000008000200                afPin::~afPin()
                0x0000000008000200                afPin::~afPin()
                0x000000000800020c                afPin::setAlternatefunction(gpioAlternateFunction const&)
                0x000000000800020e                afPin::afManager(gpioAlternateFunction const&)
                0x000000000800020e                afPin::init()
                0x0000000008000214                afPin::afPin()
                0x0000000008000214                afPin::afPin()
                0x000000000800022a                afPin::init(gpioAlternateFunction const&)
 .text          0x000000000800022c      0x49c CMakeFiles/mainProject.dir/home/inumaki/Development/stm32WorkSpace/mainProject/Core/Drivers/GPIO/ioPin.cpp.obj
                0x0000000008000288                ioPin::~ioPin()
                0x0000000008000288                ioPin::~ioPin()
                0x000000000800028a                ioPin::read()
                0x000000000800028a                bool ioPin::initHandler<gpioPin const&>(gpioPin const& const&, bool const&)
                0x000000000800028a                bool ioPin::initHandler<gpioPort const&>(gpioPort const& const&, bool const&)
                0x000000000800029e                ioPin::reset(bool const&)
                0x00000000080002a2                ioPin::isPinSet(gpioPort const&, gpioPin const&)
                0x00000000080002d8                ioPin::enableExceptions(bool const&)
                0x00000000080002ec                ioPin::setDefaultParams()
                0x0000000008000302                ioPin::init()
                0x0000000008000318                ioPin::ioPin()
                0x0000000008000318                ioPin::ioPin()
                0x0000000008000324                ioPin::init(gpioPort const&)
                0x000000000800037c                ioPin::init(gpioPin const&)
                0x000000000800037e                ioPin::init(gpioMode const&)
                0x00000000080003aa                ioPin::init(gpioOutputType const&)
                0x00000000080003d2                ioPin::init(gpioOutputSpeed const&)
                0x00000000080003fe                ioPin::init(gpioPUPD const&)
                0x000000000800042a                ioPin::init(gpioState const&)
                0x0000000008000456                ioPin::initQueuedSettings()
                0x0000000008000500                ioPin::assertPort(ioPin const&)
                0x0000000008000510                ioPin::assertPort()
                0x0000000008000518                ioPin::pinManager(gpioPin const&)
                0x0000000008000594                ioPin::assertPin(ioPin const&)
                0x00000000080005a4                ioPin::isReady(ioPin const&)
                0x00000000080005b8                ioPin::isReady()
                0x00000000080005c2                ioPin::assertPin()
                0x00000000080005ca                ioPin::portManager(gpioPort const&)
                0x0000000008000658                ioPin::getParamIndex(gpioPort const&)
                0x000000000800065c                ioPin::getParamIndex(gpioPin const&)
                0x0000000008000660                ioPin::getParamIndex(gpioMode const&)
                0x0000000008000664                ioPin::getParamIndex(gpioOutputType const&)
                0x0000000008000668                ioPin::getParamIndex(gpioOutputSpeed const&)
                0x000000000800066c                ioPin::getParamIndex(gpioPUPD const&)
                0x0000000008000670                ioPin::getParamIndex(gpioState const&)
                0x0000000008000674                ioPin::setPort(gpioPort const&)
                0x0000000008000680                ioPin::setPin(gpioPin const&)
                0x000000000800068c                ioPin::setMode(gpioMode const&)
                0x0000000008000698                ioPin::setPUPD(gpioPUPD const&)
                0x00000000080006a4                ioPin::setOutputType(gpioOutputType const&)
                0x00000000080006b0                ioPin::setOutputSpeed(gpioOutputSpeed const&)
                0x00000000080006bc                ioPin::write(gpioState const&)
 .text          0x00000000080006c8       0xe0 CMakeFiles/mainProject.dir/home/inumaki/Development/stm32WorkSpace/mainProject/Core/Src/main.cpp.obj
                0x00000000080006c8                main
 .text          0x00000000080007a8     0x5ee4 /usr/bin/../lib/gcc/arm-none-eabi/10.3.1/../../../../arm-none-eabi/lib/thumb/v7e-m+fp/hard/libstdc++.a(cp-demangle.o)
                0x00000000080065a4                __cxa_demangle
                0x0000000008006668                __gcclibcxx_demangle_callback
 *fill*         0x000000000800668c        0x4 
 .text          0x0000000008006690       0xa0 /usr/bin/../lib/gcc/arm-none-eabi/10.3.1/../../../../arm-none-eabi/lib/thumb/v7e-m+fp/hard/libc.a(lib_a-memchr.o)
                0x0000000008006690                memchr
 .text          0x0000000008006730      0x134 /usr/bin/../lib/gcc/arm-none-eabi/10.3.1/../../../../arm-none-eabi/lib/thumb/v7e-m+fp/hard/libc.a(lib_a-memcpy.o)
                0x0000000008006730                memcpy
 *fill*         0x0000000008006864       0x1c 
 .text          0x0000000008006880      0x2dc /usr/bin/../lib/gcc/arm-none-eabi/10.3.1/../../../../arm-none-eabi/lib/thumb/v7e-m+fp/hard/libc.a(lib_a-strcmp.o)
                0x0000000008006888                strcmp
 *fill*         0x0000000008006b5c       0x24 
 .text          0x0000000008006b80       0xdc /usr/bin/../lib/gcc/arm-none-eabi/10.3.1/../../../../arm-none-eabi/lib/thumb/v7e-m+fp/hard/libc.a(lib_a-strlen.o)
                0x0000000008006b80                strlen
 .text          0x0000000008006c5c      0x378 /usr/bin/../lib/gcc/arm-none-eabi/10.3.1/thumb/v7e-m+fp/hard/libgcc.a(_arm_addsubdf3.o)
                0x0000000008006c5c                __aeabi_drsub
                0x0000000008006c64                __aeabi_dsub
                0x0000000008006c64                __subdf3
                0x0000000008006c68                __adddf3
                0x0000000008006c68                __aeabi_dadd
                0x0000000008006ee0                __aeabi_ui2d
                0x0000000008006ee0                __floatunsidf
                0x0000000008006f00                __floatsidf
                0x0000000008006f00                __aeabi_i2d
                0x0000000008006f24                __extendsfdf2
                0x0000000008006f24                __aeabi_f2d
                0x0000000008006f68                __aeabi_ul2d
                0x0000000008006f68                __floatundidf
                0x0000000008006f78                __floatdidf
                0x0000000008006f78                __aeabi_l2d
 .text          0x0000000008006fd4      0x424 /usr/bin/../lib/gcc/arm-none-eabi/10.3.1/thumb/v7e-m+fp/hard/libgcc.a(_arm_muldivdf3.o)
                0x0000000008006fd4                __aeabi_dmul
                0x0000000008006fd4                __muldf3
                0x0000000008007228                __aeabi_ddiv
                0x0000000008007228                __divdf3
 .text          0x00000000080073f8      0x110 /usr/bin/../lib/gcc/arm-none-eabi/10.3.1/thumb/v7e-m+fp/hard/libgcc.a(_arm_cmpdf2.o)
                0x00000000080073f8                __gtdf2
                0x00000000080073f8                __gedf2
                0x0000000008007400                __ltdf2
                0x0000000008007400                __ledf2
                0x0000000008007408                __cmpdf2
                0x0000000008007408                __eqdf2
                0x0000000008007408                __nedf2
                0x0000000008007484                __aeabi_cdrcmple
                0x0000000008007494                __aeabi_cdcmple
                0x0000000008007494                __aeabi_cdcmpeq
                0x00000000080074a4                __aeabi_dcmpeq
                0x00000000080074b8                __aeabi_dcmplt
                0x00000000080074cc                __aeabi_dcmple
                0x00000000080074e0                __aeabi_dcmpge
                0x00000000080074f4                __aeabi_dcmpgt
 .text          0x0000000008007508       0x2c /usr/bin/../lib/gcc/arm-none-eabi/10.3.1/thumb/v7e-m+fp/hard/libgcc.a(_arm_unorddf2.o)
                0x0000000008007508                __aeabi_dcmpun
                0x0000000008007508                __unorddf2
 .text          0x0000000008007534       0x50 /usr/bin/../lib/gcc/arm-none-eabi/10.3.1/thumb/v7e-m+fp/hard/libgcc.a(_arm_fixdfsi.o)
                0x0000000008007534                __fixdfsi
                0x0000000008007534                __aeabi_d2iz
 .text          0x0000000008007584       0x30 /usr/bin/../lib/gcc/arm-none-eabi/10.3.1/thumb/v7e-m+fp/hard/libgcc.a(_aeabi_uldivmod.o)
                0x0000000008007584                __aeabi_uldivmod
 .text          0x00000000080075b4      0x2d0 /usr/bin/../lib/gcc/arm-none-eabi/10.3.1/thumb/v7e-m+fp/hard/libgcc.a(_udivmoddi4.o)
                0x00000000080075b4                __udivmoddi4
 .text          0x0000000008007884      0x9d8 /usr/bin/../lib/gcc/arm-none-eabi/10.3.1/thumb/v7e-m+fp/hard/libgcc.a(unwind-arm.o)
                0x0000000008007b2c                _Unwind_GetCFA
                0x0000000008007b30                __gnu_Unwind_RaiseException
                0x0000000008007b98                __gnu_Unwind_ForcedUnwind
                0x0000000008007ba8                __gnu_Unwind_Resume
                0x0000000008007bec                __gnu_Unwind_Resume_or_Rethrow
                0x0000000008007bfc                _Unwind_Complete
                0x0000000008007c00                _Unwind_DeleteException
                0x0000000008007c0c                _Unwind_VRS_Get
                0x0000000008007c58                _Unwind_VRS_Set
                0x0000000008007ca0                __gnu_Unwind_Backtrace
                0x0000000008007fcc                __aeabi_unwind_cpp_pr0
                0x0000000008007fd0                __aeabi_unwind_cpp_pr1
                0x0000000008007fd4                __aeabi_unwind_cpp_pr2
                0x0000000008007fd8                _Unwind_VRS_Pop
 .text          0x000000000800825c      0x1ac /usr/bin/../lib/gcc/arm-none-eabi/10.3.1/thumb/v7e-m+fp/hard/libgcc.a(libunwind.o)
                0x000000000800825c                __restore_core_regs
                0x000000000800825c                restore_core_regs
                0x0000000008008274                __gnu_Unwind_Restore_VFP
                0x000000000800827c                __gnu_Unwind_Save_VFP
                0x0000000008008284                __gnu_Unwind_Restore_VFP_D
                0x000000000800828c                __gnu_Unwind_Save_VFP_D
                0x0000000008008294                __gnu_Unwind_Restore_VFP_D_16_to_31
                0x000000000800829c                __gnu_Unwind_Save_VFP_D_16_to_31
                0x00000000080082a4                __gnu_Unwind_Restore_WMMXD
                0x00000000080082e8                __gnu_Unwind_Save_WMMXD
                0x000000000800832c                __gnu_Unwind_Restore_WMMXC
                0x0000000008008340                __gnu_Unwind_Save_WMMXC
                0x0000000008008354                ___Unwind_RaiseException
                0x0000000008008354                _Unwind_RaiseException
                0x0000000008008378                ___Unwind_Resume
                0x0000000008008378                _Unwind_Resume
                0x000000000800839c                _Unwind_Resume_or_Rethrow
                0x000000000800839c                ___Unwind_Resume_or_Rethrow
                0x00000000080083c0                ___Unwind_ForcedUnwind
                0x00000000080083c0                _Unwind_ForcedUnwind
                0x00000000080083e4                _Unwind_Backtrace
                0x00000000080083e4                ___Unwind_Backtrace
 .text          0x0000000008008408      0x350 /usr/bin/../lib/gcc/arm-none-eabi/10.3.1/thumb/v7e-m+fp/hard/libgcc.a(pr-support.o)
                0x0000000008008460                __gnu_unwind_execute
                0x000000000800870c                __gnu_unwind_frame
                0x0000000008008738                _Unwind_GetRegionStart
                0x0000000008008744                _Unwind_GetLanguageSpecificData
 .text          0x0000000008008758        0x4 /usr/bin/../lib/gcc/arm-none-eabi/10.3.1/thumb/v7e-m+fp/hard/libgcc.a(_dvmd_tls.o)
                0x0000000008008758                __aeabi_ldiv0
                0x0000000008008758                __aeabi_idiv0
 *(.text*)
 .text._ZN5ioPin15settingsManagerI8gpioPortEEbRKT_
                0x000000000800875c       0x36 CMakeFiles/mainProject.dir/home/inumaki/Development/stm32WorkSpace/mainProject/Core/Drivers/GPIO/ioPin.cpp.obj
                0x000000000800875c                bool ioPin::settingsManager<gpioPort>(gpioPort const&)
 .text._ZN5ioPin7managerI8gpioPortEEbRKT_RKb
                0x0000000008008792       0x48 CMakeFiles/mainProject.dir/home/inumaki/Development/stm32WorkSpace/mainProject/Core/Drivers/GPIO/ioPin.cpp.obj
                0x0000000008008792                bool ioPin::manager<gpioPort>(gpioPort const&, bool const&)
 .text._ZN5ioPin15settingsManagerI7gpioPinEEbRKT_
                0x00000000080087da       0x2e CMakeFiles/mainProject.dir/home/inumaki/Development/stm32WorkSpace/mainProject/Core/Drivers/GPIO/ioPin.cpp.obj
                0x00000000080087da                bool ioPin::settingsManager<gpioPin>(gpioPin const&)
 .text._ZN5ioPin7managerI7gpioPinEEbRKT_RKb
                0x0000000008008808       0x48 CMakeFiles/mainProject.dir/home/inumaki/Development/stm32WorkSpace/mainProject/Core/Drivers/GPIO/ioPin.cpp.obj
                0x0000000008008808                bool ioPin::manager<gpioPin>(gpioPin const&, bool const&)
 .text._ZN5ioPin15settingsManagerI8gpioModeEEbRKT_
                0x0000000008008850       0x36 CMakeFiles/mainProject.dir/home/inumaki/Development/stm32WorkSpace/mainProject/Core/Drivers/GPIO/ioPin.cpp.obj
                0x0000000008008850                bool ioPin::settingsManager<gpioMode>(gpioMode const&)
 .text._ZN5ioPin7managerI8gpioModeEEbRKT_RKb
                0x0000000008008886       0x48 CMakeFiles/mainProject.dir/home/inumaki/Development/stm32WorkSpace/mainProject/Core/Drivers/GPIO/ioPin.cpp.obj
                0x0000000008008886                bool ioPin::manager<gpioMode>(gpioMode const&, bool const&)
 .text._ZN5ioPin15settingsManagerI8gpioPUPDEEbRKT_
                0x00000000080088ce       0x36 CMakeFiles/mainProject.dir/home/inumaki/Development/stm32WorkSpace/mainProject/Core/Drivers/GPIO/ioPin.cpp.obj
                0x00000000080088ce                bool ioPin::settingsManager<gpioPUPD>(gpioPUPD const&)
 .text._ZN5ioPin7managerI8gpioPUPDEEbRKT_RKb
                0x0000000008008904       0x48 CMakeFiles/mainProject.dir/home/inumaki/Development/stm32WorkSpace/mainProject/Core/Drivers/GPIO/ioPin.cpp.obj
                0x0000000008008904                bool ioPin::manager<gpioPUPD>(gpioPUPD const&, bool const&)
 .text._ZN5ioPin15settingsManagerI14gpioOutputTypeEEbRKT_
                0x000000000800894c       0x36 CMakeFiles/mainProject.dir/home/inumaki/Development/stm32WorkSpace/mainProject/Core/Drivers/GPIO/ioPin.cpp.obj
                0x000000000800894c                bool ioPin::settingsManager<gpioOutputType>(gpioOutputType const&)
 .text._ZN5ioPin7managerI14gpioOutputTypeEEbRKT_RKb
                0x0000000008008982       0x48 CMakeFiles/mainProject.dir/home/inumaki/Development/stm32WorkSpace/mainProject/Core/Drivers/GPIO/ioPin.cpp.obj
                0x0000000008008982                bool ioPin::manager<gpioOutputType>(gpioOutputType const&, bool const&)
 .text._ZN5ioPin15settingsManagerI15gpioOutputSpeedEEbRKT_
                0x00000000080089ca       0x36 CMakeFiles/mainProject.dir/home/inumaki/Development/stm32WorkSpace/mainProject/Core/Drivers/GPIO/ioPin.cpp.obj
                0x00000000080089ca                bool ioPin::settingsManager<gpioOutputSpeed>(gpioOutputSpeed const&)
 .text._ZN5ioPin7managerI15gpioOutputSpeedEEbRKT_RKb
                0x0000000008008a00       0x48 CMakeFiles/mainProject.dir/home/inumaki/Development/stm32WorkSpace/mainProject/Core/Drivers/GPIO/ioPin.cpp.obj
                0x0000000008008a00                bool ioPin::manager<gpioOutputSpeed>(gpioOutputSpeed const&, bool const&)
 .text._ZN5ioPin15settingsManagerI9gpioStateEEbRKT_
                0x0000000008008a48       0x36 CMakeFiles/mainProject.dir/home/inumaki/Development/stm32WorkSpace/mainProject/Core/Drivers/GPIO/ioPin.cpp.obj
                0x0000000008008a48                bool ioPin::settingsManager<gpioState>(gpioState const&)
 .text._ZN5ioPin7managerI9gpioStateEEbRKT_RKb
                0x0000000008008a7e       0x48 CMakeFiles/mainProject.dir/home/inumaki/Development/stm32WorkSpace/mainProject/Core/Drivers/GPIO/ioPin.cpp.obj
                0x0000000008008a7e                bool ioPin::manager<gpioState>(gpioState const&, bool const&)
 .text._ZN5ioPinC2IJ8gpioMode9gpioState8gpioPort7gpioPinEEEDpRKT_
                0x0000000008008ac6       0x4e CMakeFiles/mainProject.dir/home/inumaki/Development/stm32WorkSpace/mainProject/Core/Src/main.cpp.obj
                0x0000000008008ac6                ioPin::ioPin<gpioMode, gpioState, gpioPort, gpioPin>(gpioMode const&, gpioState const&, gpioPort const&, gpioPin const&)
                0x0000000008008ac6                ioPin::ioPin<gpioMode, gpioState, gpioPort, gpioPin>(gpioMode const&, gpioState const&, gpioPort const&, gpioPin const&)
 .text._getpid  0x0000000008008b14        0x4 CMakeFiles/mainProject.dir/home/inumaki/Development/stm32WorkSpace/mainProject/Core/Src/syscalls.c.obj
                0x0000000008008b14                _getpid
 .text._kill    0x0000000008008b18       0x10 CMakeFiles/mainProject.dir/home/inumaki/Development/stm32WorkSpace/mainProject/Core/Src/syscalls.c.obj
                0x0000000008008b18                _kill
 .text._exit    0x0000000008008b28        0xc CMakeFiles/mainProject.dir/home/inumaki/Development/stm32WorkSpace/mainProject/Core/Src/syscalls.c.obj
                0x0000000008008b28                _exit
 .text._read    0x0000000008008b34       0x20 CMakeFiles/mainProject.dir/home/inumaki/Development/stm32WorkSpace/mainProject/Core/Src/syscalls.c.obj
                0x0000000008008b34                _read
 .text._write   0x0000000008008b54       0x1c CMakeFiles/mainProject.dir/home/inumaki/Development/stm32WorkSpace/mainProject/Core/Src/syscalls.c.obj
                0x0000000008008b54                _write
 .text._close   0x0000000008008b70        0x6 CMakeFiles/mainProject.dir/home/inumaki/Development/stm32WorkSpace/mainProject/Core/Src/syscalls.c.obj
                0x0000000008008b70                _close
 .text._fstat   0x0000000008008b76        0xa CMakeFiles/mainProject.dir/home/inumaki/Development/stm32WorkSpace/mainProject/Core/Src/syscalls.c.obj
                0x0000000008008b76                _fstat
 .text._isatty  0x0000000008008b80        0x4 CMakeFiles/mainProject.dir/home/inumaki/Development/stm32WorkSpace/mainProject/Core/Src/syscalls.c.obj
                0x0000000008008b80                _isatty
 .text._lseek   0x0000000008008b84        0x4 CMakeFiles/mainProject.dir/home/inumaki/Development/stm32WorkSpace/mainProject/Core/Src/syscalls.c.obj
                0x0000000008008b84                _lseek
 .text._sbrk    0x0000000008008b88       0x48 CMakeFiles/mainProject.dir/home/inumaki/Development/stm32WorkSpace/mainProject/Core/Src/sysmem.c.obj
                0x0000000008008b88                _sbrk
 .text.Reset_Handler
                0x0000000008008bd0       0x4c CMakeFiles/mainProject.dir/home/inumaki/Development/stm32WorkSpace/mainProject/Core/Startup/startup_stm32f411retx.s.obj
                0x0000000008008bd0                Reset_Handler
 .text.Default_Handler
                0x0000000008008c1c        0x2 CMakeFiles/mainProject.dir/home/inumaki/Development/stm32WorkSpace/mainProject/Core/Startup/startup_stm32f411retx.s.obj
                0x0000000008008c1c                RTC_Alarm_IRQHandler
                0x0000000008008c1c                EXTI2_IRQHandler
                0x0000000008008c1c                DebugMon_Handler
                0x0000000008008c1c                SPI4_IRQHandler
                0x0000000008008c1c                TIM1_CC_IRQHandler
                0x0000000008008c1c                DMA2_Stream5_IRQHandler
                0x0000000008008c1c                HardFault_Handler
                0x0000000008008c1c                DMA1_Stream5_IRQHandler
                0x0000000008008c1c                SysTick_Handler
                0x0000000008008c1c                PVD_IRQHandler
                0x0000000008008c1c                SDIO_IRQHandler
                0x0000000008008c1c                TAMP_STAMP_IRQHandler
                0x0000000008008c1c                PendSV_Handler
                0x0000000008008c1c                NMI_Handler
                0x0000000008008c1c                EXTI3_IRQHandler
                0x0000000008008c1c                TIM1_UP_TIM10_IRQHandler
                0x0000000008008c1c                I2C3_ER_IRQHandler
                0x0000000008008c1c                EXTI0_IRQHandler
                0x0000000008008c1c                I2C2_EV_IRQHandler
                0x0000000008008c1c                DMA1_Stream2_IRQHandler
                0x0000000008008c1c                FPU_IRQHandler
                0x0000000008008c1c                UsageFault_Handler
                0x0000000008008c1c                DMA2_Stream2_IRQHandler
                0x0000000008008c1c                SPI1_IRQHandler
                0x0000000008008c1c                TIM1_BRK_TIM9_IRQHandler
                0x0000000008008c1c                DMA2_Stream3_IRQHandler
                0x0000000008008c1c                USART6_IRQHandler
                0x0000000008008c1c                DMA2_Stream0_IRQHandler
                0x0000000008008c1c                TIM4_IRQHandler
                0x0000000008008c1c                I2C1_EV_IRQHandler
                0x0000000008008c1c                DMA1_Stream6_IRQHandler
                0x0000000008008c1c                DMA1_Stream1_IRQHandler
                0x0000000008008c1c                TIM3_IRQHandler
                0x0000000008008c1c                RCC_IRQHandler
                0x0000000008008c1c                Default_Handler
                0x0000000008008c1c                EXTI15_10_IRQHandler
                0x0000000008008c1c                ADC_IRQHandler
                0x0000000008008c1c                DMA1_Stream7_IRQHandler
                0x0000000008008c1c                SPI5_IRQHandler
                0x0000000008008c1c                TIM5_IRQHandler
                0x0000000008008c1c                DMA2_Stream7_IRQHandler
                0x0000000008008c1c                I2C3_EV_IRQHandler
                0x0000000008008c1c                EXTI9_5_IRQHandler
                0x0000000008008c1c                RTC_WKUP_IRQHandler
                0x0000000008008c1c                SPI2_IRQHandler
                0x0000000008008c1c                MemManage_Handler
                0x0000000008008c1c                DMA1_Stream0_IRQHandler
                0x0000000008008c1c                SVC_Handler
                0x0000000008008c1c                EXTI4_IRQHandler
                0x0000000008008c1c                WWDG_IRQHandler
                0x0000000008008c1c                TIM2_IRQHandler
                0x0000000008008c1c                OTG_FS_WKUP_IRQHandler
                0x0000000008008c1c                TIM1_TRG_COM_TIM11_IRQHandler
                0x0000000008008c1c                EXTI1_IRQHandler
                0x0000000008008c1c                USART2_IRQHandler
                0x0000000008008c1c                I2C2_ER_IRQHandler
                0x0000000008008c1c                DMA2_Stream1_IRQHandler
                0x0000000008008c1c                FLASH_IRQHandler
                0x0000000008008c1c                DMA2_Stream4_IRQHandler
                0x0000000008008c1c                BusFault_Handler
                0x0000000008008c1c                USART1_IRQHandler
                0x0000000008008c1c                OTG_FS_IRQHandler
                0x0000000008008c1c                SPI3_IRQHandler
                0x0000000008008c1c                DMA1_Stream4_IRQHandler
                0x0000000008008c1c                I2C1_ER_IRQHandler
                0x0000000008008c1c                DMA2_Stream6_IRQHandler
                0x0000000008008c1c                DMA1_Stream3_IRQHandler
 *fill*         0x0000000008008c1e        0x2 
 .text.__aeabi_atexit
                0x0000000008008c20        0xc /usr/bin/../lib/gcc/arm-none-eabi/10.3.1/../../../../arm-none-eabi/lib/thumb/v7e-m+fp/hard/libstdc++.a(atexit_arm.o)
                0x0000000008008c20                __aeabi_atexit
 .text.__cxa_end_cleanup
                0x0000000008008c2c        0xc /usr/bin/../lib/gcc/arm-none-eabi/10.3.1/../../../../arm-none-eabi/lib/thumb/v7e-m+fp/hard/libstdc++.a(eh_arm.o)
                0x0000000008008c2c                __cxa_end_cleanup
 .text.__cxa_type_match
                0x0000000008008c38       0xb4 /usr/bin/../lib/gcc/arm-none-eabi/10.3.1/../../../../arm-none-eabi/lib/thumb/v7e-m+fp/hard/libstdc++.a(eh_arm.o)
                0x0000000008008c38                __cxa_type_match
 .text.__cxa_begin_cleanup
                0x0000000008008cec       0x64 /usr/bin/../lib/gcc/arm-none-eabi/10.3.1/../../../../arm-none-eabi/lib/thumb/v7e-m+fp/hard/libstdc++.a(eh_arm.o)
                0x0000000008008cec                __cxa_begin_cleanup
 .text.__gnu_end_cleanup
                0x0000000008008d50       0x70 /usr/bin/../lib/gcc/arm-none-eabi/10.3.1/../../../../arm-none-eabi/lib/thumb/v7e-m+fp/hard/libstdc++.a(eh_arm.o)
                0x0000000008008d50                __gnu_end_cleanup
 .text._ZNSt13bad_exceptionD2Ev
                0x0000000008008dc0        0x4 /usr/bin/../lib/gcc/arm-none-eabi/10.3.1/../../../../arm-none-eabi/lib/thumb/v7e-m+fp/hard/libstdc++.a(eh_exception.o)
                0x0000000008008dc0                std::bad_exception::~bad_exception()
                0x0000000008008dc0                std::bad_exception::~bad_exception()
 .text._ZNKSt13bad_exception4whatEv
                0x0000000008008dc4        0x8 /usr/bin/../lib/gcc/arm-none-eabi/10.3.1/../../../../arm-none-eabi/lib/thumb/v7e-m+fp/hard/libstdc++.a(eh_exception.o)
                0x0000000008008dc4                transaction clone for std::bad_exception::what() const
                0x0000000008008dc4                std::bad_exception::what() const
 .text._ZNSt13bad_exceptionD0Ev
                0x0000000008008dcc       0x10 /usr/bin/../lib/gcc/arm-none-eabi/10.3.1/../../../../arm-none-eabi/lib/thumb/v7e-m+fp/hard/libstdc++.a(eh_exception.o)
                0x0000000008008dcc                std::bad_exception::~bad_exception()
 .text.__cxa_get_globals_fast
                0x0000000008008ddc        0x8 /usr/bin/../lib/gcc/arm-none-eabi/10.3.1/../../../../arm-none-eabi/lib/thumb/v7e-m+fp/hard/libstdc++.a(eh_globals.o)
                0x0000000008008ddc                __cxa_get_globals_fast
 .text.__cxa_get_globals
                0x0000000008008de4        0x8 /usr/bin/../lib/gcc/arm-none-eabi/10.3.1/../../../../arm-none-eabi/lib/thumb/v7e-m+fp/hard/libstdc++.a(eh_globals.o)
                0x0000000008008de4                __cxa_get_globals
 .text._ZL28read_encoded_value_with_basehjPKhPj
                0x0000000008008dec       0xc0 /usr/bin/../lib/gcc/arm-none-eabi/10.3.1/../../../../arm-none-eabi/lib/thumb/v7e-m+fp/hard/libstdc++.a(eh_personality.o)
 .text._ZL21base_of_encoded_valuehP15_Unwind_Context
                0x0000000008008eac       0x50 /usr/bin/../lib/gcc/arm-none-eabi/10.3.1/../../../../arm-none-eabi/lib/thumb/v7e-m+fp/hard/libstdc++.a(eh_personality.o)
 .text._ZL17parse_lsda_headerP15_Unwind_ContextPKhP16lsda_header_info
                0x0000000008008efc       0x94 /usr/bin/../lib/gcc/arm-none-eabi/10.3.1/../../../../arm-none-eabi/lib/thumb/v7e-m+fp/hard/libstdc++.a(eh_personality.o)
 .text.__gxx_personality_v0
                0x0000000008008f90      0x4a8 /usr/bin/../lib/gcc/arm-none-eabi/10.3.1/../../../../arm-none-eabi/lib/thumb/v7e-m+fp/hard/libstdc++.a(eh_personality.o)
                0x0000000008008f90                __gxx_personality_v0
 .text._ZN10__cxxabiv111__terminateEPFvvE
                0x0000000008009438       0x28 /usr/bin/../lib/gcc/arm-none-eabi/10.3.1/../../../../arm-none-eabi/lib/thumb/v7e-m+fp/hard/libstdc++.a(eh_terminate.o)
                0x0000000008009438                __cxxabiv1::__terminate(void (*)())
 .text._ZSt9terminatev
                0x0000000008009460       0x14 /usr/bin/../lib/gcc/arm-none-eabi/10.3.1/../../../../arm-none-eabi/lib/thumb/v7e-m+fp/hard/libstdc++.a(eh_terminate.o)
                0x0000000008009460                std::terminate()
 .text._ZN10__cxxabiv112__unexpectedEPFvvE
                0x0000000008009474        0x8 /usr/bin/../lib/gcc/arm-none-eabi/10.3.1/../../../../arm-none-eabi/lib/thumb/v7e-m+fp/hard/libstdc++.a(eh_terminate.o)
                0x0000000008009474                __cxxabiv1::__unexpected(void (*)())
 .text._ZSt10unexpectedv
                0x000000000800947c       0x14 /usr/bin/../lib/gcc/arm-none-eabi/10.3.1/../../../../arm-none-eabi/lib/thumb/v7e-m+fp/hard/libstdc++.a(eh_terminate.o)
                0x000000000800947c                std::unexpected()
 .text._ZSt13get_terminatev
                0x0000000008009490       0x10 /usr/bin/../lib/gcc/arm-none-eabi/10.3.1/../../../../arm-none-eabi/lib/thumb/v7e-m+fp/hard/libstdc++.a(eh_terminate.o)
                0x0000000008009490                std::get_terminate()
 .text._ZSt14get_unexpectedv
                0x00000000080094a0       0x10 /usr/bin/../lib/gcc/arm-none-eabi/10.3.1/../../../../arm-none-eabi/lib/thumb/v7e-m+fp/hard/libstdc++.a(eh_terminate.o)
                0x00000000080094a0                std::get_unexpected()
 .text._ZN10__cxxabiv120__si_class_type_infoD2Ev
                0x00000000080094b0       0x14 /usr/bin/../lib/gcc/arm-none-eabi/10.3.1/../../../../arm-none-eabi/lib/thumb/v7e-m+fp/hard/libstdc++.a(si_class_type_info.o)
                0x00000000080094b0                __cxxabiv1::__si_class_type_info::~__si_class_type_info()
                0x00000000080094b0                __cxxabiv1::__si_class_type_info::~__si_class_type_info()
 .text._ZN10__cxxabiv120__si_class_type_infoD0Ev
                0x00000000080094c4       0x1c /usr/bin/../lib/gcc/arm-none-eabi/10.3.1/../../../../arm-none-eabi/lib/thumb/v7e-m+fp/hard/libstdc++.a(si_class_type_info.o)
                0x00000000080094c4                __cxxabiv1::__si_class_type_info::~__si_class_type_info()
 .text._ZNK10__cxxabiv120__si_class_type_info20__do_find_public_srcEiPKvPKNS_17__class_type_infoES2_
                0x00000000080094e0       0x3c /usr/bin/../lib/gcc/arm-none-eabi/10.3.1/../../../../arm-none-eabi/lib/thumb/v7e-m+fp/hard/libstdc++.a(si_class_type_info.o)
                0x00000000080094e0                __cxxabiv1::__si_class_type_info::__do_find_public_src(int, void const*, __cxxabiv1::__class_type_info const*, void const*) const
 .text._ZNK10__cxxabiv120__si_class_type_info12__do_dyncastEiNS_17__class_type_info10__sub_kindEPKS1_PKvS4_S6_RNS1_16__dyncast_resultE
                0x000000000800951c       0x80 /usr/bin/../lib/gcc/arm-none-eabi/10.3.1/../../../../arm-none-eabi/lib/thumb/v7e-m+fp/hard/libstdc++.a(si_class_type_info.o)
                0x000000000800951c                __cxxabiv1::__si_class_type_info::__do_dyncast(int, __cxxabiv1::__class_type_info::__sub_kind, __cxxabiv1::__class_type_info const*, void const*, __cxxabiv1::__class_type_info const*, void const*, __cxxabiv1::__class_type_info::__dyncast_result&) const
 .text._ZNK10__cxxabiv120__si_class_type_info11__do_upcastEPKNS_17__class_type_infoEPKvRNS1_15__upcast_resultE
                0x000000000800959c       0x2c /usr/bin/../lib/gcc/arm-none-eabi/10.3.1/../../../../arm-none-eabi/lib/thumb/v7e-m+fp/hard/libstdc++.a(si_class_type_info.o)
                0x000000000800959c                __cxxabiv1::__si_class_type_info::__do_upcast(__cxxabiv1::__class_type_info const*, void const*, __cxxabiv1::__class_type_info::__upcast_result&) const
 .text._ZNSt9type_infoD2Ev
                0x00000000080095c8        0x4 /usr/bin/../lib/gcc/arm-none-eabi/10.3.1/../../../../arm-none-eabi/lib/thumb/v7e-m+fp/hard/libstdc++.a(tinfo.o)
                0x00000000080095c8                std::type_info::~type_info()
                0x00000000080095c8                std::type_info::~type_info()
 .text._ZNKSt9type_info14__is_pointer_pEv
                0x00000000080095cc        0x4 /usr/bin/../lib/gcc/arm-none-eabi/10.3.1/../../../../arm-none-eabi/lib/thumb/v7e-m+fp/hard/libstdc++.a(tinfo.o)
                0x00000000080095cc                std::type_info::__is_function_p() const
                0x00000000080095cc                std::type_info::__is_pointer_p() const
 .text._ZNKSt9type_infoeqERKS_
                0x00000000080095d0       0x2c /usr/bin/../lib/gcc/arm-none-eabi/10.3.1/../../../../arm-none-eabi/lib/thumb/v7e-m+fp/hard/libstdc++.a(tinfo.o)
                0x00000000080095d0                std::type_info::operator==(std::type_info const&) const
 .text._ZN9__gnu_cxx27__verbose_terminate_handlerEv
                0x00000000080095fc      0x10c /usr/bin/../lib/gcc/arm-none-eabi/10.3.1/../../../../arm-none-eabi/lib/thumb/v7e-m+fp/hard/libstdc++.a(vterminate.o)
                0x00000000080095fc                __gnu_cxx::__verbose_terminate_handler()
 .text._ZNK10__cxxabiv117__class_type_info11__do_upcastEPKS0_PPv
                0x0000000008009708       0x34 /usr/bin/../lib/gcc/arm-none-eabi/10.3.1/../../../../arm-none-eabi/lib/thumb/v7e-m+fp/hard/libstdc++.a(class_type_info.o)
                0x0000000008009708                __cxxabiv1::__class_type_info::__do_upcast(__cxxabiv1::__class_type_info const*, void**) const
 .text._ZNK10__cxxabiv117__class_type_info20__do_find_public_srcEiPKvPKS0_S2_
                0x000000000800973c        0xc /usr/bin/../lib/gcc/arm-none-eabi/10.3.1/../../../../arm-none-eabi/lib/thumb/v7e-m+fp/hard/libstdc++.a(class_type_info.o)
                0x000000000800973c                __cxxabiv1::__class_type_info::__do_find_public_src(int, void const*, __cxxabiv1::__class_type_info const*, void const*) const
 .text._ZN10__cxxabiv117__class_type_infoD2Ev
                0x0000000008009748       0x14 /usr/bin/../lib/gcc/arm-none-eabi/10.3.1/../../../../arm-none-eabi/lib/thumb/v7e-m+fp/hard/libstdc++.a(class_type_info.o)
                0x0000000008009748                __cxxabiv1::__class_type_info::~__class_type_info()
                0x0000000008009748                __cxxabiv1::__class_type_info::~__class_type_info()
 .text._ZN10__cxxabiv117__class_type_infoD0Ev
                0x000000000800975c       0x1c /usr/bin/../lib/gcc/arm-none-eabi/10.3.1/../../../../arm-none-eabi/lib/thumb/v7e-m+fp/hard/libstdc++.a(class_type_info.o)
                0x000000000800975c                __cxxabiv1::__class_type_info::~__class_type_info()
 .text._ZNK10__cxxabiv117__class_type_info12__do_dyncastEiNS0_10__sub_kindEPKS0_PKvS3_S5_RNS0_16__dyncast_resultE
                0x0000000008009778       0x44 /usr/bin/../lib/gcc/arm-none-eabi/10.3.1/../../../../arm-none-eabi/lib/thumb/v7e-m+fp/hard/libstdc++.a(class_type_info.o)
                0x0000000008009778                __cxxabiv1::__class_type_info::__do_dyncast(int, __cxxabiv1::__class_type_info::__sub_kind, __cxxabiv1::__class_type_info const*, void const*, __cxxabiv1::__class_type_info const*, void const*, __cxxabiv1::__class_type_info::__dyncast_result&) const
 .text._ZNK10__cxxabiv117__class_type_info11__do_upcastEPKS0_PKvRNS0_15__upcast_resultE
                0x00000000080097bc       0x1c /usr/bin/../lib/gcc/arm-none-eabi/10.3.1/../../../../arm-none-eabi/lib/thumb/v7e-m+fp/hard/libstdc++.a(class_type_info.o)
                0x00000000080097bc                __cxxabiv1::__class_type_info::__do_upcast(__cxxabiv1::__class_type_info const*, void const*, __cxxabiv1::__class_type_info::__upcast_result&) const
 .text._ZNK10__cxxabiv117__class_type_info10__do_catchEPKSt9type_infoPPvj
                0x00000000080097d8       0x2c /usr/bin/../lib/gcc/arm-none-eabi/10.3.1/../../../../arm-none-eabi/lib/thumb/v7e-m+fp/hard/libstdc++.a(class_type_info.o)
                0x00000000080097d8                __cxxabiv1::__class_type_info::__do_catch(std::type_info const*, void**, unsigned int) const
 .text._ZdlPvj  0x0000000008009804        0x4 /usr/bin/../lib/gcc/arm-none-eabi/10.3.1/../../../../arm-none-eabi/lib/thumb/v7e-m+fp/hard/libstdc++.a(del_ops.o)
                0x0000000008009804                operator delete(void*, unsigned int)
 .text._ZN10__cxxabiv1L24__is_gxx_exception_classEPc
                0x0000000008009808       0x3c /usr/bin/../lib/gcc/arm-none-eabi/10.3.1/../../../../arm-none-eabi/lib/thumb/v7e-m+fp/hard/libstdc++.a(eh_call.o)
 .text.__cxa_call_terminate
                0x0000000008009844       0x20 /usr/bin/../lib/gcc/arm-none-eabi/10.3.1/../../../../arm-none-eabi/lib/thumb/v7e-m+fp/hard/libstdc++.a(eh_call.o)
                0x0000000008009844                __cxa_call_terminate
 .text.unlikely.__cxa_call_unexpected
                0x0000000008009864       0xe4 /usr/bin/../lib/gcc/arm-none-eabi/10.3.1/../../../../arm-none-eabi/lib/thumb/v7e-m+fp/hard/libstdc++.a(eh_call.o)
                0x0000000008009864                __cxa_call_unexpected
 .text.__cxa_begin_catch
                0x0000000008009948       0x7c /usr/bin/../lib/gcc/arm-none-eabi/10.3.1/../../../../arm-none-eabi/lib/thumb/v7e-m+fp/hard/libstdc++.a(eh_catch.o)
                0x0000000008009948                __cxa_begin_catch
 .text.__cxa_end_catch
                0x00000000080099c4       0x8c /usr/bin/../lib/gcc/arm-none-eabi/10.3.1/../../../../arm-none-eabi/lib/thumb/v7e-m+fp/hard/libstdc++.a(eh_catch.o)
                0x00000000080099c4                __cxa_end_catch
 .text._ZL23__gxx_exception_cleanup19_Unwind_Reason_CodeP21_Unwind_Control_Block
                0x0000000008009a50       0x4c /usr/bin/../lib/gcc/arm-none-eabi/10.3.1/../../../../arm-none-eabi/lib/thumb/v7e-m+fp/hard/libstdc++.a(eh_throw.o)
 .text.__cxa_init_primary_exception
                0x0000000008009a9c       0x58 /usr/bin/../lib/gcc/arm-none-eabi/10.3.1/../../../../arm-none-eabi/lib/thumb/v7e-m+fp/hard/libstdc++.a(eh_throw.o)
                0x0000000008009a9c                __cxa_init_primary_exception
 .text.__cxa_throw
                0x0000000008009af4       0x38 /usr/bin/../lib/gcc/arm-none-eabi/10.3.1/../../../../arm-none-eabi/lib/thumb/v7e-m+fp/hard/libstdc++.a(eh_throw.o)
                0x0000000008009af4                __cxa_throw
 .text.__cxa_rethrow
                0x0000000008009b2c       0x70 /usr/bin/../lib/gcc/arm-none-eabi/10.3.1/../../../../arm-none-eabi/lib/thumb/v7e-m+fp/hard/libstdc++.a(eh_throw.o)
                0x0000000008009b2c                __cxa_rethrow
 .text.__cxa_current_exception_type
                0x0000000008009b9c       0x1c /usr/bin/../lib/gcc/arm-none-eabi/10.3.1/../../../../arm-none-eabi/lib/thumb/v7e-m+fp/hard/libstdc++.a(eh_type.o)
                0x0000000008009b9c                __cxa_current_exception_type
 .text._ZdlPv   0x0000000008009bb8        0x4 /usr/bin/../lib/gcc/arm-none-eabi/10.3.1/../../../../arm-none-eabi/lib/thumb/v7e-m+fp/hard/libstdc++.a(del_op.o)
                0x0000000008009bb8                operator delete(void*)
 .text._ZN12_GLOBAL__N_14pool4freeEPv.constprop.0
                0x0000000008009bbc       0x88 /usr/bin/../lib/gcc/arm-none-eabi/10.3.1/../../../../arm-none-eabi/lib/thumb/v7e-m+fp/hard/libstdc++.a(eh_alloc.o)
 .text._ZN12_GLOBAL__N_14pool8allocateEj.constprop.0
                0x0000000008009c44       0x58 /usr/bin/../lib/gcc/arm-none-eabi/10.3.1/../../../../arm-none-eabi/lib/thumb/v7e-m+fp/hard/libstdc++.a(eh_alloc.o)
 .text.__cxa_allocate_exception
                0x0000000008009c9c       0x30 /usr/bin/../lib/gcc/arm-none-eabi/10.3.1/../../../../arm-none-eabi/lib/thumb/v7e-m+fp/hard/libstdc++.a(eh_alloc.o)
                0x0000000008009c9c                __cxa_allocate_exception
 .text.__cxa_free_exception
                0x0000000008009ccc       0x20 /usr/bin/../lib/gcc/arm-none-eabi/10.3.1/../../../../arm-none-eabi/lib/thumb/v7e-m+fp/hard/libstdc++.a(eh_alloc.o)
                0x0000000008009ccc                __cxa_free_exception
 .text.startup._GLOBAL__sub_I__ZN9__gnu_cxx9__freeresEv
                0x0000000008009cec       0x28 /usr/bin/../lib/gcc/arm-none-eabi/10.3.1/../../../../arm-none-eabi/lib/thumb/v7e-m+fp/hard/libstdc++.a(eh_alloc.o)
 .text.abort    0x0000000008009d14       0x10 /usr/bin/../lib/gcc/arm-none-eabi/10.3.1/../../../../arm-none-eabi/lib/thumb/v7e-m+fp/hard/libc.a(lib_a-abort.o)
                0x0000000008009d14                abort
 .text.__cxa_atexit
                0x0000000008009d24        0xc /usr/bin/../lib/gcc/arm-none-eabi/10.3.1/../../../../arm-none-eabi/lib/thumb/v7e-m+fp/hard/libc.a(lib_a-cxa_atexit.o)
                0x0000000008009d24                __cxa_atexit
 .text.__errno  0x0000000008009d30        0xc /usr/bin/../lib/gcc/arm-none-eabi/10.3.1/../../../../arm-none-eabi/lib/thumb/v7e-m+fp/hard/libc.a(lib_a-errno.o)
                0x0000000008009d30                __errno
 .text.fputc    0x0000000008009d3c       0x64 /usr/bin/../lib/gcc/arm-none-eabi/10.3.1/../../../../arm-none-eabi/lib/thumb/v7e-m+fp/hard/libc.a(lib_a-fputc.o)
                0x0000000008009d3c                fputc
 .text._fputs_r
                0x0000000008009da0       0x88 /usr/bin/../lib/gcc/arm-none-eabi/10.3.1/../../../../arm-none-eabi/lib/thumb/v7e-m+fp/hard/libc.a(lib_a-fputs.o)
                0x0000000008009da0                _fputs_r
 .text.fputs    0x0000000008009e28       0x18 /usr/bin/../lib/gcc/arm-none-eabi/10.3.1/../../../../arm-none-eabi/lib/thumb/v7e-m+fp/hard/libc.a(lib_a-fputs.o)
                0x0000000008009e28                fputs
 .text.__sfvwrite_r
                0x0000000008009e40      0x2f0 /usr/bin/../lib/gcc/arm-none-eabi/10.3.1/../../../../arm-none-eabi/lib/thumb/v7e-m+fp/hard/libc.a(lib_a-fvwrite.o)
                0x0000000008009e40                __sfvwrite_r
 .text._fwrite_r
                0x000000000800a130       0xa8 /usr/bin/../lib/gcc/arm-none-eabi/10.3.1/../../../../arm-none-eabi/lib/thumb/v7e-m+fp/hard/libc.a(lib_a-fwrite.o)
                0x000000000800a130                _fwrite_r
 .text.fwrite   0x000000000800a1d8       0x20 /usr/bin/../lib/gcc/arm-none-eabi/10.3.1/../../../../arm-none-eabi/lib/thumb/v7e-m+fp/hard/libc.a(lib_a-fwrite.o)
                0x000000000800a1d8                fwrite
 .text.__libc_init_array
                0x000000000800a1f8       0x48 /usr/bin/../lib/gcc/arm-none-eabi/10.3.1/../../../../arm-none-eabi/lib/thumb/v7e-m+fp/hard/libc.a(lib_a-init.o)
                0x000000000800a1f8                __libc_init_array
 .text.__retarget_lock_init_recursive
                0x000000000800a240        0x4 /usr/bin/../lib/gcc/arm-none-eabi/10.3.1/../../../../arm-none-eabi/lib/thumb/v7e-m+fp/hard/libc.a(lib_a-lock.o)
                0x000000000800a240                __retarget_lock_init_recursive
 .text.__retarget_lock_close_recursive
                0x000000000800a244        0x4 /usr/bin/../lib/gcc/arm-none-eabi/10.3.1/../../../../arm-none-eabi/lib/thumb/v7e-m+fp/hard/libc.a(lib_a-lock.o)
                0x000000000800a244                __retarget_lock_close_recursive
 .text.__retarget_lock_acquire_recursive
                0x000000000800a248        0x4 /usr/bin/../lib/gcc/arm-none-eabi/10.3.1/../../../../arm-none-eabi/lib/thumb/v7e-m+fp/hard/libc.a(lib_a-lock.o)
                0x000000000800a248                __retarget_lock_acquire_recursive
 .text.__retarget_lock_release_recursive
                0x000000000800a24c        0x4 /usr/bin/../lib/gcc/arm-none-eabi/10.3.1/../../../../arm-none-eabi/lib/thumb/v7e-m+fp/hard/libc.a(lib_a-lock.o)
                0x000000000800a24c                __retarget_lock_release_recursive
 .text.malloc   0x000000000800a250       0x10 /usr/bin/../lib/gcc/arm-none-eabi/10.3.1/../../../../arm-none-eabi/lib/thumb/v7e-m+fp/hard/libc.a(lib_a-malloc.o)
                0x000000000800a250                malloc
 .text.free     0x000000000800a260       0x10 /usr/bin/../lib/gcc/arm-none-eabi/10.3.1/../../../../arm-none-eabi/lib/thumb/v7e-m+fp/hard/libc.a(lib_a-malloc.o)
                0x000000000800a260                free
 .text._malloc_r
                0x000000000800a270      0x560 /usr/bin/../lib/gcc/arm-none-eabi/10.3.1/../../../../arm-none-eabi/lib/thumb/v7e-m+fp/hard/libc.a(lib_a-mallocr.o)
                0x000000000800a270                _malloc_r
 .text.memcmp   0x000000000800a7d0       0x64 /usr/bin/../lib/gcc/arm-none-eabi/10.3.1/../../../../arm-none-eabi/lib/thumb/v7e-m+fp/hard/libc.a(lib_a-memcmp.o)
                0x000000000800a7d0                memcmp
 .text.memmove  0x000000000800a834       0xf8 /usr/bin/../lib/gcc/arm-none-eabi/10.3.1/../../../../arm-none-eabi/lib/thumb/v7e-m+fp/hard/libc.a(lib_a-memmove.o)
                0x000000000800a834                memmove
 .text.memset   0x000000000800a92c       0xa4 /usr/bin/../lib/gcc/arm-none-eabi/10.3.1/../../../../arm-none-eabi/lib/thumb/v7e-m+fp/hard/libc.a(lib_a-memset.o)
                0x000000000800a92c                memset
 .text.__malloc_lock
                0x000000000800a9d0        0xc /usr/bin/../lib/gcc/arm-none-eabi/10.3.1/../../../../arm-none-eabi/lib/thumb/v7e-m+fp/hard/libc.a(lib_a-mlock.o)
                0x000000000800a9d0                __malloc_lock
 .text.__malloc_unlock
                0x000000000800a9dc        0xc /usr/bin/../lib/gcc/arm-none-eabi/10.3.1/../../../../arm-none-eabi/lib/thumb/v7e-m+fp/hard/libc.a(lib_a-mlock.o)
                0x000000000800a9dc                __malloc_unlock
 .text._putc_r  0x000000000800a9e8       0x74 /usr/bin/../lib/gcc/arm-none-eabi/10.3.1/../../../../arm-none-eabi/lib/thumb/v7e-m+fp/hard/libc.a(lib_a-putc.o)
                0x000000000800a9e8                _putc_r
 .text.realloc  0x000000000800aa5c       0x18 /usr/bin/../lib/gcc/arm-none-eabi/10.3.1/../../../../arm-none-eabi/lib/thumb/v7e-m+fp/hard/libc.a(lib_a-realloc.o)
                0x000000000800aa5c                realloc
 .text._realloc_r
                0x000000000800aa74      0x3d8 /usr/bin/../lib/gcc/arm-none-eabi/10.3.1/../../../../arm-none-eabi/lib/thumb/v7e-m+fp/hard/libc.a(lib_a-reallocr.o)
                0x000000000800aa74                _realloc_r
 .text._sbrk_r  0x000000000800ae4c       0x24 /usr/bin/../lib/gcc/arm-none-eabi/10.3.1/../../../../arm-none-eabi/lib/thumb/v7e-m+fp/hard/libc.a(lib_a-sbrkr.o)
                0x000000000800ae4c                _sbrk_r
 .text.raise    0x000000000800ae70       0x5c /usr/bin/../lib/gcc/arm-none-eabi/10.3.1/../../../../arm-none-eabi/lib/thumb/v7e-m+fp/hard/libc.a(lib_a-signal.o)
                0x000000000800ae70                raise
 .text._kill_r  0x000000000800aecc       0x2c /usr/bin/../lib/gcc/arm-none-eabi/10.3.1/../../../../arm-none-eabi/lib/thumb/v7e-m+fp/hard/libc.a(lib_a-signalr.o)
                0x000000000800aecc                _kill_r
 .text._getpid_r
                0x000000000800aef8        0x4 /usr/bin/../lib/gcc/arm-none-eabi/10.3.1/../../../../arm-none-eabi/lib/thumb/v7e-m+fp/hard/libc.a(lib_a-signalr.o)
                0x000000000800aef8                _getpid_r
 .text.sprintf  0x000000000800aefc       0x40 /usr/bin/../lib/gcc/arm-none-eabi/10.3.1/../../../../arm-none-eabi/lib/thumb/v7e-m+fp/hard/libc.a(lib_a-sprintf.o)
                0x000000000800aefc                sprintf
 .text.strncmp  0x000000000800af3c       0x80 /usr/bin/../lib/gcc/arm-none-eabi/10.3.1/../../../../arm-none-eabi/lib/thumb/v7e-m+fp/hard/libc.a(lib_a-strncmp.o)
                0x000000000800af3c                strncmp
 *fill*         0x000000000800afbc        0x4 
 .text._svfprintf_r
                0x000000000800afc0     0x1acc /usr/bin/../lib/gcc/arm-none-eabi/10.3.1/../../../../arm-none-eabi/lib/thumb/v7e-m+fp/hard/libc.a(lib_a-svfprintf.o)
                0x000000000800afc0                _svfprintf_r
 .text.__swbuf_r
                0x000000000800ca8c       0xb0 /usr/bin/../lib/gcc/arm-none-eabi/10.3.1/../../../../arm-none-eabi/lib/thumb/v7e-m+fp/hard/libc.a(lib_a-wbuf.o)
                0x000000000800ca8c                __swbuf_r
 .text._write_r
                0x000000000800cb3c       0x2c /usr/bin/../lib/gcc/arm-none-eabi/10.3.1/../../../../arm-none-eabi/lib/thumb/v7e-m+fp/hard/libc.a(lib_a-writer.o)
                0x000000000800cb3c                _write_r
 .text.__swsetup_r
                0x000000000800cb68       0xd4 /usr/bin/../lib/gcc/arm-none-eabi/10.3.1/../../../../arm-none-eabi/lib/thumb/v7e-m+fp/hard/libc.a(lib_a-wsetup.o)
                0x000000000800cb68                __swsetup_r
 .text.__register_exitproc
                0x000000000800cc3c       0x8c /usr/bin/../lib/gcc/arm-none-eabi/10.3.1/../../../../arm-none-eabi/lib/thumb/v7e-m+fp/hard/libc.a(lib_a-__atexit.o)
                0x000000000800cc3c                __register_exitproc
 .text.startup.register_fini
                0x000000000800ccc8       0x14 /usr/bin/../lib/gcc/arm-none-eabi/10.3.1/../../../../arm-none-eabi/lib/thumb/v7e-m+fp/hard/libc.a(lib_a-__call_atexit.o)
 .text.atexit   0x000000000800ccdc        0xc /usr/bin/../lib/gcc/arm-none-eabi/10.3.1/../../../../arm-none-eabi/lib/thumb/v7e-m+fp/hard/libc.a(lib_a-atexit.o)
                0x000000000800ccdc                atexit
 .text.quorem   0x000000000800cce8      0x128 /usr/bin/../lib/gcc/arm-none-eabi/10.3.1/../../../../arm-none-eabi/lib/thumb/v7e-m+fp/hard/libc.a(lib_a-dtoa.o)
 .text._dtoa_r  0x000000000800ce10      0xf3c /usr/bin/../lib/gcc/arm-none-eabi/10.3.1/../../../../arm-none-eabi/lib/thumb/v7e-m+fp/hard/libc.a(lib_a-dtoa.o)
                0x000000000800ce10                _dtoa_r
 .text.__sflush_r
                0x000000000800dd4c      0x130 /usr/bin/../lib/gcc/arm-none-eabi/10.3.1/../../../../arm-none-eabi/lib/thumb/v7e-m+fp/hard/libc.a(lib_a-fflush.o)
                0x000000000800dd4c                __sflush_r
 .text._fflush_r
                0x000000000800de7c       0x5c /usr/bin/../lib/gcc/arm-none-eabi/10.3.1/../../../../arm-none-eabi/lib/thumb/v7e-m+fp/hard/libc.a(lib_a-fflush.o)
                0x000000000800de7c                _fflush_r
 .text._cleanup_r
                0x000000000800ded8        0xc /usr/bin/../lib/gcc/arm-none-eabi/10.3.1/../../../../arm-none-eabi/lib/thumb/v7e-m+fp/hard/libc.a(lib_a-findfp.o)
                0x000000000800ded8                _cleanup_r
 .text.__sinit  0x000000000800dee4      0x10c /usr/bin/../lib/gcc/arm-none-eabi/10.3.1/../../../../arm-none-eabi/lib/thumb/v7e-m+fp/hard/libc.a(lib_a-findfp.o)
                0x000000000800dee4                __sinit
 .text.__sfp_lock_acquire
                0x000000000800dff0        0xc /usr/bin/../lib/gcc/arm-none-eabi/10.3.1/../../../../arm-none-eabi/lib/thumb/v7e-m+fp/hard/libc.a(lib_a-findfp.o)
                0x000000000800dff0                __sfp_lock_acquire
 .text.__sfp_lock_release
                0x000000000800dffc        0xc /usr/bin/../lib/gcc/arm-none-eabi/10.3.1/../../../../arm-none-eabi/lib/thumb/v7e-m+fp/hard/libc.a(lib_a-findfp.o)
                0x000000000800dffc                __sfp_lock_release
 .text.__libc_fini_array
                0x000000000800e008       0x2c /usr/bin/../lib/gcc/arm-none-eabi/10.3.1/../../../../arm-none-eabi/lib/thumb/v7e-m+fp/hard/libc.a(lib_a-fini.o)
                0x000000000800e008                __libc_fini_array
 .text._malloc_trim_r
                0x000000000800e034       0xa0 /usr/bin/../lib/gcc/arm-none-eabi/10.3.1/../../../../arm-none-eabi/lib/thumb/v7e-m+fp/hard/libc.a(lib_a-freer.o)
                0x000000000800e034                _malloc_trim_r
 .text._free_r  0x000000000800e0d4      0x20c /usr/bin/../lib/gcc/arm-none-eabi/10.3.1/../../../../arm-none-eabi/lib/thumb/v7e-m+fp/hard/libc.a(lib_a-freer.o)
                0x000000000800e0d4                _free_r
 .text._fwalk_reent
                0x000000000800e2e0       0x48 /usr/bin/../lib/gcc/arm-none-eabi/10.3.1/../../../../arm-none-eabi/lib/thumb/v7e-m+fp/hard/libc.a(lib_a-fwalk.o)
                0x000000000800e2e0                _fwalk_reent
 .text._localeconv_r
                0x000000000800e328        0x8 /usr/bin/../lib/gcc/arm-none-eabi/10.3.1/../../../../arm-none-eabi/lib/thumb/v7e-m+fp/hard/libc.a(lib_a-localeconv.o)
                0x000000000800e328                _localeconv_r
 .text.__smakebuf_r
                0x000000000800e330       0xe0 /usr/bin/../lib/gcc/arm-none-eabi/10.3.1/../../../../arm-none-eabi/lib/thumb/v7e-m+fp/hard/libc.a(lib_a-makebuf.o)
                0x000000000800e330                __smakebuf_r
 .text._Balloc  0x000000000800e410       0x4c /usr/bin/../lib/gcc/arm-none-eabi/10.3.1/../../../../arm-none-eabi/lib/thumb/v7e-m+fp/hard/libc.a(lib_a-mprec.o)
                0x000000000800e410                _Balloc
 .text._Bfree   0x000000000800e45c       0x14 /usr/bin/../lib/gcc/arm-none-eabi/10.3.1/../../../../arm-none-eabi/lib/thumb/v7e-m+fp/hard/libc.a(lib_a-mprec.o)
                0x000000000800e45c                _Bfree
 .text.__multadd
                0x000000000800e470       0xa8 /usr/bin/../lib/gcc/arm-none-eabi/10.3.1/../../../../arm-none-eabi/lib/thumb/v7e-m+fp/hard/libc.a(lib_a-mprec.o)
                0x000000000800e470                __multadd
 .text.__hi0bits
                0x000000000800e518       0x40 /usr/bin/../lib/gcc/arm-none-eabi/10.3.1/../../../../arm-none-eabi/lib/thumb/v7e-m+fp/hard/libc.a(lib_a-mprec.o)
                0x000000000800e518                __hi0bits
 .text.__lo0bits
                0x000000000800e558       0x60 /usr/bin/../lib/gcc/arm-none-eabi/10.3.1/../../../../arm-none-eabi/lib/thumb/v7e-m+fp/hard/libc.a(lib_a-mprec.o)
                0x000000000800e558                __lo0bits
 .text.__i2b    0x000000000800e5b8       0x5c /usr/bin/../lib/gcc/arm-none-eabi/10.3.1/../../../../arm-none-eabi/lib/thumb/v7e-m+fp/hard/libc.a(lib_a-mprec.o)
                0x000000000800e5b8                __i2b
 .text.__multiply
                0x000000000800e614      0x15c /usr/bin/../lib/gcc/arm-none-eabi/10.3.1/../../../../arm-none-eabi/lib/thumb/v7e-m+fp/hard/libc.a(lib_a-mprec.o)
                0x000000000800e614                __multiply
 .text.__pow5mult
                0x000000000800e770       0xc0 /usr/bin/../lib/gcc/arm-none-eabi/10.3.1/../../../../arm-none-eabi/lib/thumb/v7e-m+fp/hard/libc.a(lib_a-mprec.o)
                0x000000000800e770                __pow5mult
 .text.__lshift
                0x000000000800e830       0xf0 /usr/bin/../lib/gcc/arm-none-eabi/10.3.1/../../../../arm-none-eabi/lib/thumb/v7e-m+fp/hard/libc.a(lib_a-mprec.o)
                0x000000000800e830                __lshift
 .text.__mcmp   0x000000000800e920       0x44 /usr/bin/../lib/gcc/arm-none-eabi/10.3.1/../../../../arm-none-eabi/lib/thumb/v7e-m+fp/hard/libc.a(lib_a-mprec.o)
                0x000000000800e920                __mcmp
 .text.__mdiff  0x000000000800e964      0x14c /usr/bin/../lib/gcc/arm-none-eabi/10.3.1/../../../../arm-none-eabi/lib/thumb/v7e-m+fp/hard/libc.a(lib_a-mprec.o)
                0x000000000800e964                __mdiff
 .text.__d2b    0x000000000800eab0       0xd0 /usr/bin/../lib/gcc/arm-none-eabi/10.3.1/../../../../arm-none-eabi/lib/thumb/v7e-m+fp/hard/libc.a(lib_a-mprec.o)
                0x000000000800eab0                __d2b
 .text.frexp    0x000000000800eb80       0x6c /usr/bin/../lib/gcc/arm-none-eabi/10.3.1/../../../../arm-none-eabi/lib/thumb/v7e-m+fp/hard/libc.a(lib_a-s_frexp.o)
                0x000000000800eb80                frexp
 .text.__sread  0x000000000800ebec       0x24 /usr/bin/../lib/gcc/arm-none-eabi/10.3.1/../../../../arm-none-eabi/lib/thumb/v7e-m+fp/hard/libc.a(lib_a-stdio.o)
                0x000000000800ebec                __sread
 .text.__swrite
                0x000000000800ec10       0x40 /usr/bin/../lib/gcc/arm-none-eabi/10.3.1/../../../../arm-none-eabi/lib/thumb/v7e-m+fp/hard/libc.a(lib_a-stdio.o)
                0x000000000800ec10                __swrite
 .text.__sseek  0x000000000800ec50       0x20 /usr/bin/../lib/gcc/arm-none-eabi/10.3.1/../../../../arm-none-eabi/lib/thumb/v7e-m+fp/hard/libc.a(lib_a-stdio.o)
                0x000000000800ec50                __sseek
 .text.__sclose
                0x000000000800ec70        0x8 /usr/bin/../lib/gcc/arm-none-eabi/10.3.1/../../../../arm-none-eabi/lib/thumb/v7e-m+fp/hard/libc.a(lib_a-stdio.o)
                0x000000000800ec70                __sclose
 .text.strncpy  0x000000000800ec78       0x64 /usr/bin/../lib/gcc/arm-none-eabi/10.3.1/../../../../arm-none-eabi/lib/thumb/v7e-m+fp/hard/libc.a(lib_a-strncpy.o)
                0x000000000800ec78                strncpy
 .text.__ssprint_r
                0x000000000800ecdc       0xf8 /usr/bin/../lib/gcc/arm-none-eabi/10.3.1/../../../../arm-none-eabi/lib/thumb/v7e-m+fp/hard/libc.a(lib_a-svfiprintf.o)
                0x000000000800ecdc                __ssprint_r
 .text.__assert_func
                0x000000000800edd4       0x40 /usr/bin/../lib/gcc/arm-none-eabi/10.3.1/../../../../arm-none-eabi/lib/thumb/v7e-m+fp/hard/libc.a(lib_a-assert.o)
                0x000000000800edd4                __assert_func
 .text._calloc_r
                0x000000000800ee14       0x78 /usr/bin/../lib/gcc/arm-none-eabi/10.3.1/../../../../arm-none-eabi/lib/thumb/v7e-m+fp/hard/libc.a(lib_a-callocr.o)
                0x000000000800ee14                _calloc_r
 .text._close_r
                0x000000000800ee8c       0x24 /usr/bin/../lib/gcc/arm-none-eabi/10.3.1/../../../../arm-none-eabi/lib/thumb/v7e-m+fp/hard/libc.a(lib_a-closer.o)
                0x000000000800ee8c                _close_r
 .text._fclose_r
                0x000000000800eeb0       0xcc /usr/bin/../lib/gcc/arm-none-eabi/10.3.1/../../../../arm-none-eabi/lib/thumb/v7e-m+fp/hard/libc.a(lib_a-fclose.o)
                0x000000000800eeb0                _fclose_r
 .text.fiprintf
                0x000000000800ef7c       0x28 /usr/bin/../lib/gcc/arm-none-eabi/10.3.1/../../../../arm-none-eabi/lib/thumb/v7e-m+fp/hard/libc.a(lib_a-fiprintf.o)
                0x000000000800ef7c                fiprintf
 .text._fstat_r
                0x000000000800efa4       0x2c /usr/bin/../lib/gcc/arm-none-eabi/10.3.1/../../../../arm-none-eabi/lib/thumb/v7e-m+fp/hard/libc.a(lib_a-fstatr.o)
                0x000000000800efa4                _fstat_r
 .text._isatty_r
                0x000000000800efd0       0x24 /usr/bin/../lib/gcc/arm-none-eabi/10.3.1/../../../../arm-none-eabi/lib/thumb/v7e-m+fp/hard/libc.a(lib_a-isattyr.o)
                0x000000000800efd0                _isatty_r
 .text.__locale_mb_cur_max
                0x000000000800eff4        0xc /usr/bin/../lib/gcc/arm-none-eabi/10.3.1/../../../../arm-none-eabi/lib/thumb/v7e-m+fp/hard/libc.a(lib_a-locale.o)
                0x000000000800eff4                __locale_mb_cur_max
 .text._lseek_r
                0x000000000800f000       0x2c /usr/bin/../lib/gcc/arm-none-eabi/10.3.1/../../../../arm-none-eabi/lib/thumb/v7e-m+fp/hard/libc.a(lib_a-lseekr.o)
                0x000000000800f000                _lseek_r
 .text.__ascii_mbtowc
                0x000000000800f02c       0x2c /usr/bin/../lib/gcc/arm-none-eabi/10.3.1/../../../../arm-none-eabi/lib/thumb/v7e-m+fp/hard/libc.a(lib_a-mbtowc_r.o)
                0x000000000800f02c                __ascii_mbtowc
 .text._read_r  0x000000000800f058       0x2c /usr/bin/../lib/gcc/arm-none-eabi/10.3.1/../../../../arm-none-eabi/lib/thumb/v7e-m+fp/hard/libc.a(lib_a-readr.o)
                0x000000000800f058                _read_r
 .text.__sprint_r.part.0
                0x000000000800f084       0x78 /usr/bin/../lib/gcc/arm-none-eabi/10.3.1/../../../../arm-none-eabi/lib/thumb/v7e-m+fp/hard/libc.a(lib_a-vfiprintf.o)
 .text._vfiprintf_r
                0x000000000800f0fc      0xdfc /usr/bin/../lib/gcc/arm-none-eabi/10.3.1/../../../../arm-none-eabi/lib/thumb/v7e-m+fp/hard/libc.a(lib_a-vfiprintf.o)
                0x000000000800f0fc                _vfiprintf_r
 .text.__sbprintf
                0x000000000800fef8       0x80 /usr/bin/../lib/gcc/arm-none-eabi/10.3.1/../../../../arm-none-eabi/lib/thumb/v7e-m+fp/hard/libc.a(lib_a-vfiprintf.o)
 .text.__ascii_wctomb
                0x000000000800ff78       0x1c /usr/bin/../lib/gcc/arm-none-eabi/10.3.1/../../../../arm-none-eabi/lib/thumb/v7e-m+fp/hard/libc.a(lib_a-wctomb_r.o)
                0x000000000800ff78                __ascii_wctomb
 .text.__fputwc
                0x000000000800ff94       0xa8 /usr/bin/../lib/gcc/arm-none-eabi/10.3.1/../../../../arm-none-eabi/lib/thumb/v7e-m+fp/hard/libc.a(lib_a-fputwc.o)
                0x000000000800ff94                __fputwc
 .text._fputwc_r
                0x000000000801003c       0x68 /usr/bin/../lib/gcc/arm-none-eabi/10.3.1/../../../../arm-none-eabi/lib/thumb/v7e-m+fp/hard/libc.a(lib_a-fputwc.o)
                0x000000000801003c                _fputwc_r
 .text._wcrtomb_r
                0x00000000080100a4       0x3c /usr/bin/../lib/gcc/arm-none-eabi/10.3.1/../../../../arm-none-eabi/lib/thumb/v7e-m+fp/hard/libc.a(lib_a-wcrtomb.o)
                0x00000000080100a4                _wcrtomb_r
 .text.unlikely
                0x00000000080100e0        0xc /usr/bin/../lib/gcc/arm-none-eabi/10.3.1/thumb/v7e-m+fp/hard/libgcc.a(pr-support.o)
                0x00000000080100e0                _Unwind_GetDataRelBase
                0x00000000080100e6                _Unwind_GetTextRelBase
 *(.glue_7)
 .glue_7        0x00000000080100ec        0x0 linker stubs
 *(.glue_7t)
 .glue_7t       0x00000000080100ec        0x0 linker stubs
 *(.eh_frame)
 .eh_frame      0x00000000080100ec        0x0 /usr/bin/../lib/gcc/arm-none-eabi/10.3.1/thumb/v7e-m+fp/hard/crtbegin.o
 *(.init)
 .init          0x00000000080100ec        0x4 /usr/bin/../lib/gcc/arm-none-eabi/10.3.1/thumb/v7e-m+fp/hard/crti.o
                0x00000000080100ec                _init
 .init          0x00000000080100f0        0x8 /usr/bin/../lib/gcc/arm-none-eabi/10.3.1/thumb/v7e-m+fp/hard/crtn.o
 *(.fini)
 .fini          0x00000000080100f8        0x4 /usr/bin/../lib/gcc/arm-none-eabi/10.3.1/thumb/v7e-m+fp/hard/crti.o
                0x00000000080100f8                _fini
 .fini          0x00000000080100fc        0x8 /usr/bin/../lib/gcc/arm-none-eabi/10.3.1/thumb/v7e-m+fp/hard/crtn.o
                0x0000000008010104                . = ALIGN (0x4)
                0x0000000008010104                _etext = .

.vfp11_veneer   0x0000000008010104        0x0
 .vfp11_veneer  0x0000000008010104        0x0 linker stubs

.v4_bx          0x0000000008010104        0x0
 .v4_bx         0x0000000008010104        0x0 linker stubs

.iplt           0x0000000008010104        0x0
 .iplt          0x0000000008010104        0x0 /usr/bin/../lib/gcc/arm-none-eabi/10.3.1/thumb/v7e-m+fp/hard/crtbegin.o

.rodata         0x0000000008010108     0x167c
                0x0000000008010108                . = ALIGN (0x4)
 *(.rodata)
 .rodata        0x0000000008010108      0x7cc /usr/bin/../lib/gcc/arm-none-eabi/10.3.1/../../../../arm-none-eabi/lib/thumb/v7e-m+fp/hard/libstdc++.a(cp-demangle.o)
 *(.rodata*)
 .rodata._ZNKSt13bad_exception4whatEv.str1.4
                0x00000000080108d4       0x13 /usr/bin/../lib/gcc/arm-none-eabi/10.3.1/../../../../arm-none-eabi/lib/thumb/v7e-m+fp/hard/libstdc++.a(eh_exception.o)
 *fill*         0x00000000080108e7        0x1 
 .rodata._ZTIN10__cxxabiv115__forced_unwindE
                0x00000000080108e8        0x8 /usr/bin/../lib/gcc/arm-none-eabi/10.3.1/../../../../arm-none-eabi/lib/thumb/v7e-m+fp/hard/libstdc++.a(eh_exception.o)
                0x00000000080108e8                typeinfo for __cxxabiv1::__forced_unwind
 .rodata._ZTIN10__cxxabiv119__foreign_exceptionE
                0x00000000080108f0        0x8 /usr/bin/../lib/gcc/arm-none-eabi/10.3.1/../../../../arm-none-eabi/lib/thumb/v7e-m+fp/hard/libstdc++.a(eh_exception.o)
                0x00000000080108f0                typeinfo for __cxxabiv1::__foreign_exception
 .rodata._ZTISt13bad_exception
                0x00000000080108f8        0xc /usr/bin/../lib/gcc/arm-none-eabi/10.3.1/../../../../arm-none-eabi/lib/thumb/v7e-m+fp/hard/libstdc++.a(eh_exception.o)
                0x00000000080108f8                typeinfo for std::bad_exception
 .rodata._ZTISt9exception
                0x0000000008010904        0x8 /usr/bin/../lib/gcc/arm-none-eabi/10.3.1/../../../../arm-none-eabi/lib/thumb/v7e-m+fp/hard/libstdc++.a(eh_exception.o)
                0x0000000008010904                typeinfo for std::exception
 .rodata._ZTSN10__cxxabiv115__forced_unwindE
                0x000000000801090c       0x20 /usr/bin/../lib/gcc/arm-none-eabi/10.3.1/../../../../arm-none-eabi/lib/thumb/v7e-m+fp/hard/libstdc++.a(eh_exception.o)
                0x000000000801090c                typeinfo name for __cxxabiv1::__forced_unwind
 .rodata._ZTSN10__cxxabiv119__foreign_exceptionE
                0x000000000801092c       0x24 /usr/bin/../lib/gcc/arm-none-eabi/10.3.1/../../../../arm-none-eabi/lib/thumb/v7e-m+fp/hard/libstdc++.a(eh_exception.o)
                0x000000000801092c                typeinfo name for __cxxabiv1::__foreign_exception
 .rodata._ZTSSt13bad_exception
                0x0000000008010950       0x12 /usr/bin/../lib/gcc/arm-none-eabi/10.3.1/../../../../arm-none-eabi/lib/thumb/v7e-m+fp/hard/libstdc++.a(eh_exception.o)
                0x0000000008010950                typeinfo name for std::bad_exception
 *fill*         0x0000000008010962        0x2 
 .rodata._ZTSSt9exception
                0x0000000008010964        0xd /usr/bin/../lib/gcc/arm-none-eabi/10.3.1/../../../../arm-none-eabi/lib/thumb/v7e-m+fp/hard/libstdc++.a(eh_exception.o)
                0x0000000008010964                typeinfo name for std::exception
 *fill*         0x0000000008010971        0x3 
 .rodata._ZTVSt13bad_exception
                0x0000000008010974       0x14 /usr/bin/../lib/gcc/arm-none-eabi/10.3.1/../../../../arm-none-eabi/lib/thumb/v7e-m+fp/hard/libstdc++.a(eh_exception.o)
                0x0000000008010974                vtable for std::bad_exception
 .rodata._ZTIN10__cxxabiv120__si_class_type_infoE
                0x0000000008010988        0xc /usr/bin/../lib/gcc/arm-none-eabi/10.3.1/../../../../arm-none-eabi/lib/thumb/v7e-m+fp/hard/libstdc++.a(si_class_type_info.o)
                0x0000000008010988                typeinfo for __cxxabiv1::__si_class_type_info
 .rodata._ZTSN10__cxxabiv120__si_class_type_infoE
                0x0000000008010994       0x25 /usr/bin/../lib/gcc/arm-none-eabi/10.3.1/../../../../arm-none-eabi/lib/thumb/v7e-m+fp/hard/libstdc++.a(si_class_type_info.o)
                0x0000000008010994                typeinfo name for __cxxabiv1::__si_class_type_info
 *fill*         0x00000000080109b9        0x3 
 .rodata._ZTVN10__cxxabiv120__si_class_type_infoE
                0x00000000080109bc       0x2c /usr/bin/../lib/gcc/arm-none-eabi/10.3.1/../../../../arm-none-eabi/lib/thumb/v7e-m+fp/hard/libstdc++.a(si_class_type_info.o)
                0x00000000080109bc                vtable for __cxxabiv1::__si_class_type_info
 .rodata._ZTISt9type_info
                0x00000000080109e8        0x8 /usr/bin/../lib/gcc/arm-none-eabi/10.3.1/../../../../arm-none-eabi/lib/thumb/v7e-m+fp/hard/libstdc++.a(tinfo.o)
                0x00000000080109e8                typeinfo for std::type_info
 .rodata._ZTSSt9type_info
                0x00000000080109f0        0xd /usr/bin/../lib/gcc/arm-none-eabi/10.3.1/../../../../arm-none-eabi/lib/thumb/v7e-m+fp/hard/libstdc++.a(tinfo.o)
                0x00000000080109f0                typeinfo name for std::type_info
 *fill*         0x00000000080109fd        0x3 
 .rodata._ZN9__gnu_cxx27__verbose_terminate_handlerEv.str1.4
                0x0000000008010a00       0x94 /usr/bin/../lib/gcc/arm-none-eabi/10.3.1/../../../../arm-none-eabi/lib/thumb/v7e-m+fp/hard/libstdc++.a(vterminate.o)
 .rodata._ZTIN10__cxxabiv117__class_type_infoE
                0x0000000008010a94        0xc /usr/bin/../lib/gcc/arm-none-eabi/10.3.1/../../../../arm-none-eabi/lib/thumb/v7e-m+fp/hard/libstdc++.a(class_type_info.o)
                0x0000000008010a94                typeinfo for __cxxabiv1::__class_type_info
 .rodata._ZTSN10__cxxabiv117__class_type_infoE
                0x0000000008010aa0       0x22 /usr/bin/../lib/gcc/arm-none-eabi/10.3.1/../../../../arm-none-eabi/lib/thumb/v7e-m+fp/hard/libstdc++.a(class_type_info.o)
                0x0000000008010aa0                typeinfo name for __cxxabiv1::__class_type_info
 *fill*         0x0000000008010ac2        0x2 
 .rodata._ZTVN10__cxxabiv117__class_type_infoE
                0x0000000008010ac4       0x2c /usr/bin/../lib/gcc/arm-none-eabi/10.3.1/../../../../arm-none-eabi/lib/thumb/v7e-m+fp/hard/libstdc++.a(class_type_info.o)
                0x0000000008010ac4                vtable for __cxxabiv1::__class_type_info
 .rodata.str1.4
                0x0000000008010af0      0x899 /usr/bin/../lib/gcc/arm-none-eabi/10.3.1/../../../../arm-none-eabi/lib/thumb/v7e-m+fp/hard/libstdc++.a(cp-demangle.o)
                                        0x8e9 (size before relaxing)
 *fill*         0x0000000008011389        0x3 
 .rodata._global_impure_ptr
                0x000000000801138c        0x4 /usr/bin/../lib/gcc/arm-none-eabi/10.3.1/../../../../arm-none-eabi/lib/thumb/v7e-m+fp/hard/libc.a(lib_a-impure.o)
                0x000000000801138c                _global_impure_ptr
 .rodata._svfprintf_r.str1.4
                0x0000000008011390       0x42 /usr/bin/../lib/gcc/arm-none-eabi/10.3.1/../../../../arm-none-eabi/lib/thumb/v7e-m+fp/hard/libc.a(lib_a-svfprintf.o)
 *fill*         0x00000000080113d2        0x2 
 .rodata.blanks.1
                0x00000000080113d4       0x10 /usr/bin/../lib/gcc/arm-none-eabi/10.3.1/../../../../arm-none-eabi/lib/thumb/v7e-m+fp/hard/libc.a(lib_a-svfprintf.o)
 .rodata.zeroes.0
                0x00000000080113e4       0x10 /usr/bin/../lib/gcc/arm-none-eabi/10.3.1/../../../../arm-none-eabi/lib/thumb/v7e-m+fp/hard/libc.a(lib_a-svfprintf.o)
 .rodata._dtoa_r.str1.4
                0x00000000080113f4       0xa2 /usr/bin/../lib/gcc/arm-none-eabi/10.3.1/../../../../arm-none-eabi/lib/thumb/v7e-m+fp/hard/libc.a(lib_a-dtoa.o)
                                         0xa6 (size before relaxing)
 *fill*         0x0000000008011496        0x2 
 .rodata.__multadd.str1.4
                0x0000000008011498       0x7f /usr/bin/../lib/gcc/arm-none-eabi/10.3.1/../../../../arm-none-eabi/lib/thumb/v7e-m+fp/hard/libc.a(lib_a-mprec.o)
                                         0x93 (size before relaxing)
 *fill*         0x0000000008011517        0x1 
 .rodata.__mprec_bigtens
                0x0000000008011518       0x28 /usr/bin/../lib/gcc/arm-none-eabi/10.3.1/../../../../arm-none-eabi/lib/thumb/v7e-m+fp/hard/libc.a(lib_a-mprec.o)
                0x0000000008011518                __mprec_bigtens
 .rodata.__mprec_tens
                0x0000000008011540       0xc8 /usr/bin/../lib/gcc/arm-none-eabi/10.3.1/../../../../arm-none-eabi/lib/thumb/v7e-m+fp/hard/libc.a(lib_a-mprec.o)
                0x0000000008011540                __mprec_tens
 .rodata.p05.0  0x0000000008011608        0xc /usr/bin/../lib/gcc/arm-none-eabi/10.3.1/../../../../arm-none-eabi/lib/thumb/v7e-m+fp/hard/libc.a(lib_a-mprec.o)
 .rodata.__assert_func.str1.4
                0x0000000008011614       0x3f /usr/bin/../lib/gcc/arm-none-eabi/10.3.1/../../../../arm-none-eabi/lib/thumb/v7e-m+fp/hard/libc.a(lib_a-assert.o)
                                         0x43 (size before relaxing)
 *fill*         0x0000000008011653        0x1 
 .rodata._setlocale_r.str1.4
                0x0000000008011654        0xa /usr/bin/../lib/gcc/arm-none-eabi/10.3.1/../../../../arm-none-eabi/lib/thumb/v7e-m+fp/hard/libc.a(lib_a-locale.o)
                                          0xd (size before relaxing)
 .rodata.str1.4
                0x000000000801165e        0x2 /usr/bin/../lib/gcc/arm-none-eabi/10.3.1/../../../../arm-none-eabi/lib/thumb/v7e-m+fp/hard/libc.a(lib_a-locale.o)
 .rodata._vfiprintf_r.str1.4
                0x000000000801165e       0x2f /usr/bin/../lib/gcc/arm-none-eabi/10.3.1/../../../../arm-none-eabi/lib/thumb/v7e-m+fp/hard/libc.a(lib_a-vfiprintf.o)
 *fill*         0x000000000801165e        0x2 
 .rodata.blanks.1
                0x0000000008011660       0x10 /usr/bin/../lib/gcc/arm-none-eabi/10.3.1/../../../../arm-none-eabi/lib/thumb/v7e-m+fp/hard/libc.a(lib_a-vfiprintf.o)
 .rodata.zeroes.0
                0x0000000008011670       0x10 /usr/bin/../lib/gcc/arm-none-eabi/10.3.1/../../../../arm-none-eabi/lib/thumb/v7e-m+fp/hard/libc.a(lib_a-vfiprintf.o)
 .rodata._ctype_
                0x0000000008011680      0x101 /usr/bin/../lib/gcc/arm-none-eabi/10.3.1/../../../../arm-none-eabi/lib/thumb/v7e-m+fp/hard/libc.a(lib_a-ctype_.o)
                0x0000000008011680                _ctype_
                0x0000000008011784                . = ALIGN (0x4)
 *fill*         0x0000000008011781        0x3 

.ARM.extab      0x0000000008011784      0x110
                0x0000000008011784                . = ALIGN (0x4)
 *(.ARM.extab* .gnu.linkonce.armextab.*)
 .ARM.extab.text._ZN5ioPin15settingsManagerI8gpioPortEEbRKT_
                0x0000000008011784        0x0 CMakeFiles/mainProject.dir/home/inumaki/Development/stm32WorkSpace/mainProject/Core/Drivers/GPIO/ioPin.cpp.obj
 .ARM.extab.text._ZN5ioPin7managerI8gpioPortEEbRKT_RKb
                0x0000000008011784        0x0 CMakeFiles/mainProject.dir/home/inumaki/Development/stm32WorkSpace/mainProject/Core/Drivers/GPIO/ioPin.cpp.obj
 .ARM.extab.text._ZN5ioPin15settingsManagerI7gpioPinEEbRKT_
                0x0000000008011784        0x0 CMakeFiles/mainProject.dir/home/inumaki/Development/stm32WorkSpace/mainProject/Core/Drivers/GPIO/ioPin.cpp.obj
 .ARM.extab.text._ZN5ioPin7managerI7gpioPinEEbRKT_RKb
                0x0000000008011784        0x0 CMakeFiles/mainProject.dir/home/inumaki/Development/stm32WorkSpace/mainProject/Core/Drivers/GPIO/ioPin.cpp.obj
 .ARM.extab.text._ZN5ioPin15settingsManagerI8gpioModeEEbRKT_
                0x0000000008011784        0x0 CMakeFiles/mainProject.dir/home/inumaki/Development/stm32WorkSpace/mainProject/Core/Drivers/GPIO/ioPin.cpp.obj
 .ARM.extab.text._ZN5ioPin7managerI8gpioModeEEbRKT_RKb
                0x0000000008011784        0x0 CMakeFiles/mainProject.dir/home/inumaki/Development/stm32WorkSpace/mainProject/Core/Drivers/GPIO/ioPin.cpp.obj
 .ARM.extab.text._ZN5ioPin15settingsManagerI8gpioPUPDEEbRKT_
                0x0000000008011784        0x0 CMakeFiles/mainProject.dir/home/inumaki/Development/stm32WorkSpace/mainProject/Core/Drivers/GPIO/ioPin.cpp.obj
 .ARM.extab.text._ZN5ioPin7managerI8gpioPUPDEEbRKT_RKb
                0x0000000008011784        0x0 CMakeFiles/mainProject.dir/home/inumaki/Development/stm32WorkSpace/mainProject/Core/Drivers/GPIO/ioPin.cpp.obj
 .ARM.extab.text._ZN5ioPin15settingsManagerI14gpioOutputTypeEEbRKT_
                0x0000000008011784        0x0 CMakeFiles/mainProject.dir/home/inumaki/Development/stm32WorkSpace/mainProject/Core/Drivers/GPIO/ioPin.cpp.obj
 .ARM.extab.text._ZN5ioPin7managerI14gpioOutputTypeEEbRKT_RKb
                0x0000000008011784        0x0 CMakeFiles/mainProject.dir/home/inumaki/Development/stm32WorkSpace/mainProject/Core/Drivers/GPIO/ioPin.cpp.obj
 .ARM.extab.text._ZN5ioPin15settingsManagerI15gpioOutputSpeedEEbRKT_
                0x0000000008011784        0x0 CMakeFiles/mainProject.dir/home/inumaki/Development/stm32WorkSpace/mainProject/Core/Drivers/GPIO/ioPin.cpp.obj
 .ARM.extab.text._ZN5ioPin7managerI15gpioOutputSpeedEEbRKT_RKb
                0x0000000008011784        0x0 CMakeFiles/mainProject.dir/home/inumaki/Development/stm32WorkSpace/mainProject/Core/Drivers/GPIO/ioPin.cpp.obj
 .ARM.extab.text._ZN5ioPin15settingsManagerI9gpioStateEEbRKT_
                0x0000000008011784        0x0 CMakeFiles/mainProject.dir/home/inumaki/Development/stm32WorkSpace/mainProject/Core/Drivers/GPIO/ioPin.cpp.obj
 .ARM.extab.text._ZN5ioPin7managerI9gpioStateEEbRKT_RKb
                0x0000000008011784        0x0 CMakeFiles/mainProject.dir/home/inumaki/Development/stm32WorkSpace/mainProject/Core/Drivers/GPIO/ioPin.cpp.obj
 .ARM.extab.text._ZN5ioPinC2IJ8gpioMode9gpioState8gpioPort7gpioPinEEEDpRKT_
                0x0000000008011784       0x18 CMakeFiles/mainProject.dir/home/inumaki/Development/stm32WorkSpace/mainProject/Core/Src/main.cpp.obj
 .ARM.extab.text._kill
                0x000000000801179c        0xc CMakeFiles/mainProject.dir/home/inumaki/Development/stm32WorkSpace/mainProject/Core/Src/syscalls.c.obj
 .ARM.extab.text._ZL21base_of_encoded_valuehP15_Unwind_Context
                0x00000000080117a8        0xc /usr/bin/../lib/gcc/arm-none-eabi/10.3.1/../../../../arm-none-eabi/lib/thumb/v7e-m+fp/hard/libstdc++.a(eh_personality.o)
 .ARM.extab.text.__gxx_personality_v0
                0x00000000080117b4       0x24 /usr/bin/../lib/gcc/arm-none-eabi/10.3.1/../../../../arm-none-eabi/lib/thumb/v7e-m+fp/hard/libstdc++.a(eh_personality.o)
 .ARM.extab.text._ZN10__cxxabiv111__terminateEPFvvE
                0x00000000080117d8       0x28 /usr/bin/../lib/gcc/arm-none-eabi/10.3.1/../../../../arm-none-eabi/lib/thumb/v7e-m+fp/hard/libstdc++.a(eh_terminate.o)
 .ARM.extab.text._ZN10__cxxabiv112__unexpectedEPFvvE
                0x0000000008011800        0xc /usr/bin/../lib/gcc/arm-none-eabi/10.3.1/../../../../arm-none-eabi/lib/thumb/v7e-m+fp/hard/libstdc++.a(eh_terminate.o)
 .ARM.extab.text._ZSt10unexpectedv
                0x000000000801180c        0xc /usr/bin/../lib/gcc/arm-none-eabi/10.3.1/../../../../arm-none-eabi/lib/thumb/v7e-m+fp/hard/libstdc++.a(eh_terminate.o)
 .ARM.extab.text._ZN9__gnu_cxx27__verbose_terminate_handlerEv
                0x0000000008011818       0x34 /usr/bin/../lib/gcc/arm-none-eabi/10.3.1/../../../../arm-none-eabi/lib/thumb/v7e-m+fp/hard/libstdc++.a(vterminate.o)
 .ARM.extab.text.unlikely.__cxa_call_unexpected
                0x000000000801184c       0x24 /usr/bin/../lib/gcc/arm-none-eabi/10.3.1/../../../../arm-none-eabi/lib/thumb/v7e-m+fp/hard/libstdc++.a(eh_call.o)
 .ARM.extab.text.__cxa_begin_catch
                0x0000000008011870        0xc /usr/bin/../lib/gcc/arm-none-eabi/10.3.1/../../../../arm-none-eabi/lib/thumb/v7e-m+fp/hard/libstdc++.a(eh_catch.o)
 .ARM.extab     0x000000000801187c       0x18 /usr/bin/../lib/gcc/arm-none-eabi/10.3.1/thumb/v7e-m+fp/hard/libgcc.a(pr-support.o)
                0x0000000008011894                . = ALIGN (0x4)

.ARM            0x0000000008011894      0x1d8
                0x0000000008011894                . = ALIGN (0x4)
                0x0000000008011894                __exidx_start = .
 *(.ARM.exidx*)
 .ARM.exidx     0x0000000008011894       0x18 CMakeFiles/mainProject.dir/home/inumaki/Development/stm32WorkSpace/mainProject/Core/Drivers/GPIO/afPin.cpp.obj
                                         0x30 (size before relaxing)
 .ARM.exidx     0x00000000080118ac        0x0 CMakeFiles/mainProject.dir/home/inumaki/Development/stm32WorkSpace/mainProject/Core/Drivers/GPIO/ioPin.cpp.obj
                                        0x148 (size before relaxing)
 .ARM.exidx.text._ZN5ioPin15settingsManagerI8gpioPortEEbRKT_
                0x000000000801196c        0x0 CMakeFiles/mainProject.dir/home/inumaki/Development/stm32WorkSpace/mainProject/Core/Drivers/GPIO/ioPin.cpp.obj
                                          0x8 (size before relaxing)
 .ARM.exidx.text._ZN5ioPin7managerI8gpioPortEEbRKT_RKb
                0x000000000801196c        0x0 CMakeFiles/mainProject.dir/home/inumaki/Development/stm32WorkSpace/mainProject/Core/Drivers/GPIO/ioPin.cpp.obj
                                          0x8 (size before relaxing)
 .ARM.exidx.text._ZN5ioPin15settingsManagerI7gpioPinEEbRKT_
                0x000000000801196c        0x0 CMakeFiles/mainProject.dir/home/inumaki/Development/stm32WorkSpace/mainProject/Core/Drivers/GPIO/ioPin.cpp.obj
                                          0x8 (size before relaxing)
 .ARM.exidx.text._ZN5ioPin7managerI7gpioPinEEbRKT_RKb
                0x000000000801196c        0x0 CMakeFiles/mainProject.dir/home/inumaki/Development/stm32WorkSpace/mainProject/Core/Drivers/GPIO/ioPin.cpp.obj
                                          0x8 (size before relaxing)
 .ARM.exidx.text._ZN5ioPin15settingsManagerI8gpioModeEEbRKT_
                0x000000000801196c        0x0 CMakeFiles/mainProject.dir/home/inumaki/Development/stm32WorkSpace/mainProject/Core/Drivers/GPIO/ioPin.cpp.obj
                                          0x8 (size before relaxing)
 .ARM.exidx.text._ZN5ioPin7managerI8gpioModeEEbRKT_RKb
                0x000000000801196c        0x0 CMakeFiles/mainProject.dir/home/inumaki/Development/stm32WorkSpace/mainProject/Core/Drivers/GPIO/ioPin.cpp.obj
                                          0x8 (size before relaxing)
 .ARM.exidx.text._ZN5ioPin15settingsManagerI8gpioPUPDEEbRKT_
                0x000000000801196c        0x0 CMakeFiles/mainProject.dir/home/inumaki/Development/stm32WorkSpace/mainProject/Core/Drivers/GPIO/ioPin.cpp.obj
                                          0x8 (size before relaxing)
 .ARM.exidx.text._ZN5ioPin7managerI8gpioPUPDEEbRKT_RKb
                0x000000000801196c        0x0 CMakeFiles/mainProject.dir/home/inumaki/Development/stm32WorkSpace/mainProject/Core/Drivers/GPIO/ioPin.cpp.obj
                                          0x8 (size before relaxing)
 .ARM.exidx.text._ZN5ioPin15settingsManagerI14gpioOutputTypeEEbRKT_
                0x000000000801196c        0x0 CMakeFiles/mainProject.dir/home/inumaki/Development/stm32WorkSpace/mainProject/Core/Drivers/GPIO/ioPin.cpp.obj
                                          0x8 (size before relaxing)
 .ARM.exidx.text._ZN5ioPin7managerI14gpioOutputTypeEEbRKT_RKb
                0x000000000801196c        0x0 CMakeFiles/mainProject.dir/home/inumaki/Development/stm32WorkSpace/mainProject/Core/Drivers/GPIO/ioPin.cpp.obj
                                          0x8 (size before relaxing)
 .ARM.exidx.text._ZN5ioPin15settingsManagerI15gpioOutputSpeedEEbRKT_
                0x000000000801196c        0x0 CMakeFiles/mainProject.dir/home/inumaki/Development/stm32WorkSpace/mainProject/Core/Drivers/GPIO/ioPin.cpp.obj
                                          0x8 (size before relaxing)
 .ARM.exidx.text._ZN5ioPin7managerI15gpioOutputSpeedEEbRKT_RKb
                0x000000000801196c        0x0 CMakeFiles/mainProject.dir/home/inumaki/Development/stm32WorkSpace/mainProject/Core/Drivers/GPIO/ioPin.cpp.obj
                                          0x8 (size before relaxing)
 .ARM.exidx.text._ZN5ioPin15settingsManagerI9gpioStateEEbRKT_
                0x000000000801196c        0x0 CMakeFiles/mainProject.dir/home/inumaki/Development/stm32WorkSpace/mainProject/Core/Drivers/GPIO/ioPin.cpp.obj
                                          0x8 (size before relaxing)
 .ARM.exidx.text._ZN5ioPin7managerI9gpioStateEEbRKT_RKb
                0x000000000801196c        0x0 CMakeFiles/mainProject.dir/home/inumaki/Development/stm32WorkSpace/mainProject/Core/Drivers/GPIO/ioPin.cpp.obj
                                          0x8 (size before relaxing)
 .ARM.exidx     0x00000000080118ac       0x10 CMakeFiles/mainProject.dir/home/inumaki/Development/stm32WorkSpace/mainProject/Core/Src/main.cpp.obj
                                         0x18 (size before relaxing)
 .ARM.exidx.text._ZN5ioPinC2IJ8gpioMode9gpioState8gpioPort7gpioPinEEEDpRKT_
                0x000000000801196c        0x8 CMakeFiles/mainProject.dir/home/inumaki/Development/stm32WorkSpace/mainProject/Core/Src/main.cpp.obj
 .ARM.exidx.text._getpid
                0x0000000008011974        0x8 CMakeFiles/mainProject.dir/home/inumaki/Development/stm32WorkSpace/mainProject/Core/Src/syscalls.c.obj
 .ARM.exidx.text._kill
                0x000000000801197c        0x8 CMakeFiles/mainProject.dir/home/inumaki/Development/stm32WorkSpace/mainProject/Core/Src/syscalls.c.obj
 .ARM.exidx.text._exit
                0x0000000008011984        0x8 CMakeFiles/mainProject.dir/home/inumaki/Development/stm32WorkSpace/mainProject/Core/Src/syscalls.c.obj
 .ARM.exidx.text._read
                0x000000000801198c        0x8 CMakeFiles/mainProject.dir/home/inumaki/Development/stm32WorkSpace/mainProject/Core/Src/syscalls.c.obj
 .ARM.exidx.text._write
                0x0000000008011994        0x0 CMakeFiles/mainProject.dir/home/inumaki/Development/stm32WorkSpace/mainProject/Core/Src/syscalls.c.obj
                                          0x8 (size before relaxing)
 .ARM.exidx.text._close
                0x0000000008011994        0x8 CMakeFiles/mainProject.dir/home/inumaki/Development/stm32WorkSpace/mainProject/Core/Src/syscalls.c.obj
 .ARM.exidx.text._fstat
                0x000000000801199c        0x0 CMakeFiles/mainProject.dir/home/inumaki/Development/stm32WorkSpace/mainProject/Core/Src/syscalls.c.obj
                                          0x8 (size before relaxing)
 .ARM.exidx.text._isatty
                0x000000000801199c        0x0 CMakeFiles/mainProject.dir/home/inumaki/Development/stm32WorkSpace/mainProject/Core/Src/syscalls.c.obj
                                          0x8 (size before relaxing)
 .ARM.exidx.text._lseek
                0x000000000801199c        0x0 CMakeFiles/mainProject.dir/home/inumaki/Development/stm32WorkSpace/mainProject/Core/Src/syscalls.c.obj
                                          0x8 (size before relaxing)
 .ARM.exidx.text._sbrk
                0x000000000801199c       0x10 CMakeFiles/mainProject.dir/home/inumaki/Development/stm32WorkSpace/mainProject/Core/Src/sysmem.c.obj
                                          0x8 (size before relaxing)
 .ARM.exidx.text.__aeabi_atexit
                0x00000000080119ac        0x0 /usr/bin/../lib/gcc/arm-none-eabi/10.3.1/../../../../arm-none-eabi/lib/thumb/v7e-m+fp/hard/libstdc++.a(atexit_arm.o)
                                          0x8 (size before relaxing)
 .ARM.exidx.text.__cxa_type_match
                0x00000000080119ac        0x8 /usr/bin/../lib/gcc/arm-none-eabi/10.3.1/../../../../arm-none-eabi/lib/thumb/v7e-m+fp/hard/libstdc++.a(eh_arm.o)
 .ARM.exidx.text.__cxa_begin_cleanup
                0x00000000080119b4        0x8 /usr/bin/../lib/gcc/arm-none-eabi/10.3.1/../../../../arm-none-eabi/lib/thumb/v7e-m+fp/hard/libstdc++.a(eh_arm.o)
 .ARM.exidx.text.__gnu_end_cleanup
                0x00000000080119bc        0x0 /usr/bin/../lib/gcc/arm-none-eabi/10.3.1/../../../../arm-none-eabi/lib/thumb/v7e-m+fp/hard/libstdc++.a(eh_arm.o)
                                          0x8 (size before relaxing)
 .ARM.exidx.text._ZNSt13bad_exceptionD2Ev
                0x00000000080119bc        0x0 /usr/bin/../lib/gcc/arm-none-eabi/10.3.1/../../../../arm-none-eabi/lib/thumb/v7e-m+fp/hard/libstdc++.a(eh_exception.o)
                                          0x8 (size before relaxing)
 .ARM.exidx.text._ZNKSt13bad_exception4whatEv
                0x00000000080119bc        0x0 /usr/bin/../lib/gcc/arm-none-eabi/10.3.1/../../../../arm-none-eabi/lib/thumb/v7e-m+fp/hard/libstdc++.a(eh_exception.o)
                                          0x8 (size before relaxing)
 .ARM.exidx.text._ZNSt13bad_exceptionD0Ev
                0x00000000080119bc        0x0 /usr/bin/../lib/gcc/arm-none-eabi/10.3.1/../../../../arm-none-eabi/lib/thumb/v7e-m+fp/hard/libstdc++.a(eh_exception.o)
                                          0x8 (size before relaxing)
 .ARM.exidx.text.__cxa_get_globals_fast
                0x00000000080119bc        0x0 /usr/bin/../lib/gcc/arm-none-eabi/10.3.1/../../../../arm-none-eabi/lib/thumb/v7e-m+fp/hard/libstdc++.a(eh_globals.o)
                                          0x8 (size before relaxing)
 .ARM.exidx.text.__cxa_get_globals
                0x00000000080119bc        0x0 /usr/bin/../lib/gcc/arm-none-eabi/10.3.1/../../../../arm-none-eabi/lib/thumb/v7e-m+fp/hard/libstdc++.a(eh_globals.o)
                                          0x8 (size before relaxing)
 .ARM.exidx.text._ZL28read_encoded_value_with_basehjPKhPj
                0x00000000080119bc        0x8 /usr/bin/../lib/gcc/arm-none-eabi/10.3.1/../../../../arm-none-eabi/lib/thumb/v7e-m+fp/hard/libstdc++.a(eh_personality.o)
 .ARM.exidx.text._ZL21base_of_encoded_valuehP15_Unwind_Context
                0x00000000080119c4        0x8 /usr/bin/../lib/gcc/arm-none-eabi/10.3.1/../../../../arm-none-eabi/lib/thumb/v7e-m+fp/hard/libstdc++.a(eh_personality.o)
 .ARM.exidx.text._ZL17parse_lsda_headerP15_Unwind_ContextPKhP16lsda_header_info
                0x00000000080119cc        0x8 /usr/bin/../lib/gcc/arm-none-eabi/10.3.1/../../../../arm-none-eabi/lib/thumb/v7e-m+fp/hard/libstdc++.a(eh_personality.o)
 .ARM.exidx.text.__gxx_personality_v0
                0x00000000080119d4        0x8 /usr/bin/../lib/gcc/arm-none-eabi/10.3.1/../../../../arm-none-eabi/lib/thumb/v7e-m+fp/hard/libstdc++.a(eh_personality.o)
 .ARM.exidx.text._ZN10__cxxabiv111__terminateEPFvvE
                0x00000000080119dc        0x8 /usr/bin/../lib/gcc/arm-none-eabi/10.3.1/../../../../arm-none-eabi/lib/thumb/v7e-m+fp/hard/libstdc++.a(eh_terminate.o)
 .ARM.exidx.text._ZSt9terminatev
                0x00000000080119e4        0x8 /usr/bin/../lib/gcc/arm-none-eabi/10.3.1/../../../../arm-none-eabi/lib/thumb/v7e-m+fp/hard/libstdc++.a(eh_terminate.o)
 .ARM.exidx.text._ZN10__cxxabiv112__unexpectedEPFvvE
                0x00000000080119ec        0x8 /usr/bin/../lib/gcc/arm-none-eabi/10.3.1/../../../../arm-none-eabi/lib/thumb/v7e-m+fp/hard/libstdc++.a(eh_terminate.o)
 .ARM.exidx.text._ZSt10unexpectedv
                0x00000000080119f4        0x8 /usr/bin/../lib/gcc/arm-none-eabi/10.3.1/../../../../arm-none-eabi/lib/thumb/v7e-m+fp/hard/libstdc++.a(eh_terminate.o)
 .ARM.exidx.text._ZSt13get_terminatev
                0x00000000080119fc        0x8 /usr/bin/../lib/gcc/arm-none-eabi/10.3.1/../../../../arm-none-eabi/lib/thumb/v7e-m+fp/hard/libstdc++.a(eh_terminate.o)
 .ARM.exidx.text._ZSt14get_unexpectedv
                0x0000000008011a04        0x0 /usr/bin/../lib/gcc/arm-none-eabi/10.3.1/../../../../arm-none-eabi/lib/thumb/v7e-m+fp/hard/libstdc++.a(eh_terminate.o)
                                          0x8 (size before relaxing)
 .ARM.exidx.text._ZN10__cxxabiv120__si_class_type_infoD2Ev
                0x0000000008011a04        0x0 /usr/bin/../lib/gcc/arm-none-eabi/10.3.1/../../../../arm-none-eabi/lib/thumb/v7e-m+fp/hard/libstdc++.a(si_class_type_info.o)
                                          0x8 (size before relaxing)
 .ARM.exidx.text._ZN10__cxxabiv120__si_class_type_infoD0Ev
                0x0000000008011a04        0x0 /usr/bin/../lib/gcc/arm-none-eabi/10.3.1/../../../../arm-none-eabi/lib/thumb/v7e-m+fp/hard/libstdc++.a(si_class_type_info.o)
                                          0x8 (size before relaxing)
 .ARM.exidx.text._ZNK10__cxxabiv120__si_class_type_info20__do_find_public_srcEiPKvPKNS_17__class_type_infoES2_
                0x0000000008011a04        0x0 /usr/bin/../lib/gcc/arm-none-eabi/10.3.1/../../../../arm-none-eabi/lib/thumb/v7e-m+fp/hard/libstdc++.a(si_class_type_info.o)