Archive member included to satisfy reference by file (symbol)

/usr/bin/../lib/gcc/arm-none-eabi/10.3.1/../../../../arm-none-eabi/lib/thumb/v7e-m+fp/hard/libstdc++.a(atexit_arm.o)
                              CMakeFiles/mainProject.dir/home/inumaki/Development/stm32WorkSpace/mainProject/Core/Src/main.cpp.obj (__aeabi_atexit)
/usr/bin/../lib/gcc/arm-none-eabi/10.3.1/../../../../arm-none-eabi/lib/thumb/v7e-m+fp/hard/libstdc++.a(eh_arm.o)
                              CMakeFiles/mainProject.dir/home/inumaki/Development/stm32WorkSpace/mainProject/Core/Src/main.cpp.obj (__cxa_end_cleanup)
/usr/bin/../lib/gcc/arm-none-eabi/10.3.1/../../../../arm-none-eabi/lib/thumb/v7e-m+fp/hard/libstdc++.a(eh_exception.o)
                              /usr/bin/../lib/gcc/arm-none-eabi/10.3.1/../../../../arm-none-eabi/lib/thumb/v7e-m+fp/hard/libstdc++.a(eh_arm.o) (typeinfo for __cxxabiv1::__forced_unwind)
/usr/bin/../lib/gcc/arm-none-eabi/10.3.1/../../../../arm-none-eabi/lib/thumb/v7e-m+fp/hard/libstdc++.a(eh_globals.o)
                              /usr/bin/../lib/gcc/arm-none-eabi/10.3.1/../../../../arm-none-eabi/lib/thumb/v7e-m+fp/hard/libstdc++.a(eh_arm.o) (__cxa_get_globals)
/usr/bin/../lib/gcc/arm-none-eabi/10.3.1/../../../../arm-none-eabi/lib/thumb/v7e-m+fp/hard/libstdc++.a(eh_personality.o)
                              CMakeFiles/mainProject.dir/home/inumaki/Development/stm32WorkSpace/mainProject/Core/Src/main.cpp.obj (__gxx_personality_v0)
/usr/bin/../lib/gcc/arm-none-eabi/10.3.1/../../../../arm-none-eabi/lib/thumb/v7e-m+fp/hard/libstdc++.a(eh_terminate.o)
                              /usr/bin/../lib/gcc/arm-none-eabi/10.3.1/../../../../arm-none-eabi/lib/thumb/v7e-m+fp/hard/libstdc++.a(eh_arm.o) (std::terminate())
/usr/bin/../lib/gcc/arm-none-eabi/10.3.1/../../../../arm-none-eabi/lib/thumb/v7e-m+fp/hard/libstdc++.a(eh_unex_handler.o)
                              /usr/bin/../lib/gcc/arm-none-eabi/10.3.1/../../../../arm-none-eabi/lib/thumb/v7e-m+fp/hard/libstdc++.a(eh_terminate.o) (__cxxabiv1::__unexpected_handler)
/usr/bin/../lib/gcc/arm-none-eabi/10.3.1/../../../../arm-none-eabi/lib/thumb/v7e-m+fp/hard/libstdc++.a(pure.o)
                              /usr/bin/../lib/gcc/arm-none-eabi/10.3.1/../../../../arm-none-eabi/lib/thumb/v7e-m+fp/hard/libstdc++.a(eh_exception.o) (__cxa_pure_virtual)
/usr/bin/../lib/gcc/arm-none-eabi/10.3.1/../../../../arm-none-eabi/lib/thumb/v7e-m+fp/hard/libstdc++.a(si_class_type_info.o)
                              /usr/bin/../lib/gcc/arm-none-eabi/10.3.1/../../../../arm-none-eabi/lib/thumb/v7e-m+fp/hard/libstdc++.a(eh_exception.o) (vtable for __cxxabiv1::__si_class_type_info)
/usr/bin/../lib/gcc/arm-none-eabi/10.3.1/../../../../arm-none-eabi/lib/thumb/v7e-m+fp/hard/libstdc++.a(tinfo.o)
                              /usr/bin/../lib/gcc/arm-none-eabi/10.3.1/../../../../arm-none-eabi/lib/thumb/v7e-m+fp/hard/libstdc++.a(si_class_type_info.o) (std::type_info::__is_pointer_p() const)
/usr/bin/../lib/gcc/arm-none-eabi/10.3.1/../../../../arm-none-eabi/lib/thumb/v7e-m+fp/hard/libstdc++.a(vterminate.o)
                              /usr/bin/../lib/gcc/arm-none-eabi/10.3.1/../../../../arm-none-eabi/lib/thumb/v7e-m+fp/hard/libstdc++.a(eh_terminate.o) (__gnu_cxx::__verbose_terminate_handler())
/usr/bin/../lib/gcc/arm-none-eabi/10.3.1/../../../../arm-none-eabi/lib/thumb/v7e-m+fp/hard/libstdc++.a(class_type_info.o)
                              /usr/bin/../lib/gcc/arm-none-eabi/10.3.1/../../../../arm-none-eabi/lib/thumb/v7e-m+fp/hard/libstdc++.a(si_class_type_info.o) (__cxxabiv1::__class_type_info::__do_upcast(__cxxabiv1::__class_type_info const*, void**) const)
/usr/bin/../lib/gcc/arm-none-eabi/10.3.1/../../../../arm-none-eabi/lib/thumb/v7e-m+fp/hard/libstdc++.a(cp-demangle.o)
                              /usr/bin/../lib/gcc/arm-none-eabi/10.3.1/../../../../arm-none-eabi/lib/thumb/v7e-m+fp/hard/libstdc++.a(vterminate.o) (__cxa_demangle)
/usr/bin/../lib/gcc/arm-none-eabi/10.3.1/../../../../arm-none-eabi/lib/thumb/v7e-m+fp/hard/libstdc++.a(del_ops.o)
                              /usr/bin/../lib/gcc/arm-none-eabi/10.3.1/../../../../arm-none-eabi/lib/thumb/v7e-m+fp/hard/libstdc++.a(eh_exception.o) (operator delete(void*, unsigned int))
/usr/bin/../lib/gcc/arm-none-eabi/10.3.1/../../../../arm-none-eabi/lib/thumb/v7e-m+fp/hard/libstdc++.a(eh_call.o)
                              /usr/bin/../lib/gcc/arm-none-eabi/10.3.1/../../../../arm-none-eabi/lib/thumb/v7e-m+fp/hard/libstdc++.a(eh_personality.o) (__cxa_call_terminate)
/usr/bin/../lib/gcc/arm-none-eabi/10.3.1/../../../../arm-none-eabi/lib/thumb/v7e-m+fp/hard/libstdc++.a(eh_catch.o)
                              /usr/bin/../lib/gcc/arm-none-eabi/10.3.1/../../../../arm-none-eabi/lib/thumb/v7e-m+fp/hard/libstdc++.a(eh_personality.o) (__cxa_begin_catch)
/usr/bin/../lib/gcc/arm-none-eabi/10.3.1/../../../../arm-none-eabi/lib/thumb/v7e-m+fp/hard/libstdc++.a(eh_term_handler.o)
[...]
Memory Configuration

Name             Origin             Length             Attributes
RAM              0x0000000020000000 0x0000000000020000 xrw
FLASH            0x0000000008000000 0x0000000000080000 xr
*default*        0x0000000000000000 0xffffffffffffffff

Linker script and memory map

LOAD /usr/bin/../lib/gcc/arm-none-eabi/10.3.1/thumb/v7e-m+fp/hard/crti.o
LOAD /usr/bin/../lib/gcc/arm-none-eabi/10.3.1/thumb/v7e-m+fp/hard/crtbegin.o
LOAD /usr/bin/../lib/gcc/arm-none-eabi/10.3.1/../../../../arm-none-eabi/lib/thumb/v7e-m+fp/hard/crt0.o
START GROUP
LOAD /usr/bin/../lib/gcc/arm-none-eabi/10.3.1/../../../../arm-none-eabi/lib/thumb/v7e-m+fp/hard/libstdc++.a
END GROUP
LOAD CMakeFiles/mainProject.dir/home/inumaki/Development/stm32WorkSpace/mainProject/Core/Drivers/GPIO/ioPin.cpp.obj
LOAD CMakeFiles/mainProject.dir/home/inumaki/Development/stm32WorkSpace/mainProject/Core/Src/Utilities/RegistersManipulation/REG_MAN.cpp.obj
LOAD CMakeFiles/mainProject.dir/home/inumaki/Development/stm32WorkSpace/mainProject/Core/Src/main.cpp.obj
LOAD CMakeFiles/mainProject.dir/home/inumaki/Development/stm32WorkSpace/mainProject/Core/Src/syscalls.c.obj
LOAD CMakeFiles/mainProject.dir/home/inumaki/Development/stm32WorkSpace/mainProject/Core/Src/sysmem.c.obj
LOAD CMakeFiles/mainProject.dir/home/inumaki/Development/stm32WorkSpace/mainProject/Core/Startup/startup_stm32f411retx.s.obj
LOAD /usr/bin/../lib/gcc/arm-none-eabi/10.3.1/../../../../arm-none-eabi/lib/thumb/v7e-m+fp/hard/libstdc++.a
LOAD /usr/bin/../lib/gcc/arm-none-eabi/10.3.1/../../../../arm-none-eabi/lib/thumb/v7e-m+fp/hard/libm.a
LOAD /usr/bin/../lib/gcc/arm-none-eabi/10.3.1/../../../../arm-none-eabi/lib/thumb/v7e-m+fp/hard/libc.a
START GROUP
LOAD /usr/bin/../lib/gcc/arm-none-eabi/10.3.1/thumb/v7e-m+fp/hard/libgcc.a
LOAD /usr/bin/../lib/gcc/arm-none-eabi/10.3.1/../../../../arm-none-eabi/lib/thumb/v7e-m+fp/hard/libg.a
LOAD /usr/bin/../lib/gcc/arm-none-eabi/10.3.1/../../../../arm-none-eabi/lib/thumb/v7e-m+fp/hard/libc.a
END GROUP
LOAD /usr/bin/../lib/gcc/arm-none-eabi/10.3.1/thumb/v7e-m+fp/hard/crtend.o
LOAD /usr/bin/../lib/gcc/arm-none-eabi/10.3.1/thumb/v7e-m+fp/hard/crtn.o
                0x0000000020020000                _estack = (ORIGIN (RAM) + LENGTH (RAM))
                0x0000000000000200                _Min_Heap_Size = 0x200
                0x0000000000000400                _Min_Stack_Size = 0x400

.isr_vector     0x0000000008000000      0x198
                0x0000000008000000                . = ALIGN (0x4)
 *(.isr_vector)
 .isr_vector    0x0000000008000000      0x198 CMakeFiles/mainProject.dir/home/inumaki/Development/stm32WorkSpace/mainProject/Core/Startup/startup_stm32f411retx.s.obj
                0x0000000008000000                g_pfnVectors
                0x0000000008000198                . = ALIGN (0x4)

.text           0x00000000080001c0     0xfd5c
                0x00000000080001c0                . = ALIGN (0x4)
 *(.text)
 .text          0x00000000080001c0       0x40 /usr/bin/../lib/gcc/arm-none-eabi/10.3.1/thumb/v7e-m+fp/hard/crtbegin.o
 .text          0x0000000008000200      0x3dc CMakeFiles/mainProject.dir/home/inumaki/Development/stm32WorkSpace/mainProject/Core/Drivers/GPIO/ioPin.cpp.obj
                0x0000000008000260                ioPin::~ioPin()
                0x0000000008000260                ioPin::~ioPin()
                0x0000000008000262                ioPin::ioPin(ioPin const&)
                0x0000000008000262                ioPin::ioPin(ioPin const&)
                0x0000000008000264                ioPin::operator=(ioPin const&)
                0x0000000008000264                ioPin::reset(bool const&)
                0x0000000008000268                ioPin::isAllocated(gpioPort const&, gpioPin const&)
                0x000000000800029c                ioPin::failSafeMode(bool const&)
                0x00000000080002a2                ioPin::enableDebug(bool const&)
                0x00000000080002a8                ioPin::readIO(bool const&)
                0x00000000080002da                ioPin::read(bool const&)
                0x00000000080002e2                ioPin::assertPort(ioPin const&)
                0x00000000080002f2                ioPin::assertPort()
                0x00000000080002fa                ioPin::assertPin(ioPin const&)
                0x000000000800030a                ioPin::assertPin()
                0x0000000008000312                ioPin::isReady()
                0x0000000008000330                ioPin::defaultSettings()
                0x0000000008000350                ioPin::initHandler()
                0x000000000800035a                ioPin::ioPin()
                0x000000000800035a                ioPin::ioPin()
                0x0000000008000366                ioPin::avoidReAllocatingPort(gpioPort const&)
                0x0000000008000382                ioPin::avoidReAllocatingPin(gpioPin const&)
                0x000000000800039a                ioPin::init(gpioPort const&)
                0x00000000080003f4                ioPin::init(gpioPin const&)
                0x00000000080003f6                ioPin::init(gpioMode const&)
                0x0000000008000422                ioPin::modeHandler(gpioMode const&, bool const&)
                0x0000000008000440                ioPin::init(gpioOutputType const&)
                0x0000000008000468                ioPin::init(gpioOutputSpeed const&)
                0x0000000008000494                ioPin::init(gpioPUPD const&)
                0x00000000080004c0                ioPin::init(gpioState const&)
                0x00000000080004ec                ioPin::initQueuedSettings()
                0x0000000008000574                ioPin::setPort(gpioPort const&)
                0x000000000800057c                ioPin::setPin(gpioPin const&)
                0x0000000008000584                ioPin::setMode(gpioMode const&)
                0x000000000800058c                ioPin::setPUPD(gpioPUPD const&)
                0x0000000008000594                ioPin::setOutputType(gpioOutputType const&)
                0x000000000800059c                ioPin::setOutputSpeed(gpioOutputSpeed const&)
                0x00000000080005a4                ioPin::writeIO(gpioState const&)
                0x00000000080005ac                ioPin::write(gpioState const&)
                0x00000000080005b4                ioPin::toggle()
 .text          0x00000000080005dc       0x88 CMakeFiles/mainProject.dir/home/inumaki/Development/stm32WorkSpace/mainProject/Core/Src/main.cpp.obj
                0x00000000080005dc                main
                0x00000000080005de                fpuInit()
                0x00000000080005f0                EXTI4_Callback()
 .text          0x0000000008000664     0x5ee4 /usr/bin/../lib/gcc/arm-none-eabi/10.3.1/../../../../arm-none-eabi/lib/thumb/v7e-m+fp/hard/libstdc++.a(cp-demangle.o)
                0x0000000008006460                __cxa_demangle
                0x0000000008006524                __gcclibcxx_demangle_callback
 *fill*         0x0000000008006548        0x8 
 .text          0x0000000008006550       0xa0 /usr/bin/../lib/gcc/arm-none-eabi/10.3.1/../../../../arm-none-eabi/lib/thumb/v7e-m+fp/hard/libc.a(lib_a-memchr.o)
                0x0000000008006550                memchr
 .text          0x00000000080065f0      0x134 /usr/bin/../lib/gcc/arm-none-eabi/10.3.1/../../../../arm-none-eabi/lib/thumb/v7e-m+fp/hard/libc.a(lib_a-memcpy.o)
                0x00000000080065f0                memcpy
 *fill*         0x0000000008006724       0x1c 
 .text          0x0000000008006740      0x2dc /usr/bin/../lib/gcc/arm-none-eabi/10.3.1/../../../../arm-none-eabi/lib/thumb/v7e-m+fp/hard/libc.a(lib_a-strcmp.o)
                0x0000000008006748                strcmp
 *fill*         0x0000000008006a1c       0x24 
 .text          0x0000000008006a40       0xdc /usr/bin/../lib/gcc/arm-none-eabi/10.3.1/../../../../arm-none-eabi/lib/thumb/v7e-m+fp/hard/libc.a(lib_a-strlen.o)
                0x0000000008006a40                strlen
 .text          0x0000000008006b1c      0x378 /usr/bin/../lib/gcc/arm-none-eabi/10.3.1/thumb/v7e-m+fp/hard/libgcc.a(_arm_addsubdf3.o)
                0x0000000008006b1c                __aeabi_drsub
                0x0000000008006b24                __aeabi_dsub
                0x0000000008006b24                __subdf3
                0x0000000008006b28                __adddf3
                0x0000000008006b28                __aeabi_dadd
                0x0000000008006da0                __aeabi_ui2d
                0x0000000008006da0                __floatunsidf
                0x0000000008006dc0                __floatsidf
                0x0000000008006dc0                __aeabi_i2d
                0x0000000008006de4                __extendsfdf2
                0x0000000008006de4                __aeabi_f2d
                0x0000000008006e28                __aeabi_ul2d
                0x0000000008006e28                __floatundidf
                0x0000000008006e38                __floatdidf
                0x0000000008006e38                __aeabi_l2d
 .text          0x0000000008006e94      0x424 /usr/bin/../lib/gcc/arm-none-eabi/10.3.1/thumb/v7e-m+fp/hard/libgcc.a(_arm_muldivdf3.o)
                0x0000000008006e94                __aeabi_dmul
                0x0000000008006e94                __muldf3
                0x00000000080070e8                __aeabi_ddiv
                0x00000000080070e8                __divdf3
 .text          0x00000000080072b8      0x110 /usr/bin/../lib/gcc/arm-none-eabi/10.3.1/thumb/v7e-m+fp/hard/libgcc.a(_arm_cmpdf2.o)
                0x00000000080072b8                __gtdf2
                0x00000000080072b8                __gedf2
                0x00000000080072c0                __ltdf2
                0x00000000080072c0                __ledf2
                0x00000000080072c8                __cmpdf2
                0x00000000080072c8                __eqdf2
                0x00000000080072c8                __nedf2
                0x0000000008007344                __aeabi_cdrcmple
                0x0000000008007354                __aeabi_cdcmple
                0x0000000008007354                __aeabi_cdcmpeq
                0x0000000008007364                __aeabi_dcmpeq
                0x0000000008007378                __aeabi_dcmplt
                0x000000000800738c                __aeabi_dcmple
                0x00000000080073a0                __aeabi_dcmpge
                0x00000000080073b4                __aeabi_dcmpgt
 .text          0x00000000080073c8       0x2c /usr/bin/../lib/gcc/arm-none-eabi/10.3.1/thumb/v7e-m+fp/hard/libgcc.a(_arm_unorddf2.o)
                0x00000000080073c8                __aeabi_dcmpun
                0x00000000080073c8                __unorddf2
 .text          0x00000000080073f4       0x50 /usr/bin/../lib/gcc/arm-none-eabi/10.3.1/thumb/v7e-m+fp/hard/libgcc.a(_arm_fixdfsi.o)
                0x00000000080073f4                __fixdfsi
                0x00000000080073f4                __aeabi_d2iz
 .text          0x0000000008007444       0x30 /usr/bin/../lib/gcc/arm-none-eabi/10.3.1/thumb/v7e-m+fp/hard/libgcc.a(_aeabi_uldivmod.o)
                0x0000000008007444                __aeabi_uldivmod
 .text          0x0000000008007474      0x2d0 /usr/bin/../lib/gcc/arm-none-eabi/10.3.1/thumb/v7e-m+fp/hard/libgcc.a(_udivmoddi4.o)
                0x0000000008007474                __udivmoddi4
 .text          0x0000000008007744      0x9d8 /usr/bin/../lib/gcc/arm-none-eabi/10.3.1/thumb/v7e-m+fp/hard/libgcc.a(unwind-arm.o)
                0x00000000080079ec                _Unwind_GetCFA
                0x00000000080079f0                __gnu_Unwind_RaiseException
                0x0000000008007a58                __gnu_Unwind_ForcedUnwind
                0x0000000008007a68                __gnu_Unwind_Resume
                0x0000000008007aac                __gnu_Unwind_Resume_or_Rethrow
                0x0000000008007abc                _Unwind_Complete
                0x0000000008007ac0                _Unwind_DeleteException
                0x0000000008007acc                _Unwind_VRS_Get
                0x0000000008007b18                _Unwind_VRS_Set
                0x0000000008007b60                __gnu_Unwind_Backtrace
                0x0000000008007e8c                __aeabi_unwind_cpp_pr0
                0x0000000008007e90                __aeabi_unwind_cpp_pr1
                0x0000000008007e94                __aeabi_unwind_cpp_pr2
                0x0000000008007e98                _Unwind_VRS_Pop
 .text          0x000000000800811c      0x1ac /usr/bin/../lib/gcc/arm-none-eabi/10.3.1/thumb/v7e-m+fp/hard/libgcc.a(libunwind.o)
                0x000000000800811c                __restore_core_regs
                0x000000000800811c                restore_core_regs
                0x0000000008008134                __gnu_Unwind_Restore_VFP
                0x000000000800813c                __gnu_Unwind_Save_VFP
                0x0000000008008144                __gnu_Unwind_Restore_VFP_D
                0x000000000800814c                __gnu_Unwind_Save_VFP_D
                0x0000000008008154                __gnu_Unwind_Restore_VFP_D_16_to_31
                0x000000000800815c                __gnu_Unwind_Save_VFP_D_16_to_31
                0x0000000008008164                __gnu_Unwind_Restore_WMMXD
                0x00000000080081a8                __gnu_Unwind_Save_WMMXD
                0x00000000080081ec                __gnu_Unwind_Restore_WMMXC
                0x0000000008008200                __gnu_Unwind_Save_WMMXC
                0x0000000008008214                ___Unwind_RaiseException
                0x0000000008008214                _Unwind_RaiseException
                0x0000000008008238                ___Unwind_Resume
                0x0000000008008238                _Unwind_Resume
                0x000000000800825c                _Unwind_Resume_or_Rethrow
                0x000000000800825c                ___Unwind_Resume_or_Rethrow
                0x0000000008008280                ___Unwind_ForcedUnwind
                0x0000000008008280                _Unwind_ForcedUnwind
                0x00000000080082a4                _Unwind_Backtrace
                0x00000000080082a4                ___Unwind_Backtrace
 .text          0x00000000080082c8      0x350 /usr/bin/../lib/gcc/arm-none-eabi/10.3.1/thumb/v7e-m+fp/hard/libgcc.a(pr-support.o)
                0x0000000008008320                __gnu_unwind_execute
                0x00000000080085cc                __gnu_unwind_frame
                0x00000000080085f8                _Unwind_GetRegionStart
                0x0000000008008604                _Unwind_GetLanguageSpecificData
 .text          0x0000000008008618        0x4 /usr/bin/../lib/gcc/arm-none-eabi/10.3.1/thumb/v7e-m+fp/hard/libgcc.a(_dvmd_tls.o)
                0x0000000008008618                __aeabi_ldiv0
                0x0000000008008618                __aeabi_idiv0
 *(.text*)
 .text._ZN5ioPin8setParamI8gpioPortEEvRKT_
                0x000000000800861c        0x6 CMakeFiles/mainProject.dir/home/inumaki/Development/stm32WorkSpace/mainProject/Core/Drivers/GPIO/ioPin.cpp.obj
                0x000000000800861c                void ioPin::setParam<gpioPort>(gpioPort const&)
 .text._ZN5ioPin15settingsHandlerI8gpioPortEEbRKT_
                0x0000000008008622       0x22 CMakeFiles/mainProject.dir/home/inumaki/Development/stm32WorkSpace/mainProject/Core/Drivers/GPIO/ioPin.cpp.obj
                0x0000000008008622                bool ioPin::settingsHandler<gpioPort>(gpioPort const&)
 .text._ZN5ioPin9initParamI8gpioPortEEbRKT_
                0x0000000008008644       0x5c CMakeFiles/mainProject.dir/home/inumaki/Development/stm32WorkSpace/mainProject/Core/Drivers/GPIO/ioPin.cpp.obj
                0x0000000008008644                bool ioPin::initParam<gpioPort>(gpioPort const&)
 .text._ZN5ioPin11initHandlerI8gpioPortEEbRKT_
                0x00000000080086a0       0x12 CMakeFiles/mainProject.dir/home/inumaki/Development/stm32WorkSpace/mainProject/Core/Drivers/GPIO/ioPin.cpp.obj
                0x00000000080086a0                bool ioPin::initHandler<gpioPort>(gpioPort const&)
 .text._ZN5ioPin8setParamI7gpioPinEEvRKT_
                0x00000000080086b2        0x6 CMakeFiles/mainProject.dir/home/inumaki/Development/stm32WorkSpace/mainProject/Core/Drivers/GPIO/ioPin.cpp.obj
                0x00000000080086b2                void ioPin::setParam<gpioPin>(gpioPin const&)
 .text._ZN5ioPin15settingsHandlerI7gpioPinEEbRKT_
                0x00000000080086b8       0x16 CMakeFiles/mainProject.dir/home/inumaki/Development/stm32WorkSpace/mainProject/Core/Drivers/GPIO/ioPin.cpp.obj
                0x00000000080086b8                bool ioPin::settingsHandler<gpioPin>(gpioPin const&)
 *fill*         0x00000000080086ce        0x2 
 .text._ZN5ioPin9initParamI7gpioPinEEbRKT_
                0x00000000080086d0       0x54 CMakeFiles/mainProject.dir/home/inumaki/Development/stm32WorkSpace/mainProject/Core/Drivers/GPIO/ioPin.cpp.obj
                0x00000000080086d0                bool ioPin::initParam<gpioPin>(gpioPin const&)
 .text._ZN5ioPin11initHandlerI7gpioPinEEbRKT_
                0x0000000008008724       0x12 CMakeFiles/mainProject.dir/home/inumaki/Development/stm32WorkSpace/mainProject/Core/Drivers/GPIO/ioPin.cpp.obj
                0x0000000008008724                bool ioPin::initHandler<gpioPin>(gpioPin const&)
 .text._ZN5ioPin8setParamI8gpioModeEEvRKT_
                0x0000000008008736        0x6 CMakeFiles/mainProject.dir/home/inumaki/Development/stm32WorkSpace/mainProject/Core/Drivers/GPIO/ioPin.cpp.obj
                0x0000000008008736                void ioPin::setParam<gpioMode>(gpioMode const&)
 .text._ZN5ioPin15settingsHandlerI8gpioModeEEbRKT_
                0x000000000800873c       0x30 CMakeFiles/mainProject.dir/home/inumaki/Development/stm32WorkSpace/mainProject/Core/Drivers/GPIO/ioPin.cpp.obj
                0x000000000800873c                bool ioPin::settingsHandler<gpioMode>(gpioMode const&)
 .text._ZN5ioPin9initParamI8gpioModeEEbRKT_
                0x000000000800876c       0x16 CMakeFiles/mainProject.dir/home/inumaki/Development/stm32WorkSpace/mainProject/Core/Drivers/GPIO/ioPin.cpp.obj
                0x000000000800876c                bool ioPin::initParam<gpioMode>(gpioMode const&)
 .text._ZN5ioPin11initHandlerI8gpioModeEEbRKT_
                0x0000000008008782       0x12 CMakeFiles/mainProject.dir/home/inumaki/Development/stm32WorkSpace/mainProject/Core/Drivers/GPIO/ioPin.cpp.obj
                0x0000000008008782                bool ioPin::initHandler<gpioMode>(gpioMode const&)
 .text._ZN5ioPin8setParamI8gpioPUPDEEvRKT_
                0x0000000008008794        0x6 CMakeFiles/mainProject.dir/home/inumaki/Development/stm32WorkSpace/mainProject/Core/Drivers/GPIO/ioPin.cpp.obj
                0x0000000008008794                void ioPin::setParam<gpioPUPD>(gpioPUPD const&)
 .text._ZN5ioPin15settingsHandlerI8gpioPUPDEEbRKT_
                0x000000000800879a       0x22 CMakeFiles/mainProject.dir/home/inumaki/Development/stm32WorkSpace/mainProject/Core/Drivers/GPIO/ioPin.cpp.obj
                0x000000000800879a                bool ioPin::settingsHandler<gpioPUPD>(gpioPUPD const&)
 .text._ZN5ioPin9initParamI8gpioPUPDEEbRKT_
                0x00000000080087bc       0x16 CMakeFiles/mainProject.dir/home/inumaki/Development/stm32WorkSpace/mainProject/Core/Drivers/GPIO/ioPin.cpp.obj
                0x00000000080087bc                bool ioPin::initParam<gpioPUPD>(gpioPUPD const&)
 .text._ZN5ioPin11initHandlerI8gpioPUPDEEbRKT_
                0x00000000080087d2       0x12 CMakeFiles/mainProject.dir/home/inumaki/Development/stm32WorkSpace/mainProject/Core/Drivers/GPIO/ioPin.cpp.obj
                0x00000000080087d2                bool ioPin::initHandler<gpioPUPD>(gpioPUPD const&)
 .text._ZN5ioPin8setParamI14gpioOutputTypeEEvRKT_
                0x00000000080087e4        0x6 CMakeFiles/mainProject.dir/home/inumaki/Development/stm32WorkSpace/mainProject/Core/Drivers/GPIO/ioPin.cpp.obj
                0x00000000080087e4                void ioPin::setParam<gpioOutputType>(gpioOutputType const&)
 .text._ZN5ioPin15settingsHandlerI14gpioOutputTypeEEbRKT_
                0x00000000080087ea       0x22 CMakeFiles/mainProject.dir/home/inumaki/Development/stm32WorkSpace/mainProject/Core/Drivers/GPIO/ioPin.cpp.obj
                0x00000000080087ea                bool ioPin::settingsHandler<gpioOutputType>(gpioOutputType const&)
 .text._ZN5ioPin9initParamI14gpioOutputTypeEEbRKT_
                0x000000000800880c       0x16 CMakeFiles/mainProject.dir/home/inumaki/Development/stm32WorkSpace/mainProject/Core/Drivers/GPIO/ioPin.cpp.obj
                0x000000000800880c                bool ioPin::initParam<gpioOutputType>(gpioOutputType const&)
 .text._ZN5ioPin11initHandlerI14gpioOutputTypeEEbRKT_
                0x0000000008008822       0x12 CMakeFiles/mainProject.dir/home/inumaki/Development/stm32WorkSpace/mainProject/Core/Drivers/GPIO/ioPin.cpp.obj
                0x0000000008008822                bool ioPin::initHandler<gpioOutputType>(gpioOutputType const&)
 .text._ZN5ioPin8setParamI15gpioOutputSpeedEEvRKT_
                0x0000000008008834        0x6 CMakeFiles/mainProject.dir/home/inumaki/Development/stm32WorkSpace/mainProject/Core/Drivers/GPIO/ioPin.cpp.obj
                0x0000000008008834                void ioPin::setParam<gpioOutputSpeed>(gpioOutputSpeed const&)
 .text._ZN5ioPin15settingsHandlerI15gpioOutputSpeedEEbRKT_
                0x000000000800883a       0x22 CMakeFiles/mainProject.dir/home/inumaki/Development/stm32WorkSpace/mainProject/Core/Drivers/GPIO/ioPin.cpp.obj
                0x000000000800883a                bool ioPin::settingsHandler<gpioOutputSpeed>(gpioOutputSpeed const&)
 .text._ZN5ioPin9initParamI15gpioOutputSpeedEEbRKT_
                0x000000000800885c       0x16 CMakeFiles/mainProject.dir/home/inumaki/Development/stm32WorkSpace/mainProject/Core/Drivers/GPIO/ioPin.cpp.obj
                0x000000000800885c                bool ioPin::initParam<gpioOutputSpeed>(gpioOutputSpeed const&)
 .text._ZN5ioPin11initHandlerI15gpioOutputSpeedEEbRKT_
                0x0000000008008872       0x12 CMakeFiles/mainProject.dir/home/inumaki/Development/stm32WorkSpace/mainProject/Core/Drivers/GPIO/ioPin.cpp.obj
                0x0000000008008872                bool ioPin::initHandler<gpioOutputSpeed>(gpioOutputSpeed const&)
 .text._ZN5ioPin8setParamI9gpioStateEEvRKT_
                0x0000000008008884        0x6 CMakeFiles/mainProject.dir/home/inumaki/Development/stm32WorkSpace/mainProject/Core/Drivers/GPIO/ioPin.cpp.obj
                0x0000000008008884                void ioPin::setParam<gpioState>(gpioState const&)
 .text._ZN5ioPin15settingsHandlerI9gpioStateEEbRKT_
                0x000000000800888a       0x22 CMakeFiles/mainProject.dir/home/inumaki/Development/stm32WorkSpace/mainProject/Core/Drivers/GPIO/ioPin.cpp.obj
                0x000000000800888a                bool ioPin::settingsHandler<gpioState>(gpioState const&)
 .text._ZN5ioPin9initParamI9gpioStateEEbRKT_
                0x00000000080088ac       0x16 CMakeFiles/mainProject.dir/home/inumaki/Development/stm32WorkSpace/mainProject/Core/Drivers/GPIO/ioPin.cpp.obj
                0x00000000080088ac                bool ioPin::initParam<gpioState>(gpioState const&)
 .text._ZN5ioPin11initHandlerI9gpioStateEEbRKT_
                0x00000000080088c2       0x12 CMakeFiles/mainProject.dir/home/inumaki/Development/stm32WorkSpace/mainProject/Core/Drivers/GPIO/ioPin.cpp.obj
                0x00000000080088c2                bool ioPin::initHandler<gpioState>(gpioState const&)
 .text._ZN5ioPinC2IJ8gpioPort8gpioMode9gpioState7gpioPin15gpioOutputSpeed14gpioOutputType8gpioPUPDEEEDpRKT_
                0x00000000080088d4       0x56 CMakeFiles/mainProject.dir/home/inumaki/Development/stm32WorkSpace/mainProject/Core/Src/main.cpp.obj
                0x00000000080088d4                ioPin::ioPin<gpioPort, gpioMode, gpioState, gpioPin, gpioOutputSpeed, gpioOutputType, gpioPUPD>(gpioPort const&, gpioMode const&, gpioState const&, gpioPin const&, gpioOutputSpeed const&, gpioOutputType const&, gpioPUPD const&)
                0x00000000080088d4                ioPin::ioPin<gpioPort, gpioMode, gpioState, gpioPin, gpioOutputSpeed, gpioOutputType, gpioPUPD>(gpioPort const&, gpioMode const&, gpioState const&, gpioPin const&, gpioOutputSpeed const&, gpioOutputType const&, gpioPUPD const&)
 .text._getpid  0x000000000800892a        0x4 CMakeFiles/mainProject.dir/home/inumaki/Development/stm32WorkSpace/mainProject/Core/Src/syscalls.c.obj
                0x000000000800892a                _getpid
 .text._kill    0x000000000800892e       0x10 CMakeFiles/mainProject.dir/home/inumaki/Development/stm32WorkSpace/mainProject/Core/Src/syscalls.c.obj
                0x000000000800892e                _kill
 .text._exit    0x000000000800893e        0xc CMakeFiles/mainProject.dir/home/inumaki/Development/stm32WorkSpace/mainProject/Core/Src/syscalls.c.obj
                0x000000000800893e                _exit
 .text._read    0x000000000800894a       0x20 CMakeFiles/mainProject.dir/home/inumaki/Development/stm32WorkSpace/mainProject/Core/Src/syscalls.c.obj
                0x000000000800894a                _read
 .text._write   0x000000000800896a       0x1c CMakeFiles/mainProject.dir/home/inumaki/Development/stm32WorkSpace/mainProject/Core/Src/syscalls.c.obj
                0x000000000800896a                _write
 .text._close   0x0000000008008986        0x6 CMakeFiles/mainProject.dir/home/inumaki/Development/stm32WorkSpace/mainProject/Core/Src/syscalls.c.obj
                0x0000000008008986                _close
 .text._fstat   0x000000000800898c        0xa CMakeFiles/mainProject.dir/home/inumaki/Development/stm32WorkSpace/mainProject/Core/Src/syscalls.c.obj
                0x000000000800898c                _fstat
 .text._isatty  0x0000000008008996        0x4 CMakeFiles/mainProject.dir/home/inumaki/Development/stm32WorkSpace/mainProject/Core/Src/syscalls.c.obj
                0x0000000008008996                _isatty
 .text._lseek   0x000000000800899a        0x4 CMakeFiles/mainProject.dir/home/inumaki/Development/stm32WorkSpace/mainProject/Core/Src/syscalls.c.obj
                0x000000000800899a                _lseek
 *fill*         0x000000000800899e        0x2 
 .text._sbrk    0x00000000080089a0       0x48 CMakeFiles/mainProject.dir/home/inumaki/Development/stm32WorkSpace/mainProject/Core/Src/sysmem.c.obj
                0x00000000080089a0                _sbrk
 .text.Reset_Handler
                0x00000000080089e8       0x4c CMakeFiles/mainProject.dir/home/inumaki/Development/stm32WorkSpace/mainProject/Core/Startup/startup_stm32f411retx.s.obj
                0x00000000080089e8                Reset_Handler
 .text.Default_Handler
                0x0000000008008a34        0x2 CMakeFiles/mainProject.dir/home/inumaki/Development/stm32WorkSpace/mainProject/Core/Startup/startup_stm32f411retx.s.obj
                0x0000000008008a34                RTC_Alarm_IRQHandler
                0x0000000008008a34                EXTI2_IRQHandler
                0x0000000008008a34                DebugMon_Handler
                0x0000000008008a34                SPI4_IRQHandler
                0x0000000008008a34                TIM1_CC_IRQHandler
                0x0000000008008a34                DMA2_Stream5_IRQHandler
                0x0000000008008a34                HardFault_Handler
                0x0000000008008a34                DMA1_Stream5_IRQHandler
                0x0000000008008a34                SysTick_Handler
                0x0000000008008a34                PVD_IRQHandler
                0x0000000008008a34                SDIO_IRQHandler
                0x0000000008008a34                TAMP_STAMP_IRQHandler
                0x0000000008008a34                PendSV_Handler
                0x0000000008008a34                NMI_Handler
                0x0000000008008a34                EXTI3_IRQHandler
                0x0000000008008a34                TIM1_UP_TIM10_IRQHandler
                0x0000000008008a34                I2C3_ER_IRQHandler
                0x0000000008008a34                EXTI0_IRQHandler
                0x0000000008008a34                I2C2_EV_IRQHandler
                0x0000000008008a34                DMA1_Stream2_IRQHandler
                0x0000000008008a34                FPU_IRQHandler
                0x0000000008008a34                UsageFault_Handler
                0x0000000008008a34                DMA2_Stream2_IRQHandler
                0x0000000008008a34                SPI1_IRQHandler
                0x0000000008008a34                TIM1_BRK_TIM9_IRQHandler
                0x0000000008008a34                DMA2_Stream3_IRQHandler
                0x0000000008008a34                USART6_IRQHandler
                0x0000000008008a34                DMA2_Stream0_IRQHandler
                0x0000000008008a34                TIM4_IRQHandler
                0x0000000008008a34                I2C1_EV_IRQHandler
                0x0000000008008a34                DMA1_Stream6_IRQHandler
                0x0000000008008a34                DMA1_Stream1_IRQHandler
                0x0000000008008a34                TIM3_IRQHandler
                0x0000000008008a34                RCC_IRQHandler
                0x0000000008008a34                Default_Handler
                0x0000000008008a34                EXTI15_10_IRQHandler
                0x0000000008008a34                ADC_IRQHandler
                0x0000000008008a34                DMA1_Stream7_IRQHandler
                0x0000000008008a34                SPI5_IRQHandler
                0x0000000008008a34                TIM5_IRQHandler
                0x0000000008008a34                DMA2_Stream7_IRQHandler
                0x0000000008008a34                I2C3_EV_IRQHandler
                0x0000000008008a34                EXTI9_5_IRQHandler
                0x0000000008008a34                RTC_WKUP_IRQHandler
                0x0000000008008a34                SPI2_IRQHandler
                0x0000000008008a34                MemManage_Handler
                0x0000000008008a34                DMA1_Stream0_IRQHandler
                0x0000000008008a34                SVC_Handler
                0x0000000008008a34                EXTI4_IRQHandler
                0x0000000008008a34                WWDG_IRQHandler
                0x0000000008008a34                TIM2_IRQHandler
                0x0000000008008a34                OTG_FS_WKUP_IRQHandler
                0x0000000008008a34                TIM1_TRG_COM_TIM11_IRQHandler
                0x0000000008008a34                EXTI1_IRQHandler
                0x0000000008008a34                USART2_IRQHandler
                0x0000000008008a34                I2C2_ER_IRQHandler
                0x0000000008008a34                DMA2_Stream1_IRQHandler
                0x0000000008008a34                FLASH_IRQHandler
                0x0000000008008a34                DMA2_Stream4_IRQHandler
                0x0000000008008a34                BusFault_Handler
                0x0000000008008a34                USART1_IRQHandler
                0x0000000008008a34                OTG_FS_IRQHandler
                0x0000000008008a34                SPI3_IRQHandler
                0x0000000008008a34                DMA1_Stream4_IRQHandler
                0x0000000008008a34                I2C1_ER_IRQHandler
                0x0000000008008a34                DMA2_Stream6_IRQHandler
                0x0000000008008a34                DMA1_Stream3_IRQHandler
 *fill*         0x0000000008008a36        0x2 
 .text.__aeabi_atexit
                0x0000000008008a38        0xc /usr/bin/../lib/gcc/arm-none-eabi/10.3.1/../../../../arm-none-eabi/lib/thumb/v7e-m+fp/hard/libstdc++.a(atexit_arm.o)
                0x0000000008008a38                __aeabi_atexit
 .text.__cxa_end_cleanup
                0x0000000008008a44        0xc /usr/bin/../lib/gcc/arm-none-eabi/10.3.1/../../../../arm-none-eabi/lib/thumb/v7e-m+fp/hard/libstdc++.a(eh_arm.o)
                0x0000000008008a44                __cxa_end_cleanup
 .text.__cxa_type_match
                0x0000000008008a50       0xb4 /usr/bin/../lib/gcc/arm-none-eabi/10.3.1/../../../../arm-none-eabi/lib/thumb/v7e-m+fp/hard/libstdc++.a(eh_arm.o)
                0x0000000008008a50                __cxa_type_match
 .text.__cxa_begin_cleanup
                0x0000000008008b04       0x64 /usr/bin/../lib/gcc/arm-none-eabi/10.3.1/../../../../arm-none-eabi/lib/thumb/v7e-m+fp/hard/libstdc++.a(eh_arm.o)
                0x0000000008008b04                __cxa_begin_cleanup
 .text.__gnu_end_cleanup
                0x0000000008008b68       0x70 /usr/bin/../lib/gcc/arm-none-eabi/10.3.1/../../../../arm-none-eabi/lib/thumb/v7e-m+fp/hard/libstdc++.a(eh_arm.o)
                0x0000000008008b68                __gnu_end_cleanup
 .text._ZNSt13bad_exceptionD2Ev
                0x0000000008008bd8        0x4 /usr/bin/../lib/gcc/arm-none-eabi/10.3.1/../../../../arm-none-eabi/lib/thumb/v7e-m+fp/hard/libstdc++.a(eh_exception.o)
                0x0000000008008bd8                std::bad_exception::~bad_exception()
                0x0000000008008bd8                std::bad_exception::~bad_exception()
 .text._ZNKSt13bad_exception4whatEv
                0x0000000008008bdc        0x8 /usr/bin/../lib/gcc/arm-none-eabi/10.3.1/../../../../arm-none-eabi/lib/thumb/v7e-m+fp/hard/libstdc++.a(eh_exception.o)
                0x0000000008008bdc                transaction clone for std::bad_exception::what() const
                0x0000000008008bdc                std::bad_exception::what() const
 .text._ZNSt13bad_exceptionD0Ev
                0x0000000008008be4       0x10 /usr/bin/../lib/gcc/arm-none-eabi/10.3.1/../../../../arm-none-eabi/lib/thumb/v7e-m+fp/hard/libstdc++.a(eh_exception.o)
                0x0000000008008be4                std::bad_exception::~bad_exception()
 .text.__cxa_get_globals_fast
                0x0000000008008bf4        0x8 /usr/bin/../lib/gcc/arm-none-eabi/10.3.1/../../../../arm-none-eabi/lib/thumb/v7e-m+fp/hard/libstdc++.a(eh_globals.o)
                0x0000000008008bf4                __cxa_get_globals_fast
 .text.__cxa_get_globals
                0x0000000008008bfc        0x8 /usr/bin/../lib/gcc/arm-none-eabi/10.3.1/../../../../arm-none-eabi/lib/thumb/v7e-m+fp/hard/libstdc++.a(eh_globals.o)
                0x0000000008008bfc                __cxa_get_globals
 .text._ZL28read_encoded_value_with_basehjPKhPj
                0x0000000008008c04       0xc0 /usr/bin/../lib/gcc/arm-none-eabi/10.3.1/../../../../arm-none-eabi/lib/thumb/v7e-m+fp/hard/libstdc++.a(eh_personality.o)
 .text._ZL21base_of_encoded_valuehP15_Unwind_Context
                0x0000000008008cc4       0x50 /usr/bin/../lib/gcc/arm-none-eabi/10.3.1/../../../../arm-none-eabi/lib/thumb/v7e-m+fp/hard/libstdc++.a(eh_personality.o)
 .text._ZL17parse_lsda_headerP15_Unwind_ContextPKhP16lsda_header_info
                0x0000000008008d14       0x94 /usr/bin/../lib/gcc/arm-none-eabi/10.3.1/../../../../arm-none-eabi/lib/thumb/v7e-m+fp/hard/libstdc++.a(eh_personality.o)
 .text.__gxx_personality_v0
                0x0000000008008da8      0x4a8 /usr/bin/../lib/gcc/arm-none-eabi/10.3.1/../../../../arm-none-eabi/lib/thumb/v7e-m+fp/hard/libstdc++.a(eh_personality.o)
                0x0000000008008da8                __gxx_personality_v0
 .text._ZN10__cxxabiv111__terminateEPFvvE
                0x0000000008009250       0x28 /usr/bin/../lib/gcc/arm-none-eabi/10.3.1/../../../../arm-none-eabi/lib/thumb/v7e-m+fp/hard/libstdc++.a(eh_terminate.o)
                0x0000000008009250                __cxxabiv1::__terminate(void (*)())
 .text._ZSt9terminatev
                0x0000000008009278       0x14 /usr/bin/../lib/gcc/arm-none-eabi/10.3.1/../../../../arm-none-eabi/lib/thumb/v7e-m+fp/hard/libstdc++.a(eh_terminate.o)
                0x0000000008009278                std::terminate()
 .text._ZN10__cxxabiv112__unexpectedEPFvvE
                0x000000000800928c        0x8 /usr/bin/../lib/gcc/arm-none-eabi/10.3.1/../../../../arm-none-eabi/lib/thumb/v7e-m+fp/hard/libstdc++.a(eh_terminate.o)
                0x000000000800928c                __cxxabiv1::__unexpected(void (*)())
 .text._ZSt10unexpectedv
                0x0000000008009294       0x14 /usr/bin/../lib/gcc/arm-none-eabi/10.3.1/../../../../arm-none-eabi/lib/thumb/v7e-m+fp/hard/libstdc++.a(eh_terminate.o)
                0x0000000008009294                std::unexpected()
 .text._ZSt13get_terminatev
                0x00000000080092a8       0x10 /usr/bin/../lib/gcc/arm-none-eabi/10.3.1/../../../../arm-none-eabi/lib/thumb/v7e-m+fp/hard/libstdc++.a(eh_terminate.o)
                0x00000000080092a8                std::get_terminate()
 .text._ZSt14get_unexpectedv
                0x00000000080092b8       0x10 /usr/bin/../lib/gcc/arm-none-eabi/10.3.1/../../../../arm-none-eabi/lib/thumb/v7e-m+fp/hard/libstdc++.a(eh_terminate.o)
                0x00000000080092b8                std::get_unexpected()
 .text._ZN10__cxxabiv120__si_class_type_infoD2Ev
                0x00000000080092c8       0x14 /usr/bin/../lib/gcc/arm-none-eabi/10.3.1/../../../../arm-none-eabi/lib/thumb/v7e-m+fp/hard/libstdc++.a(si_class_type_info.o)
                0x00000000080092c8                __cxxabiv1::__si_class_type_info::~__si_class_type_info()
                0x00000000080092c8                __cxxabiv1::__si_class_type_info::~__si_class_type_info()
 .text._ZN10__cxxabiv120__si_class_type_infoD0Ev
                0x00000000080092dc       0x1c /usr/bin/../lib/gcc/arm-none-eabi/10.3.1/../../../../arm-none-eabi/lib/thumb/v7e-m+fp/hard/libstdc++.a(si_class_type_info.o)
                0x00000000080092dc                __cxxabiv1::__si_class_type_info::~__si_class_type_info()
 .text._ZNK10__cxxabiv120__si_class_type_info20__do_find_public_srcEiPKvPKNS_17__class_type_infoES2_
                0x00000000080092f8       0x3c /usr/bin/../lib/gcc/arm-none-eabi/10.3.1/../../../../arm-none-eabi/lib/thumb/v7e-m+fp/hard/libstdc++.a(si_class_type_info.o)
                0x00000000080092f8                __cxxabiv1::__si_class_type_info::__do_find_public_src(int, void const*, __cxxabiv1::__class_type_info const*, void const*) const
 .text._ZNK10__cxxabiv120__si_class_type_info12__do_dyncastEiNS_17__class_type_info10__sub_kindEPKS1_PKvS4_S6_RNS1_16__dyncast_resultE
                0x0000000008009334       0x80 /usr/bin/../lib/gcc/arm-none-eabi/10.3.1/../../../../arm-none-eabi/lib/thumb/v7e-m+fp/hard/libstdc++.a(si_class_type_info.o)
                0x0000000008009334                __cxxabiv1::__si_class_type_info::__do_dyncast(int, __cxxabiv1::__class_type_info::__sub_kind, __cxxabiv1::__class_type_info const*, void const*, __cxxabiv1::__class_type_info const*, void const*, __cxxabiv1::__class_type_info::__dyncast_result&) const
 .text._ZNK10__cxxabiv120__si_class_type_info11__do_upcastEPKNS_17__class_type_infoEPKvRNS1_15__upcast_resultE
                0x00000000080093b4       0x2c /usr/bin/../lib/gcc/arm-none-eabi/10.3.1/../../../../arm-none-eabi/lib/thumb/v7e-m+fp/hard/libstdc++.a(si_class_type_info.o)
                0x00000000080093b4                __cxxabiv1::__si_class_type_info::__do_upcast(__cxxabiv1::__class_type_info const*, void const*, __cxxabiv1::__class_type_info::__upcast_result&) const
 .text._ZNSt9type_infoD2Ev
                0x00000000080093e0        0x4 /usr/bin/../lib/gcc/arm-none-eabi/10.3.1/../../../../arm-none-eabi/lib/thumb/v7e-m+fp/hard/libstdc++.a(tinfo.o)
                0x00000000080093e0                std::type_info::~type_info()
                0x00000000080093e0                std::type_info::~type_info()
 .text._ZNKSt9type_info14__is_pointer_pEv
                0x00000000080093e4        0x4 /usr/bin/../lib/gcc/arm-none-eabi/10.3.1/../../../../arm-none-eabi/lib/thumb/v7e-m+fp/hard/libstdc++.a(tinfo.o)
                0x00000000080093e4                std::type_info::__is_function_p() const
                0x00000000080093e4                std::type_info::__is_pointer_p() const
 .text._ZNKSt9type_infoeqERKS_
                0x00000000080093e8       0x2c /usr/bin/../lib/gcc/arm-none-eabi/10.3.1/../../../../arm-none-eabi/lib/thumb/v7e-m+fp/hard/libstdc++.a(tinfo.o)
                0x00000000080093e8                std::type_info::operator==(std::type_info const&) const
 .text._ZN9__gnu_cxx27__verbose_terminate_handlerEv
                0x0000000008009414      0x10c /usr/bin/../lib/gcc/arm-none-eabi/10.3.1/../../../../arm-none-eabi/lib/thumb/v7e-m+fp/hard/libstdc++.a(vterminate.o)
                0x0000000008009414                __gnu_cxx::__verbose_terminate_handler()
 .text._ZNK10__cxxabiv117__class_type_info11__do_upcastEPKS0_PPv
                0x0000000008009520       0x34 /usr/bin/../lib/gcc/arm-none-eabi/10.3.1/../../../../arm-none-eabi/lib/thumb/v7e-m+fp/hard/libstdc++.a(class_type_info.o)
                0x0000000008009520                __cxxabiv1::__class_type_info::__do_upcast(__cxxabiv1::__class_type_info const*, void**) const
 .text._ZNK10__cxxabiv117__class_type_info20__do_find_public_srcEiPKvPKS0_S2_
                0x0000000008009554        0xc /usr/bin/../lib/gcc/arm-none-eabi/10.3.1/../../../../arm-none-eabi/lib/thumb/v7e-m+fp/hard/libstdc++.a(class_type_info.o)
                0x0000000008009554                __cxxabiv1::__class_type_info::__do_find_public_src(int, void const*, __cxxabiv1::__class_type_info const*, void const*) const
 .text._ZN10__cxxabiv117__class_type_infoD2Ev
                0x0000000008009560       0x14 /usr/bin/../lib/gcc/arm-none-eabi/10.3.1/../../../../arm-none-eabi/lib/thumb/v7e-m+fp/hard/libstdc++.a(class_type_info.o)
                0x0000000008009560                __cxxabiv1::__class_type_info::~__class_type_info()
                0x0000000008009560                __cxxabiv1::__class_type_info::~__class_type_info()
 .text._ZN10__cxxabiv117__class_type_infoD0Ev
                0x0000000008009574       0x1c /usr/bin/../lib/gcc/arm-none-eabi/10.3.1/../../../../arm-none-eabi/lib/thumb/v7e-m+fp/hard/libstdc++.a(class_type_info.o)
                0x0000000008009574                __cxxabiv1::__class_type_info::~__class_type_info()
 .text._ZNK10__cxxabiv117__class_type_info12__do_dyncastEiNS0_10__sub_kindEPKS0_PKvS3_S5_RNS0_16__dyncast_resultE
                0x0000000008009590       0x44 /usr/bin/../lib/gcc/arm-none-eabi/10.3.1/../../../../arm-none-eabi/lib/thumb/v7e-m+fp/hard/libstdc++.a(class_type_info.o)
                0x0000000008009590                __cxxabiv1::__class_type_info::__do_dyncast(int, __cxxabiv1::__class_type_info::__sub_kind, __cxxabiv1::__class_type_info const*, void const*, __cxxabiv1::__class_type_info const*, void const*, __cxxabiv1::__class_type_info::__dyncast_result&) const
 .text._ZNK10__cxxabiv117__class_type_info11__do_upcastEPKS0_PKvRNS0_15__upcast_resultE
                0x00000000080095d4       0x1c /usr/bin/../lib/gcc/arm-none-eabi/10.3.1/../../../../arm-none-eabi/lib/thumb/v7e-m+fp/hard/libstdc++.a(class_type_info.o)
                0x00000000080095d4                __cxxabiv1::__class_type_info::__do_upcast(__cxxabiv1::__class_type_info const*, void const*, __cxxabiv1::__class_type_info::__upcast_result&) const
 .text._ZNK10__cxxabiv117__class_type_info10__do_catchEPKSt9type_infoPPvj
                0x00000000080095f0       0x2c /usr/bin/../lib/gcc/arm-none-eabi/10.3.1/../../../../arm-none-eabi/lib/thumb/v7e-m+fp/hard/libstdc++.a(class_type_info.o)
                0x00000000080095f0                __cxxabiv1::__class_type_info::__do_catch(std::type_info const*, void**, unsigned int) const
 .text._ZdlPvj  0x000000000800961c        0x4 /usr/bin/../lib/gcc/arm-none-eabi/10.3.1/../../../../arm-none-eabi/lib/thumb/v7e-m+fp/hard/libstdc++.a(del_ops.o)
                0x000000000800961c                operator delete(void*, unsigned int)
 .text._ZN10__cxxabiv1L24__is_gxx_exception_classEPc
                0x0000000008009620       0x3c /usr/bin/../lib/gcc/arm-none-eabi/10.3.1/../../../../arm-none-eabi/lib/thumb/v7e-m+fp/hard/libstdc++.a(eh_call.o)
 .text.__cxa_call_terminate
                0x000000000800965c       0x20 /usr/bin/../lib/gcc/arm-none-eabi/10.3.1/../../../../arm-none-eabi/lib/thumb/v7e-m+fp/hard/libstdc++.a(eh_call.o)
                0x000000000800965c                __cxa_call_terminate
 .text.unlikely.__cxa_call_unexpected
                0x000000000800967c       0xe4 /usr/bin/../lib/gcc/arm-none-eabi/10.3.1/../../../../arm-none-eabi/lib/thumb/v7e-m+fp/hard/libstdc++.a(eh_call.o)
                0x000000000800967c                __cxa_call_unexpected
 .text.__cxa_begin_catch
                0x0000000008009760       0x7c /usr/bin/../lib/gcc/arm-none-eabi/10.3.1/../../../../arm-none-eabi/lib/thumb/v7e-m+fp/hard/libstdc++.a(eh_catch.o)
                0x0000000008009760                __cxa_begin_catch
 .text.__cxa_end_catch
                0x00000000080097dc       0x8c /usr/bin/../lib/gcc/arm-none-eabi/10.3.1/../../../../arm-none-eabi/lib/thumb/v7e-m+fp/hard/libstdc++.a(eh_catch.o)
                0x00000000080097dc                __cxa_end_catch
 .text._ZL23__gxx_exception_cleanup19_Unwind_Reason_CodeP21_Unwind_Control_Block
                0x0000000008009868       0x4c /usr/bin/../lib/gcc/arm-none-eabi/10.3.1/../../../../arm-none-eabi/lib/thumb/v7e-m+fp/hard/libstdc++.a(eh_throw.o)
 .text.__cxa_init_primary_exception
                0x00000000080098b4       0x58 /usr/bin/../lib/gcc/arm-none-eabi/10.3.1/../../../../arm-none-eabi/lib/thumb/v7e-m+fp/hard/libstdc++.a(eh_throw.o)
                0x00000000080098b4                __cxa_init_primary_exception
 .text.__cxa_throw
                0x000000000800990c       0x38 /usr/bin/../lib/gcc/arm-none-eabi/10.3.1/../../../../arm-none-eabi/lib/thumb/v7e-m+fp/hard/libstdc++.a(eh_throw.o)
                0x000000000800990c                __cxa_throw
 .text.__cxa_rethrow
                0x0000000008009944       0x70 /usr/bin/../lib/gcc/arm-none-eabi/10.3.1/../../../../arm-none-eabi/lib/thumb/v7e-m+fp/hard/libstdc++.a(eh_throw.o)
                0x0000000008009944                __cxa_rethrow
 .text.__cxa_current_exception_type
                0x00000000080099b4       0x1c /usr/bin/../lib/gcc/arm-none-eabi/10.3.1/../../../../arm-none-eabi/lib/thumb/v7e-m+fp/hard/libstdc++.a(eh_type.o)
                0x00000000080099b4                __cxa_current_exception_type
 .text._ZdlPv   0x00000000080099d0        0x4 /usr/bin/../lib/gcc/arm-none-eabi/10.3.1/../../../../arm-none-eabi/lib/thumb/v7e-m+fp/hard/libstdc++.a(del_op.o)
                0x00000000080099d0                operator delete(void*)
 .text._ZN12_GLOBAL__N_14pool4freeEPv.constprop.0
                0x00000000080099d4       0x88 /usr/bin/../lib/gcc/arm-none-eabi/10.3.1/../../../../arm-none-eabi/lib/thumb/v7e-m+fp/hard/libstdc++.a(eh_alloc.o)
 .text._ZN12_GLOBAL__N_14pool8allocateEj.constprop.0
                0x0000000008009a5c       0x58 /usr/bin/../lib/gcc/arm-none-eabi/10.3.1/../../../../arm-none-eabi/lib/thumb/v7e-m+fp/hard/libstdc++.a(eh_alloc.o)
 .text.__cxa_allocate_exception
                0x0000000008009ab4       0x30 /usr/bin/../lib/gcc/arm-none-eabi/10.3.1/../../../../arm-none-eabi/lib/thumb/v7e-m+fp/hard/libstdc++.a(eh_alloc.o)
                0x0000000008009ab4                __cxa_allocate_exception
 .text.__cxa_free_exception
                0x0000000008009ae4       0x20 /usr/bin/../lib/gcc/arm-none-eabi/10.3.1/../../../../arm-none-eabi/lib/thumb/v7e-m+fp/hard/libstdc++.a(eh_alloc.o)
                0x0000000008009ae4                __cxa_free_exception
 .text.startup._GLOBAL__sub_I__ZN9__gnu_cxx9__freeresEv
                0x0000000008009b04       0x28 /usr/bin/../lib/gcc/arm-none-eabi/10.3.1/../../../../arm-none-eabi/lib/thumb/v7e-m+fp/hard/libstdc++.a(eh_alloc.o)
 .text.abort    0x0000000008009b2c       0x10 /usr/bin/../lib/gcc/arm-none-eabi/10.3.1/../../../../arm-none-eabi/lib/thumb/v7e-m+fp/hard/libc.a(lib_a-abort.o)
                0x0000000008009b2c                abort
 .text.__cxa_atexit
                0x0000000008009b3c        0xc /usr/bin/../lib/gcc/arm-none-eabi/10.3.1/../../../../arm-none-eabi/lib/thumb/v7e-m+fp/hard/libc.a(lib_a-cxa_atexit.o)
                0x0000000008009b3c                __cxa_atexit
 .text.__errno  0x0000000008009b48        0xc /usr/bin/../lib/gcc/arm-none-eabi/10.3.1/../../../../arm-none-eabi/lib/thumb/v7e-m+fp/hard/libc.a(lib_a-errno.o)
                0x0000000008009b48                __errno
 .text.fputc    0x0000000008009b54       0x64 /usr/bin/../lib/gcc/arm-none-eabi/10.3.1/../../../../arm-none-eabi/lib/thumb/v7e-m+fp/hard/libc.a(lib_a-fputc.o)
                0x0000000008009b54                fputc
 .text._fputs_r
                0x0000000008009bb8       0x88 /usr/bin/../lib/gcc/arm-none-eabi/10.3.1/../../../../arm-none-eabi/lib/thumb/v7e-m+fp/hard/libc.a(lib_a-fputs.o)
                0x0000000008009bb8                _fputs_r
 .text.fputs    0x0000000008009c40       0x18 /usr/bin/../lib/gcc/arm-none-eabi/10.3.1/../../../../arm-none-eabi/lib/thumb/v7e-m+fp/hard/libc.a(lib_a-fputs.o)
                0x0000000008009c40                fputs
 .text.__sfvwrite_r
                0x0000000008009c58      0x2f0 /usr/bin/../lib/gcc/arm-none-eabi/10.3.1/../../../../arm-none-eabi/lib/thumb/v7e-m+fp/hard/libc.a(lib_a-fvwrite.o)
                0x0000000008009c58                __sfvwrite_r
 .text._fwrite_r
                0x0000000008009f48       0xa8 /usr/bin/../lib/gcc/arm-none-eabi/10.3.1/../../../../arm-none-eabi/lib/thumb/v7e-m+fp/hard/libc.a(lib_a-fwrite.o)
                0x0000000008009f48                _fwrite_r
 .text.fwrite   0x0000000008009ff0       0x20 /usr/bin/../lib/gcc/arm-none-eabi/10.3.1/../../../../arm-none-eabi/lib/thumb/v7e-m+fp/hard/libc.a(lib_a-fwrite.o)
                0x0000000008009ff0                fwrite
 .text.__libc_init_array
                0x000000000800a010       0x48 /usr/bin/../lib/gcc/arm-none-eabi/10.3.1/../../../../arm-none-eabi/lib/thumb/v7e-m+fp/hard/libc.a(lib_a-init.o)
                0x000000000800a010                __libc_init_array
 .text.__retarget_lock_init_recursive
                0x000000000800a058        0x4 /usr/bin/../lib/gcc/arm-none-eabi/10.3.1/../../../../arm-none-eabi/lib/thumb/v7e-m+fp/hard/libc.a(lib_a-lock.o)
                0x000000000800a058                __retarget_lock_init_recursive
 .text.__retarget_lock_close_recursive
                0x000000000800a05c        0x4 /usr/bin/../lib/gcc/arm-none-eabi/10.3.1/../../../../arm-none-eabi/lib/thumb/v7e-m+fp/hard/libc.a(lib_a-lock.o)
                0x000000000800a05c                __retarget_lock_close_recursive
 .text.__retarget_lock_acquire_recursive
                0x000000000800a060        0x4 /usr/bin/../lib/gcc/arm-none-eabi/10.3.1/../../../../arm-none-eabi/lib/thumb/v7e-m+fp/hard/libc.a(lib_a-lock.o)
                0x000000000800a060                __retarget_lock_acquire_recursive
 .text.__retarget_lock_release_recursive
                0x000000000800a064        0x4 /usr/bin/../lib/gcc/arm-none-eabi/10.3.1/../../../../arm-none-eabi/lib/thumb/v7e-m+fp/hard/libc.a(lib_a-lock.o)
                0x000000000800a064                __retarget_lock_release_recursive
 .text.malloc   0x000000000800a068       0x10 /usr/bin/../lib/gcc/arm-none-eabi/10.3.1/../../../../arm-none-eabi/lib/thumb/v7e-m+fp/hard/libc.a(lib_a-malloc.o)
                0x000000000800a068                malloc
 .text.free     0x000000000800a078       0x10 /usr/bin/../lib/gcc/arm-none-eabi/10.3.1/../../../../arm-none-eabi/lib/thumb/v7e-m+fp/hard/libc.a(lib_a-malloc.o)
                0x000000000800a078                free
 .text._malloc_r
                0x000000000800a088      0x560 /usr/bin/../lib/gcc/arm-none-eabi/10.3.1/../../../../arm-none-eabi/lib/thumb/v7e-m+fp/hard/libc.a(lib_a-mallocr.o)
                0x000000000800a088                _malloc_r
 .text.memcmp   0x000000000800a5e8       0x64 /usr/bin/../lib/gcc/arm-none-eabi/10.3.1/../../../../arm-none-eabi/lib/thumb/v7e-m+fp/hard/libc.a(lib_a-memcmp.o)
                0x000000000800a5e8                memcmp
 .text.memmove  0x000000000800a64c       0xf8 /usr/bin/../lib/gcc/arm-none-eabi/10.3.1/../../../../arm-none-eabi/lib/thumb/v7e-m+fp/hard/libc.a(lib_a-memmove.o)
                0x000000000800a64c                memmove
 .text.memset   0x000000000800a744       0xa4 /usr/bin/../lib/gcc/arm-none-eabi/10.3.1/../../../../arm-none-eabi/lib/thumb/v7e-m+fp/hard/libc.a(lib_a-memset.o)
                0x000000000800a744                memset
 .text.__malloc_lock
                0x000000000800a7e8        0xc /usr/bin/../lib/gcc/arm-none-eabi/10.3.1/../../../../arm-none-eabi/lib/thumb/v7e-m+fp/hard/libc.a(lib_a-mlock.o)
                0x000000000800a7e8                __malloc_lock
 .text.__malloc_unlock
                0x000000000800a7f4        0xc /usr/bin/../lib/gcc/arm-none-eabi/10.3.1/../../../../arm-none-eabi/lib/thumb/v7e-m+fp/hard/libc.a(lib_a-mlock.o)
                0x000000000800a7f4                __malloc_unlock
 .text._putc_r  0x000000000800a800       0x74 /usr/bin/../lib/gcc/arm-none-eabi/10.3.1/../../../../arm-none-eabi/lib/thumb/v7e-m+fp/hard/libc.a(lib_a-putc.o)
                0x000000000800a800                _putc_r
 .text.realloc  0x000000000800a874       0x18 /usr/bin/../lib/gcc/arm-none-eabi/10.3.1/../../../../arm-none-eabi/lib/thumb/v7e-m+fp/hard/libc.a(lib_a-realloc.o)
                0x000000000800a874                realloc
 .text._realloc_r
                0x000000000800a88c      0x3d8 /usr/bin/../lib/gcc/arm-none-eabi/10.3.1/../../../../arm-none-eabi/lib/thumb/v7e-m+fp/hard/libc.a(lib_a-reallocr.o)
                0x000000000800a88c                _realloc_r
 .text._sbrk_r  0x000000000800ac64       0x24 /usr/bin/../lib/gcc/arm-none-eabi/10.3.1/../../../../arm-none-eabi/lib/thumb/v7e-m+fp/hard/libc.a(lib_a-sbrkr.o)
                0x000000000800ac64                _sbrk_r
 .text.raise    0x000000000800ac88       0x5c /usr/bin/../lib/gcc/arm-none-eabi/10.3.1/../../../../arm-none-eabi/lib/thumb/v7e-m+fp/hard/libc.a(lib_a-signal.o)
                0x000000000800ac88                raise
 .text._kill_r  0x000000000800ace4       0x2c /usr/bin/../lib/gcc/arm-none-eabi/10.3.1/../../../../arm-none-eabi/lib/thumb/v7e-m+fp/hard/libc.a(lib_a-signalr.o)
                0x000000000800ace4                _kill_r
 .text._getpid_r
                0x000000000800ad10        0x4 /usr/bin/../lib/gcc/arm-none-eabi/10.3.1/../../../../arm-none-eabi/lib/thumb/v7e-m+fp/hard/libc.a(lib_a-signalr.o)
                0x000000000800ad10                _getpid_r
 .text.sprintf  0x000000000800ad14       0x40 /usr/bin/../lib/gcc/arm-none-eabi/10.3.1/../../../../arm-none-eabi/lib/thumb/v7e-m+fp/hard/libc.a(lib_a-sprintf.o)
                0x000000000800ad14                sprintf
 .text.strncmp  0x000000000800ad54       0x80 /usr/bin/../lib/gcc/arm-none-eabi/10.3.1/../../../../arm-none-eabi/lib/thumb/v7e-m+fp/hard/libc.a(lib_a-strncmp.o)
                0x000000000800ad54                strncmp
 *fill*         0x000000000800add4        0x4 
 .text._svfprintf_r
                0x000000000800add8     0x1acc /usr/bin/../lib/gcc/arm-none-eabi/10.3.1/../../../../arm-none-eabi/lib/thumb/v7e-m+fp/hard/libc.a(lib_a-svfprintf.o)
                0x000000000800add8                _svfprintf_r
 .text.__swbuf_r
                0x000000000800c8a4       0xb0 /usr/bin/../lib/gcc/arm-none-eabi/10.3.1/../../../../arm-none-eabi/lib/thumb/v7e-m+fp/hard/libc.a(lib_a-wbuf.o)
                0x000000000800c8a4                __swbuf_r
 .text._write_r
                0x000000000800c954       0x2c /usr/bin/../lib/gcc/arm-none-eabi/10.3.1/../../../../arm-none-eabi/lib/thumb/v7e-m+fp/hard/libc.a(lib_a-writer.o)
                0x000000000800c954                _write_r
 .text.__swsetup_r
                0x000000000800c980       0xd4 /usr/bin/../lib/gcc/arm-none-eabi/10.3.1/../../../../arm-none-eabi/lib/thumb/v7e-m+fp/hard/libc.a(lib_a-wsetup.o)
                0x000000000800c980                __swsetup_r
 .text.__register_exitproc
                0x000000000800ca54       0x8c /usr/bin/../lib/gcc/arm-none-eabi/10.3.1/../../../../arm-none-eabi/lib/thumb/v7e-m+fp/hard/libc.a(lib_a-__atexit.o)
                0x000000000800ca54                __register_exitproc
 .text.startup.register_fini
                0x000000000800cae0       0x14 /usr/bin/../lib/gcc/arm-none-eabi/10.3.1/../../../../arm-none-eabi/lib/thumb/v7e-m+fp/hard/libc.a(lib_a-__call_atexit.o)
 .text.atexit   0x000000000800caf4        0xc /usr/bin/../lib/gcc/arm-none-eabi/10.3.1/../../../../arm-none-eabi/lib/thumb/v7e-m+fp/hard/libc.a(lib_a-atexit.o)
                0x000000000800caf4                atexit
 .text.quorem   0x000000000800cb00      0x128 /usr/bin/../lib/gcc/arm-none-eabi/10.3.1/../../../../arm-none-eabi/lib/thumb/v7e-m+fp/hard/libc.a(lib_a-dtoa.o)
 .text._dtoa_r  0x000000000800cc28      0xf3c /usr/bin/../lib/gcc/arm-none-eabi/10.3.1/../../../../arm-none-eabi/lib/thumb/v7e-m+fp/hard/libc.a(lib_a-dtoa.o)
                0x000000000800cc28                _dtoa_r
 .text.__sflush_r
                0x000000000800db64      0x130 /usr/bin/../lib/gcc/arm-none-eabi/10.3.1/../../../../arm-none-eabi/lib/thumb/v7e-m+fp/hard/libc.a(lib_a-fflush.o)
                0x000000000800db64                __sflush_r
 .text._fflush_r
                0x000000000800dc94       0x5c /usr/bin/../lib/gcc/arm-none-eabi/10.3.1/../../../../arm-none-eabi/lib/thumb/v7e-m+fp/hard/libc.a(lib_a-fflush.o)
                0x000000000800dc94                _fflush_r
 .text._cleanup_r
                0x000000000800dcf0        0xc /usr/bin/../lib/gcc/arm-none-eabi/10.3.1/../../../../arm-none-eabi/lib/thumb/v7e-m+fp/hard/libc.a(lib_a-findfp.o)
                0x000000000800dcf0                _cleanup_r
 .text.__sinit  0x000000000800dcfc      0x10c /usr/bin/../lib/gcc/arm-none-eabi/10.3.1/../../../../arm-none-eabi/lib/thumb/v7e-m+fp/hard/libc.a(lib_a-findfp.o)
                0x000000000800dcfc                __sinit
 .text.__sfp_lock_acquire
                0x000000000800de08        0xc /usr/bin/../lib/gcc/arm-none-eabi/10.3.1/../../../../arm-none-eabi/lib/thumb/v7e-m+fp/hard/libc.a(lib_a-findfp.o)
                0x000000000800de08                __sfp_lock_acquire
 .text.__sfp_lock_release
                0x000000000800de14        0xc /usr/bin/../lib/gcc/arm-none-eabi/10.3.1/../../../../arm-none-eabi/lib/thumb/v7e-m+fp/hard/libc.a(lib_a-findfp.o)
                0x000000000800de14                __sfp_lock_release
 .text.__libc_fini_array
                0x000000000800de20       0x2c /usr/bin/../lib/gcc/arm-none-eabi/10.3.1/../../../../arm-none-eabi/lib/thumb/v7e-m+fp/hard/libc.a(lib_a-fini.o)
                0x000000000800de20                __libc_fini_array
 .text._malloc_trim_r
                0x000000000800de4c       0xa0 /usr/bin/../lib/gcc/arm-none-eabi/10.3.1/../../../../arm-none-eabi/lib/thumb/v7e-m+fp/hard/libc.a(lib_a-freer.o)
                0x000000000800de4c                _malloc_trim_r
 .text._free_r  0x000000000800deec      0x20c /usr/bin/../lib/gcc/arm-none-eabi/10.3.1/../../../../arm-none-eabi/lib/thumb/v7e-m+fp/hard/libc.a(lib_a-freer.o)
                0x000000000800deec                _free_r
 .text._fwalk_reent
                0x000000000800e0f8       0x48 /usr/bin/../lib/gcc/arm-none-eabi/10.3.1/../../../../arm-none-eabi/lib/thumb/v7e-m+fp/hard/libc.a(lib_a-fwalk.o)
                0x000000000800e0f8                _fwalk_reent
 .text._localeconv_r
                0x000000000800e140        0x8 /usr/bin/../lib/gcc/arm-none-eabi/10.3.1/../../../../arm-none-eabi/lib/thumb/v7e-m+fp/hard/libc.a(lib_a-localeconv.o)
                0x000000000800e140                _localeconv_r
 .text.__smakebuf_r
                0x000000000800e148       0xe0 /usr/bin/../lib/gcc/arm-none-eabi/10.3.1/../../../../arm-none-eabi/lib/thumb/v7e-m+fp/hard/libc.a(lib_a-makebuf.o)
                0x000000000800e148                __smakebuf_r
 .text._Balloc  0x000000000800e228       0x4c /usr/bin/../lib/gcc/arm-none-eabi/10.3.1/../../../../arm-none-eabi/lib/thumb/v7e-m+fp/hard/libc.a(lib_a-mprec.o)
                0x000000000800e228                _Balloc
 .text._Bfree   0x000000000800e274       0x14 /usr/bin/../lib/gcc/arm-none-eabi/10.3.1/../../../../arm-none-eabi/lib/thumb/v7e-m+fp/hard/libc.a(lib_a-mprec.o)
                0x000000000800e274                _Bfree
 .text.__multadd
                0x000000000800e288       0xa8 /usr/bin/../lib/gcc/arm-none-eabi/10.3.1/../../../../arm-none-eabi/lib/thumb/v7e-m+fp/hard/libc.a(lib_a-mprec.o)
                0x000000000800e288                __multadd
 .text.__hi0bits
                0x000000000800e330       0x40 /usr/bin/../lib/gcc/arm-none-eabi/10.3.1/../../../../arm-none-eabi/lib/thumb/v7e-m+fp/hard/libc.a(lib_a-mprec.o)
                0x000000000800e330                __hi0bits
 .text.__lo0bits
                0x000000000800e370       0x60 /usr/bin/../lib/gcc/arm-none-eabi/10.3.1/../../../../arm-none-eabi/lib/thumb/v7e-m+fp/hard/libc.a(lib_a-mprec.o)
                0x000000000800e370                __lo0bits
 .text.__i2b    0x000000000800e3d0       0x5c /usr/bin/../lib/gcc/arm-none-eabi/10.3.1/../../../../arm-none-eabi/lib/thumb/v7e-m+fp/hard/libc.a(lib_a-mprec.o)
                0x000000000800e3d0                __i2b
 .text.__multiply
                0x000000000800e42c      0x15c /usr/bin/../lib/gcc/arm-none-eabi/10.3.1/../../../../arm-none-eabi/lib/thumb/v7e-m+fp/hard/libc.a(lib_a-mprec.o)
                0x000000000800e42c                __multiply
 .text.__pow5mult
                0x000000000800e588       0xc0 /usr/bin/../lib/gcc/arm-none-eabi/10.3.1/../../../../arm-none-eabi/lib/thumb/v7e-m+fp/hard/libc.a(lib_a-mprec.o)
                0x000000000800e588                __pow5mult
 .text.__lshift
                0x000000000800e648       0xf0 /usr/bin/../lib/gcc/arm-none-eabi/10.3.1/../../../../arm-none-eabi/lib/thumb/v7e-m+fp/hard/libc.a(lib_a-mprec.o)
                0x000000000800e648                __lshift
 .text.__mcmp   0x000000000800e738       0x44 /usr/bin/../lib/gcc/arm-none-eabi/10.3.1/../../../../arm-none-eabi/lib/thumb/v7e-m+fp/hard/libc.a(lib_a-mprec.o)
                0x000000000800e738                __mcmp
 .text.__mdiff  0x000000000800e77c      0x14c /usr/bin/../lib/gcc/arm-none-eabi/10.3.1/../../../../arm-none-eabi/lib/thumb/v7e-m+fp/hard/libc.a(lib_a-mprec.o)
                0x000000000800e77c                __mdiff
 .text.__d2b    0x000000000800e8c8       0xd0 /usr/bin/../lib/gcc/arm-none-eabi/10.3.1/../../../../arm-none-eabi/lib/thumb/v7e-m+fp/hard/libc.a(lib_a-mprec.o)
                0x000000000800e8c8                __d2b
 .text.frexp    0x000000000800e998       0x6c /usr/bin/../lib/gcc/arm-none-eabi/10.3.1/../../../../arm-none-eabi/lib/thumb/v7e-m+fp/hard/libc.a(lib_a-s_frexp.o)
                0x000000000800e998                frexp
 .text.__sread  0x000000000800ea04       0x24 /usr/bin/../lib/gcc/arm-none-eabi/10.3.1/../../../../arm-none-eabi/lib/thumb/v7e-m+fp/hard/libc.a(lib_a-stdio.o)
                0x000000000800ea04                __sread
 .text.__swrite
                0x000000000800ea28       0x40 /usr/bin/../lib/gcc/arm-none-eabi/10.3.1/../../../../arm-none-eabi/lib/thumb/v7e-m+fp/hard/libc.a(lib_a-stdio.o)
                0x000000000800ea28                __swrite
 .text.__sseek  0x000000000800ea68       0x20 /usr/bin/../lib/gcc/arm-none-eabi/10.3.1/../../../../arm-none-eabi/lib/thumb/v7e-m+fp/hard/libc.a(lib_a-stdio.o)
                0x000000000800ea68                __sseek
 .text.__sclose
                0x000000000800ea88        0x8 /usr/bin/../lib/gcc/arm-none-eabi/10.3.1/../../../../arm-none-eabi/lib/thumb/v7e-m+fp/hard/libc.a(lib_a-stdio.o)
                0x000000000800ea88                __sclose
 .text.strncpy  0x000000000800ea90       0x64 /usr/bin/../lib/gcc/arm-none-eabi/10.3.1/../../../../arm-none-eabi/lib/thumb/v7e-m+fp/hard/libc.a(lib_a-strncpy.o)
                0x000000000800ea90                strncpy
 .text.__ssprint_r
                0x000000000800eaf4       0xf8 /usr/bin/../lib/gcc/arm-none-eabi/10.3.1/../../../../arm-none-eabi/lib/thumb/v7e-m+fp/hard/libc.a(lib_a-svfiprintf.o)
                0x000000000800eaf4                __ssprint_r
 .text.__assert_func
                0x000000000800ebec       0x40 /usr/bin/../lib/gcc/arm-none-eabi/10.3.1/../../../../arm-none-eabi/lib/thumb/v7e-m+fp/hard/libc.a(lib_a-assert.o)
                0x000000000800ebec                __assert_func
 .text._calloc_r
                0x000000000800ec2c       0x78 /usr/bin/../lib/gcc/arm-none-eabi/10.3.1/../../../../arm-none-eabi/lib/thumb/v7e-m+fp/hard/libc.a(lib_a-callocr.o)
                0x000000000800ec2c                _calloc_r
 .text._close_r
                0x000000000800eca4       0x24 /usr/bin/../lib/gcc/arm-none-eabi/10.3.1/../../../../arm-none-eabi/lib/thumb/v7e-m+fp/hard/libc.a(lib_a-closer.o)
                0x000000000800eca4                _close_r
 .text._fclose_r
                0x000000000800ecc8       0xcc /usr/bin/../lib/gcc/arm-none-eabi/10.3.1/../../../../arm-none-eabi/lib/thumb/v7e-m+fp/hard/libc.a(lib_a-fclose.o)
                0x000000000800ecc8                _fclose_r
 .text.fiprintf
                0x000000000800ed94       0x28 /usr/bin/../lib/gcc/arm-none-eabi/10.3.1/../../../../arm-none-eabi/lib/thumb/v7e-m+fp/hard/libc.a(lib_a-fiprintf.o)
                0x000000000800ed94                fiprintf
 .text._fstat_r
                0x000000000800edbc       0x2c /usr/bin/../lib/gcc/arm-none-eabi/10.3.1/../../../../arm-none-eabi/lib/thumb/v7e-m+fp/hard/libc.a(lib_a-fstatr.o)
                0x000000000800edbc                _fstat_r
 .text._isatty_r
                0x000000000800ede8       0x24 /usr/bin/../lib/gcc/arm-none-eabi/10.3.1/../../../../arm-none-eabi/lib/thumb/v7e-m+fp/hard/libc.a(lib_a-isattyr.o)
                0x000000000800ede8                _isatty_r
 .text.__locale_mb_cur_max
                0x000000000800ee0c        0xc /usr/bin/../lib/gcc/arm-none-eabi/10.3.1/../../../../arm-none-eabi/lib/thumb/v7e-m+fp/hard/libc.a(lib_a-locale.o)
                0x000000000800ee0c                __locale_mb_cur_max
 .text._lseek_r
                0x000000000800ee18       0x2c /usr/bin/../lib/gcc/arm-none-eabi/10.3.1/../../../../arm-none-eabi/lib/thumb/v7e-m+fp/hard/libc.a(lib_a-lseekr.o)
                0x000000000800ee18                _lseek_r
 .text.__ascii_mbtowc
                0x000000000800ee44       0x2c /usr/bin/../lib/gcc/arm-none-eabi/10.3.1/../../../../arm-none-eabi/lib/thumb/v7e-m+fp/hard/libc.a(lib_a-mbtowc_r.o)
                0x000000000800ee44                __ascii_mbtowc
 .text._read_r  0x000000000800ee70       0x2c /usr/bin/../lib/gcc/arm-none-eabi/10.3.1/../../../../arm-none-eabi/lib/thumb/v7e-m+fp/hard/libc.a(lib_a-readr.o)
                0x000000000800ee70                _read_r
 .text.__sprint_r.part.0
                0x000000000800ee9c       0x78 /usr/bin/../lib/gcc/arm-none-eabi/10.3.1/../../../../arm-none-eabi/lib/thumb/v7e-m+fp/hard/libc.a(lib_a-vfiprintf.o)
 .text._vfiprintf_r
                0x000000000800ef14      0xdfc /usr/bin/../lib/gcc/arm-none-eabi/10.3.1/../../../../arm-none-eabi/lib/thumb/v7e-m+fp/hard/libc.a(lib_a-vfiprintf.o)
                0x000000000800ef14                _vfiprintf_r
 .text.__sbprintf
                0x000000000800fd10       0x80 /usr/bin/../lib/gcc/arm-none-eabi/10.3.1/../../../../arm-none-eabi/lib/thumb/v7e-m+fp/hard/libc.a(lib_a-vfiprintf.o)
 .text.__ascii_wctomb
                0x000000000800fd90       0x1c /usr/bin/../lib/gcc/arm-none-eabi/10.3.1/../../../../arm-none-eabi/lib/thumb/v7e-m+fp/hard/libc.a(lib_a-wctomb_r.o)
                0x000000000800fd90                __ascii_wctomb
 .text.__fputwc
                0x000000000800fdac       0xa8 /usr/bin/../lib/gcc/arm-none-eabi/10.3.1/../../../../arm-none-eabi/lib/thumb/v7e-m+fp/hard/libc.a(lib_a-fputwc.o)
                0x000000000800fdac                __fputwc
 .text._fputwc_r
                0x000000000800fe54       0x68 /usr/bin/../lib/gcc/arm-none-eabi/10.3.1/../../../../arm-none-eabi/lib/thumb/v7e-m+fp/hard/libc.a(lib_a-fputwc.o)
                0x000000000800fe54                _fputwc_r
 .text._wcrtomb_r
                0x000000000800febc       0x3c /usr/bin/../lib/gcc/arm-none-eabi/10.3.1/../../../../arm-none-eabi/lib/thumb/v7e-m+fp/hard/libc.a(lib_a-wcrtomb.o)
                0x000000000800febc                _wcrtomb_r
 .text.unlikely
                0x000000000800fef8        0xc /usr/bin/../lib/gcc/arm-none-eabi/10.3.1/thumb/v7e-m+fp/hard/libgcc.a(pr-support.o)
                0x000000000800fef8                _Unwind_GetDataRelBase
                0x000000000800fefe                _Unwind_GetTextRelBase
 *(.glue_7)
 .glue_7        0x000000000800ff04        0x0 linker stubs
 *(.glue_7t)
 .glue_7t       0x000000000800ff04        0x0 linker stubs
 *(.eh_frame)
 .eh_frame      0x000000000800ff04        0x0 /usr/bin/../lib/gcc/arm-none-eabi/10.3.1/thumb/v7e-m+fp/hard/crtbegin.o
 *(.init)
 .init          0x000000000800ff04        0x4 /usr/bin/../lib/gcc/arm-none-eabi/10.3.1/thumb/v7e-m+fp/hard/crti.o
                0x000000000800ff04                _init
 .init          0x000000000800ff08        0x8 /usr/bin/../lib/gcc/arm-none-eabi/10.3.1/thumb/v7e-m+fp/hard/crtn.o
 *(.fini)
 .fini          0x000000000800ff10        0x4 /usr/bin/../lib/gcc/arm-none-eabi/10.3.1/thumb/v7e-m+fp/hard/crti.o
                0x000000000800ff10                _fini
 .fini          0x000000000800ff14        0x8 /usr/bin/../lib/gcc/arm-none-eabi/10.3.1/thumb/v7e-m+fp/hard/crtn.o
                0x000000000800ff1c                . = ALIGN (0x4)
                0x000000000800ff1c                _etext = .

.vfp11_veneer   0x000000000800ff1c        0x0
 .vfp11_veneer  0x000000000800ff1c        0x0 linker stubs

.v4_bx          0x000000000800ff1c        0x0
 .v4_bx         0x000000000800ff1c        0x0 linker stubs

.iplt           0x000000000800ff1c        0x0
 .iplt          0x000000000800ff1c        0x0 /usr/bin/../lib/gcc/arm-none-eabi/10.3.1/thumb/v7e-m+fp/hard/crtbegin.o

.rodata         0x000000000800ff20     0x167c
                0x000000000800ff20                . = ALIGN (0x4)
 *(.rodata)
 .rodata        0x000000000800ff20      0x7cc /usr/bin/../lib/gcc/arm-none-eabi/10.3.1/../../../../arm-none-eabi/lib/thumb/v7e-m+fp/hard/libstdc++.a(cp-demangle.o)
 *(.rodata*)
 .rodata._ZNKSt13bad_exception4whatEv.str1.4
                0x00000000080106ec       0x13 /usr/bin/../lib/gcc/arm-none-eabi/10.3.1/../../../../arm-none-eabi/lib/thumb/v7e-m+fp/hard/libstdc++.a(eh_exception.o)
 *fill*         0x00000000080106ff        0x1 
 .rodata._ZTIN10__cxxabiv115__forced_unwindE
                0x0000000008010700        0x8 /usr/bin/../lib/gcc/arm-none-eabi/10.3.1/../../../../arm-none-eabi/lib/thumb/v7e-m+fp/hard/libstdc++.a(eh_exception.o)
                0x0000000008010700                typeinfo for __cxxabiv1::__forced_unwind
 .rodata._ZTIN10__cxxabiv119__foreign_exceptionE
                0x0000000008010708        0x8 /usr/bin/../lib/gcc/arm-none-eabi/10.3.1/../../../../arm-none-eabi/lib/thumb/v7e-m+fp/hard/libstdc++.a(eh_exception.o)
                0x0000000008010708                typeinfo for __cxxabiv1::__foreign_exception
 .rodata._ZTISt13bad_exception
                0x0000000008010710        0xc /usr/bin/../lib/gcc/arm-none-eabi/10.3.1/../../../../arm-none-eabi/lib/thumb/v7e-m+fp/hard/libstdc++.a(eh_exception.o)
                0x0000000008010710                typeinfo for std::bad_exception
 .rodata._ZTISt9exception
                0x000000000801071c        0x8 /usr/bin/../lib/gcc/arm-none-eabi/10.3.1/../../../../arm-none-eabi/lib/thumb/v7e-m+fp/hard/libstdc++.a(eh_exception.o)
                0x000000000801071c                typeinfo for std::exception
 .rodata._ZTSN10__cxxabiv115__forced_unwindE
                0x0000000008010724       0x20 /usr/bin/../lib/gcc/arm-none-eabi/10.3.1/../../../../arm-none-eabi/lib/thumb/v7e-m+fp/hard/libstdc++.a(eh_exception.o)
                0x0000000008010724                typeinfo name for __cxxabiv1::__forced_unwind
 .rodata._ZTSN10__cxxabiv119__foreign_exceptionE
                0x0000000008010744       0x24 /usr/bin/../lib/gcc/arm-none-eabi/10.3.1/../../../../arm-none-eabi/lib/thumb/v7e-m+fp/hard/libstdc++.a(eh_exception.o)
                0x0000000008010744                typeinfo name for __cxxabiv1::__foreign_exception
 .rodata._ZTSSt13bad_exception
                0x0000000008010768       0x12 /usr/bin/../lib/gcc/arm-none-eabi/10.3.1/../../../../arm-none-eabi/lib/thumb/v7e-m+fp/hard/libstdc++.a(eh_exception.o)
                0x0000000008010768                typeinfo name for std::bad_exception
 *fill*         0x000000000801077a        0x2 
 .rodata._ZTSSt9exception
                0x000000000801077c        0xd /usr/bin/../lib/gcc/arm-none-eabi/10.3.1/../../../../arm-none-eabi/lib/thumb/v7e-m+fp/hard/libstdc++.a(eh_exception.o)
                0x000000000801077c                typeinfo name for std::exception
 *fill*         0x0000000008010789        0x3 
 .rodata._ZTVSt13bad_exception
                0x000000000801078c       0x14 /usr/bin/../lib/gcc/arm-none-eabi/10.3.1/../../../../arm-none-eabi/lib/thumb/v7e-m+fp/hard/libstdc++.a(eh_exception.o)
                0x000000000801078c                vtable for std::bad_exception
 .rodata._ZTIN10__cxxabiv120__si_class_type_infoE
                0x00000000080107a0        0xc /usr/bin/../lib/gcc/arm-none-eabi/10.3.1/../../../../arm-none-eabi/lib/thumb/v7e-m+fp/hard/libstdc++.a(si_class_type_info.o)
                0x00000000080107a0                typeinfo for __cxxabiv1::__si_class_type_info
 .rodata._ZTSN10__cxxabiv120__si_class_type_infoE
                0x00000000080107ac       0x25 /usr/bin/../lib/gcc/arm-none-eabi/10.3.1/../../../../arm-none-eabi/lib/thumb/v7e-m+fp/hard/libstdc++.a(si_class_type_info.o)
                0x00000000080107ac                typeinfo name for __cxxabiv1::__si_class_type_info
 *fill*         0x00000000080107d1        0x3 
 .rodata._ZTVN10__cxxabiv120__si_class_type_infoE
                0x00000000080107d4       0x2c /usr/bin/../lib/gcc/arm-none-eabi/10.3.1/../../../../arm-none-eabi/lib/thumb/v7e-m+fp/hard/libstdc++.a(si_class_type_info.o)
                0x00000000080107d4                vtable for __cxxabiv1::__si_class_type_info
 .rodata._ZTISt9type_info
                0x0000000008010800        0x8 /usr/bin/../lib/gcc/arm-none-eabi/10.3.1/../../../../arm-none-eabi/lib/thumb/v7e-m+fp/hard/libstdc++.a(tinfo.o)
                0x0000000008010800                typeinfo for std::type_info
 .rodata._ZTSSt9type_info
                0x0000000008010808        0xd /usr/bin/../lib/gcc/arm-none-eabi/10.3.1/../../../../arm-none-eabi/lib/thumb/v7e-m+fp/hard/libstdc++.a(tinfo.o)
                0x0000000008010808                typeinfo name for std::type_info
 *fill*         0x0000000008010815        0x3 
 .rodata._ZN9__gnu_cxx27__verbose_terminate_handlerEv.str1.4
                0x0000000008010818       0x94 /usr/bin/../lib/gcc/arm-none-eabi/10.3.1/../../../../arm-none-eabi/lib/thumb/v7e-m+fp/hard/libstdc++.a(vterminate.o)
 .rodata._ZTIN10__cxxabiv117__class_type_infoE
                0x00000000080108ac        0xc /usr/bin/../lib/gcc/arm-none-eabi/10.3.1/../../../../arm-none-eabi/lib/thumb/v7e-m+fp/hard/libstdc++.a(class_type_info.o)
                0x00000000080108ac                typeinfo for __cxxabiv1::__class_type_info
 .rodata._ZTSN10__cxxabiv117__class_type_infoE
                0x00000000080108b8       0x22 /usr/bin/../lib/gcc/arm-none-eabi/10.3.1/../../../../arm-none-eabi/lib/thumb/v7e-m+fp/hard/libstdc++.a(class_type_info.o)
                0x00000000080108b8                typeinfo name for __cxxabiv1::__class_type_info
 *fill*         0x00000000080108da        0x2 
 .rodata._ZTVN10__cxxabiv117__class_type_infoE
                0x00000000080108dc       0x2c /usr/bin/../lib/gcc/arm-none-eabi/10.3.1/../../../../arm-none-eabi/lib/thumb/v7e-m+fp/hard/libstdc++.a(class_type_info.o)
                0x00000000080108dc                vtable for __cxxabiv1::__class_type_info
 .rodata.str1.4
                0x0000000008010908      0x899 /usr/bin/../lib/gcc/arm-none-eabi/10.3.1/../../../../arm-none-eabi/lib/thumb/v7e-m+fp/hard/libstdc++.a(cp-demangle.o)
                                        0x8e9 (size before relaxing)
 *fill*         0x00000000080111a1        0x3 
 .rodata._global_impure_ptr
                0x00000000080111a4        0x4 /usr/bin/../lib/gcc/arm-none-eabi/10.3.1/../../../../arm-none-eabi/lib/thumb/v7e-m+fp/hard/libc.a(lib_a-impure.o)
                0x00000000080111a4                _global_impure_ptr
 .rodata._svfprintf_r.str1.4
                0x00000000080111a8       0x42 /usr/bin/../lib/gcc/arm-none-eabi/10.3.1/../../../../arm-none-eabi/lib/thumb/v7e-m+fp/hard/libc.a(lib_a-svfprintf.o)
 *fill*         0x00000000080111ea        0x2 
 .rodata.blanks.1
                0x00000000080111ec       0x10 /usr/bin/../lib/gcc/arm-none-eabi/10.3.1/../../../../arm-none-eabi/lib/thumb/v7e-m+fp/hard/libc.a(lib_a-svfprintf.o)
 .rodata.zeroes.0
                0x00000000080111fc       0x10 /usr/bin/../lib/gcc/arm-none-eabi/10.3.1/../../../../arm-none-eabi/lib/thumb/v7e-m+fp/hard/libc.a(lib_a-svfprintf.o)
 .rodata._dtoa_r.str1.4
                0x000000000801120c       0xa2 /usr/bin/../lib/gcc/arm-none-eabi/10.3.1/../../../../arm-none-eabi/lib/thumb/v7e-m+fp/hard/libc.a(lib_a-dtoa.o)
                                         0xa6 (size before relaxing)
 *fill*         0x00000000080112ae        0x2 
 .rodata.__multadd.str1.4
                0x00000000080112b0       0x7f /usr/bin/../lib/gcc/arm-none-eabi/10.3.1/../../../../arm-none-eabi/lib/thumb/v7e-m+fp/hard/libc.a(lib_a-mprec.o)
                                         0x93 (size before relaxing)
 *fill*         0x000000000801132f        0x1 
 .rodata.__mprec_bigtens
                0x0000000008011330       0x28 /usr/bin/../lib/gcc/arm-none-eabi/10.3.1/../../../../arm-none-eabi/lib/thumb/v7e-m+fp/hard/libc.a(lib_a-mprec.o)
                0x0000000008011330                __mprec_bigtens
 .rodata.__mprec_tens
                0x0000000008011358       0xc8 /usr/bin/../lib/gcc/arm-none-eabi/10.3.1/../../../../arm-none-eabi/lib/thumb/v7e-m+fp/hard/libc.a(lib_a-mprec.o)
                0x0000000008011358                __mprec_tens
 .rodata.p05.0  0x0000000008011420        0xc /usr/bin/../lib/gcc/arm-none-eabi/10.3.1/../../../../arm-none-eabi/lib/thumb/v7e-m+fp/hard/libc.a(lib_a-mprec.o)
 .rodata.__assert_func.str1.4
                0x000000000801142c       0x3f /usr/bin/../lib/gcc/arm-none-eabi/10.3.1/../../../../arm-none-eabi/lib/thumb/v7e-m+fp/hard/libc.a(lib_a-assert.o)
                                         0x43 (size before relaxing)
 *fill*         0x000000000801146b        0x1 
 .rodata._setlocale_r.str1.4
                0x000000000801146c        0xa /usr/bin/../lib/gcc/arm-none-eabi/10.3.1/../../../../arm-none-eabi/lib/thumb/v7e-m+fp/hard/libc.a(lib_a-locale.o)
                                          0xd (size before relaxing)
 .rodata.str1.4
                0x0000000008011476        0x2 /usr/bin/../lib/gcc/arm-none-eabi/10.3.1/../../../../arm-none-eabi/lib/thumb/v7e-m+fp/hard/libc.a(lib_a-locale.o)
 .rodata._vfiprintf_r.str1.4
                0x0000000008011476       0x2f /usr/bin/../lib/gcc/arm-none-eabi/10.3.1/../../../../arm-none-eabi/lib/thumb/v7e-m+fp/hard/libc.a(lib_a-vfiprintf.o)
 *fill*         0x0000000008011476        0x2 
 .rodata.blanks.1
                0x0000000008011478       0x10 /usr/bin/../lib/gcc/arm-none-eabi/10.3.1/../../../../arm-none-eabi/lib/thumb/v7e-m+fp/hard/libc.a(lib_a-vfiprintf.o)
 .rodata.zeroes.0
                0x0000000008011488       0x10 /usr/bin/../lib/gcc/arm-none-eabi/10.3.1/../../../../arm-none-eabi/lib/thumb/v7e-m+fp/hard/libc.a(lib_a-vfiprintf.o)
 .rodata._ctype_
                0x0000000008011498      0x101 /usr/bin/../lib/gcc/arm-none-eabi/10.3.1/../../../../arm-none-eabi/lib/thumb/v7e-m+fp/hard/libc.a(lib_a-ctype_.o)
                0x0000000008011498                _ctype_
                0x000000000801159c                . = ALIGN (0x4)
 *fill*         0x0000000008011599        0x3 

.ARM.extab      0x000000000801159c      0x110
                0x000000000801159c                . = ALIGN (0x4)
 *(.ARM.extab* .gnu.linkonce.armextab.*)
 .ARM.extab.text._ZN5ioPin8setParamI8gpioPortEEvRKT_
                0x000000000801159c        0x0 CMakeFiles/mainProject.dir/home/inumaki/Development/stm32WorkSpace/mainProject/Core/Drivers/GPIO/ioPin.cpp.obj
 .ARM.extab.text._ZN5ioPin15settingsHandlerI8gpioPortEEbRKT_
                0x000000000801159c        0x0 CMakeFiles/mainProject.dir/home/inumaki/Development/stm32WorkSpace/mainProject/Core/Drivers/GPIO/ioPin.cpp.obj
 .ARM.extab.text._ZN5ioPin9initParamI8gpioPortEEbRKT_
                0x000000000801159c        0x0 CMakeFiles/mainProject.dir/home/inumaki/Development/stm32WorkSpace/mainProject/Core/Drivers/GPIO/ioPin.cpp.obj
 .ARM.extab.text._ZN5ioPin11initHandlerI8gpioPortEEbRKT_
                0x000000000801159c        0x0 CMakeFiles/mainProject.dir/home/inumaki/Development/stm32WorkSpace/mainProject/Core/Drivers/GPIO/ioPin.cpp.obj
 .ARM.extab.text._ZN5ioPin8setParamI7gpioPinEEvRKT_
                0x000000000801159c        0x0 CMakeFiles/mainProject.dir/home/inumaki/Development/stm32WorkSpace/mainProject/Core/Drivers/GPIO/ioPin.cpp.obj
 .ARM.extab.text._ZN5ioPin15settingsHandlerI7gpioPinEEbRKT_
                0x000000000801159c        0x0 CMakeFiles/mainProject.dir/home/inumaki/Development/stm32WorkSpace/mainProject/Core/Drivers/GPIO/ioPin.cpp.obj
 .ARM.extab.text._ZN5ioPin9initParamI7gpioPinEEbRKT_
                0x000000000801159c        0x0 CMakeFiles/mainProject.dir/home/inumaki/Development/stm32WorkSpace/mainProject/Core/Drivers/GPIO/ioPin.cpp.obj
 .ARM.extab.text._ZN5ioPin11initHandlerI7gpioPinEEbRKT_
                0x000000000801159c        0x0 CMakeFiles/mainProject.dir/home/inumaki/Development/stm32WorkSpace/mainProject/Core/Drivers/GPIO/ioPin.cpp.obj
 .ARM.extab.text._ZN5ioPin8setParamI8gpioModeEEvRKT_
                0x000000000801159c        0x0 CMakeFiles/mainProject.dir/home/inumaki/Development/stm32WorkSpace/mainProject/Core/Drivers/GPIO/ioPin.cpp.obj
 .ARM.extab.text._ZN5ioPin15settingsHandlerI8gpioModeEEbRKT_
                0x000000000801159c        0x0 CMakeFiles/mainProject.dir/home/inumaki/Development/stm32WorkSpace/mainProject/Core/Drivers/GPIO/ioPin.cpp.obj
 .ARM.extab.text._ZN5ioPin9initParamI8gpioModeEEbRKT_
                0x000000000801159c        0x0 CMakeFiles/mainProject.dir/home/inumaki/Development/stm32WorkSpace/mainProject/Core/Drivers/GPIO/ioPin.cpp.obj
 .ARM.extab.text._ZN5ioPin11initHandlerI8gpioModeEEbRKT_
                0x000000000801159c        0x0 CMakeFiles/mainProject.dir/home/inumaki/Development/stm32WorkSpace/mainProject/Core/Drivers/GPIO/ioPin.cpp.obj
 .ARM.extab.text._ZN5ioPin8setParamI8gpioPUPDEEvRKT_
                0x000000000801159c        0x0 CMakeFiles/mainProject.dir/home/inumaki/Development/stm32WorkSpace/mainProject/Core/Drivers/GPIO/ioPin.cpp.obj
 .ARM.extab.text._ZN5ioPin15settingsHandlerI8gpioPUPDEEbRKT_
                0x000000000801159c        0x0 CMakeFiles/mainProject.dir/home/inumaki/Development/stm32WorkSpace/mainProject/Core/Drivers/GPIO/ioPin.cpp.obj
 .ARM.extab.text._ZN5ioPin9initParamI8gpioPUPDEEbRKT_
                0x000000000801159c        0x0 CMakeFiles/mainProject.dir/home/inumaki/Development/stm32WorkSpace/mainProject/Core/Drivers/GPIO/ioPin.cpp.obj
 .ARM.extab.text._ZN5ioPin11initHandlerI8gpioPUPDEEbRKT_
                0x000000000801159c        0x0 CMakeFiles/mainProject.dir/home/inumaki/Development/stm32WorkSpace/mainProject/Core/Drivers/GPIO/ioPin.cpp.obj
 .ARM.extab.text._ZN5ioPin8setParamI14gpioOutputTypeEEvRKT_
                0x000000000801159c        0x0 CMakeFiles/mainProject.dir/home/inumaki/Development/stm32WorkSpace/mainProject/Core/Drivers/GPIO/ioPin.cpp.obj
 .ARM.extab.text._ZN5ioPin15settingsHandlerI14gpioOutputTypeEEbRKT_
                0x000000000801159c        0x0 CMakeFiles/mainProject.dir/home/inumaki/Development/stm32WorkSpace/mainProject/Core/Drivers/GPIO/ioPin.cpp.obj
 .ARM.extab.text._ZN5ioPin9initParamI14gpioOutputTypeEEbRKT_
                0x000000000801159c        0x0 CMakeFiles/mainProject.dir/home/inumaki/Development/stm32WorkSpace/mainProject/Core/Drivers/GPIO/ioPin.cpp.obj
 .ARM.extab.text._ZN5ioPin11initHandlerI14gpioOutputTypeEEbRKT_
                0x000000000801159c        0x0 CMakeFiles/mainProject.dir/home/inumaki/Development/stm32WorkSpace/mainProject/Core/Drivers/GPIO/ioPin.cpp.obj
 .ARM.extab.text._ZN5ioPin8setParamI15gpioOutputSpeedEEvRKT_
                0x000000000801159c        0x0 CMakeFiles/mainProject.dir/home/inumaki/Development/stm32WorkSpace/mainProject/Core/Drivers/GPIO/ioPin.cpp.obj
 .ARM.extab.text._ZN5ioPin15settingsHandlerI15gpioOutputSpeedEEbRKT_
                0x000000000801159c        0x0 CMakeFiles/mainProject.dir/home/inumaki/Development/stm32WorkSpace/mainProject/Core/Drivers/GPIO/ioPin.cpp.obj
 .ARM.extab.text._ZN5ioPin9initParamI15gpioOutputSpeedEEbRKT_
                0x000000000801159c        0x0 CMakeFiles/mainProject.dir/home/inumaki/Development/stm32WorkSpace/mainProject/Core/Drivers/GPIO/ioPin.cpp.obj
 .ARM.extab.text._ZN5ioPin11initHandlerI15gpioOutputSpeedEEbRKT_
                0x000000000801159c        0x0 CMakeFiles/mainProject.dir/home/inumaki/Development/stm32WorkSpace/mainProject/Core/Drivers/GPIO/ioPin.cpp.obj
 .ARM.extab.text._ZN5ioPin8setParamI9gpioStateEEvRKT_
                0x000000000801159c        0x0 CMakeFiles/mainProject.dir/home/inumaki/Development/stm32WorkSpace/mainProject/Core/Drivers/GPIO/ioPin.cpp.obj
 .ARM.extab.text._ZN5ioPin15settingsHandlerI9gpioStateEEbRKT_
                0x000000000801159c        0x0 CMakeFiles/mainProject.dir/home/inumaki/Development/stm32WorkSpace/mainProject/Core/Drivers/GPIO/ioPin.cpp.obj
 .ARM.extab.text._ZN5ioPin9initParamI9gpioStateEEbRKT_
                0x000000000801159c        0x0 CMakeFiles/mainProject.dir/home/inumaki/Development/stm32WorkSpace/mainProject/Core/Drivers/GPIO/ioPin.cpp.obj
 .ARM.extab.text._ZN5ioPin11initHandlerI9gpioStateEEbRKT_
                0x000000000801159c        0x0 CMakeFiles/mainProject.dir/home/inumaki/Development/stm32WorkSpace/mainProject/Core/Drivers/GPIO/ioPin.cpp.obj
 .ARM.extab.text._ZN5ioPinC2IJ8gpioPort8gpioMode9gpioState7gpioPin15gpioOutputSpeed14gpioOutputType8gpioPUPDEEEDpRKT_
                0x000000000801159c       0x18 CMakeFiles/mainProject.dir/home/inumaki/Development/stm32WorkSpace/mainProject/Core/Src/main.cpp.obj
 .ARM.extab.text._kill
                0x00000000080115b4        0xc CMakeFiles/mainProject.dir/home/inumaki/Development/stm32WorkSpace/mainProject/Core/Src/syscalls.c.obj
 .ARM.extab.text._ZL21base_of_encoded_valuehP15_Unwind_Context
                0x00000000080115c0        0xc /usr/bin/../lib/gcc/arm-none-eabi/10.3.1/../../../../arm-none-eabi/lib/thumb/v7e-m+fp/hard/libstdc++.a(eh_personality.o)
 .ARM.extab.text.__gxx_personality_v0
                0x00000000080115cc       0x24 /usr/bin/../lib/gcc/arm-none-eabi/10.3.1/../../../../arm-none-eabi/lib/thumb/v7e-m+fp/hard/libstdc++.a(eh_personality.o)
 .ARM.extab.text._ZN10__cxxabiv111__terminateEPFvvE
                0x00000000080115f0       0x28 /usr/bin/../lib/gcc/arm-none-eabi/10.3.1/../../../../arm-none-eabi/lib/thumb/v7e-m+fp/hard/libstdc++.a(eh_terminate.o)
 .ARM.extab.text._ZN10__cxxabiv112__unexpectedEPFvvE
                0x0000000008011618        0xc /usr/bin/../lib/gcc/arm-none-eabi/10.3.1/../../../../arm-none-eabi/lib/thumb/v7e-m+fp/hard/libstdc++.a(eh_terminate.o)
 .ARM.extab.text._ZSt10unexpectedv
                0x0000000008011624        0xc /usr/bin/../lib/gcc/arm-none-eabi/10.3.1/../../../../arm-none-eabi/lib/thumb/v7e-m+fp/hard/libstdc++.a(eh_terminate.o)
 .ARM.extab.text._ZN9__gnu_cxx27__verbose_terminate_handlerEv
                0x0000000008011630       0x34 /usr/bin/../lib/gcc/arm-none-eabi/10.3.1/../../../../arm-none-eabi/lib/thumb/v7e-m+fp/hard/libstdc++.a(vterminate.o)
 .ARM.extab.text.unlikely.__cxa_call_unexpected
                0x0000000008011664       0x24 /usr/bin/../lib/gcc/arm-none-eabi/10.3.1/../../../../arm-none-eabi/lib/thumb/v7e-m+fp/hard/libstdc++.a(eh_call.o)
 .ARM.extab.text.__cxa_begin_catch
                0x0000000008011688        0xc /usr/bin/../lib/gcc/arm-none-eabi/10.3.1/../../../../arm-none-eabi/lib/thumb/v7e-m+fp/hard/libstdc++.a(eh_catch.o)
 .ARM.extab     0x0000000008011694       0x18 /usr/bin/../lib/gcc/arm-none-eabi/10.3.1/thumb/v7e-m+fp/hard/libgcc.a(pr-support.o)
                0x00000000080116ac                . = ALIGN (0x4)

.ARM            0x00000000080116ac      0x1b8
                0x00000000080116ac                . = ALIGN (0x4)
                0x00000000080116ac                __exidx_start = .
 *(.ARM.exidx*)
 .ARM.exidx     0x00000000080116ac        0x8 CMakeFiles/mainProject.dir/home/inumaki/Development/stm32WorkSpace/mainProject/Core/Drivers/GPIO/ioPin.cpp.obj
                                        0x130 (size before relaxing)
 .ARM.exidx.text._ZN5ioPin8setParamI8gpioPortEEvRKT_
                0x0000000008011764        0x0 CMakeFiles/mainProject.dir/home/inumaki/Development/stm32WorkSpace/mainProject/Core/Drivers/GPIO/ioPin.cpp.obj
                                          0x8 (size before relaxing)
 .ARM.exidx.text._ZN5ioPin15settingsHandlerI8gpioPortEEbRKT_
                0x0000000008011764        0x0 CMakeFiles/mainProject.dir/home/inumaki/Development/stm32WorkSpace/mainProject/Core/Drivers/GPIO/ioPin.cpp.obj
                                          0x8 (size before relaxing)
 .ARM.exidx.text._ZN5ioPin9initParamI8gpioPortEEbRKT_
                0x0000000008011764        0x0 CMakeFiles/mainProject.dir/home/inumaki/Development/stm32WorkSpace/mainProject/Core/Drivers/GPIO/ioPin.cpp.obj
                                          0x8 (size before relaxing)
 .ARM.exidx.text._ZN5ioPin11initHandlerI8gpioPortEEbRKT_
                0x0000000008011764        0x0 CMakeFiles/mainProject.dir/home/inumaki/Development/stm32WorkSpace/mainProject/Core/Drivers/GPIO/ioPin.cpp.obj
                                          0x8 (size before relaxing)
 .ARM.exidx.text._ZN5ioPin8setParamI7gpioPinEEvRKT_
                0x0000000008011764        0x0 CMakeFiles/mainProject.dir/home/inumaki/Development/stm32WorkSpace/mainProject/Core/Drivers/GPIO/ioPin.cpp.obj
                                          0x8 (size before relaxing)
 .ARM.exidx.text._ZN5ioPin15settingsHandlerI7gpioPinEEbRKT_
                0x0000000008011764        0x0 CMakeFiles/mainProject.dir/home/inumaki/Development/stm32WorkSpace/mainProject/Core/Drivers/GPIO/ioPin.cpp.obj
                                          0x8 (size before relaxing)
 .ARM.exidx.text._ZN5ioPin9initParamI7gpioPinEEbRKT_
                0x0000000008011764        0x0 CMakeFiles/mainProject.dir/home/inumaki/Development/stm32WorkSpace/mainProject/Core/Drivers/GPIO/ioPin.cpp.obj
                                          0x8 (size before relaxing)
 .ARM.exidx.text._ZN5ioPin11initHandlerI7gpioPinEEbRKT_
                0x0000000008011764        0x0 CMakeFiles/mainProject.dir/home/inumaki/Development/stm32WorkSpace/mainProject/Core/Drivers/GPIO/ioPin.cpp.obj
                                          0x8 (size before relaxing)
 .ARM.exidx.text._ZN5ioPin8setParamI8gpioModeEEvRKT_
                0x0000000008011764        0x0 CMakeFiles/mainProject.dir/home/inumaki/Development/stm32WorkSpace/mainProject/Core/Drivers/GPIO/ioPin.cpp.obj
                                          0x8 (size before relaxing)
 .ARM.exidx.text._ZN5ioPin15settingsHandlerI8gpioModeEEbRKT_
                0x0000000008011764        0x0 CMakeFiles/mainProject.dir/home/inumaki/Development/stm32WorkSpace/mainProject/Core/Drivers/GPIO/ioPin.cpp.obj
                                          0x8 (size before relaxing)
 .ARM.exidx.text._ZN5ioPin9initParamI8gpioModeEEbRKT_
                0x0000000008011764        0x0 CMakeFiles/mainProject.dir/home/inumaki/Development/stm32WorkSpace/mainProject/Core/Drivers/GPIO/ioPin.cpp.obj
                                          0x8 (size before relaxing)
 .ARM.exidx.text._ZN5ioPin11initHandlerI8gpioModeEEbRKT_
                0x0000000008011764        0x0 CMakeFiles/mainProject.dir/home/inumaki/Development/stm32WorkSpace/mainProject/Core/Drivers/GPIO/ioPin.cpp.obj
                                          0x8 (size before relaxing)
 .ARM.exidx.text._ZN5ioPin8setParamI8gpioPUPDEEvRKT_
                0x0000000008011764        0x0 CMakeFiles/mainProject.dir/home/inumaki/Development/stm32WorkSpace/mainProject/Core/Drivers/GPIO/ioPin.cpp.obj
                                          0x8 (size before relaxing)
 .ARM.exidx.text._ZN5ioPin15settingsHandlerI8gpioPUPDEEbRKT_
                0x0000000008011764        0x0 CMakeFiles/mainProject.dir/home/inumaki/Development/stm32WorkSpace/mainProject/Core/Drivers/GPIO/ioPin.cpp.obj
                                          0x8 (size before relaxing)
 .ARM.exidx.text._ZN5ioPin9initParamI8gpioPUPDEEbRKT_
                0x0000000008011764        0x0 CMakeFiles/mainProject.dir/home/inumaki/Development/stm32WorkSpace/mainProject/Core/Drivers/GPIO/ioPin.cpp.obj
                                          0x8 (size before relaxing)
 .ARM.exidx.text._ZN5ioPin11initHandlerI8gpioPUPDEEbRKT_
                0x0000000008011764        0x0 CMakeFiles/mainProject.dir/home/inumaki/Development/stm32WorkSpace/mainProject/Core/Drivers/GPIO/ioPin.cpp.obj
                                          0x8 (size before relaxing)
 .ARM.exidx.text._ZN5ioPin8setParamI14gpioOutputTypeEEvRKT_
                0x0000000008011764        0x0 CMakeFiles/mainProject.dir/home/inumaki/Development/stm32WorkSpace/mainProject/Core/Drivers/GPIO/ioPin.cpp.obj
                                          0x8 (size before relaxing)
 .ARM.exidx.text._ZN5ioPin15settingsHandlerI14gpioOutputTypeEEbRKT_
                0x0000000008011764        0x0 CMakeFiles/mainProject.dir/home/inumaki/Development/stm32WorkSpace/mainProject/Core/Drivers/GPIO/ioPin.cpp.obj
                                          0x8 (size before relaxing)
 .ARM.exidx.text._ZN5ioPin9initParamI14gpioOutputTypeEEbRKT_
                0x0000000008011764        0x0 CMakeFiles/mainProject.dir/home/inumaki/Development/stm32WorkSpace/mainProject/Core/Drivers/GPIO/ioPin.cpp.obj
                                          0x8 (size before relaxing)
 .ARM.exidx.text._ZN5ioPin11initHandlerI14gpioOutputTypeEEbRKT_
                0x0000000008011764        0x0 CMakeFiles/mainProject.dir/home/inumaki/Development/stm32WorkSpace/mainProject/Core/Drivers/GPIO/ioPin.cpp.obj